Provider: ElevenLabs Scribe (scribe_v2)
Progress file (updated after each chunk): /Users/mohammadreza/IslamASR/Audios/AyatollahShojaee/Mabohas_Mozui/045/045_45- چگونه می توان به یقین برسیم و ایمان به دل ما راه پیدا کن.partial.txt
  preparing audio (045_45- چگونه می توان به یقین برسیم و ایمان به دل ما راه پیدا کن.mp3)...
  20:57 → 1 request(s)
  progress file: /Users/mohammadreza/IslamASR/Audios/AyatollahShojaee/Mabohas_Mozui/045/045_45- چگونه می توان به یقین برسیم و ایمان به دل ما راه پیدا کن.partial.txt
  [1/1] 0:00–20:57 (7366 KB)...
      → 13184 chars: اعوذ بالله السميع العليم من الشيطان الرجيم. بسم الله الرحمن الرحيم. برای شما همین سؤال شاید پیش آمده، سؤال کرده‌اید یا در ذهن شما مطرح شده است. از چه راهی می‌شود به آنچه که آرزوی م…

============================================================
TRANSCRIPTION (preview)
============================================================
اعوذ بالله السميع العليم من الشيطان الرجيم. بسم الله الرحمن الرحيم. برای شما همین سؤال شاید پیش آمده، سؤال کرده‌اید یا در ذهن شما مطرح شده است. از چه راهی می‌شود به آنچه که آرزوی معمولاً ماهاست رسید؟ به اونی که حالا این تعبیرهای مختلف گفته می‌شود. چطور می‌شود ما هم آدم شدیم؟ می‌گیم گاهی اینطور گفته می‌شود. چطور می‌شود ما هم به راه افتادیم؟ گاهی اینطور تعبیر می‌شود. گاهی گفته می‌شود چطور می‌شود ایمان ما هم از اون ایمان‌ها باشد که به دل راه یافته است و آثار و لوازمش را دارد. گاهی اینطور مطرح می‌شود ما چه بکنیم که ما هم یقین داشته باشیم تا اون آثارش در وجود ما ظهور پیدا بکند و زیاده بشود. به این تعبیرها معمولاً سؤال‌ها زیاد می‌شود و در مجموع هم به یک حقیقت بیشتر اشاره نمی‌کند. به اون اینکه انسان واقعاً از اهل ایمان باشد. همه ماها این را آرزو می‌کنیم و خب طبعا چون آرزو می‌کنیم به اجماع سعی‌ها هم می‌کنیم که این چنین باشیم. به اجماع خیلی از ما. ولی خب نمی‌شود. و طبعا به صورت یک سؤال در خاطر ما همیشه مطرح است که چطور می‌شود این چنین و آن چنان شد که بندگان خدا هستند و می‌شوند. من خواستم این را که به صورت یک حقیقت است در جای خودش و یک حقیقت است در جای خودش برای شما امروز به صورت خلاصه توضیح بدهم. چطور می‌شود ایمان به دل ما راه پیدا بکند؟ اگر بخواهیم سؤال را به صورت صحیح مطرح بکنیم باید اینطور مطرح بکنیم. چطور می‌شود ایمان به دل ما هم راه پیدا بکند؟ ما هم از اون‌ها باشیم که ایمان به دلشان راه یافته و طبعا به دنبالش اون آثار و برکاتی را که چنین ایمانی دارد در وجود ما هم ظهور پیدا کند. می‌شود این سؤال را به صورت صحیح اینطور هم مطرح کرد. چه راهی هست برای رسیدن به یقین؟ چطور می‌شود انسان از اصحاب یقین باشد؟ چطور می‌شود انسان از اهل یقین باشد؟ اینطور هم مطرح شود سؤال درسته. دو صورت صحیح برای طرح این سؤال هست. چطور می‌شود ما از اهل ایمان قلبی شویم و چطور می‌شود ما از اهل یقین بشویم؟ و هر دو هم به یک حقیقت اشاره می‌کنند. این خب سؤال است به جا و آرزویی است به جا. اما راهش را ما می‌خواهیم ببینیم که کدام راه هست. اون وقتی که این سؤال در وجود ماها و در دل ماها و در ذهن ماها مطرح می‌شود معمولاً ما فکر می‌کنیم یه راه دیگری در این بین هست، یا راه‌های مرموزی هست که می‌شود از اون راه دیگر را
… (truncated; see saved file for full transcript)

============================================================
SUMMARY
============================================================
Input file      : 045_45- چگونه می توان به یقین برسیم و ایمان به دل ما راه پیدا کن.mp3
Provider        : ElevenLabs Scribe (scribe_v2)
Audio duration  : 20:57 (1257.05 s)
Requests        : 1
Billed duration : 1258 s (rounded up to nearest second)
Rate            : $0.22 / audio hour
Estimated cost  : $0.076820 USD
Transcript saved: /Users/mohammadreza/IslamASR/Audios/AyatollahShojaee/Mabohas_Mozui/045/045_45- چگونه می توان به یقین برسیم و ایمان به دل ما راه پیدا کن.txt
============================================================
