Provider: ElevenLabs Scribe (scribe_v2)
Progress file (updated after each chunk): /Users/mohammadreza/IslamASR/Audios/AyatollahShojaee/Asma_hosna/014/014_اسماء حُسنی 14.partial.txt
  preparing audio (014_اسماء حُسنی 14.mp3)...
  57:42 → 1 request(s)
  progress file: /Users/mohammadreza/IslamASR/Audios/AyatollahShojaee/Asma_hosna/014/014_اسماء حُسنی 14.partial.txt
  [1/1] 0:00–57:42 (20287 KB)...
      → 34215 chars: یا الله. هو الله الخالق. هو الله الخالق الخالق البارق المصور له الأسماء الحسنى. أسماء الحسنى. الكریم الرفیق المجیب الواسع الحكیم الغفور النجیب الباعث الشهید. مباحث عرفانی آیت الله …

============================================================
TRANSCRIPTION (preview)
============================================================
یا الله. هو الله الخالق. هو الله الخالق الخالق البارق المصور له الأسماء الحسنى. أسماء الحسنى. الكریم الرفیق المجیب الواسع الحكیم الغفور النجیب الباعث الشهید. مباحث عرفانی آیت الله محمد شجاعی در باب اسماء الهی. للأسماء الحسنى. هر اسمی که حکایت از کمال میکنه اسم خداست. الواجد الماجد الواحد الصمد القادر المقتدر المقدم المؤخر الأول الآخر. أسماء الحسنى. المتصف الجاعل الغنی الممنع المانع الصاف النافع النور الهادی البدیع الباقی. العارف الرشید الصبور اللطیف. ليس كمثله شيء وهو السميع البصير. بسم الله الرحمن الرحیم. به نام حضرت قدیر که له الأسماء الحسنى. شنوندگان فرهیخته سلام. برنامه اسماء الحسنى را می شنوید که در آن سلسله مباحث عرفانی آیت الله محمد شجاعی تقدیم شما میشود در باب موضوع اسماء الهی. اسم رحیم انشعاب از اسم رحیم. اون وقت اینم شرحش گفته شد تا حدی که میشه گفت و بعد اون قسمت من گفتم که رحیم، اسم رحیم خودش انشعاب از اسم رحمان بود. لطیف که انشعاب از اسم رحیم بود رحیم هم انشعاب از رحمان بود اگر یادم نباشد. رحیم لطیف، ردود یعنی رحیم لطیف این دو اسم را اگر واقعا ملاحظه کنید اسم ردود مشاع از این دو اسم است. اینو گفتم و بعد شرحش اون که که این قضیه قسمتی گفته بشه. حالا من اینجا سراغ مخصوص رو برم فقط برای تشریح اسم ردود که عبارت است از اسم رحیم لطیف یعنی رحمت خاصه حق نسبت به انسان در سیر انسان به خدا، به سوی خدا یا به معنی کلی با یک دید وسیع‌تر رحمت خاصه خدا نسبت به موجود هر موجود در سیر موجود به سوی حق. اگر این رحمت خاصه در قسمت دقائق باشد که می‌شود لطف یا به اصطلاح جلوه‌ای از اسم لطیف. این عین به اصطلاح خود تحت عین به اصطلاح رأفت حق است. رأفت حق خود به خود رأفت حق عبارت است از رحمت خاصه الهی در سیر موجود از جمله انسان به سوی خدا. در قسمت‌های خیلی دقیق و لطیف است. در ریزه کاری‌هایی که لازم است در سیر موجود به سوی خدا و بنابراین رأفت این می‌شود که آنچه از نزد متعال به موجود و انسان می‌رسد در سیرش به سوی خدا و دقیق است و رقیق است و ریزه کاری‌هایی است. آنها را می‌گوییم رأفت خداست. توجه می‌کنید بنابراین رأفت عبارت است از رحمت خاصه خدا در خصوص دقائق و چیزهای دقیق و لطیف. این معنی رأفت خداست. اسم رئوف معنی‌اش این است. رئوف جلوه‌اش در این حقیقت به این صورت است. اسم رئوف جلوه‌اش در ن
… (truncated; see saved file for full transcript)

============================================================
SUMMARY
============================================================
Input file      : 014_اسماء حُسنی 14.mp3
Provider        : ElevenLabs Scribe (scribe_v2)
Audio duration  : 57:42 (3462.19 s)
Requests        : 1
Billed duration : 3463 s (rounded up to nearest second)
Rate            : $0.22 / audio hour
Estimated cost  : $0.211578 USD
Transcript saved: /Users/mohammadreza/IslamASR/Audios/AyatollahShojaee/Asma_hosna/014/014_اسماء حُسنی 14.txt
============================================================
