Provider: ElevenLabs Scribe (scribe_v2)
Progress file (updated after each chunk): /Users/mohammadreza/IslamASR/Audios/AyatollahShojaee/Mabohas_Mozui/048/048_48- هرچه انسان از نفسانيات دور شود از مرتبه مرگ صعود ميکند.partial.txt
  preparing audio (048_48- هرچه انسان از نفسانيات دور شود از مرتبه مرگ صعود ميکند.mp3)...
  23:24 → 1 request(s)
  progress file: /Users/mohammadreza/IslamASR/Audios/AyatollahShojaee/Mabohas_Mozui/048/048_48- هرچه انسان از نفسانيات دور شود از مرتبه مرگ صعود ميکند.partial.txt
  [1/1] 0:00–23:24 (8227 KB)...
      → 14396 chars: اعوذ بالله السميع العليم من الشيطان الرجيم. بسم الله الرحمن الرحيم. رسول اعظم صلى الله عليه و آله و سلم فرمود إن أعدى عدوك نفسک التي بين جنبک. رسول الله فرموده این عبارت دشمن ترین …

============================================================
TRANSCRIPTION (preview)
============================================================
اعوذ بالله السميع العليم من الشيطان الرجيم. بسم الله الرحمن الرحيم. رسول اعظم صلى الله عليه و آله و سلم فرمود إن أعدى عدوك نفسک التي بين جنبک. رسول الله فرموده این عبارت دشمن ترین دشمنها برای تو ای انسان همان نفست است. خودتان رو خوب بفهمید. اول در حرام‌ها بعد در تعبی-- غش. و اگر شعور داشته باشیم و داشته باشیم هر قدم که روی نفس گذاشتید آثارش رو فوراً می‌بینید. چنانکه اگر شعور داشته باشیم و داشته باشیم هر اجابتی که به نفستون کردید نفس را قوی کردید. پس اون جزئی حالاتنا که داشتید اگر شعور داشت باشید می‌دید که اونا خراب شد. این دشمن قوی شد. حجاب قوی شد. حجاب فقط نفس است. نفسانیت است. الان که براتون گفتم نفسانیت زیر و بر مرتبه دربی بیاد دیگه مرتبه علست است و شعور است و جوهر حق است. ما در مرتبه دربی با حق هستیم. حجاب چیست؟ حجاب همین نفس و نفسانیت است. شما هر اندازه به نفستون جواب داده حجاب را قوی‌تر کردید. واسع را زیادتر کردید. یقین به جا می‌آید. یقین است. با این فهم که گفتم یک حد و فهم یقین است. هر قدم که نفسو شکستید می‌بینید آثارش را که به خدا نزدیک شده، صفات و اخلاق دیگری پیدا شده. اهل فهم، اهل معرفت می‌داند. در هر صورت این جمله از حضرت امیر می‌فرماید اعوذ بی ان. اون در این بیان خطاباتی حضرت دارد با، با دنیا . ما که نمی‌فهمیم. من ، من خیلی دلم می‌خواهد که ما و امثال ما و شماها بفهمیم. نمی‌فهمیم. آرزوی من براورده نشد که انسان‌ها هر کدام مانند شماها، شماها بفهمند که این چی چیه؟ نمی‌فهمند. این آرزو براورده نشد. تهاوت براورده نشد. با انسان بگو خطاب می‌کند به دنیا. حرف می‌زند با دنیا. نمی‌فهمد. هر جمله خطابات حضرت امیر به دنیا در دنباله خطابات است. حرف می‌زند با دنیا. دنیا یعنی آنچه که انسان را از خدا باز می‌دارد. در اون معناست. در خدمت، دنباله این مطالب یعنی حرف‌ها که می‌زند این قسمتی هست. اعوذ بی ان. اعوذ بی ان فوالله لا اذل لك فتستذلینی از این جمله‌هاست. حالا اینجا یه چیزا-- دیگه اینجا هم من زیاد دلم می‌خواد معمولاً دلم می‌خواد صحبت کنم ولی هنوز زمینه آمادگی ندیدم صحبت بکنم. اعوذ بی انی. حالا بعضی‌ها می‌گن اون محل شهادت یه چیز دیگه است. به دنیا خطاب می‌گوییم از من دور شو. دور باش فوالله قسم به الله. قسم به خدا به الله قسم یاد می‌کنم لا اذل لك فتستذلینی خاطرت جمع باشد دنیا
… (truncated; see saved file for full transcript)

============================================================
SUMMARY
============================================================
Input file      : 048_48- هرچه انسان از نفسانيات دور شود از مرتبه مرگ صعود ميکند.mp3
Provider        : ElevenLabs Scribe (scribe_v2)
Audio duration  : 23:24 (1404.00 s)
Requests        : 1
Billed duration : 1404 s (rounded up to nearest second)
Rate            : $0.22 / audio hour
Estimated cost  : $0.085800 USD
Transcript saved: /Users/mohammadreza/IslamASR/Audios/AyatollahShojaee/Mabohas_Mozui/048/048_48- هرچه انسان از نفسانيات دور شود از مرتبه مرگ صعود ميکند.txt
============================================================
