Provider: ElevenLabs Scribe (scribe_v2)
Progress file (updated after each chunk): /Users/mohammadreza/IslamASR/Audios/AyatollahShojaee/Asma_hosna/003/003_اسماء حُسنی 3.partial.txt
  preparing audio (003_اسماء حُسنی 3.mp3)...
  47:40 → 1 request(s)
  progress file: /Users/mohammadreza/IslamASR/Audios/AyatollahShojaee/Asma_hosna/003/003_اسماء حُسنی 3.partial.txt
  [1/1] 0:00–47:40 (16756 KB)...
      → 28468 chars: الله. ومصرف الخالق. الله الخالق الصالق البارئ المصور له الأسماء الحسنى. أسماء الحسنى. الكريم الرؤوف المجيب الغافر الحكيم الودود المجيب الباعث الشهيد. مباحث عرفانی آیت الله محمد شجا…

============================================================
TRANSCRIPTION (preview)
============================================================
الله. ومصرف الخالق. الله الخالق الصالق البارئ المصور له الأسماء الحسنى. أسماء الحسنى. الكريم الرؤوف المجيب الغافر الحكيم الودود المجيب الباعث الشهيد. مباحث عرفانی آیت الله محمد شجاعی در باب اسماء الهی. لله الأسماء الحسنی. هر اسمی که این کائنات از کمال بکنه اسم خداست. الواجد الماجد الواحد الصمد القادر المقتدر المقدم المؤخر الأول الآخر. أسماء الحسنى. المقصد الجامع الغنی المبدی المایع الضاف النافع النور الهادی البدیع الباقی الوارث الرشید الصبور الذي ليس كمثله شيء وهو السميع البصير. بسم الله الرحمن الرحیم. به نام حضرت حق که احدیتش تجلی ذات اوست بر خود. عرفان دوستان گرامی سلام. برنامه اسماء الحسنی را می شنوید. در این برنامه بحث های استاد آیت الله محمد شجاعی را می شنویم در باب اسماء و صفات حضرت حق. این سومین برنامه از این سلسله بحث هاست. در دو برنامه پیشین استاد با اشاره به روایتی شریف از نهج البلاغه به شرح این نکته پرداختند که از اسماء و صفات در مرتبه ذات خبری نیست. اسماء و صفات الهی در مرتبه تجلی ظهور و تعین می‌یابند. یعنی در متن آن ذات بسیط که غیب الغیوب است، صفات مجزای از هم نیستند و صفت در متن ذات مشخص نیست و تعین ندارد. آنگاه یکی از اسماء پروردگار طرح شد، احد که جلوه ذات حق است بر خود. بدین معنا احدیت اولین تجلی و تعین و ظهور حق است بر خود و در این جلوه خبری از غیب نیست. ذکر این نکته نیز مهم است که مقصود از اولین تجلی ابتدای زمانی نیست بلکه رتبه‌ای است. همچنین اشاره ای شد به تعداد اسماء و صفات الهی در قرآن، روایات و ادعیه. در این برنامه استاد اسم احد از اسماء الهی را شرح بیشتری می‌دهند و تفاوت آن را با اسم واحد تبیین می‌کنند. در اسم شریف واحد همه صفات با آثار مترتب بر آن بر ذات جلوه می‌کند. مثلاً اسم خالق، بصیر و یا سمع پروردگار با همه آثارش تا ابد در اسم واحد بر ذات تجلی می‌کند. و اینکه گفته می‌شود خداوند پیش از خلقت به همه مخلوقات آگاهی تام دارد به این صفت حضرش برمی‌گردد. از اینجا موضوع قرب و نزدیک شدن به حضرت حق معنا می‌شود که استاد توضیح مصطفایی در این باب دارند و درک این مسئله ثقیل عرفانی نیاز به تأمل بیشتری دارد. استاد نیز توضیح این نکته وزین را بسط بیشتری می‌دهند. همچنین نکات ظریفی نیز در باب تقرب به مقام ربوبی بیان می‌کنند که برای سالکان شنیدنی و حائز اهمیت 
… (truncated; see saved file for full transcript)

============================================================
SUMMARY
============================================================
Input file      : 003_اسماء حُسنی 3.mp3
Provider        : ElevenLabs Scribe (scribe_v2)
Audio duration  : 47:40 (2859.55 s)
Requests        : 1
Billed duration : 2860 s (rounded up to nearest second)
Rate            : $0.22 / audio hour
Estimated cost  : $0.174750 USD
Transcript saved: /Users/mohammadreza/IslamASR/Audios/AyatollahShojaee/Asma_hosna/003/003_اسماء حُسنی 3.txt
============================================================
