Provider: ElevenLabs Scribe (scribe_v2)
Progress file (updated after each chunk): /Users/mohammadreza/IslamASR/Audios/AyatollahShojaee/Mabohas_Mozui/052/052_52- اشاره به ذکرخدا.partial.txt
  preparing audio (052_52- اشاره به ذکرخدا.mp3)...
  25:10 → 1 request(s)
  progress file: /Users/mohammadreza/IslamASR/Audios/AyatollahShojaee/Mabohas_Mozui/052/052_52- اشاره به ذکرخدا.partial.txt
  [1/1] 0:00–25:10 (8850 KB)...
      → 16588 chars: اعوذ بالله السميع العليم من الشيطان الرجيم. بسم الله الرحمن الرحيم. فمن يعرض عن ذكر الرحمن نبيد له شيطانا فهو له قريب. ولنهم لا يصطدونهم عن السبيل ويحسبون انه مهتدون. اول ترجمه ساد…

============================================================
TRANSCRIPTION (preview)
============================================================
اعوذ بالله السميع العليم من الشيطان الرجيم. بسم الله الرحمن الرحيم. فمن يعرض عن ذكر الرحمن نبيد له شيطانا فهو له قريب. ولنهم لا يصطدونهم عن السبيل ويحسبون انه مهتدون. اول ترجمه ساده آیات این آیه را عرض بکنم. می فرماید خدای متعال و کسی که کسانی که از یاد خدا روگردان باشند از یاد خدا اعراض بکنند، از ذکر رحمان اعراض بکنند نبید له شیطانا. پس از یاد خدا کردن ما شیطانی را برای اونها می گماریم که همراه اونهاست. فهو له قریب. و این شیاطینی که گماشته‌ایم برای اونها مرتب اینها را از راه منحرف می‌کنند. گرچه خود اینها گمان می‌کنند که در راه‌اند. با این ترجمه ساده و آزادش دوستان اگر در همان موقع ترجمه را که عرض کردم دقت کرده باشید می‌شود خیلی از معانی را و خیلی از حقایق را در ارتباط با خودمون فوراً منقل باشیم به سرعت خیلی فوق العاده‌ای. در هر حال من توضیحاتی عرض می‌کنم. آیات را ترجمه که گفتم بهتر فرمودید که می‌فرماید در صورت اعراض از یاد خدای متعال، یعنی روگردانی از ذکر حق، این سنت خداست که شیطانی، شیاطینی، پرینی انسان می‌شوند. انسانی که غفلت از خدا کرده است. بیاد خدا نیز مسلماً همراه می‌شود. این سنت است. همراه می‌شود با آن شیطانی که با او هست مرتب. و این همراهی هم که هم تو ساده نیست. اون شیطان همراه شیاطین همراه همین کسانی را که غافل از یاد خدا هستند علل اتصال منحرف می‌کنند. از راه بیرون می‌برند. گرچه خود این غافلان توجه ندارند. فکر می‌کنند در راه‌اند. این معنا را با همین توضیح که عرض کردم اگر خود شما تصورت بفرمایید بسیار هشدار دهنده و ترس آور است برای من و شما. و در این صورت این هست این اندازه که این ظاهر آیه اینطور نشان می‌دهد. راهی هم ما برای اینکه این ظاهر را بگردانیم به یک صورت دیگر نداریم. به قول بعضی از بزرگان دیگه نمی‌شود آیه را تأویل کرد. باید خود را عوض کرد. ما می‌دانیم که یکی از این حرافات ما هم همین است. رشه ای که آیه ای را، روایتی را، آیاتی را، روایاتی را به صرف خودمان ندیدیم. اون معنی که در مرحله اول از ظاهر آیه و از صریح آیه یا روایت فهمیده می‌شود فوراً میاییم تأویل می‌کنیم. اینجا بعضی از رفقا گفتند خوب هم گفتند. گفتند عوض اینکه آیه را تأویل کنیم خب خودت را تأویل کنیم. اینکه دایی نیست ما حتماً به زور آیه و روایت را طوری تفسیر یا تأویل بکنیم که به ما ضرر نکند. خب ا
… (truncated; see saved file for full transcript)

============================================================
SUMMARY
============================================================
Input file      : 052_52- اشاره به ذکرخدا.mp3
Provider        : ElevenLabs Scribe (scribe_v2)
Audio duration  : 25:10 (1510.38 s)
Requests        : 1
Billed duration : 1511 s (rounded up to nearest second)
Rate            : $0.22 / audio hour
Estimated cost  : $0.092301 USD
Transcript saved: /Users/mohammadreza/IslamASR/Audios/AyatollahShojaee/Mabohas_Mozui/052/052_52- اشاره به ذکرخدا.txt
============================================================
