Provider: ElevenLabs Scribe (scribe_v2)
Progress file (updated after each chunk): Audios/AyatollahShojaee/Tazkiyeh/128/128_تجلیات ربوبیت با اسماء و صفات در وجود سالک - جایگاه انسان _ بحث تزکیه.partial.txt
  preparing audio (128_تجلیات ربوبیت با اسماء و صفات در وجود سالک - جایگاه انسان _ بحث تزکیه.mp3)...
  24:36 → 1 request(s)
  progress file: Audios/AyatollahShojaee/Tazkiyeh/128/128_تجلیات ربوبیت با اسماء و صفات در وجود سالک - جایگاه انسان _ بحث تزکیه.partial.txt
  [1/1] 0:00–24:36 (8648 KB)...
      → 14683 chars: اعوذ بالله السميع العليم من الشيطان الرجيم. بسم الله الرحمن الرحيم. از قری تجلیاتی که برای صالح پیش میاد از منازلی که سالک در این منازل هست. تجلیات در یک تقسیم کلی به دو صورت تقسیم…

============================================================
TRANSCRIPTION (preview)
============================================================
اعوذ بالله السميع العليم من الشيطان الرجيم. بسم الله الرحمن الرحيم. از قری تجلیاتی که برای صالح پیش میاد از منازلی که سالک در این منازل هست. تجلیات در یک تقسیم کلی به دو صورت تقسیم می‌شود. می‌شود به دو صورت تقسیم کرد. یکی تجلیات ربوبیت با صفات و اسماش برای سالک، برای تهذیب سالک و تربیت سالک و سیر دادن و حرکت دادن او به سوی مقصد. و یکی هم تجلیاتی بود از ربوبیت با صفات و اسماش در وجود سالک، نه برای سالک. قسمت اول را تا حدودی که به یک بیان کلی عرض کردیم توضیح دادیم و در یک قسمت دوم از این جلسه می‌پردازیم ان شاءالله و تا حدودی اینجا توضیحاتی عرض می‌کنیم. ولی باز در سطح کلی و در بیان کلی. تجلیات ربوبیت در وجود سالک یعنی تجلیات اسماء و صفات حق در وجود سالک. به این تعبیر باید گفت فرقی نمی‌کند. تجلیات ربوبیت با اسماء و صفات یا تجلیات اسماء و صفات ربوبی در وجود سالک و در قلب و در روح او. این از اول به این لحاظ از اون تجلیات به معنی اول از این نظر فرق می‌کند که در اینجا صحبت از ظهور اسماء حسنی الهی با پیدا کردن آمادگی از ناحیه سالک، ظهور اسماء و صفات الهی در وجود سالک الی الله هست. به لحاظ اینکه کسی که در مرحله سلوک قدم گذاشت و صادقانه در مرحله سلوک به حرکت پرداخت، در حقیقت مسیری را در پیش گرفته که حجوب را، حجاب‌ها را که روی حقیقت هر انسانی را که در عالم ماده قرار گرفته گرفته است، اون حجاب‌ها را به تدریج با حرکت و با سیر و با سلوک کنار می‌زند. سالک اگر صادق باشد، اگر در حرکت باشد، حجاب‌ها را از روح خودش یا از قلب خودش از وجود خودش کنار می‌زند. به تناسب حرکتش. اصلاً حرکت عبودی یعنی حجاب‌ها را کنار زدن. سیری الی الله یعنی حجوب را کنار زدن. فاصله‌های بین خود و حضرت حق را از میان برداشتن. به یک ن-- بیان دیگر تزکیه روح، تجرید روح، تطهیر روح. فرقی نمی‌کند. حرکت و سیر به این معنا است. فلذا هر اندازه که حرکت باشد و سیر باشد، سیر عبودی به معنی صیغه کلمه باشد، به همان اندازه حجاب‌ها از روح و قلب کنار رفته. به هر اندازه که حجاب‌ها کنار برود، به تناسب اون اسماء حسنی الهی در قلب سالک یا در وجود سالک الی الله تجلی می‌کند. طبعاً نتیجه‌ش این می‌شود که تجلیات اسماء و صفات حق در وجود سالک در مراتب مختلف است. یعنی یکنظر نیست. اینطور نیست که سالکین الی الله را وقتی در منازل و مراحل مختلف که حساب
… (truncated; see saved file for full transcript)

============================================================
SUMMARY
============================================================
Input file      : 128_تجلیات ربوبیت با اسماء و صفات در وجود سالک - جایگاه انسان _ بحث تزکیه.mp3
Provider        : ElevenLabs Scribe (scribe_v2)
Audio duration  : 24:36 (1475.86 s)
Requests        : 1
Billed duration : 1476 s (rounded up to nearest second)
Rate            : $0.22 / audio hour
Estimated cost  : $0.090191 USD
Transcript saved: Audios/AyatollahShojaee/Tazkiyeh/128/128_تجلیات ربوبیت با اسماء و صفات در وجود سالک - جایگاه انسان _ بحث تزکیه.txt
============================================================
