Provider: ElevenLabs Scribe (scribe_v2)
Progress file (updated after each chunk): Audios/AyatollahShojaee/Tazkiyeh/135/135_کشف سمائي _ بحث تزکیه.partial.txt
  preparing audio (135_کشف سمائي _ بحث تزکیه.mp3)...
  24:57 → 1 request(s)
  progress file: Audios/AyatollahShojaee/Tazkiyeh/135/135_کشف سمائي _ بحث تزکیه.partial.txt
  [1/1] 0:00–24:57 (8771 KB)...
      → 16889 chars: اعوذ بالله السميع العليم من الشيطان الرجيم. بسم الله الرحمن الرحيم. کشف صغری را در دو سه جلسه توضیح دادیم. و گفتیم باید بیان کلی به اقسام کشف را داشته باشیم که به آنها هم اطلاع داش…

============================================================
TRANSCRIPTION (preview)
============================================================
اعوذ بالله السميع العليم من الشيطان الرجيم. بسم الله الرحمن الرحيم. کشف صغری را در دو سه جلسه توضیح دادیم. و گفتیم باید بیان کلی به اقسام کشف را داشته باشیم که به آنها هم اطلاع داشته باشیم. حالا در این جلسه ما می‌خواهیم بخصوص روی یکی دیگر از اقسام کشف که قبلاً به صورت اجمال تقریباً با-- به اشاره اجمال گفتم اشاره می‌کنم که کشف سمعی یا سمعی یا سمعی است. کشف سمعی که برای سالک پیش میاد در اون وقتی که آمادگی این کشف را دارد. عبارت است از شنیدن آنچه افراد معمولی و عادی نمی‌شنوند. آنچه را که آنها نمی‌شنوند یا به تعبیر دیگر شنیدن آنچه که در پشت پرده است از شنیدنی‌ها در مراتب مختلف. خب طبیعی است مراتب مختلف داشتن‌ش. سالک به هر اندازه آمادگی برای کشف سمعی داشته باشد به همان اندازه از این کشف بهره‌دار خواهد شد و یا به تعبیر دیگر به همان اندازه که حجاب از گوش دل در تعبیر معروفش و در تعبیر دیگر به همان اندازه که حجاب از گوش انسان برداشته می‌شود که با برداشته شدن حجاب از قلب این مسئله پیش می‌آید. به همان اندازه هم سالک از آن شنیدنی‌های پشت پرده می‌شنود. پس این هم مراتب دارد. مراتبش خب معلوم است از اول از ابتدا از مراحل اولیه شروع می‌کند تا به سیر صعودی خود پیش برود. در بعضی از مراتب که همان مراتب اولیه و کاملاً ابتدایی کشف سمعی است، وقتی که نور الهی در قلب متجلی شد و این نور به مشاعر سرازیر شد و از جمله گوش انسان از شنیدن، شنیدن بالاتر و از ادراک بالاتر بهره‌دار شد. خب در مراحل اولیه و ابتدایی بعضی از اصوات را می‌شنود سالک و اصواتی که اگر حساب کنیم در اون اول نمی‌شود از نظر اینکه چه کسی دارد روی اونها حساب کرد. خوب دقت کنید. ابتدا اینجور شروع می‌شود. سالک می‌بیند اصواتی می‌شنود. البته بعضی‌ها در بیاناتشان به چگونگی این اصوات که مثلاً تشبیه می‌کنند یعنی تحریف پذیر می‌کنند، تشبیه می‌کنند با یک عبارت و ملحقی که به ذهن ماها و به فکر ماها هم نزدیک می‌شود. تشبیهاتی کرده‌اند. گاهی به طنین مثلاً به طنین زنگ تشبیه کرده‌اند. گاهی به صدای، صدای مثلاً عده‌ای جمعی دسته‌ای از زنبورها تشبیه کرده‌اند. اون اول که به گوش می‌رسد صداهای مخفی پشت حجاب. در هر صورت این‌ها تشبیهاتی است و بیانات و تعبیرهایی است بعضی ازشان درست هم هست. یعنی در مقام تحریف ذیل درست است. اما حقیقت این است که اصواتی می‌رسد. ا
… (truncated; see saved file for full transcript)

============================================================
SUMMARY
============================================================
Input file      : 135_کشف سمائي _ بحث تزکیه.mp3
Provider        : ElevenLabs Scribe (scribe_v2)
Audio duration  : 24:57 (1496.92 s)
Requests        : 1
Billed duration : 1497 s (rounded up to nearest second)
Rate            : $0.22 / audio hour
Estimated cost  : $0.091478 USD
Transcript saved: Audios/AyatollahShojaee/Tazkiyeh/135/135_کشف سمائي _ بحث تزکیه.txt
============================================================
