Provider: ElevenLabs Scribe (scribe_v2)
Progress file (updated after each chunk): /Users/mohammadreza/IslamASR/Audios/AyatollahShojaee/Mabohas_Mozui/013/013_13- اهميت دل 2.partial.txt
  preparing audio (013_13- اهميت دل 2.mp3)...
  25:10 → 1 request(s)
  progress file: /Users/mohammadreza/IslamASR/Audios/AyatollahShojaee/Mabohas_Mozui/013/013_13- اهميت دل 2.partial.txt
  [1/1] 0:00–25:10 (8850 KB)...
      → 15806 chars: اعوذ بالله من الشيطان الرجيم. بسم الله الرحمن الرحيم. اولین چیزی که دل را از کار می‌اندازد چیست؟ گناه است و بعدش مسائل دیگر. مسائل دیگر مانند غفلت از خدا، مانند علاقه ها، مانند زیا…

============================================================
TRANSCRIPTION (preview)
============================================================
اعوذ بالله من الشيطان الرجيم. بسم الله الرحمن الرحيم. اولین چیزی که دل را از کار می‌اندازد چیست؟ گناه است و بعدش مسائل دیگر. مسائل دیگر مانند غفلت از خدا، مانند علاقه ها، مانند زیاد خوردن ها، زیاد خوابیدن ها. حالا همینطور در مراتب حساب کنید دیگه. اول گناه است که دل را خراب می‌کند. بعد از گناه که میرسیم علاقه شدید مسائل دنیوی است. غفلت از خدای متعال است و بعد همینطور بیایید پایین‌تر. زیاد صحبت کردن، زیاد خوردن، زیاد خوابیدن و امثال اینها و بعد از طرف دیگر خصال بد، امراض قلبی را داشتن، حسد، بغض، جاه طلبی، ریا و طلبگی. نمی‌دانم خیلی مسائل و اوصاف بدی که در وجود انسان‌ها است. همه اینها هر کدامش تک تک روی دل چه می‌کند؟ روی دل اثر می‌کند و دل را از کار می‌اندازد. ولی ارز همه بالاتر گناه است که گفتم. البته شما خصال بد را در زمره چه چیز باید حساب کنید؟ در زمره گناهان باید حساب کنید. اون یک مرتبه است. گناهان، خطاها در هر شکلی باشد. در شکل خصال باشد، اوصاف باشد، از اونم اخلاق باشد یا اعمال و افعال باشد و بعد هم به ترتیب برسید به تألبات مباح و یعنی زیاد علاقه داشتن در مباحات زیاد پرپر شدن. شب و روز فکر و دل انسان در مباحات پرپر باشد یا زیاد غافل شدن از خدای متعال. زیاد بیجا صحبت کردن، زیاد خوابیدن، مرتب شب و روز همhumanان خوردن باشد. اینها همه دل را از کار می‌اندازد. ولی بعد از همه گناهان است. بنابراین یک حقیقت را یاد گرفتیم و یک درسی را هم گرفتیم از اون و اون اینکه اصل در وجود انسان‌ها چی؟ دل است. دل است که باید بفهمد. قرآن را بفهمد. عقاید را بفهمد. آیات را بفهمد. آیات قرآن را، آیات وجود را، همه چیز را بفهمد. اول بفهمد و دل است که باید خاشع باشد. با فهمیدن و خاشع شدن دل، مشاعر دیگر هم باید کار خودشان را آنچنان که باید انجام بدهند از جمله چشم و گوش. و این دل یا از کار می‌افتد یا از کار نمی‌افتد. و آنچه که دل را از کار می‌اندازد در باب کافران و مؤمنان که صحبت می‌کردیم مال اونها به جای خود مسائل است و مال ما چیست؟ مال ما گناه است اولاً و بعد هم چیزهای دیگر. به همین حساب شما اگر خواستید معمولاً هم می‌خواهد، دلتون می‌خواهد، ما دلمون می‌خواهد. اگر یه وقتی خواستید از قرآن خوب بفهمید، اول صبر کنید که دلتون دل باشد تا بفهمد. "أَفَلَا يَتَدَبَّرُونَ الْقُرْآنَ أَمْ عَلَىٰ قُلُوبٍ أَقْف
… (truncated; see saved file for full transcript)

============================================================
SUMMARY
============================================================
Input file      : 013_13- اهميت دل 2.mp3
Provider        : ElevenLabs Scribe (scribe_v2)
Audio duration  : 25:10 (1510.27 s)
Requests        : 1
Billed duration : 1511 s (rounded up to nearest second)
Rate            : $0.22 / audio hour
Estimated cost  : $0.092294 USD
Transcript saved: /Users/mohammadreza/IslamASR/Audios/AyatollahShojaee/Mabohas_Mozui/013/013_13- اهميت دل 2.txt
============================================================
