Provider: ElevenLabs Scribe (scribe_v2)
Progress file (updated after each chunk): /Users/mohammadreza/IslamASR/Audios/AyatollahShojaee/Mabohas_Mozui/059/059_59- خصوصيات امام زمان و نقاط ضعف شيعيان پس ظهور ايشان 1.partial.txt
  preparing audio (059_59- خصوصيات امام زمان و نقاط ضعف شيعيان پس ظهور ايشان 1.mp3)...
  30:25 → 1 request(s)
  progress file: /Users/mohammadreza/IslamASR/Audios/AyatollahShojaee/Mabohas_Mozui/059/059_59- خصوصيات امام زمان و نقاط ضعف شيعيان پس ظهور ايشان 1.partial.txt
  [1/1] 0:00–30:25 (10695 KB)...
      → 18765 chars: اعوذ بالله السميع العليم من الشيطان الرجيم. بسم الله الرحمن الرحيم. تذکرات لازم، لازم است. از، در ارتباط با حضرت بقیه الله صلوات الله علیه. قبل از این تذکر فقط یک توصیه برای شما دا…

============================================================
TRANSCRIPTION (preview)
============================================================
اعوذ بالله السميع العليم من الشيطان الرجيم. بسم الله الرحمن الرحيم. تذکرات لازم، لازم است. از، در ارتباط با حضرت بقیه الله صلوات الله علیه. قبل از این تذکر فقط یک توصیه برای شما دارم. برای همه شما. انشاالله شما هم هر کسی را از دوستان و آشنایان و از مؤمنین دیدید، او هم تذکر دهید. سعی کنید انشاالله از نه اون چنان که الان هست، نه اون طور هست، نه. بیشتر از اون و بهتر و آن چنان که باید سعی کنید از برکات وجودی حضرت بقیه الله صلوات الله علیه که ولی حق است، ولی حق است، حجت حق است، استفاده‌ها داشته باشید. یکی از ما تا حالا نفهمیده است معنی اینکه ما امامی داریم به نام امام زمان صلوات الله علیه معنی‌ش چیست؟ اصلا نفهمیده. یک چیزی است که همه فراموش شده ولی در گوشه‌های ذهن ما یا چیزی که ما هست به عنوان یک عقیده، ما امامی داریم، امام زمان صلوات الله الی آخر. این نیست. معنی‌ش این است که انسان دقیقا باید کاملا از پشت پرده البته، دقیقا باید در ارتباط با اون حضرت باشد و از ایهازات و نیات روحی از طریق اون حضرت علی الاتصال باید انسان استفاده بکند. ولی وقت است خوب، خوب فکر بکنید که معنی ولی وقت چیست؟ معنی ولی عرش چیست؟ معنی اینکه امام است و حجت است و زنده است ولی پشت پرده است. ولی امام ما واسطه نیست. از حجت حق است. ولی حق است. هر خواستی برسد از او می‌رسد. هر مددی برسد از او می‌رسد. یعنی از خدا می‌رسد از طریق او. معنی این جملات چیست؟ آیا این است ما فراموش کنیم فقط در گوشه، گوشه از اون ذهن و عقیده ما باشد که امامی داریم. نه خیلی باید علی الاتصال در ارتباط، منظور ارتباط معنوی است، اشتباه نشود. و پروانه‌گد شما هم مانند اون دکان‌دارها انشاالله شما این کار نمی‌کنید. نروید دکان باز کنید که ما با امام زمان ارتباط داریم. اونا همه‌شون کذابند و دروغگو هستند و دکان‌دار هستند و راهزن‌اند الی آخر. گفتم براتون از پشت پرده در ارتباط بودن، توسل داشتن، عرض ادب کردن، عرض عهد و میثاق کردن، استشفا کردن، لااقل بیست و چهار ساعت یک دور توسلی، عرض ادبی، عرض بیعتی، عرض عهدی، تجدید عهدی، استشفایی، علی الاتصال. توجه کنید. ببینید وقتی که ما فراموش کرده‌ایم استفاده از اون راه، شووشه‌ها هم زیاد در احوال مختلف وجودی خودمون می‌خوریم. هیچ‌کدوم رو نمی‌فهمیم. دقت بکنید. این البته می‌شود گفته نتیجه نشناختن ما هست. همه اولیا
… (truncated; see saved file for full transcript)

============================================================
SUMMARY
============================================================
Input file      : 059_59- خصوصيات امام زمان و نقاط ضعف شيعيان پس ظهور ايشان 1.mp3
Provider        : ElevenLabs Scribe (scribe_v2)
Audio duration  : 30:25 (1825.16 s)
Requests        : 1
Billed duration : 1826 s (rounded up to nearest second)
Rate            : $0.22 / audio hour
Estimated cost  : $0.111538 USD
Transcript saved: /Users/mohammadreza/IslamASR/Audios/AyatollahShojaee/Mabohas_Mozui/059/059_59- خصوصيات امام زمان و نقاط ضعف شيعيان پس ظهور ايشان 1.txt
============================================================
