Provider: ElevenLabs Scribe (scribe_v2)
Progress file (updated after each chunk): Audios/AyatollahShojaee/Tazkiyeh/100/100_شرک در ذات 1 _ بحث تزکیه.partial.txt
  preparing audio (100_شرک در ذات 1 _ بحث تزکیه.mp3)...
  24:54 → 1 request(s)
  progress file: Audios/AyatollahShojaee/Tazkiyeh/100/100_شرک در ذات 1 _ بحث تزکیه.partial.txt
  [1/1] 0:00–24:54 (8756 KB)...
      → 14643 chars: [صدای محیط] اعوذ بالله السميع العليم من الشيطان الرجيم. بسم الله الرحمن الرحيم. در حالیکه در خصوص جلسه گذشته گفتم که البته من هفته گذشته هم اعلام کرده بودم که دیگه در شرک این مسئله…

============================================================
TRANSCRIPTION (preview)
============================================================
[صدای محیط] اعوذ بالله السميع العليم من الشيطان الرجيم. بسم الله الرحمن الرحيم. در حالیکه در خصوص جلسه گذشته گفتم که البته من هفته گذشته هم اعلام کرده بودم که دیگه در شرک این مسئله را ادامه ندهیم. بعد متوجه شدم که صورتی از شرک هم خیلی خطرناک و مخلف است که ما به اون متوجه نشدیم. یعنی در حال که گفتیم می‌خواستیم خلاصه بکنیم، گفتیم که مانع این و آن شد که این هم خیلی مهمه و بنا شد که در این جلسه به اون نوع از شرک هم که از سائر شاید مخلف‌تر شرک باشد و به انواع مختلف هم به تلاشت می‌اندازد برای همه، برای صالح و زاهد رسته‌مخلف است. توش قسمتش را هم توضیح بدهم. نوعی از شرک البته این بحثی که می‌خواهم here شروع می‌کنیم یه مقدار می‌شود گفت که در چه ما در مسیر بحث سر و صوت و هستی و در باب مخلفات بحث می‌کنیم، این موضوعات بررسی می‌کنیم، به عنوان یک مخلف مطرح می‌کنیم و بعد هم بررسی‌هایی می‌شود. اما در اصل این مسئله که در این جلسه بحث می‌کنیم می‌شود گفت که به عقیده انسان مربوط است. به بحث‌هایی که در اصول عقاید می‌شود در اونجاها اصلاحات هم باید مطرح بشه. مقصود اون هست. به هر صورت انشاالله دقت می‌کنید که یه مقدار هم دقایقی درش هست. من حتی‌المقدور سعی می‌کنم که اون اندازه که گفتنی‌ست بگم و سعی‌ام می‌کنم که انشاالله با بیان ساده‌تر بگم. مسئله در این باب که صحبت‌ها این‌که زیاد است، گفت‌وگوها زیاد است، دقایق و نکته‌های عمیق بسیار است اما خوب به همه‌شان نمی‌شود گفت. در حدی که می‌شود. این نوع از شرک از مخلفات است. عبارت است از به اصطلاح بعضی از علم، علما، اخلاق عبارت است از شرک در ذات مقدس حق به یک معنی خاص. شرک در ذات را به دو معنی اطلاق می‌کنند. اولا دو معنی را عرض می‌کنم. معمولا این دو معنی مطرح می‌شود. یکی شرک در ذات که شرک است و مخلف است و از انواع شرک است. این است که انسان غیر از ذات مقدس حق، ذات دیگری را در نظام وجود معتقد باشد و ببیند و بیابد. فکر بکند، معتقد باشد، این چنین بداند و پندار داشته باشد که غیر ذات او ذاتی هست. این یک مرحله است از بحث‌ها، یک معنی از معانی شرک در ذات. این را ما نمی‌خواهیم مطرح بکنیم. این معنا در حقیقت در خلال بحث‌هایی که در دو، سه جلسه گذشته داشتیم تقریباً روشن شد. تقریباً البته به صورت خیلی سریع هم صحبت نکردیم. این حالا فعلاً خودش معانی ظریفی دارد ولی این ر
… (truncated; see saved file for full transcript)

============================================================
SUMMARY
============================================================
Input file      : 100_شرک در ذات 1 _ بحث تزکیه.mp3
Provider        : ElevenLabs Scribe (scribe_v2)
Audio duration  : 24:54 (1494.36 s)
Requests        : 1
Billed duration : 1495 s (rounded up to nearest second)
Rate            : $0.22 / audio hour
Estimated cost  : $0.091322 USD
Transcript saved: Audios/AyatollahShojaee/Tazkiyeh/100/100_شرک در ذات 1 _ بحث تزکیه.txt
============================================================
