Provider: ElevenLabs Scribe (scribe_v2)
Progress file (updated after each chunk): Audios/AyatollahShojaee/Tazkiyeh/023/023_حب مال، بخل و قرض و طمع _ بحث تزکیه.partial.txt
  preparing audio (023_حب مال، بخل و قرض و طمع _ بحث تزکیه.mp3)...
  24:33 → 1 request(s)
  progress file: Audios/AyatollahShojaee/Tazkiyeh/023/023_حب مال، بخل و قرض و طمع _ بحث تزکیه.partial.txt
  [1/1] 0:00–24:33 (8633 KB)...
      → 15420 chars: بسم الله الرحمن الرحیم. چندین جلسه است که شروع کردیم در اون مسائل اساسی که-- اساسی و اصولی که برای یک سالک، سالک الی الله ضرورت دارد از اونها اجتناب بکند که اگر اجتناب نکند سلوک مع…

============================================================
TRANSCRIPTION (preview)
============================================================
بسم الله الرحمن الرحیم. چندین جلسه است که شروع کردیم در اون مسائل اساسی که-- اساسی و اصولی که برای یک سالک، سالک الی الله ضرورت دارد از اونها اجتناب بکند که اگر اجتناب نکند سلوک معنایی نخواهد داشت. اونها را بیان بکنیم طبق برداشتی که از آیات و روایات و بیانات علما اخلاق داریم. البته علما اخلاق هم هرچی گفتن باز با برداشت از آیات و روایات است. از این مسائل اساسی، مسئله اول که شروع کرده‌ایم مسئله اجتناب از هواس که به عنوان یک مسئله اصلی و اساس در سلوک الی الله مطرح است، اجتناب از هوا. دو سه جلسه است در این خصوص صحبت می‌کردیم و جلسه گذشته عنوان کردیم مسئله هوا را که حد و مرز هوا چیست و جاهایی که به صورت و به ظاهر به نظر می‌آید هواست ولی در واقع هوا نیست، اونها چیست؟ و مواردی که هواست چیست؟ اینها را عرض کردیم. بعد شروع کردیم به جلوات و بروزات و ظهورات هوای نفس که اون جلوات مهم، ظهورات مهم یا بروزات خیلی چشمگیر هوای نفس را توضیح بدهیم. عرض کردم که جلوات هوا یکی دو تا نیست. هوای نفس جلوات و ظهوراتش یعنی اون شکل‌ها که در اون شکل‌ها هوای نفس بروز می‌کند و همه‌اش هم مهلک انسان است در سلوک الی الله این حد و حسری ندارد و کسی که در مقام عمل شروع به عمل کرد و خواست از هوای نفس اجتناب بکند، اهل عمل می‌دانند که شاخ و برگ هوا چه قدر است و بی‌شمار ما در وجودمون هوا به اشکال مختلف حکم فرماست. با اینکه حد و حسری ندارد شاخ و برگ هوا یا جلوات و بروزات هوای نفس در وجود انسان و فقط اهل عمل می‌دانند با این همه از اون جلوات و ظهورات مهم هوا می‌خواستیم مسائلی را عرض کنیم. از جلوات هوا یعنی از هوا در شکل‌های مختلف، از اون شکل‌های روشنش چند مورد را عرض کردم و در این جلسه به بقیه اونها می‌پردازیم. یعنی اشکال مختلف روشن هوا را باز اینجا توضیح می‌دهیم. از جمله صورت‌های هوا، هوای نفس در وجود انسان مسئله بخل است که اسمش را شنیده‌ایم. برای سالک الی الله اجتناب از بخل یک مسئله ضروری است. چرا که بخل، بخل خودش از جلوات هواست و از ظهورات خیلی مهلک و خطرناک هوای نفس است. بخل. بخل به معنی اینکه انسان جایی که باید صرف مال بکند از آنچه که دارد صرف بکند، نکند. این را می‌گیم بخل. هر کسی به اندازه خودش به هر اندازه که از امکانات مالی برخوردار است، جایی یا جاهایی و مواردی که باید صرف مال بکند از اموال خود خرج بکن
… (truncated; see saved file for full transcript)

============================================================
SUMMARY
============================================================
Input file      : 023_حب مال، بخل و قرض و طمع _ بحث تزکیه.mp3
Provider        : ElevenLabs Scribe (scribe_v2)
Audio duration  : 24:33 (1473.26 s)
Requests        : 1
Billed duration : 1474 s (rounded up to nearest second)
Rate            : $0.22 / audio hour
Estimated cost  : $0.090033 USD
Transcript saved: Audios/AyatollahShojaee/Tazkiyeh/023/023_حب مال، بخل و قرض و طمع _ بحث تزکیه.txt
============================================================
