Provider: ElevenLabs Scribe (scribe_v2)
Progress file (updated after each chunk): /Users/mohammadreza/IslamASR/Audios/AyatollahShojaee/Mabohas_Mozui/011/011_11- شرح صدر 2.partial.txt
  preparing audio (011_11- شرح صدر 2.mp3)...
  27:19 → 1 request(s)
  progress file: /Users/mohammadreza/IslamASR/Audios/AyatollahShojaee/Mabohas_Mozui/011/011_11- شرح صدر 2.partial.txt
  [1/1] 0:00–27:19 (9601 KB)...
      → 17318 chars: اعوذ بالله السميع العليم من الشيطان الرجيم. بسم الله الرحمن الرحيم. روایتی را من قبلاً در وعظ نوشته‌ها خودَم نوشته بودم. من فکر می‌کردم که این روایت الان یعنی فکر می‌کنم از رسول اک…

============================================================
TRANSCRIPTION (preview)
============================================================
اعوذ بالله السميع العليم من الشيطان الرجيم. بسم الله الرحمن الرحيم. روایتی را من قبلاً در وعظ نوشته‌ها خودَم نوشته بودم. من فکر می‌کردم که این روایت الان یعنی فکر می‌کنم از رسول اکرم صلی الله علیه و آله و سلم است. اما تفسیر المیزان را مطالعه می‌کردم دیدم مرحوم علامه این روایت را از امام صادق صلوات الله علیه نقل کرده است. حالا من به نظرم این بود که از رسول الله هست. فکر یعنی در ذهنم این جور بود. در هر صورت فرقی نمی‌کند. این روایت را با یک روایت دیگری که در تفسیر المیزان دیدم از مرحوم علامه از عامه نقل کرده است. دو تا روایت می‌خوانم برای شما. البته در این باب من صحبت‌ها قبلاً کرده‌ام، داشته‌ام. فضایی دارد. اما این دو روایت را در این زمینه هم میگم. دو نمونه‌هایی برای اینکه بفهمید که شرّ دل که گفتم اگر دل شر شود چیزی است که ما برای ما قبولش مشکله. این روایتی که گفتم ایشون از امام صادق صلوات الله علیه نقل کرده است. در ذهن من این بود که از رسول الله است صلوات الله عليه. این است که من در نوشته‌هام نوشتم این را. لولا ان الشياطين يحومون حول قلوب بني آدم، يحومون حول قلوب بني آدم لَرََوا مَلَكوتَ السَّماواتِ وَالأَرض. این روایت امام صادق یا رسول الله صلوات الله عليه می‌فرماید این است که می فرماید که اگر اون شیاطینی که اطراف دل انسان‌ها را می‌گیرد و دل‌ها را قفل می‌کند و غافل می‌کند و مخدوع می‌کند و به اینجا و آنجا می‌کشد و خرابش می‌کند. اگر اون شیاطین از دور و بر دل انسان‌ها کناری رفت، دل را به حال خود وا می‌گذاشت. لولا ان الشياطين يحومون حول قلوب بني آدم لنظروا-- لرَوا مَلَكوتَ السَّماواتِ وَالأَرض. اگر این شیاطین کناری رفتن دل به حال خود وا گذاشته می‌شد، انسان‌ها ملکوت آسمان و زمین را چی می‌کردند؟ می‌دیدند یا نظر می‌کردند. یه روایت دیگر ایشان نقل کرده است در تفسیر المیزان البته این را دیدم. این روایت دوم را. اون روایت اول که در کتب خود ما زیاد هست. این روایت دوم که لولا تکثیر کلامکم. این است که ایشان نقل کرده از جهور از عامه نقل کرده است. این است که لولا تکثیر کلامکم و تمریج غروبکم لرأیتم ما أرى ولسمعتم ما أسمع. اگر نبود این که شما زیاد حرف می‌زنید و قلب‌هاتون را هم آمیخته و آلوده کرده‌اید، اگر این نبود، این دو نبود زیاد حرف زدن از رسول الله است این روایت به نقل عامه در تفسی
… (truncated; see saved file for full transcript)

============================================================
SUMMARY
============================================================
Input file      : 011_11- شرح صدر 2.mp3
Provider        : ElevenLabs Scribe (scribe_v2)
Audio duration  : 27:19 (1638.54 s)
Requests        : 1
Billed duration : 1639 s (rounded up to nearest second)
Rate            : $0.22 / audio hour
Estimated cost  : $0.100133 USD
Transcript saved: /Users/mohammadreza/IslamASR/Audios/AyatollahShojaee/Mabohas_Mozui/011/011_11- شرح صدر 2.txt
============================================================
