Provider: ElevenLabs Scribe (scribe_v2)
Progress file (updated after each chunk): Audios/AyatollahShojaee/AsrarFatemi/007/007_اسرار فاطمی (س ) بخش 7.partial.txt
  preparing audio (007_اسرار فاطمی (س ) بخش 7.mp3)...
  28:57 → 1 request(s)
  progress file: Audios/AyatollahShojaee/AsrarFatemi/007/007_اسرار فاطمی (س ) بخش 7.partial.txt
  [1/1] 0:00–28:57 (10176 KB)...
      → 14283 chars: [موسیقی] از امام صادق علیه‌السلام پرسیدند چرا فاطمه سلام‌الله علیها را زهرا می‌گویند؟ فرمود برای آنکه هر وقت در محراب عبادت می‌ایستاد، نور او بر اهل آسمان‌ها می‌تابید. همچنین که نو…

============================================================
TRANSCRIPTION (preview)
============================================================
[موسیقی] از امام صادق علیه‌السلام پرسیدند چرا فاطمه سلام‌الله علیها را زهرا می‌گویند؟ فرمود برای آنکه هر وقت در محراب عبادت می‌ایستاد، نور او بر اهل آسمان‌ها می‌تابید. همچنین که نور ستارگان بر اهل زمین می‌تابد. السلام علیک ایه تو از صدیقه و شهیده. اسرار فاطمی. فاطمه جان، فاطمه جان، فاطمه جان، فاطمه جان، فاطمه جان، فاطمه جان، فاطمه جان. بسم الله الرحمن الرحیم. با عرض سلام خدمت شما همراهان همیشگی رادیو قرآن با برنامه اسرار فاطمی که اختصاص دارد به مباحث حضرت آیت‌الله استاد محمد شجاعی در خدمت شما هستیم. در این برنامه استاد در خصوص اسرارآمیز بودن وجود حضرت زهرا سلام‌الله علیها به نکات بسیار ارزشمندی اشاره می‌فرمایند. استاد محمد شجاعی در خصوص ولایت مطلقه یا ولایت الهیه و ارتباط آن با وجود حضرت زهرا سلام‌الله علیها مطالبی را بیان می‌فرمایند که از شما دعوت می‌کنیم مشروح این گفتار را از زبان حضرت آیت‌الله محمد شجاعی بشنوید. اعوذ بالله السميع العليم من الشيطان الرجيم. بسم الله الرحمن الرحيم. جمله‌هایی من در خصوص آن حضرت عرض کردم بر خلاف روش معمول که معمولاً بعضی از حقایق قرآنی را تشریح می‌کنیم. آن جلسه من چند جمله‌ای گفتم از حقایق مربوط به آن حضرت. در این جلسه هم باز که در صد روایت افات یا در از شهادت حضرت زهرا سلام‌الله علیها است چند جمله‌ای را در خصوص حضرت زهرا سلام‌الله علیها عرض می‌کنم و به دنبالش هم تذکراتی. در هر صورت یکی از مسائل مهم که در خصوص حضرت زهرا سلام‌الله علیها هست باید به اون توجه داشت. البته این را که الان عرض می‌کنم در حدی که می‌شود گفت می‌گویم. در ارتباط با بسیار اسرارآمیز بودن وجود مقدس حضرت زهرا سلام‌الله علیها به نکته‌ای باید توجه کرد به اون اینکه انواع ولایت اونی که شنیده‌اید و شنیده‌یم به نام ولایت مطلقه الهیه، ولایت الهیه مطلقه یا ولایت مطلقه یا ولایت تکوینی، یه تعابیر مختلف هست و نمی‌فهمیم زیاد یعنی چه. در این نظام وجود و در عالم هستی کسی که صلاحیت و قابلیت این معنا را داشت که اون انوار از وجود او، از حقیقت نوری او در جلوه‌های مختلف متجلی شود، تنها حضرت زهرا بود سلام‌الله علیها در کل نظام وجود. خب این اندازه که من و شما می‌دانیم که أم الأئمة النجبا، أم الأئمة الطاهرين، مادر ائمه اطهار سلام الله علیهم أجمعين است. خب دقت بفرمایید که ائمه اطهار همان مظ
… (truncated; see saved file for full transcript)

============================================================
SUMMARY
============================================================
Input file      : 007_اسرار فاطمی (س ) بخش 7.mp3
Provider        : ElevenLabs Scribe (scribe_v2)
Audio duration  : 28:57 (1736.71 s)
Requests        : 1
Billed duration : 1737 s (rounded up to nearest second)
Rate            : $0.22 / audio hour
Estimated cost  : $0.106132 USD
Transcript saved: Audios/AyatollahShojaee/AsrarFatemi/007/007_اسرار فاطمی (س ) بخش 7.txt
============================================================
