Provider: ElevenLabs Scribe (scribe_v2)
Progress file (updated after each chunk): Audios/AyatollahShojaee/Tazkiyeh/008/008_مراتب توبه _ بحث تزکیه.partial.txt
  preparing audio (008_مراتب توبه _ بحث تزکیه.mp3)...
  26:33 → 1 request(s)
  progress file: Audios/AyatollahShojaee/Tazkiyeh/008/008_مراتب توبه _ بحث تزکیه.partial.txt
  [1/1] 0:00–26:33 (9332 KB)...
      → 17105 chars: اعوذ بالله السميع العليم من الشيطان الرجيم. بسم الله الرحمن الرحيم. بعد از یه وقفه مسئله توبه را تا حدودی تشریح کردیم، شرح دادیم و صحبت شد، بحث شد در اینکه توبه در چه خود منزل دوم،…

============================================================
TRANSCRIPTION (preview)
============================================================
اعوذ بالله السميع العليم من الشيطان الرجيم. بسم الله الرحمن الرحيم. بعد از یه وقفه مسئله توبه را تا حدودی تشریح کردیم، شرح دادیم و صحبت شد، بحث شد در اینکه توبه در چه خود منزل دوم، قدم دوم ، قدم دوم هست، الا اینکه خود توبه با توجه بر ماهیت سلوک و ماهیت سیر، خود توبه دارای مراتب است. یعنی مراحل است و مراتب است. مرحله اول توبه که هفته گذشته شرح کردیم توبه از معاصی و گناهان بود. شرحش گذشت. بعد از مرحله اول از توبه، مراحل بعدی توبه پیش میاد. اگر خوب تأمل کنیم در مسئله سلوک و سیر و اینکه انسان در سیر و سلوکش با توجه بر مطالبی که قبلاً گفتیم منازلی طی می‌کند و مراحلی طی می‌کند و عوالمی را باید پشت سر بگذارد و برود به سوی حق و حرکت کند، روی این حساب با توجه بر اصل مسئله سلوک و تزکیه و ماهیت سلوک، اولاً خودمان متوجه خواهیم بود که توبه خود مراحل دارد چون در هر منزلی و در هر مرحله‌ای که انسان در مقام بودیت قبلاً بوده، خواست نزدیک‌تر باشد و خواست به سوی خدا حرکت بیشتر بکند، مسلماً از منزل اول برگشته به سوی منزل بالاتر. از اون موقعیت اول روحی که داشت در مقام بودیت از اون برگشت و بازگشت نموده. یعنی صعود نموده به سوی خدا. اصلاً ماهیت سلوک این را ایجاب می‌کند که توبه مراحل داشته باشد. اگر توبه یک مرحله داشته باشد که عبارت باشد از همان توبه از معاصی و گناهان و بیش از یک مرحله دیگه در توبه مراحلی مطرح نباشد، آنوقت هیچ مفهومی نخواهد داشت که ما سلوک را طی منازل بدانیم. طی منازل، سیر عوالم، کم، کم کردن فاصله به تدریج خود حاکی از این است که سالک همیشه در توبه است. یعنی مرتب تواب است، توبه می‌کند و در قرآن کریم که آیه هست "إن الله يحب التوابين ويحب المتطهرين" هم به یک نظر معنی تواب به همین معنا که عرض کردم، تواب به همین معنا ناظر است. خدا توابین را دوست دارد. تواب اونی که مرتب در حال برگشت و بازگشت است. اصلاً معنی تواب یعنی توبه بعد از توبه. بنابراین ماهیت سلوک را اگر خوب دقت کنیم خود دلالت بر مراتب داشتن توبه، مراحل داشتن توبه و به تعبیر صحیح‌تر خود دلالت بر ادامه داشتن توبه می‌کند از سالک تا اون مقصد اعلی. همیشه در توبه است. "إن الله يحب التوابين ويحب المتطهرين". خدا آنهایی را که توبه بعد از توبه می‌کنند دوست دارد. البته گرچه این آیه را به این معنا هم گرفته‌اند آنهایی که در مقام همان ت
… (truncated; see saved file for full transcript)

============================================================
SUMMARY
============================================================
Input file      : 008_مراتب توبه _ بحث تزکیه.mp3
Provider        : ElevenLabs Scribe (scribe_v2)
Audio duration  : 26:33 (1592.68 s)
Requests        : 1
Billed duration : 1593 s (rounded up to nearest second)
Rate            : $0.22 / audio hour
Estimated cost  : $0.097330 USD
Transcript saved: Audios/AyatollahShojaee/Tazkiyeh/008/008_مراتب توبه _ بحث تزکیه.txt
============================================================
