Provider: ElevenLabs Scribe (scribe_v2)
Progress file (updated after each chunk): Audios/AyatollahShojaee/AsrarFatemi/004/004_اسرار فاطمی (س ) بخش 4.partial.txt
  preparing audio (004_اسرار فاطمی (س ) بخش 4.mp3)...
  28:14 → 1 request(s)
  progress file: Audios/AyatollahShojaee/AsrarFatemi/004/004_اسرار فاطمی (س ) بخش 4.partial.txt
  [1/1] 0:00–28:14 (9926 KB)...
      → 15247 chars: [موسیقی] از امام صادق علیه‌السلام پرسیدند چرا فاطمه سلام‌الله علیها را زهرا می‌گویند؟ فرمود برای آنکه هر وقت در محراب عبادت می‌ایستاد، نور او بر اهل آسمان‌ها می‌تابید، همچنان که نو…

============================================================
TRANSCRIPTION (preview)
============================================================
[موسیقی] از امام صادق علیه‌السلام پرسیدند چرا فاطمه سلام‌الله علیها را زهرا می‌گویند؟ فرمود برای آنکه هر وقت در محراب عبادت می‌ایستاد، نور او بر اهل آسمان‌ها می‌تابید، همچنان که نور ستارگان بر اهل زمین می‌تابد. السلام علیک ایهته الصدیقه الشهیده. اسرار فاطمی. فاطمه جان، فاطمه جان، فاطمه جان، فاطمه جان، فاطمه جان، فاطمه جان، فاطمه جان. بسم الله الرحمن الرحیم. با عرض سلام خدمت شما همراهان قرآنی، با برنامه اسرار فاطمی که اختصاص دارد به مباحث حضرت آیت‌الله استاد محمد شجاعی در خصوص کرامات حضرت زهرا سلام‌الله علیها در خدمت شماییم. در برنامه‌های قبل شنیدید که استاد در خصوص نحوه ولادت و شهادت ایشان و همچنین اسراری که در برخی از اسامی ایشان وجود دارد مباحث ارزشمندی را بیان فرمودند. استاد به نکاتی درباره نحوه ازدواج و وفات ایشان اشاره کردند که شما عزیزان آن‌ها را شنیدید. اما در این برنامه با توجه به یکی از زیارت‌های مخصوص حضرت زهرا سلام‌الله علیها به شرح و تفسیر فرازهایی از این زیارت می‌پردازند که از شما عزیزان دعوت می‌کنیم مشروح این بیانات را از زبان حضرت آیت‌الله استاد محمد شجاعی بشنوید. اعوذ بالله السميع العليم من الشيطان الرجيم. بسم الله الرحمن الرحيم. السلام علیک ایته الطهره النحیه. السلام علیک ایته المحدثه العليمه. السلام علیک ایته المظلومه المقصوبه. السلام علیک ایته المستهده المغبوره. السلام علیک یا فاطمه يا بنت رسول الله ورحمة الله وبركاته. صلى الله على روحك وبدنك. مشتهایی را من می‌خواستم در خصوص حضرت زهرا سلام‌الله علیها برای شما عرض کنم. سعی می‌کنیم که به اجمال باشد ان‌شاءالله. همین سلامی که چند جمله من الان خوندم، گفتم، سلامی که عرض کردم چند جمله‌ای از زیارت مخصوص حضرت زهرا سلام‌الله علیهاست. چند جمله‌ای. السلام علیک ایته الحورا الانسیه. اون عارف بزرگ محی الدین هم [مکث] صلواتی که دارد بر حضرت زهرا صلوات الله علیها، محی الدین ابن عربی، یک جمله‌اش این است که اللهم صل على الجوهرة القدسية في تعین الانسية. محی الدین گفت: جمله اول از زیارت بود، زیارت که در مفاتیح هم هست. السلام علیک ایته الحورا الانسیه. محی الدین هم در اون صلواتی که بر فاطمه زهرا دارد، جمله‌های الان یادم هست اینطوره که محی الدین گفته: اللهم صل على فاطمه و أبيها و بعلها و بنیها بعدد ما أحاط به علمک. بعد می
… (truncated; see saved file for full transcript)

============================================================
SUMMARY
============================================================
Input file      : 004_اسرار فاطمی (س ) بخش 4.mp3
Provider        : ElevenLabs Scribe (scribe_v2)
Audio duration  : 28:14 (1694.02 s)
Requests        : 1
Billed duration : 1695 s (rounded up to nearest second)
Rate            : $0.22 / audio hour
Estimated cost  : $0.103523 USD
Transcript saved: Audios/AyatollahShojaee/AsrarFatemi/004/004_اسرار فاطمی (س ) بخش 4.txt
============================================================
