Provider: ElevenLabs Scribe (scribe_v2)
Progress file (updated after each chunk): Audios/AyatollahShojaee/Tazkiyeh/082/082_کبر و لطمات آن _ بحث تزکیه.partial.txt
  preparing audio (082_کبر و لطمات آن _ بحث تزکیه.mp3)...
  33:23 → 1 request(s)
  progress file: Audios/AyatollahShojaee/Tazkiyeh/082/082_کبر و لطمات آن _ بحث تزکیه.partial.txt
  [1/1] 0:00–33:23 (11739 KB)...
      → 20760 chars: اعوذ بالله السميع العليم من الشيطان الرجيم. بسم الله الرحمن الرحيم. کبر و تکبر در برابر بندگان خدا برای خود مزیت قائل شدن بر دیگران. این هم صورت سوم از کبر و تکبر هست. این برای شما…

============================================================
TRANSCRIPTION (preview)
============================================================
اعوذ بالله السميع العليم من الشيطان الرجيم. بسم الله الرحمن الرحيم. کبر و تکبر در برابر بندگان خدا برای خود مزیت قائل شدن بر دیگران. این هم صورت سوم از کبر و تکبر هست. این برای شماها زیاد آن چنان که باید خیلی به صورت شنیعه. به قول معروف به قول اصطلاح علما اخلاق خیلی شنیع مبتلا به نیست اما بی‌ابتلا هم نمی‌توانید شماها باشید. مثلا ماها از شماها بیشتر گرفتار به این موضوع هستیم. ما مؤمن‌ها. خدا هم به ما زیاد رحم می‌کند. ما-- من معتقدم که اگر بنا باشد رحم خدا را تقسیم بکنند که به حساب نیاز باید قسمت مهمش را به مؤمن‌ها بدهند چون اینا نیازشان بیشتر است. برای ما بیشتر این گرفتاری هست. حالا شما به این نظر شکر کنید که مؤمن نشده‌اید. توجه بکنید. حالا به خیلی نظرها از جمله به این نظر توجه بکنید. برای مؤمن‌ها بیشتر، برای صاحبان مناصب از آنها بیشتر توجه بکنید. برای بالاخره اصناف دیگر، ولی برای شماها هم بی‌ بدون اینکه، بدون ابتلا نیستید به این مسئله هر کدام به نحوی. خانم‌ها و خواهرها طوری، دوستان هم طوری. خب این چگونه مهلک است؟ حالا اصلش رو متوجه شدین. چگونه مهلک است در طریق سلوک؟ اصولاً مزیت بر خود نسبت بر دیگران قائل شدن به هر نحوی باشد، ببینید مهلک است. خوب در گوشتون باشد این حرفا. خب حالا شما میگید که مرحوم نراقی میگه حالا من از باب سال بنده که الان اینجا نشستم میشناسید. حالا مرحوم نراقی می‌گوید که من یعنی الان که من اینجا نشستم با شما صحبت بکنم، یعنی من دیگه به حساب اینکه یه سوادی در مثلا اصول، در خبر، در زبان عربی، در فلسفه، در عرفان تا حدودی چیزهایی البته حالا زیاد نمیگیم سواد داریم که یکی از اون طرف از این مؤمن‌ها بلند بشه بگه تو سواد نداری. اقلاً عربی که میدانم من به از روی زبان عربی که میدانم. عرض کنم که مثلاً من میگم که یک خورده سواد دارم. سواد دارم خب اون کسی که من در خیابان میبینم که اصلاً حتی یه الفبا را نمیتواند بخواند، مرحوم نراقی می‌گوید که یعنی من دیگه نگم که من این سواد را دارم، او ندارد. من این مزیت را بر او ندارم. اینجا قابل انکار نیست که. پس این چیه؟ میگه بالاخره اگر مزیت به هر نحوی برای خود بر دیگری قائل شدی، به هلاکت افتادی. اونم هلاکتی که اوس-- اصل همه هلاکت‌ها است. که گفتم اصل همه مهلکات است. و حالا خواهم گفت به شما از اشارات آیات و روایات که چه مصیبت‌ها 
… (truncated; see saved file for full transcript)

============================================================
SUMMARY
============================================================
Input file      : 082_کبر و لطمات آن _ بحث تزکیه.mp3
Provider        : ElevenLabs Scribe (scribe_v2)
Audio duration  : 33:23 (2003.33 s)
Requests        : 1
Billed duration : 2004 s (rounded up to nearest second)
Rate            : $0.22 / audio hour
Estimated cost  : $0.122426 USD
Transcript saved: Audios/AyatollahShojaee/Tazkiyeh/082/082_کبر و لطمات آن _ بحث تزکیه.txt
============================================================
