Provider: ElevenLabs Scribe (scribe_v2)
Progress file (updated after each chunk): Audios/AyatollahShojaee/Tazkiyeh/069/069_طول امل3 _ بحث تزکیه.partial.txt
  preparing audio (069_طول امل3 _ بحث تزکیه.mp3)...
  24:59 → 1 request(s)
  progress file: Audios/AyatollahShojaee/Tazkiyeh/069/069_طول امل3 _ بحث تزکیه.partial.txt
  [1/1] 0:00–24:59 (8782 KB)...
      → 15199 chars: اعوذ بالله السميع العليم من الشيطان الرجيم. بسم الله الرحمن الرحيم. ما در سلوک صحبت می‌کنیم دیگه در باب سلوک و تزکیه صحبت می‌کنیم. حالا که نتیجه گرفتیم سالک باید طول عمل نداشته باش…

============================================================
TRANSCRIPTION (preview)
============================================================
اعوذ بالله السميع العليم من الشيطان الرجيم. بسم الله الرحمن الرحيم. ما در سلوک صحبت می‌کنیم دیگه در باب سلوک و تزکیه صحبت می‌کنیم. حالا که نتیجه گرفتیم سالک باید طول عمل نداشته باشد، سالک باید متذکر موت باشد، لحظه به لحظه خودش را در حال رفتن ببیند و خودش را آماده رفتن بکند. این، این طور که باید باشد اصولاً گفتیم دیگه سا-- و حیا بکند از اینکه اینطور نباشد اگر سالک صادق است. علاوه بر این یه نکته ذوقی هست و اون اینکه سالک اگر سالک است باید خودش را اینجا فرض بکند یا اونجا فرض بکند؟ اصلاً فرضش باید در کجا باشد؟ فرضش در اونجا باشد. اینجا به بیانی از رسول الله من اشاره می‌کنم. یه وقتی به رسول الله در نزد رسول اکرم صلوات الله علیه صحبت از کسی شد، تعریفش کردند. این که عرض می‌کنم نکته ذوقی است ها، یعنی ارباب ذوق اصلاً نمی‌خوان اینجا باشند. اگرم حالا له-- مثلاً حالا همینجا هستند مشیت حق اینجا نگهشون داشته، خودشون را اونجا فرض می‌کنند. اصلاً نفرت دارند از اینکه اینجا باشند. هر وا-- برای اینکه اونجایی است، اهل محبت است باید اونجا فرض بکند خودش را. یه وقتی شخصی را در نزد رسول الله صلوات الله علیه زیاد تعریف کردند. اسم شخصی آمد، تعریف از ایمان و خوبی‌اش کردند، ثنا بیشتر گفتند. بعد رسول الله برگشت سؤال کرد از اون ثناگوها و از اون تعریف‌کننده‌ها سؤال کرد گفت که خب حالا فرمود که كيف ذكر صاحبكم للموت؟ اینکه زیاد تعریفش کردید این چقدر به یاد مرگ است؟ چقدر به یاد مرگ است؟ یعنی چه؟ همون یاد مرگ به اون معنا که عرض کردم آماده مرگ، یاد مرگ، چقدر؟ گفتند که كنا نسمعه ما كنا نسمعه يذكر الموت البته اینو از، ازش هیچ ندیدیم صحبت از مرگ و رفتن بکند. گفت که بنابراین این اونجا نیست. فرع این شخص اونجا نیست. عین بیانش هست ها. فإن صاحبكم ليس هنالك. پس بنابراین این دوست شما اونجا نیست. یعنی اگر مؤمن، مؤمن باشد باید کجا باشد؟ باید اونجا باشد. عین بیانش، اصلاً بیان، بیانی‌ست که مجتهد هست ها. گفت پس این دوست شما ليس هنال-- هناك، اونجا نیست. چطور من و شما میگیم که فلانی در باغ نیست؟ فرع رو می‌کنید؟ این اصلاً اونجا نیست، اصلاً اهل ایمان نیست. ایما-- اهل ایمان باید اونجا باشد. اینجا چیکار می‌کند؟ بنابراین سالک اصولاً اگر بخواهیم کلمه را خوب معنی بکنیم، سالک باید همیشه اونجا باشد. اگرم به ظاهر اینجاست، لحظه به
… (truncated; see saved file for full transcript)

============================================================
SUMMARY
============================================================
Input file      : 069_طول امل3 _ بحث تزکیه.mp3
Provider        : ElevenLabs Scribe (scribe_v2)
Audio duration  : 24:59 (1498.72 s)
Requests        : 1
Billed duration : 1499 s (rounded up to nearest second)
Rate            : $0.22 / audio hour
Estimated cost  : $0.091588 USD
Transcript saved: Audios/AyatollahShojaee/Tazkiyeh/069/069_طول امل3 _ بحث تزکیه.txt
============================================================
