Provider: ElevenLabs Scribe (scribe_v2)
Progress file (updated after each chunk): /Users/mohammadreza/IslamASR/Audios/AyatollahShojaee/Mabohas_Mozui/005/005_5- نقطه ارتباط ما باعالم وجود دل است حول مطلع و جهنم و اثرات نيت بد.partial.txt
  preparing audio (005_5- نقطه ارتباط ما باعالم وجود دل است حول مطلع و جهنم و اثرات نيت بد.mp3)...
  22:01 → 1 request(s)
  progress file: /Users/mohammadreza/IslamASR/Audios/AyatollahShojaee/Mabohas_Mozui/005/005_5- نقطه ارتباط ما باعالم وجود دل است حول مطلع و جهنم و اثرات نيت بد.partial.txt
  [1/1] 0:00–22:01 (7740 KB)...
      → 13371 chars: اعوذ بالله السميع العليم من الشيطان الرجيم. بسم الله الرحمن الرحيم. الله لا ينبذ النب الحتمه اینها به حتمه انراف داده می‌شوند. بعد می‌فرماید ما ادراک ما الحتمه. تو چه می‌دانی حتمه …

============================================================
TRANSCRIPTION (preview)
============================================================
اعوذ بالله السميع العليم من الشيطان الرجيم. بسم الله الرحمن الرحيم. الله لا ينبذ النب الحتمه اینها به حتمه انراف داده می‌شوند. بعد می‌فرماید ما ادراک ما الحتمه. تو چه می‌دانی حتمه چیست؟ حتمه چیست؟ نار الله الموقده آتش خداست. شعله‌ور می‌شود. الذي فتل علی الاعقه بر دل‌ها می‌زند. از دل‌ها سر می‌زند. بر دل‌ها می‌زند. این آیه را می‌خواستم بگم. نکته‌ای در این باب هست. می‌فرماید آتش خدا فتل علی الاعقه بر دل‌ها می‌زند. از دل‌ها بر دل‌ها. متأسفانه مانند همه آیات قرآن یا نکات که در قرآن هست در این آیه که هست نار الله الموقده الذي فتل علی الاعقه هم ما و امثال ما هیچ دقتی نکرده‌ایم که چه می‌خواهد بفرماید. دقت نکردن در آیات، تأمل نکردن در آیات، سرسری گرفتن موضوعات و عقائد قرآنی یکی از زیر تاریخ‌های ماست. ما و شما. خب آیه میگه که نار الله حتمه آتش خداست. آتش خدا از دل‌ها و بر دل‌ها می‌زند. این بسیار هشدار بالایی داره. میشه. حالا در گفتم در تفسیر و بیان به اصطلاح تفسیر آیات و شرح آیات در جای خودش شاید سابقاً هم جمله‌هایی گفتم و بالاخره در جای خودش گفته میشه. ولی این اندازه باید به این ما توجه داشته باشیم که اون آتشی که تهدید می‌کند و در پیش است، این آتش یکی از خصوصیاتش این است که بر دل می‌زند و از دل می‌زند و بر دل می‌زند. فتل علی الاعقه. این جهتش این است که دل انسان، دل هر کسی اصل نقطه ارتباط او با ذات مقدس حق است. این نکته‌ها خود به تفاوت میدم تذکری که می‌خوام بگم با همین مقدمه. جهتش این است که حال می‌کنم که این نقطه ارتباط، حالا این بیان نیز با این الفاظ بیان می‌کنیم حقیقت بسیار بالاتر از این است و حقیقت را در جای که انسان می‌یابد یا قبل از مرگ با مجاهدت یا بعد از مرگ به مقتضای سنن و نوافل بعدی، اون وقت می‌فهمد انسان چی می‌خواسته بگه آیه. ولی بالاخره باید تا حدی که می‌توانیم تأمل بکنیم. می‌فرماید نار خدا، آتش خدا بر دل می‌زند از دل و بر دل. از اونجا نشأت می‌گیرد، از اونجا سرچشمه می‌گیرد. نقطه ارتباط انسان با خدای متعال، نقطه ارتباطش همان دلش است. و به یک بیان دیگر اگر ما بخواهیم بگیم که ما جهت ارتباطمون از کجاست با خدای متعال، با مبدأ وجود؟ نقطه ارتباط کجاست؟ دل‌هاست. با دل، از دل. و لذا در اون مسائل عبودیت و سلوک و تزکیه نفس اینها لابد به گوش شما خورده است. آنهایی که صادقانه ق
… (truncated; see saved file for full transcript)

============================================================
SUMMARY
============================================================
Input file      : 005_5- نقطه ارتباط ما باعالم وجود دل است حول مطلع و جهنم و اثرات نيت بد.mp3
Provider        : ElevenLabs Scribe (scribe_v2)
Audio duration  : 22:01 (1320.84 s)
Requests        : 1
Billed duration : 1321 s (rounded up to nearest second)
Rate            : $0.22 / audio hour
Estimated cost  : $0.080718 USD
Transcript saved: /Users/mohammadreza/IslamASR/Audios/AyatollahShojaee/Mabohas_Mozui/005/005_5- نقطه ارتباط ما باعالم وجود دل است حول مطلع و جهنم و اثرات نيت بد.txt
============================================================
