Provider: ElevenLabs Scribe (scribe_v2)
Progress file (updated after each chunk): /Users/mohammadreza/IslamASR/Audios/AyatollahShojaee/Asma_hosna/017/017_اسماء حُسنی 17.partial.txt
  preparing audio (017_اسماء حُسنی 17.mp3)...
  29:51 → 1 request(s)
  progress file: /Users/mohammadreza/IslamASR/Audios/AyatollahShojaee/Asma_hosna/017/017_اسماء حُسنی 17.partial.txt
  [1/1] 0:00–29:51 (10493 KB)...
      → 20308 chars: [صدای زمزمه قرآن] الله. و ما شاء الله الخالق. الله الخالق الصادق البارئ المصور له الأسماء الحسنى. أسماء الحسنى. الكریم الرؤوف المجيب العطی الحکیم الرؤوف المهیب الباعث الشهید. مباحث…

============================================================
TRANSCRIPTION (preview)
============================================================
[صدای زمزمه قرآن] الله. و ما شاء الله الخالق. الله الخالق الصادق البارئ المصور له الأسماء الحسنى. أسماء الحسنى. الكریم الرؤوف المجيب العطی الحکیم الرؤوف المهیب الباعث الشهید. مباحث عرفانی آیت الله محمد شجاعی در باب اسماء الهی. لله الأسماء الحسنی. هر اسمی که حکایت از کمال بکنه از خداست. الواجد الماجد الواحد الصمد القادر المقتدر المقدم المؤخر الأول الآخر. أسماء الحسنى. المقصط الجامع الغنی المبنی المعی الطاح النافع النور الهادی البدیع الباقی الوارث الرشید الصبور اللطیف ليس كمثله شيء وهو السميع البصير. بسم الله الرحمن الرحیم. به نام حضرت عظیم که له الأسماء الحسنی. عرفان دوستان و سالکان طریق یار سلام و درود بر شما. برنامه اسماء الحسنی را می‌شنوید. در این برنامه مباحث عرفانی عارف وارسته آیت الله محمد شجاعی تقدیم شما می‌شود. در باب اسماء و صفات الهی. توجه داشته باشید نکته‌رم یادم رفت بگم. اینی که اینجا بحث میشه در خصوص اسماء اون اندازه که صحبت می‌کنیم این مسئله به اونجا ختم نمی‌شود. می‌شود خیلی بالاتر و عمیق‌تر و مخصوص‌تر از اون هم بحث کرد و نکات عمیق‌تری از این اسماء می‌شود فهمید و البته به این هم فهمیده. مخصوصاً در اسم غفور که دو جلسه صحبت شد، نکات عمیق زیادتری هم هست که ما آن دو را گذشتیم. از این شاخه‌های دیگر اسم کریم، اسم تواب و قابل توبه است. از این شاخه‌های دیگر کریم، اسم کریم. تواب که در قرآن زیاد ذکر شده و این قابل توبه فقط در یک جای قرآن هست. پس یعنی اسم قابل توبه در صورت دیگر اسم تواب. ولی خود اسم تواب مکرر در قرآن آمده که از این شاخه‌های اسم کریم. حالا توجه دارید که اسم کریم خودش از شاخه‌ها و این شاخه‌های اسم رحیم بود. فراموش نکنید که ترتیب بحث به چه صورتی پیش میاد. در اسم رحیم بحث می‌کنیم از این شاخه‌های رحیم، کریم بود و بعد در این شاخه‌های کریم صحبت می‌شود که چند تاش گفته شد و یکی دیگر از این شاخه‌های کریم، اسم کریم از شاخه‌های اسم کریم، اسم تواب. کریم یعنی همان ذات مقدس حق از اون نظر که در افاضه، خوب تأمل کنید که معنی تواب اولش وقتی اجماع روشن بشه بعد به شرحش می‌پردازیم. رحیم از اون نظر در افاضه رحمت خاصه خود در سیر وجود، موجود، انسان به سوی خود یعنی سوی خدا هیچ عوضی و جزایی را انتظار ندارد. توقع جزایی ندارد. کریم بود. ذات مقدس حق با اسم رحیمش افاضه رحمت خاص
… (truncated; see saved file for full transcript)

============================================================
SUMMARY
============================================================
Input file      : 017_اسماء حُسنی 17.mp3
Provider        : ElevenLabs Scribe (scribe_v2)
Audio duration  : 29:51 (1790.75 s)
Requests        : 1
Billed duration : 1791 s (rounded up to nearest second)
Rate            : $0.22 / audio hour
Estimated cost  : $0.109435 USD
Transcript saved: /Users/mohammadreza/IslamASR/Audios/AyatollahShojaee/Asma_hosna/017/017_اسماء حُسنی 17.txt
============================================================
