Provider: ElevenLabs Scribe (scribe_v2)
Progress file (updated after each chunk): /Users/mohammadreza/IslamASR/Audios/AyatollahShojaee/Mabahese_Tohidi/004/004_مباحث توحیدی-4.partial.txt
  preparing audio (004_مباحث توحیدی-4.mp3)...
  24:43 → 1 request(s)
  progress file: /Users/mohammadreza/IslamASR/Audios/AyatollahShojaee/Mabahese_Tohidi/004/004_مباحث توحیدی-4.partial.txt
  [1/1] 0:00–24:43 (8691 KB)...
      → 14286 chars: بسم الله الرحمن الرحيم. قل هو الله أحد. به نام خداوند بخشایشگر مهربان. بگو خدا یکی است. توحیدنامه. با بیانات حضرت آیت الله محمد شجاعی. مقصود از بحث توحید عبارت است از معرفت خدای مت…

============================================================
TRANSCRIPTION (preview)
============================================================
بسم الله الرحمن الرحيم. قل هو الله أحد. به نام خداوند بخشایشگر مهربان. بگو خدا یکی است. توحیدنامه. با بیانات حضرت آیت الله محمد شجاعی. مقصود از بحث توحید عبارت است از معرفت خدای متعال، صفات خدای متعال و افعال خدای متعال. دیگر بیان دیگر به اصطلاح معرفت وحدانیت ذات مقدس حق و اینکه جز ذات او ذاتی نیست و جز صفات او صفاتی نیست و جز افعال او افعالی نیست. بسم الله الرحمن الرحيم. خدایا! درون پرتلاطم و روح بیقرار مرا تسلّط ده که این بیقراری و ناآرامی را تنها تو چاره‌ای. ای مهربان من! از آن دم که از تو جدا شدم و چند نفسی در دنیای آزمون و محک پا نهادم، لحظه‌ای آرام نگرفتم. دل و روح من از خاک نیست که با خاک و خاکیان آرام گیرد. جوانه ایست از جنس نور، رویده از خاک که به عدد نور خورشید وجودت جوانه زده و هم به عدد نور تو می‌روید. لحظه‌ای از نور یادت محرومم من ما که می‌خشکم و دمی دلم را از ظلال یادت طی مدار که سختی‌های دنیا مرا می‌سوزاند. دوستان قرآنی سلام. برنامه توحیدنامه با موضوع توحید خداوند متعال را از شبکه رادیویی قرآن می‌شنوید و بهره‌مند می‌شوید از بیانات عالمانه حضرت آیت الله شجاعی. با ما همراه باشید. [آواز همنوا با موسیقی] حضرت آیت الله شجاعی در برنامه گذشته درباره توحید خدای تعالی فرمودند انسان با اخلاص به اصل و حقیقت توحید می‌رسد و با رسیدن به حقیقت توحید، خدا را کامل تصدیق می‌کند و اینجاست که خدا را خوب شناخته است. چنانکه حضرت علی علیه السلام در خطبه اول نهج البلاغه می‌فرماید اول دین معرفت خداست. اگر کسی بخواهد توحیدش و معرفتش به خداوند متعال کامل باشد و به وحدانیت حق تعالی برسد، باید خود را برای خدا خالص گرداند. آن وقت انسان مخلص می‌شود و وقتی به مقام اخلاص رسید می‌تواند به کمال توحید ناگل شود. اخلاص برای خدا یعنی انسان همه ناخالصی‌های خود را برطرف کند و به کمال انقطاع برسد. خب دوستان اکنون توجه شما را جلب می‌کنیم به ادامه بیانات عالم فرزانه حضرت آیت الله شجاعی. با ما همراه باشید. این معنی توحید را که من طولانی توضیح دادم که جز ذات حق جز اسما و صفاته و جروات اسما چیزی نیست. آنچه ما به عنوان ذوات مستقله و موجودات به جای خود ثابت و مستقم و ذات‌ها می‌بینیم، همه خیال است، زعم است، از دید ناقص ما نشأت می‌گیرد. اگر ما دید بالا داشته باشیم، این‌ها را مرآه وجه حق خواهیم دید. مر
… (truncated; see saved file for full transcript)

============================================================
SUMMARY
============================================================
Input file      : 004_مباحث توحیدی-4.mp3
Provider        : ElevenLabs Scribe (scribe_v2)
Audio duration  : 24:43 (1483.24 s)
Requests        : 1
Billed duration : 1484 s (rounded up to nearest second)
Rate            : $0.22 / audio hour
Estimated cost  : $0.090642 USD
Transcript saved: /Users/mohammadreza/IslamASR/Audios/AyatollahShojaee/Mabahese_Tohidi/004/004_مباحث توحیدی-4.txt
============================================================
