Provider: ElevenLabs Scribe (scribe_v2)
Progress file (updated after each chunk): Audios/AyatollahShojaee/Tazkiyeh/101/101_شرک در ذات 2 _ بحث تزکیه.partial.txt
  preparing audio (101_شرک در ذات 2 _ بحث تزکیه.mp3)...
  29:44 → 1 request(s)
  progress file: Audios/AyatollahShojaee/Tazkiyeh/101/101_شرک در ذات 2 _ بحث تزکیه.partial.txt
  [1/1] 0:00–29:44 (10455 KB)...
      → 18271 chars: اعوذ بالله السميع العليم من الشيطان الرجيم. بسم الله الرحمن الرحيم. بر می‌گردیم به همان مسئله، به اون اینکه عقیده که به واقعیت بخواد باشد برای مؤمن، برای صالح این است که ذات مقدس ح…

============================================================
TRANSCRIPTION (preview)
============================================================
اعوذ بالله السميع العليم من الشيطان الرجيم. بسم الله الرحمن الرحيم. بر می‌گردیم به همان مسئله، به اون اینکه عقیده که به واقعیت بخواد باشد برای مؤمن، برای صالح این است که ذات مقدس حق که ذات عینی ازش تعبیر می‌شود در تعبیرات عرفا و اهل تحقیق، اون ذات اصل ذات حق در اصل ذاتش صفت جدا از هم، مشخص جدا از هم و جدا از ذات نیست. همه صفات اونجا هست، اما همه صفات به نحوی که عین ذات هست و به عین چی؟ هم دیگر است. این عقیده باید باشد. اگر خلاف این را در ذات معتقد شدیم، این می‌شود شرک و از اون محجوب است. خیلی محظورات حالا به دنبال خودش می‌آورد. دیده‌اید اون محظورات را که چگونه به کجاها می‌برد؟ اگر کسی بخواهد ذات خدا را، ذاتش را چیزی، صفاتش را چیز دیگری بداند در مقام ذات، صفاتش را غیر ذات و غیر هم دیگر بداند، مبتلای به شرکی در ذات می‌شود و ذات مقدس حق را مرکب می‌داند و به کثرت معتقد می‌شود الی آخر. چه چیزها پیش می‌آید. فقط این را از بیانات علی سلام الله علیه من اینجا می‌خوانم اما اون تهش که چه چیزها پیش می‌آید و به کجاها منجر می‌شود دیگه از حوصله بحث ما خارج است. پس با این بیانی که عرض کردم برای ما روشن شد که شرک در ذات به چه صورت است و این محجوب است. در اینجا در آن بیان علی سلام الله علیه را هم به یاد می‌آوریم که می‌فرماید در نهج البلاغه که معروف است اول الدين قسمتی از خطبه اول نهج البلاغه است یادتان باشد اول الدين معرفته و علی سلام الله علیه فرمود که اول دین این است که انسان خدا را خوب بشناسد و کمال معرفته از تصدیق و به کمال معرفت این است که انسان خوب بیابد خدا را و کمال و تصدیق به توحید و کمال تصدیق این است که انسان خوب مؤید باشد و کمال توحید، کمال الإخلاص له. کمال توحیدش هم این است که انسان مخلص باشد. بعد می‌فرماید و کمال الإخلاص له در مقام توحید این جمله را می‌خوانم بگم. نفی الصفا عنه. این است که این در اول خطبه نهج البلاغه است بعداً می‌روید خودتان مراجعه بکنید. با این توجیهی که گفتم معنی این جمله امروز برای شما خوب می‌تواند روشن باشد. اخلاص در توحید، کمال در توحید این است که نفی الصفا چی؟ عنه. صفا را از او، از ذات او نفی بکنیم. خب معلوم است مسئله. علی سلام الله علیه نمی‌خواهد بگوید که خدا سمعی نیست، خدا علیم نیست، خدا... این که نمی‌خواهد اینطور بگوید. می‌خواهد بگوید که خدا این 
… (truncated; see saved file for full transcript)

============================================================
SUMMARY
============================================================
Input file      : 101_شرک در ذات 2 _ بحث تزکیه.mp3
Provider        : ElevenLabs Scribe (scribe_v2)
Audio duration  : 29:44 (1784.27 s)
Requests        : 1
Billed duration : 1785 s (rounded up to nearest second)
Rate            : $0.22 / audio hour
Estimated cost  : $0.109039 USD
Transcript saved: Audios/AyatollahShojaee/Tazkiyeh/101/101_شرک در ذات 2 _ بحث تزکیه.txt
============================================================
