[02:21:32] Opening 3 tab(s) for 42 lecture(s).
[02:21:34] [tab1] 021: 63,901 chars in 13 chunk(s); 0 cached, sending 13.
[02:21:37] [tab2] 022: 57,779 chars in 11 chunk(s); 0 cached, sending 11.
[02:21:37] [tab3] 023: 56,382 chars in 11 chunk(s); 0 cached, sending 11.
[02:21:40] [tab1] Could not read the model label; check the window if the mode matters.
[02:21:40] [tab1]   chunk 1/13 → sending 5,857 chars
[02:21:40] [tab3] Could not read the model label; check the window if the mode matters.
[02:21:40] [tab3]   chunk 1/11 → sending 4,550 chars
[02:21:41] [tab2] Could not read the model label; check the window if the mode matters.
[02:21:41] [tab2]   chunk 1/11 → sending 4,571 chars
[02:22:14] [tab3]   chunk 1/11 ← got 4,452 chars
[02:22:19] [tab3]   chunk 2/11 → sending 4,442 chars
[02:22:23] [tab2]   chunk 1/11 ← got 4,528 chars
[02:22:23] [tab1]   chunk 1/13 ← got 5,680 chars
[02:22:28] [tab2]   chunk 2/11 → sending 5,774 chars
[02:22:28] [tab1]   chunk 2/13 → sending 5,432 chars
[02:22:51] [tab3]   chunk 2/11 ← got 4,228 chars
[02:22:56] [tab3]   chunk 3/11 → sending 4,653 chars
[02:23:01] [tab1]   chunk 2/13 ← got 5,326 chars
[02:23:06] [tab1]   chunk 3/13 → sending 5,239 chars
[02:23:07] [tab2]   chunk 2/11 ← got 5,738 chars
[02:23:12] [tab2]   chunk 3/11 → sending 5,200 chars
[02:23:28] [tab3]   chunk 3/11 ← got 4,495 chars
[02:23:33] [tab3]   chunk 4/11 → sending 5,283 chars
[02:23:42] [tab1]   chunk 3/13 ← got 5,105 chars
[02:23:46] [tab2]   chunk 3/11 ← got 5,083 chars
[02:23:47] [tab1]   chunk 4/13 → sending 5,534 chars
[02:23:51] [tab2]   chunk 4/11 → sending 5,184 chars
[02:24:04] [tab3]   chunk 4/11 ← got 5,330 chars
[02:24:09] [tab3]   chunk 5/11 → sending 4,739 chars
[02:24:24] [tab1]   chunk 4/13 ← got 5,215 chars
[02:24:25] [tab2]   chunk 4/11 ← got 5,217 chars
[02:24:29] [tab1]   chunk 5/13 → sending 4,051 chars
[02:24:30] [tab2]   chunk 5/11 → sending 5,975 chars
[02:24:37] [tab3]   chunk 5/11 ← got 4,573 chars
[02:24:42] [tab3]   chunk 6/11 → sending 5,299 chars
[02:24:55] [tab1]   chunk 5/13 ← got 4,023 chars
[02:25:00] [tab1]   chunk 6/13 → sending 5,297 chars
[02:25:08] [tab2]   chunk 5/11 ← got 5,633 chars
[02:25:13] [tab2]   chunk 6/11 → sending 5,117 chars
[02:25:15] [tab3]   chunk 6/11 ← got 5,156 chars
[02:25:20] [tab3]   chunk 7/11 → sending 5,538 chars
[02:25:41] [tab1]   chunk 6/13 ← got 5,355 chars
[02:25:46] [tab1]   chunk 7/13 → sending 3,945 chars
[02:25:48] [tab2]   chunk 6/11 ← got 5,269 chars
[02:25:52] [tab3]   chunk 7/11 ← got 5,600 chars
[02:25:53] [tab2]   chunk 7/11 → sending 5,737 chars
[02:25:57] [tab3]   chunk 8/11 → sending 4,878 chars
[02:26:13] [tab1]   chunk 7/13 ← got 3,754 chars
[02:26:18] [tab1]   chunk 8/13 → sending 4,797 chars
[02:26:28] [tab2]   chunk 7/11 ← got 5,892 chars
[02:26:31] [tab3]   chunk 8/11 ← got 4,923 chars
[02:26:33] [tab2]   chunk 8/11 → sending 5,538 chars
[02:26:36] [tab3]   chunk 9/11 → sending 5,717 chars
[02:26:48] [tab1]   chunk 8/13 ← got 4,840 chars
[02:26:53] [tab1]   chunk 9/13 → sending 5,711 chars
[02:27:08] [tab2]   chunk 8/11 ← got 5,422 chars
[02:27:09] [tab3]   chunk 9/11 ← got 5,637 chars
[02:27:13] [tab2]   chunk 9/11 → sending 5,924 chars
[02:27:14] [tab3]   chunk 10/11 → sending 5,579 chars
[02:27:24] [tab1]   chunk 9/13 ← got 5,473 chars
[02:27:29] [tab1]   chunk 10/13 → sending 4,445 chars
[02:27:48] [tab3]   chunk 10/11 ← got 5,420 chars
[02:27:49] [tab2]   chunk 9/11 ← got 5,590 chars
[02:27:53] [tab3]   chunk 11/11 → sending 5,716 chars
[02:27:54] [tab2]   chunk 10/11 → sending 5,167 chars
[02:27:59] [tab1]   chunk 10/13 ← got 4,243 chars
[02:28:04] [tab1]   chunk 11/13 → sending 4,358 chars
[02:28:27] [tab2]   chunk 10/11 ← got 5,067 chars
[02:28:29] [tab3]   chunk 11/11 ← got 5,797 chars
[02:28:29] [tab3]   wrote 023_انسان_کامل_جلسه_023.book.md (55,631 chars)
[02:28:29] [tab3] 024: 60,597 chars in 11 chunk(s); 0 cached, sending 11.
[02:28:31] [tab3] Could not read the model label; check the window if the mode matters.
[02:28:31] [tab3]   chunk 1/11 → sending 4,479 chars
[02:28:32] [tab2]   chunk 11/11 → sending 3,603 chars
[02:28:35] [tab1]   chunk 11/13 ← got 4,420 chars
[02:28:40] [tab1]   chunk 12/13 → sending 5,668 chars
[02:28:57] [tab2]   chunk 11/11 ← got 3,771 chars
[02:28:57] [tab2]   wrote 022_انسان_کامل_جلسه_022.book.md (57,230 chars)
[02:28:57] [tab2] 025: 67,303 chars in 14 chunk(s); 0 cached, sending 14.
[02:28:59] [tab2] Could not read the model label; check the window if the mode matters.
[02:28:59] [tab2]   chunk 1/14 → sending 5,073 chars
[02:29:01] [tab3]   chunk 1/11 ← got 3,932 chars
[02:29:06] [tab3]   chunk 2/11 → sending 5,226 chars
[02:29:15] [tab1]   chunk 12/13 ← got 5,615 chars
[02:29:21] [tab1]   chunk 13/13 → sending 3,575 chars
[02:29:35] [tab3]   chunk 2/11 ← got 4,899 chars
[02:29:39] [tab2]   chunk 1/14 ← got 5,053 chars
[02:29:40] [tab3]   chunk 3/11 → sending 4,892 chars
[02:29:44] [tab2]   chunk 2/14 → sending 5,563 chars
[02:29:48] [tab1]   chunk 13/13 ← got 3,553 chars
[02:29:48] [tab1]   wrote 021_انسان_کامل_جلسه_021.book.md (62,626 chars)
[02:29:48] [tab1] 027: 47,608 chars in 10 chunk(s); 0 cached, sending 10.
[02:29:52] [tab1] Could not read the model label; check the window if the mode matters.
[02:29:52] [tab1]   chunk 1/10 → sending 5,612 chars
[02:30:08] [tab3]   chunk 3/11 ← got 4,465 chars
[02:30:13] [tab3]   chunk 4/11 → sending 5,827 chars
[02:30:17] [tab2]   chunk 2/14 ← got 5,509 chars
[02:30:22] [tab2]   chunk 3/14 → sending 5,038 chars
[02:30:30] [tab1]   chunk 1/10 ← got 5,219 chars
[02:30:35] [tab1]   chunk 2/10 → sending 5,389 chars
[02:30:45] [tab3]   chunk 4/11 ← got 5,443 chars
[02:30:50] [tab3]   chunk 5/11 → sending 5,961 chars
[02:30:54] [tab2]   chunk 3/14 ← got 4,847 chars
[02:30:59] [tab2]   chunk 4/14 → sending 4,929 chars
[02:31:05] [tab1]   chunk 2/10 ← got 4,968 chars
[02:31:10] [tab1]   chunk 3/10 → sending 4,985 chars
[02:31:29] [tab3]   chunk 5/11 ← got 5,545 chars
[02:31:30] [tab2]   chunk 4/14 ← got 4,850 chars
[02:31:34] [tab3]   chunk 6/11 → sending 5,573 chars
[02:31:35] [tab2]   chunk 5/14 → sending 4,640 chars
[02:31:42] [tab1]   chunk 3/10 ← got 5,044 chars
[02:31:47] [tab1]   chunk 4/10 → sending 5,021 chars
[02:32:06] [tab2]   chunk 5/14 ← got 4,521 chars
[02:32:06] [tab3]   chunk 6/11 ← got 5,170 chars
[02:32:11] [tab2]   chunk 6/14 → sending 5,573 chars
[02:32:11] [tab3]   chunk 7/11 → sending 5,914 chars
[02:32:19] [tab1]   chunk 4/10 ← got 4,953 chars
[02:32:24] [tab1]   chunk 5/10 → sending 5,275 chars
[02:32:43] [tab2]   chunk 6/14 ← got 5,455 chars
[02:32:44] [tab3]   chunk 7/11 ← got 5,460 chars
[02:32:48] [tab2]   chunk 7/14 → sending 4,397 chars
[02:32:49] [tab3]   chunk 8/11 → sending 5,678 chars
[02:33:01] [tab1]   chunk 5/10 ← got 5,077 chars
[02:33:06] [tab1]   chunk 6/10 → sending 5,572 chars
[02:33:17] [tab2]   chunk 7/14 ← got 4,372 chars
[02:33:22] [tab2]   chunk 8/14 → sending 4,491 chars
[02:33:23] [tab3]   chunk 8/11 ← got 5,442 chars
[02:33:28] [tab3]   chunk 9/11 → sending 5,101 chars
[02:33:37] [tab1]   chunk 6/10 ← got 5,164 chars
[02:33:42] [tab1]   chunk 7/10 → sending 4,942 chars
[02:33:48] [tab2]   chunk 8/14 ← got 4,261 chars
[02:33:53] [tab2]   chunk 9/14 → sending 4,931 chars
[02:34:02] [tab3]   chunk 9/11 ← got 5,076 chars
[02:34:07] [tab3]   chunk 10/11 → sending 5,990 chars
[02:34:12] [tab1]   chunk 7/10 ← got 4,763 chars
[02:34:17] [tab1]   chunk 8/10 → sending 4,760 chars
[02:34:27] [tab2]   chunk 9/14 ← got 4,902 chars
[02:34:32] [tab2]   chunk 10/14 → sending 5,846 chars
[02:34:40] [tab3]   chunk 10/11 ← got 5,674 chars
[02:34:45] [tab3]   chunk 11/11 → sending 5,968 chars
[02:34:47] [tab1]   chunk 8/10 ← got 4,843 chars
[02:34:52] [tab1]   chunk 9/10 → sending 5,087 chars
[02:35:07] [tab2]   chunk 10/14 ← got 5,496 chars
[02:35:12] [tab2]   chunk 11/14 → sending 4,293 chars
[02:35:18] [tab3]   chunk 11/11 ← got 5,400 chars
[02:35:18] [tab3]   wrote 024_انسان_کامل_جلسه_024.book.md (56,526 chars)
[02:35:18] [tab3] 028: 60,066 chars in 12 chunk(s); 0 cached, sending 12.
[02:35:19] [tab3] Could not read the model label; check the window if the mode matters.
[02:35:19] [tab3]   chunk 1/12 → sending 5,579 chars
[02:35:25] [tab1]   chunk 9/10 ← got 4,955 chars
[02:35:30] [tab1]   chunk 10/10 → sending 974 chars
[02:35:39] [tab2]   chunk 11/14 ← got 3,985 chars
[02:35:44] [tab2]   chunk 12/14 → sending 5,856 chars
[02:35:46] [tab1]   chunk 10/10 ← got 996 chars
[02:35:46] [tab1]   wrote 027_انسان_کامل_جلسه_027.book.md (46,000 chars)
[02:35:46] [tab1] 029: 51,035 chars in 10 chunk(s); 0 cached, sending 10.
[02:35:48] [tab1] Could not read the model label; check the window if the mode matters.
[02:35:48] [tab1]   chunk 1/10 → sending 5,594 chars
[02:36:11] [tab3]   chunk 1/12 ← got 5,198 chars
[02:36:15] [tab2]   chunk 12/14 ← got 5,509 chars
[02:36:16] [tab3]   chunk 2/12 → sending 4,762 chars
[02:36:20] [tab2]   chunk 13/14 → sending 3,971 chars
[02:36:21] [tab1]   chunk 1/10 ← got 5,480 chars
[02:36:26] [tab1]   chunk 2/10 → sending 4,581 chars
[02:36:47] [tab3]   chunk 2/12 ← got 4,616 chars
[02:36:47] [tab2]   chunk 13/14 ← got 3,947 chars
[02:36:52] [tab3]   chunk 3/12 → sending 4,839 chars
[02:36:52] [tab2]   chunk 14/14 → sending 2,711 chars
[02:37:00] [tab1]   chunk 2/10 ← got 4,274 chars
[02:37:05] [tab1]   chunk 3/10 → sending 5,216 chars
[02:37:15] [tab2]   chunk 14/14 ← got 2,751 chars
[02:37:15] [tab2]   wrote 025_انسان_کامل_جلسه_025.book.md (65,484 chars)
[02:37:15] [tab2] 030: 56,167 chars in 11 chunk(s); 0 cached, sending 11.
[02:37:17] [tab2] Could not read the model label; check the window if the mode matters.
[02:37:17] [tab2]   chunk 1/11 → sending 5,758 chars
[02:37:20] [tab3]   chunk 3/12 ← got 4,657 chars
[02:37:25] [tab3]   chunk 4/12 → sending 5,867 chars
[02:37:42] [tab1]   chunk 3/10 ← got 5,206 chars
[02:37:47] [tab1]   chunk 4/10 → sending 5,491 chars
[02:37:51] [tab2]   chunk 1/11 ← got 5,483 chars
[02:37:56] [tab3]   chunk 4/12 ← got 5,763 chars
[02:37:56] [tab2]   chunk 2/11 → sending 5,703 chars
[02:38:01] [tab3]   chunk 5/12 → sending 5,261 chars
[02:38:17] [tab1]   chunk 4/10 ← got 5,090 chars
[02:38:22] [tab1]   chunk 5/10 → sending 5,209 chars
[02:38:30] [tab3]   chunk 5/12 ← got 5,180 chars
[02:38:31] [tab2]   chunk 2/11 ← got 5,454 chars
[02:38:35] [tab3]   chunk 6/12 → sending 5,263 chars
[02:38:36] [tab2]   chunk 3/11 → sending 5,336 chars
[02:38:57] [tab1]   chunk 5/10 ← got 5,118 chars
[02:39:02] [tab1]   chunk 6/10 → sending 5,182 chars
[02:39:04] [tab2]   chunk 3/11 ← got 5,053 chars
[02:39:08] [tab3]   chunk 6/12 ← got 4,736 chars
[02:39:09] [tab2]   chunk 4/11 → sending 5,070 chars
[02:39:13] [tab3]   chunk 7/12 → sending 4,761 chars
[02:39:33] [tab1]   chunk 6/10 ← got 5,189 chars
[02:39:38] [tab1]   chunk 7/10 → sending 5,012 chars
[02:39:46] [tab2]   chunk 4/11 ← got 5,118 chars
[02:39:48] [tab3]   chunk 7/12 ← got 4,599 chars
[02:39:51] [tab2]   chunk 5/11 → sending 5,144 chars
[02:39:53] [tab3]   chunk 8/12 → sending 5,052 chars
[02:40:08] [tab1]   chunk 7/10 ← got 4,750 chars
[02:40:13] [tab1]   chunk 8/10 → sending 5,339 chars
[02:40:21] [tab3]   chunk 8/12 ← got 4,911 chars
[02:40:24] [tab2]   chunk 5/11 ← got 4,950 chars
[02:40:26] [tab3]   chunk 9/12 → sending 5,380 chars
[02:40:29] [tab2]   chunk 6/11 → sending 5,513 chars
[02:40:42] [tab1]   chunk 8/10 ← got 5,438 chars
[02:40:47] [tab1]   chunk 9/10 → sending 5,523 chars
[02:40:58] [tab3]   chunk 9/12 ← got 5,123 chars
[02:40:58] [tab2]   chunk 6/11 ← got 5,284 chars
[02:41:03] [tab3]   chunk 10/12 → sending 3,912 chars
[02:41:03] [tab2]   chunk 7/11 → sending 5,117 chars
[02:41:18] [tab1]   chunk 9/10 ← got 5,707 chars
[02:41:23] [tab1]   chunk 10/10 → sending 3,899 chars
[02:41:27] [tab3]   chunk 10/12 ← got 3,808 chars
[02:41:32] [tab2]   chunk 7/11 ← got 4,764 chars
[02:41:32] [tab3]   chunk 11/12 → sending 5,756 chars
[02:41:37] [tab2]   chunk 8/11 → sending 5,941 chars
[02:41:46] [tab1]   chunk 10/10 ← got 3,723 chars
[02:41:46] [tab1]   wrote 029_انسان_کامل_جلسه_029.book.md (49,993 chars)
[02:41:46] [tab1] 031: 53,135 chars in 10 chunk(s); 0 cached, sending 10.
[02:41:48] [tab1] Could not read the model label; check the window if the mode matters.
[02:41:48] [tab1]   chunk 1/10 → sending 5,966 chars
[02:42:06] [tab3]   chunk 11/12 ← got 5,654 chars
[02:42:09] [tab2]   chunk 8/11 ← got 5,560 chars
[02:42:11] [tab3]   chunk 12/12 → sending 3,645 chars
[02:42:14] [tab2]   chunk 9/11 → sending 5,845 chars
[02:42:21] [tab1]   chunk 1/10 ← got 5,785 chars
[02:42:26] [tab1]   chunk 2/10 → sending 5,004 chars
[02:42:36] [tab3]   chunk 12/12 ← got 3,551 chars
[02:42:36] [tab3]   wrote 028_انسان_کامل_جلسه_028.book.md (57,818 chars)
[02:42:36] [tab3] 032: 56,394 chars in 11 chunk(s); 0 cached, sending 11.
[02:42:37] [tab3] Could not read the model label; check the window if the mode matters.
[02:42:37] [tab3]   chunk 1/11 → sending 4,794 chars
[02:42:46] [tab2]   chunk 9/11 ← got 5,487 chars
[02:42:51] [tab2]   chunk 10/11 → sending 5,565 chars
[02:42:58] [tab1]   chunk 2/10 ← got 4,694 chars
[02:43:03] [tab1]   chunk 3/10 → sending 5,600 chars
[02:43:12] [tab3]   chunk 1/11 ← got 4,814 chars
[02:43:17] [tab3]   chunk 2/11 → sending 5,337 chars
[02:43:20] [tab2]   chunk 10/11 ← got 5,139 chars
[02:43:25] [tab2]   chunk 11/11 → sending 1,185 chars
[02:43:37] [tab1]   chunk 3/10 ← got 5,495 chars
[02:43:42] [tab1]   chunk 4/10 → sending 5,210 chars
[02:43:45] [tab2]   chunk 11/11 ← got 1,186 chars
[02:43:45] [tab2]   wrote 030_انسان_کامل_جلسه_030.book.md (53,498 chars)
[02:43:45] [tab2] 033: 56,763 chars in 11 chunk(s); 0 cached, sending 11.
[02:43:47] [tab2] Could not read the model label; check the window if the mode matters.
[02:43:47] [tab2]   chunk 1/11 → sending 5,432 chars
[02:43:51] [tab3]   chunk 2/11 ← got 4,984 chars
[02:43:56] [tab3]   chunk 3/11 → sending 5,473 chars
[02:44:10] [tab1]   chunk 4/10 ← got 4,870 chars
[02:44:15] [tab1]   chunk 5/10 → sending 5,058 chars
[02:44:22] [tab2]   chunk 1/11 ← got 5,182 chars
[02:44:26] [tab3]   chunk 3/11 ← got 5,056 chars
[02:44:27] [tab2]   chunk 2/11 → sending 4,917 chars
[02:44:31] [tab3]   chunk 4/11 → sending 4,964 chars
[02:44:44] [tab1]   chunk 5/10 ← got 4,584 chars
[02:44:49] [tab1]   chunk 6/10 → sending 5,628 chars
[02:45:00] [tab3]   chunk 4/11 ← got 4,808 chars
[02:45:00] [tab2]   chunk 2/11 ← got 4,573 chars
[02:45:05] [tab3]   chunk 5/11 → sending 5,522 chars
[02:45:06] [tab2]   chunk 3/11 → sending 5,410 chars
[02:45:20] [tab1]   chunk 6/10 ← got 5,271 chars
[02:45:25] [tab1]   chunk 7/10 → sending 5,480 chars
[02:45:39] [tab2]   chunk 3/11 ← got 5,173 chars
[02:45:39] [tab3]   chunk 5/11 ← got 5,395 chars
[02:45:44] [tab2]   chunk 4/11 → sending 5,821 chars
[02:45:44] [tab3]   chunk 6/11 → sending 5,733 chars
[02:45:54] [tab1]   chunk 7/10 ← got 5,221 chars
[02:45:59] [tab1]   chunk 8/10 → sending 5,556 chars
[02:46:14] [tab2]   chunk 4/11 ← got 5,591 chars
[02:46:19] [tab2]   chunk 5/11 → sending 5,401 chars
[02:46:21] [tab3]   chunk 6/11 ← got 5,701 chars
[02:46:26] [tab3]   chunk 7/11 → sending 5,034 chars
[02:46:29] [tab1]   chunk 8/10 ← got 5,485 chars
[02:46:34] [tab1]   chunk 9/10 → sending 5,465 chars
[02:46:51] [tab2]   chunk 5/11 ← got 5,313 chars
[02:46:56] [tab3]   chunk 7/11 ← got 5,019 chars
[02:46:56] [tab2]   chunk 6/11 → sending 5,477 chars
[02:47:01] [tab3]   chunk 8/11 → sending 4,875 chars
[02:47:04] [tab1]   chunk 9/10 ← got 5,414 chars
[02:47:09] [tab1]   chunk 10/10 → sending 4,178 chars
[02:47:26] [tab2]   chunk 6/11 ← got 5,497 chars
[02:47:27] [tab3]   chunk 8/11 ← got 4,853 chars
[02:47:31] [tab2]   chunk 7/11 → sending 5,000 chars
[02:47:32] [tab3]   chunk 9/11 → sending 5,273 chars
[02:47:34] [tab1]   chunk 10/10 ← got 4,056 chars
[02:47:34] [tab1]   wrote 031_انسان_کامل_جلسه_031.book.md (50,893 chars)
[02:47:34] [tab1] 034: 55,087 chars in 11 chunk(s); 0 cached, sending 11.
[02:47:36] [tab1] Could not read the model label; check the window if the mode matters.
[02:47:36] [tab1]   chunk 1/11 → sending 5,575 chars
[02:47:59] [tab2]   chunk 7/11 ← got 4,746 chars
[02:48:04] [tab2]   chunk 8/11 → sending 4,842 chars
[02:48:04] [tab3]   chunk 9/11 ← got 5,064 chars
[02:48:09] [tab3]   chunk 10/11 → sending 5,862 chars
[02:48:13] [tab1]   chunk 1/11 ← got 5,303 chars
[02:48:18] [tab1]   chunk 2/11 → sending 5,469 chars
[02:48:32] [tab2]   chunk 8/11 ← got 4,702 chars
[02:48:37] [tab2]   chunk 9/11 → sending 5,404 chars
[02:48:43] [tab3]   chunk 10/11 ← got 5,771 chars
[02:48:48] [tab3]   chunk 11/11 → sending 3,538 chars
[02:48:55] [tab1]   chunk 2/11 ← got 5,183 chars
[02:49:00] [tab1]   chunk 3/11 → sending 5,241 chars
[02:49:13] [tab3]   chunk 11/11 ← got 3,578 chars
[02:49:13] [tab3]   wrote 032_انسان_کامل_جلسه_032.book.md (55,063 chars)
[02:49:13] [tab3] 035: 44,897 chars in 9 chunk(s); 0 cached, sending 9.
[02:49:14] [tab3] Could not read the model label; check the window if the mode matters.
[02:49:14] [tab3]   chunk 1/9 → sending 5,872 chars
[02:49:16] [tab2]   chunk 9/11 ← got 4,991 chars
[02:49:21] [tab2]   chunk 10/11 → sending 5,843 chars
[02:49:30] [tab1]   chunk 3/11 ← got 5,379 chars
[02:49:35] [tab1]   chunk 4/11 → sending 5,046 chars
[02:49:54] [tab2]   chunk 10/11 ← got 5,766 chars
[02:49:59] [tab2]   chunk 11/11 → sending 3,226 chars
[02:50:01] [tab1]   chunk 4/11 ← got 4,904 chars
[02:50:06] [tab1]   chunk 5/11 → sending 3,978 chars
[02:50:07] [tab3]   chunk 1/9 ← got 5,734 chars
[02:50:12] [tab3]   chunk 2/9 → sending 4,764 chars
[02:50:23] [tab2]   chunk 11/11 ← got 3,112 chars
[02:50:23] [tab2]   wrote 033_انسان_کامل_جلسه_033.book.md (54,666 chars)
[02:50:23] [tab2] 036: 56,721 chars in 12 chunk(s); 0 cached, sending 12.
[02:50:25] [tab2] Could not read the model label; check the window if the mode matters.
[02:50:25] [tab2]   chunk 1/12 → sending 5,667 chars
[02:50:33] [tab1]   chunk 5/11 ← got 3,789 chars
[02:50:38] [tab1]   chunk 6/11 → sending 4,437 chars
[02:50:41] [tab3]   chunk 2/9 ← got 4,626 chars
[02:50:47] [tab3]   chunk 3/9 → sending 5,164 chars
[02:51:06] [tab1]   chunk 6/11 ← got 4,495 chars
[02:51:11] [tab1]   chunk 7/11 → sending 5,398 chars
[02:51:11] [tab2]   chunk 1/12 ← got 5,416 chars
[02:51:16] [tab2]   chunk 2/12 → sending 4,671 chars
[02:51:20] [tab3]   chunk 3/9 ← got 4,904 chars
[02:51:25] [tab3]   chunk 4/9 → sending 5,283 chars
[02:51:43] [tab1]   chunk 7/11 ← got 5,083 chars
[02:51:48] [tab1]   chunk 8/11 → sending 5,273 chars
[02:51:50] [tab2]   chunk 2/12 ← got 4,404 chars
[02:51:55] [tab2]   chunk 3/12 → sending 4,649 chars
[02:51:56] [tab3]   chunk 4/9 ← got 4,832 chars
[02:52:01] [tab3]   chunk 5/9 → sending 4,999 chars
[02:52:23] [tab2]   chunk 3/12 ← got 4,600 chars
[02:52:25] [tab1]   chunk 8/11 ← got 5,324 chars
[02:52:28] [tab2]   chunk 4/12 → sending 4,875 chars
[02:52:30] [tab1]   chunk 9/11 → sending 5,205 chars
[02:52:34] [tab3]   chunk 5/9 ← got 4,460 chars
[02:52:39] [tab3]   chunk 6/9 → sending 5,024 chars
[02:52:55] [tab2]   chunk 4/12 ← got 4,551 chars
[02:53:00] [tab2]   chunk 5/12 → sending 5,889 chars
[02:53:03] [tab1]   chunk 9/11 ← got 5,196 chars
[02:53:08] [tab1]   chunk 10/11 → sending 4,968 chars
[02:53:10] [tab3]   chunk 6/9 ← got 4,708 chars
[02:53:15] [tab3]   chunk 7/9 → sending 4,583 chars
[02:53:33] [tab2]   chunk 5/12 ← got 5,404 chars
[02:53:37] [tab1]   chunk 10/11 ← got 4,862 chars
[02:53:38] [tab2]   chunk 6/12 → sending 4,809 chars
[02:53:42] [tab1]   chunk 11/11 → sending 4,507 chars
[02:53:44] [tab3]   chunk 7/9 ← got 4,038 chars
[02:53:49] [tab3]   chunk 8/9 → sending 4,695 chars
[02:54:08] [tab2]   chunk 6/12 ← got 4,459 chars
[02:54:10] [tab1]   chunk 11/11 ← got 4,356 chars
[02:54:10] [tab1]   wrote 034_انسان_کامل_جلسه_034.book.md (53,894 chars)
[02:54:10] [tab1] 037: 64,809 chars in 14 chunk(s); 0 cached, sending 14.
[02:54:12] [tab1] Could not read the model label; check the window if the mode matters.
[02:54:12] [tab1]   chunk 1/14 → sending 4,767 chars
[02:54:13] [tab2]   chunk 7/12 → sending 4,584 chars
[02:54:18] [tab3]   chunk 8/9 ← got 4,496 chars
[02:54:23] [tab3]   chunk 9/9 → sending 4,522 chars
[02:54:41] [tab2]   chunk 7/12 ← got 4,426 chars
[02:54:45] [tab1]   chunk 1/14 ← got 4,753 chars
[02:54:46] [tab2]   chunk 8/12 → sending 5,460 chars
[02:54:50] [tab1]   chunk 2/14 → sending 4,415 chars
[02:54:55] [tab3]   chunk 9/9 ← got 4,185 chars
[02:54:55] [tab3]   wrote 035_انسان_کامل_جلسه_035.book.md (41,999 chars)
[02:54:55] [tab3] 038: 50,964 chars in 10 chunk(s); 0 cached, sending 10.
[02:54:56] [tab3] Could not read the model label; check the window if the mode matters.
[02:54:56] [tab3]   chunk 1/10 → sending 5,906 chars
[02:55:16] [tab2]   chunk 8/12 ← got 4,885 chars
[02:55:21] [tab2]   chunk 9/12 → sending 5,149 chars
[02:55:26] [tab1]   chunk 2/14 ← got 3,981 chars
[02:55:31] [tab1]   chunk 3/14 → sending 5,051 chars
[02:55:31] [tab3]   chunk 1/10 ← got 5,766 chars
[02:55:36] [tab3]   chunk 2/10 → sending 5,790 chars
[02:55:54] [tab2]   chunk 9/12 ← got 4,867 chars
[02:55:59] [tab2]   chunk 10/12 → sending 4,190 chars
[02:55:59] [tab1]   chunk 3/14 ← got 4,821 chars
[02:56:04] [tab1]   chunk 4/14 → sending 5,835 chars
[02:56:16] [tab3]   chunk 2/10 ← got 5,719 chars
[02:56:21] [tab3]   chunk 3/10 → sending 4,751 chars
[02:56:22] [tab2]   chunk 10/12 ← got 3,876 chars
[02:56:27] [tab2]   chunk 11/12 → sending 5,431 chars
[02:56:39] [tab1]   chunk 4/14 ← got 5,311 chars
[02:56:44] [tab1]   chunk 5/14 → sending 4,623 chars
[02:56:52] [tab3]   chunk 3/10 ← got 4,717 chars
[02:56:57] [tab3]   chunk 4/10 → sending 5,498 chars
[02:57:01] [tab2]   chunk 11/12 ← got 5,372 chars
[02:57:06] [tab2]   chunk 12/12 → sending 1,357 chars
[02:57:16] [tab1]   chunk 5/14 ← got 4,138 chars
[02:57:21] [tab1]   chunk 6/14 → sending 5,004 chars
[02:57:27] [tab2]   chunk 12/12 ← got 1,420 chars
[02:57:27] [tab2]   wrote 036_انسان_کامل_جلسه_036.book.md (53,702 chars)
[02:57:27] [tab2] 039: 50,888 chars in 11 chunk(s); 0 cached, sending 11.
[02:57:27] [tab3]   chunk 4/10 ← got 5,288 chars
[02:57:29] [tab2] Could not read the model label; check the window if the mode matters.
[02:57:29] [tab2]   chunk 1/11 → sending 5,317 chars
[02:57:32] [tab3]   chunk 5/10 → sending 5,077 chars
[02:57:52] [tab1]   chunk 6/14 ← got 4,950 chars
[02:57:57] [tab1]   chunk 7/14 → sending 5,325 chars
[02:58:01] [tab3]   chunk 5/10 ← got 4,742 chars
[02:58:06] [tab3]   chunk 6/10 → sending 4,873 chars
[02:58:12] [tab2]   chunk 1/11 ← got 5,084 chars
[02:58:17] [tab2]   chunk 2/11 → sending 4,709 chars
[02:58:32] [tab1]   chunk 7/14 ← got 5,484 chars
[02:58:37] [tab1]   chunk 8/14 → sending 5,420 chars
[02:58:37] [tab3]   chunk 6/10 ← got 4,752 chars
[02:58:42] [tab3]   chunk 7/10 → sending 5,143 chars
[02:58:47] [tab2]   chunk 2/11 ← got 4,651 chars
[02:58:52] [tab2]   chunk 3/11 → sending 4,735 chars
[02:59:08] [tab1]   chunk 8/14 ← got 5,046 chars
[02:59:11] [tab3]   chunk 7/10 ← got 4,956 chars
[02:59:13] [tab1]   chunk 9/14 → sending 3,885 chars
[02:59:16] [tab3]   chunk 8/10 → sending 5,216 chars
[02:59:29] [tab2]   chunk 3/11 ← got 4,662 chars
[02:59:34] [tab2]   chunk 4/11 → sending 4,861 chars
[02:59:36] [tab1]   chunk 9/14 ← got 3,512 chars
[02:59:41] [tab1]   chunk 10/14 → sending 4,645 chars
[02:59:48] [tab3]   chunk 8/10 ← got 4,942 chars
[02:59:53] [tab3]   chunk 9/10 → sending 4,683 chars
[03:00:01] [tab2]   chunk 4/11 ← got 4,510 chars
[03:00:06] [tab2]   chunk 5/11 → sending 4,994 chars
[03:00:12] [tab1]   chunk 10/14 ← got 4,147 chars
[03:00:17] [tab1]   chunk 11/14 → sending 4,273 chars
[03:00:22] [tab3]   chunk 9/10 ← got 4,383 chars
[03:00:27] [tab3]   chunk 10/10 → sending 4,039 chars
[03:00:42] [tab2]   chunk 5/11 ← got 4,955 chars
[03:00:44] [tab1]   chunk 11/14 ← got 3,987 chars
[03:00:47] [tab2]   chunk 6/11 → sending 4,506 chars
[03:00:49] [tab1]   chunk 12/14 → sending 4,393 chars
[03:00:58] [tab3]   chunk 10/10 ← got 4,176 chars
[03:00:58] [tab3]   wrote 038_انسان_کامل_جلسه_038.book.md (49,459 chars)
[03:00:58] [tab3] 040: 58,742 chars in 12 chunk(s); 0 cached, sending 12.
[03:00:59] [tab3] Could not read the model label; check the window if the mode matters.
[03:00:59] [tab3]   chunk 1/12 → sending 4,914 chars
[03:01:14] [tab1]   chunk 12/14 ← got 4,175 chars
[03:01:18] [tab2]   chunk 6/11 ← got 4,608 chars
[03:01:19] [tab1]   chunk 13/14 → sending 5,323 chars
[03:01:23] [tab2]   chunk 7/11 → sending 5,347 chars
[03:01:30] [tab3]   chunk 1/12 ← got 4,618 chars
[03:01:35] [tab3]   chunk 2/12 → sending 4,977 chars
[03:01:54] [tab1]   chunk 13/14 ← got 4,848 chars
[03:01:55] [tab2]   chunk 7/11 ← got 5,246 chars
[03:01:59] [tab1]   chunk 14/14 → sending 1,862 chars
[03:02:00] [tab2]   chunk 8/11 → sending 5,426 chars
[03:02:06] [tab3]   chunk 2/12 ← got 4,884 chars
[03:02:11] [tab3]   chunk 3/12 → sending 4,973 chars
[03:02:19] [tab1]   chunk 14/14 ← got 1,916 chars
[03:02:19] [tab1]   wrote 037_انسان_کامل_جلسه_037.book.md (61,095 chars)
[03:02:19] [tab1] 041: 57,374 chars in 11 chunk(s); 0 cached, sending 11.
[03:02:21] [tab1] Could not read the model label; check the window if the mode matters.
[03:02:21] [tab1]   chunk 1/11 → sending 5,916 chars
[03:02:38] [tab2]   chunk 8/11 ← got 5,308 chars
[03:02:40] [tab3]   chunk 3/12 ← got 4,668 chars
[03:02:43] [tab2]   chunk 9/11 → sending 4,686 chars
[03:02:45] [tab3]   chunk 4/12 → sending 4,976 chars
[03:03:01] [tab1]   chunk 1/11 ← got 5,726 chars
[03:03:06] [tab1]   chunk 2/11 → sending 5,400 chars
[03:03:13] [tab3]   chunk 4/12 ← got 4,724 chars
[03:03:14] [tab2]   chunk 9/11 ← got 4,651 chars
[03:03:18] [tab3]   chunk 5/12 → sending 4,176 chars
[03:03:19] [tab2]   chunk 10/11 → sending 5,275 chars
[03:03:42] [tab1]   chunk 2/11 ← got 5,308 chars
[03:03:47] [tab1]   chunk 3/11 → sending 5,383 chars
[03:03:47] [tab3]   chunk 5/12 ← got 3,767 chars
[03:03:52] [tab3]   chunk 6/12 → sending 5,757 chars
[03:03:55] [tab2]   chunk 10/11 ← got 5,302 chars
[03:04:00] [tab2]   chunk 11/11 → sending 1,043 chars
[03:04:19] [tab2]   chunk 11/11 ← got 1,003 chars
[03:04:19] [tab2]   wrote 039_انسان_کامل_جلسه_039.book.md (50,000 chars)
[03:04:19] [tab2] 042: 62,220 chars in 12 chunk(s); 0 cached, sending 12.
[03:04:21] [tab2] Could not read the model label; check the window if the mode matters.
[03:04:21] [tab2]   chunk 1/12 → sending 4,260 chars
[03:04:24] [tab1]   chunk 3/11 ← got 5,315 chars
[03:04:27] [tab3]   chunk 6/12 ← got 5,583 chars
[03:04:29] [tab1]   chunk 4/11 → sending 5,571 chars
[03:04:32] [tab3]   chunk 7/12 → sending 4,267 chars
[03:04:54] [tab2]   chunk 1/12 ← got 4,176 chars
[03:04:59] [tab2]   chunk 2/12 → sending 5,422 chars
[03:05:01] [tab1]   chunk 4/11 ← got 5,335 chars
[03:05:01] [tab3]   chunk 7/12 ← got 4,128 chars
[03:05:06] [tab1]   chunk 5/11 → sending 5,902 chars
[03:05:06] [tab3]   chunk 8/12 → sending 5,736 chars
[03:05:32] [tab2]   chunk 2/12 ← got 5,453 chars
[03:05:37] [tab2]   chunk 3/12 → sending 5,757 chars
[03:05:41] [tab3]   chunk 8/12 ← got 5,801 chars
[03:05:44] [tab1]   chunk 5/11 ← got 5,746 chars
[03:05:46] [tab3]   chunk 9/12 → sending 4,355 chars
[03:05:49] [tab1]   chunk 6/11 → sending 5,434 chars
[03:06:12] [tab2]   chunk 3/12 ← got 5,565 chars
[03:06:15] [tab3]   chunk 9/12 ← got 4,124 chars
[03:06:18] [tab2]   chunk 4/12 → sending 5,760 chars
[03:06:20] [tab3]   chunk 10/12 → sending 5,689 chars
[03:06:27] [tab1]   chunk 6/11 ← got 5,326 chars
[03:06:32] [tab1]   chunk 7/11 → sending 5,725 chars
[03:06:51] [tab3]   chunk 10/12 ← got 5,476 chars
[03:06:55] [tab2]   chunk 4/12 ← got 5,528 chars
[03:06:56] [tab3]   chunk 11/12 → sending 4,057 chars
[03:07:00] [tab2]   chunk 5/12 → sending 4,985 chars
[03:07:07] [tab1]   chunk 7/11 ← got 5,468 chars
[03:07:12] [tab1]   chunk 8/11 → sending 5,425 chars
[03:07:24] [tab3]   chunk 11/12 ← got 4,214 chars
[03:07:29] [tab3]   chunk 12/12 → sending 4,874 chars
[03:07:36] [tab2]   chunk 5/12 ← got 5,118 chars
[03:07:41] [tab2]   chunk 6/12 → sending 5,896 chars
[03:07:48] [tab1]   chunk 8/11 ← got 5,582 chars
[03:07:53] [tab1]   chunk 9/11 → sending 4,760 chars
[03:07:59] [tab3]   chunk 12/12 ← got 4,615 chars
[03:07:59] [tab3]   wrote 040_انسان_کامل_جلسه_040.book.md (56,624 chars)
[03:07:59] [tab3] 043: 55,307 chars in 10 chunk(s); 0 cached, sending 10.
[03:08:01] [tab3] Could not read the model label; check the window if the mode matters.
[03:08:01] [tab3]   chunk 1/10 → sending 5,728 chars
[03:08:14] [tab2]   chunk 6/12 ← got 5,542 chars
[03:08:19] [tab2]   chunk 7/12 → sending 5,946 chars
[03:08:23] [tab1]   chunk 9/11 ← got 4,800 chars
[03:08:28] [tab1]   chunk 10/11 → sending 5,870 chars
[03:08:41] [tab3]   chunk 1/10 ← got 5,519 chars
[03:08:46] [tab3]   chunk 2/10 → sending 5,820 chars
[03:08:54] [tab2]   chunk 7/12 ← got 5,741 chars
[03:08:59] [tab2]   chunk 8/12 → sending 5,584 chars
[03:09:03] [tab1]   chunk 10/11 ← got 5,764 chars
[03:09:08] [tab1]   chunk 11/11 → sending 1,999 chars
[03:09:18] [tab3]   chunk 2/10 ← got 5,054 chars
[03:09:23] [tab3]   chunk 3/10 → sending 5,835 chars
[03:09:26] [tab1]   chunk 11/11 ← got 2,051 chars
[03:09:26] [tab1]   wrote 041_انسان_کامل_جلسه_041.book.md (56,441 chars)
[03:09:26] [tab1] 044: 63,891 chars in 12 chunk(s); 0 cached, sending 12.
[03:09:28] [tab1] Could not read the model label; check the window if the mode matters.
[03:09:28] [tab1]   chunk 1/12 → sending 5,980 chars
[03:09:32] [tab2]   chunk 8/12 ← got 5,313 chars
[03:09:37] [tab2]   chunk 9/12 → sending 5,681 chars
[03:10:00] [tab3]   chunk 3/10 ← got 5,921 chars
[03:10:05] [tab3]   chunk 4/10 → sending 5,879 chars
[03:10:12] [tab1]   chunk 1/12 ← got 5,983 chars
[03:10:12] [tab2]   chunk 9/12 ← got 5,725 chars
[03:10:17] [tab1]   chunk 2/12 → sending 5,785 chars
[03:10:17] [tab2]   chunk 10/12 → sending 4,148 chars
[03:10:36] [tab3] 043: unexpected error: Locator.click: Timeout 30000ms exceeded.
Call log:
  - waiting for locator("button[data-testid='send-button']").first
    - locator resolved to <button interestfor="_r_dj_" aria-disabled="false" aria-label="Send prompt" data-testid="send-button" aria-describedby="_r_dj_" id="composer-submit-button" class="composer-submit-btn composer-submit-button-color h-9 can-hover:relative can-hover:after:absolute can-hover:after:-inset-x-1 can-hover:after:inset-y-0 can-hover:after:content-[''] w-9">…</button>
  - attempting click action
    2 × waiting for element to be visible, enabled and stable
      - element is visible, enabled and stable
      - scrolling into view if needed
      - done scrolling
      - <div data-state="open" class="fixed inset-0 z-50 before:starting:backdrop-blur-0 before:absolute before:inset-0 before:bg-gray-200/50 before:backdrop-blur-[1px] not-motion-reduce:before:transition not-motion-reduce:before:duration-250 dark:before:bg-black/50 before:starting:opacity-0">…</div> from <div class="absolute inset-0" data-ignore-for-page-load="true" id="modal-conversation-history-rate-limit" data-testid="modal-conversation-history-rate-limit">…</div> subtree intercepts pointer events
    - retrying click action
    - waiting 20ms
    2 × waiting for element to be visible, enabled and stable
      - element is visible, enabled and stable
      - scrolling into view if needed
      - done scrolling
      - <div data-state="open" class="fixed inset-0 z-50 before:starting:backdrop-blur-0 before:absolute before:inset-0 before:bg-gray-200/50 before:backdrop-blur-[1px] not-motion-reduce:before:transition not-motion-reduce:before:duration-250 dark:before:bg-black/50 before:starting:opacity-0">…</div> from <div class="absolute inset-0" data-ignore-for-page-load="true" id="modal-conversation-history-rate-limit" data-testid="modal-conversation-history-rate-limit">…</div> subtree intercepts pointer events
    - retrying click action
      - waiting 100ms
    56 × waiting for element to be visible, enabled and stable
       - element is visible, enabled and stable
       - scrolling into view if needed
       - done scrolling
       - <div data-state="open" class="fixed inset-0 z-50 before:starting:backdrop-blur-0 before:absolute before:inset-0 before:bg-gray-200/50 before:backdrop-blur-[1px] not-motion-reduce:before:transition not-motion-reduce:before:duration-250 dark:before:bg-black/50 before:starting:opacity-0">…</div> from <div class="absolute inset-0" data-ignore-for-page-load="true" id="modal-conversation-history-rate-limit" data-testid="modal-conversation-history-rate-limit">…</div> subtree intercepts pointer events
     - retrying click action
       - waiting 500ms

[03:10:36] [tab3] 045: 52,320 chars in 11 chunk(s); 0 cached, sending 11.
[03:10:39] [tab3] Could not read the model label; check the window if the mode matters.
[03:10:39] [tab3]   chunk 1/11 → sending 5,642 chars
[03:10:45] [tab2]   chunk 10/12 ← got 4,005 chars
[03:10:49] [tab1]   chunk 2/12 ← got 4,985 chars
[03:10:50] [tab2]   chunk 11/12 → sending 4,141 chars
[03:10:54] [tab1]   chunk 3/12 → sending 5,630 chars
[03:11:15] [tab3]   chunk 1/11 ← got 5,840 chars
[03:11:20] [tab3]   chunk 2/11 → sending 5,595 chars
[03:11:22] [tab2]   chunk 11/12 ← got 4,168 chars
[03:11:27] [tab2]   chunk 12/12 → sending 4,651 chars
[03:11:34] [tab1]   chunk 3/12 ← got 5,769 chars
[03:11:39] [tab1]   chunk 4/12 → sending 5,908 chars
[03:11:55] [tab3]   chunk 2/11 ← got 5,438 chars
[03:11:57] [tab2]   chunk 12/12 ← got 4,468 chars
[03:11:57] [tab2]   wrote 042_انسان_کامل_جلسه_042.book.md (60,824 chars)
[03:11:57] [tab2] 046: 53,294 chars in 11 chunk(s); 0 cached, sending 11.
[03:11:59] [tab2] Could not read the model label; check the window if the mode matters.
[03:11:59] [tab2]   chunk 1/11 → sending 4,654 chars
[03:12:00] [tab3]   chunk 3/11 → sending 5,767 chars
[03:12:16] [tab1]   chunk 4/12 ← got 5,589 chars
[03:12:21] [tab1]   chunk 5/12 → sending 4,133 chars
[03:12:30] [tab3]   chunk 3/11 ← got 5,554 chars
[03:12:35] [tab3]   chunk 4/11 → sending 3,999 chars
[03:12:45] [tab2]   chunk 1/11 ← got 4,628 chars
[03:12:47] [tab1]   chunk 5/12 ← got 4,216 chars
[03:12:50] [tab2]   chunk 2/11 → sending 5,115 chars
[03:12:52] [tab1]   chunk 6/12 → sending 5,839 chars
[03:12:59] [tab3]   chunk 4/11 ← got 3,761 chars
[03:13:04] [tab3]   chunk 5/11 → sending 4,263 chars
[03:13:21] [tab2]   chunk 2/11 ← got 5,011 chars
[03:13:26] [tab2]   chunk 3/11 → sending 5,810 chars
[03:13:27] [tab1]   chunk 6/12 ← got 6,098 chars
[03:13:30] [tab3]   chunk 5/11 ← got 4,061 chars
[03:13:32] [tab1]   chunk 7/12 → sending 4,343 chars
[03:13:35] [tab3]   chunk 6/11 → sending 4,203 chars
[03:13:48] [tab1]   chunk 7/12 ← got 4,052 chars
[03:13:50] [tab3]   chunk 6/11 ← got 4,305 chars
[03:13:53] [tab1]   chunk 8/12 → sending 5,988 chars
[03:13:55] [tab3]   chunk 7/11 → sending 5,676 chars
[03:14:08] [tab2]   chunk 3/11 ← got 5,624 chars
[03:14:13] [tab3]   chunk 7/11 ← got 5,457 chars
[03:14:13] [tab2]   chunk 4/11 → sending 5,892 chars
[03:14:14] [tab1]   chunk 8/12 ← got 5,357 chars
[03:14:18] [tab3]   chunk 8/11 → sending 5,043 chars
[03:14:19] [tab1]   chunk 9/12 → sending 4,330 chars
[03:14:31] [tab2]   chunk 4/11 ← got 5,676 chars
[03:14:34] [tab1]   chunk 9/12 ← got 4,152 chars
[03:14:35] [tab3]   chunk 8/11 ← got 4,889 chars
[03:14:36] [tab2]   chunk 5/11 → sending 5,378 chars
[03:14:39] [tab1]   chunk 10/12 → sending 5,998 chars
[03:14:40] [tab3]   chunk 9/11 → sending 5,948 chars
[03:14:53] [tab2]   chunk 5/11 ← got 5,263 chars
[03:14:57] [tab1]   chunk 10/12 ← got 5,268 chars
[03:14:58] [tab2]   chunk 6/11 → sending 4,439 chars
[03:14:58] [tab3]   chunk 9/11 ← got 5,813 chars
[03:15:02] [tab1]   chunk 11/12 → sending 4,363 chars
[03:15:03] [tab3]   chunk 10/11 → sending 5,613 chars
[03:15:14] [tab2]   chunk 6/11 ← got 4,595 chars
[03:15:16] [tab1]   chunk 11/12 ← got 4,192 chars
[03:15:19] [tab2]   chunk 7/11 → sending 4,881 chars
[03:15:21] [tab1]   chunk 12/12 → sending 5,603 chars
[03:15:22] [tab3]   chunk 10/11 ← got 5,440 chars
[03:15:27] [tab3]   chunk 11/11 → sending 578 chars
[03:15:35] [tab3]   chunk 11/11 ← got 630 chars
[03:15:35] [tab3]   wrote 045_انسان_کامل_جلسه_045.book.md (51,208 chars)
[03:15:35] [tab3] 047: 59,063 chars in 11 chunk(s); 0 cached, sending 11.
[03:15:36] [tab2]   chunk 7/11 ← got 4,788 chars
[03:15:37] [tab3] Could not read the model label; check the window if the mode matters.
[03:15:37] [tab3]   chunk 1/11 → sending 5,168 chars
[03:15:41] [tab2]   chunk 8/11 → sending 3,392 chars
[03:15:45] [tab1]   chunk 12/12 ← got 5,446 chars
[03:15:45] [tab1]   wrote 044_انسان_کامل_جلسه_044.book.md (61,129 chars)
[03:15:45] [tab1] 048: 55,519 chars in 11 chunk(s); 0 cached, sending 11.
[03:15:49] [tab1] Could not read the model label; check the window if the mode matters.
[03:15:49] [tab1]   chunk 1/11 → sending 4,972 chars
[03:15:54] [tab1] Rate limited; waiting 20s (used 0s of 900s).
[03:15:55] [tab2]   chunk 8/11 ← got 3,330 chars
[03:15:58] [tab3]   chunk 1/11 ← got 5,296 chars
[03:16:00] [tab2]   chunk 9/11 → sending 4,791 chars
[03:16:05] [tab3]   chunk 2/11 → sending 5,065 chars
[03:16:16] [tab1] Rate limit cleared after 22s.
[03:16:19] [tab2]   chunk 9/11 ← got 4,833 chars
[03:16:21] [tab1]   chunk 1/11 ← got 5,041 chars
[03:16:22] [tab3]   chunk 2/11 ← got 5,143 chars
[03:16:24] [tab2]   chunk 10/11 → sending 3,923 chars
[03:16:26] [tab1]   chunk 2/11 → sending 4,713 chars
[03:16:27] [tab3]   chunk 3/11 → sending 5,640 chars
[03:16:39] [tab2]   chunk 10/11 ← got 4,042 chars
[03:16:41] [tab1]   chunk 2/11 ← got 4,942 chars
[03:16:42] [tab3]   chunk 3/11 ← got 5,369 chars
[03:16:44] [tab2]   chunk 11/11 → sending 5,027 chars
[03:16:46] [tab1]   chunk 3/11 → sending 5,034 chars
[03:16:47] [tab3]   chunk 4/11 → sending 5,484 chars
[03:17:02] [tab1]   chunk 3/11 ← got 5,071 chars
[03:17:04] [tab3]   chunk 4/11 ← got 5,400 chars
[03:17:06] [tab2]   chunk 11/11 ← got 5,185 chars
[03:17:06] [tab2]   wrote 046_انسان_کامل_جلسه_046.book.md (52,995 chars)
[03:17:06] [tab2] 049: 58,955 chars in 12 chunk(s); 0 cached, sending 12.
[03:17:07] [tab1]   chunk 4/11 → sending 5,128 chars
[03:17:07] [tab2] Could not read the model label; check the window if the mode matters.
[03:17:07] [tab2]   chunk 1/12 → sending 5,965 chars
[03:17:09] [tab3]   chunk 5/11 → sending 5,895 chars
[03:17:15] [tab2] Rate limited; waiting 20s (used 0s of 900s).
[03:17:24] [tab1]   chunk 4/11 ← got 5,264 chars
[03:17:27] [tab3] Rate limited; waiting 20s (used 0s of 900s).
[03:17:31] [tab1]   chunk 5/11 → sending 4,699 chars
[03:17:37] [tab2] Rate limit cleared after 22s.
[03:17:42] [tab2]   chunk 1/12 ← got 5,945 chars
[03:17:47] [tab2]   chunk 2/12 → sending 5,134 chars
[03:17:49] [tab1]   chunk 5/11 ← got 4,838 chars
[03:17:49] [tab3] Rate limit cleared after 22s.
[03:17:49] [tab3]   chunk 5/11 ← got 5,989 chars
[03:17:54] [tab1]   chunk 6/11 → sending 5,260 chars
[03:17:54] [tab3]   chunk 6/11 → sending 5,314 chars
[03:18:03] [tab2]   chunk 2/12 ← got 5,177 chars
[03:18:08] [tab2]   chunk 3/12 → sending 5,708 chars
[03:18:11] [tab1]   chunk 6/11 ← got 5,510 chars
[03:18:13] [tab3]   chunk 6/11 ← got 5,345 chars
[03:18:16] [tab1]   chunk 7/11 → sending 5,009 chars
[03:18:18] [tab3]   chunk 7/11 → sending 5,846 chars
[03:18:25] [tab2]   chunk 3/12 ← got 5,863 chars
[03:18:30] [tab2]   chunk 4/12 → sending 5,865 chars
[03:18:32] [tab1]   chunk 7/11 ← got 4,995 chars
[03:18:35] [tab3]   chunk 7/11 ← got 5,951 chars
[03:18:37] [tab1]   chunk 8/11 → sending 5,774 chars
[03:18:40] [tab3]   chunk 8/11 → sending 5,277 chars
[03:18:48] [tab2]   chunk 4/12 ← got 5,932 chars
[03:18:53] [tab2]   chunk 5/12 → sending 4,123 chars
[03:18:55] [tab1]   chunk 8/11 ← got 5,948 chars
[03:18:57] [tab3]   chunk 8/11 ← got 4,978 chars
[03:19:00] [tab1]   chunk 9/11 → sending 4,016 chars
[03:19:02] [tab3]   chunk 9/11 → sending 5,233 chars
[03:19:09] [tab2]   chunk 5/12 ← got 4,239 chars
[03:19:14] [tab2]   chunk 6/12 → sending 5,941 chars
[03:19:15] [tab1]   chunk 9/11 ← got 4,165 chars
[03:19:20] [tab1]   chunk 10/11 → sending 4,973 chars
[03:19:21] [tab3]   chunk 9/11 ← got 4,756 chars
[03:19:26] [tab3]   chunk 10/11 → sending 5,102 chars
[03:19:32] [tab2]   chunk 6/12 ← got 5,872 chars
[03:19:37] [tab2]   chunk 7/12 → sending 5,734 chars
[03:19:38] [tab1]   chunk 10/11 ← got 4,982 chars
[03:19:43] [tab1]   chunk 11/11 → sending 5,953 chars
[03:19:44] [tab2]   chunk 7/12 ← got 55 chars
[03:19:44] [tab3]   chunk 10/11 ← got 4,811 chars
[03:19:49] [tab2]   chunk 8/12 → sending 4,868 chars
[03:19:49] [tab3]   chunk 11/11 → sending 5,050 chars
[03:19:52] [tab1]   chunk 11/11 ← got 55 chars
[03:19:52] [tab1]   wrote 048_انسان_کامل_جلسه_048.book.md (50,831 chars)
[03:19:52] [tab1] 050: 49,905 chars in 10 chunk(s); 0 cached, sending 10.
[03:19:53] [tab3] Rate limited; waiting 20s (used 0s of 900s).
[03:19:55] [tab1] Could not read the model label; check the window if the mode matters.
[03:19:55] [tab1]   chunk 1/10 → sending 5,420 chars
[03:20:16] [tab3] Rate limit cleared after 22s.
[03:20:20] [tab3]   chunk 11/11 ← got 55 chars
[03:20:20] [tab3]   wrote 047_انسان_کامل_جلسه_047.book.md (53,113 chars)
[03:20:20] [tab3] 051: 54,220 chars in 11 chunk(s); 0 cached, sending 11.
[03:20:24] [tab3] Could not read the model label; check the window if the mode matters.
[03:20:24] [tab3]   chunk 1/11 → sending 4,961 chars
[03:20:26] [tab1] 050: unexpected error: Locator.click: Timeout 30000ms exceeded.
Call log:
  - waiting for locator("button[data-testid='send-button']").first
    - locator resolved to <button aria-disabled="true" interestfor="_r_74_" aria-label="Send prompt" data-visually-disabled="" data-testid="send-button" aria-describedby="_r_74_" id="composer-submit-button" class="composer-submit-btn composer-submit-button-color h-9 can-hover:relative can-hover:after:absolute can-hover:after:-inset-x-1 can-hover:after:inset-y-0 can-hover:after:content-[''] w-9">…</button>
  - attempting click action
    2 × waiting for element to be visible, enabled and stable
      - element is not enabled
    - retrying click action
    - waiting 20ms
    2 × waiting for element to be visible, enabled and stable
      - element is not enabled
    - retrying click action
      - waiting 100ms
    58 × waiting for element to be visible, enabled and stable
       - element is not enabled
     - retrying click action
       - waiting 500ms

[03:20:26] [tab1] 052: 58,675 chars in 12 chunk(s); 0 cached, sending 12.
[03:20:30] [tab1] Could not read the model label; check the window if the mode matters.
[03:20:30] [tab1]   chunk 1/12 → sending 5,946 chars
[03:20:55] [tab3] 051: unexpected error: Locator.click: Timeout 30000ms exceeded.
Call log:
  - waiting for locator("button[data-testid='send-button']").first
    - locator resolved to <button aria-disabled="true" interestfor="_r_5h_" aria-label="Send prompt" data-visually-disabled="" data-testid="send-button" aria-describedby="_r_5h_" id="composer-submit-button" class="composer-submit-btn composer-submit-button-color h-9 can-hover:relative can-hover:after:absolute can-hover:after:-inset-x-1 can-hover:after:inset-y-0 can-hover:after:content-[''] w-9">…</button>
  - attempting click action
    2 × waiting for element to be visible, enabled and stable
      - element is not enabled
    - retrying click action
    - waiting 20ms
    2 × waiting for element to be visible, enabled and stable
      - element is not enabled
    - retrying click action
      - waiting 100ms
    58 × waiting for element to be visible, enabled and stable
       - element is not enabled
     - retrying click action
       - waiting 500ms

[03:20:55] [tab3] 053: 63,913 chars in 13 chunk(s); 0 cached, sending 13.
[03:20:56] [tab3] Could not read the model label; check the window if the mode matters.
[03:20:56] [tab3]   chunk 1/13 → sending 4,064 chars
[03:21:01] [tab1] 052: unexpected error: Locator.click: Timeout 30000ms exceeded.
Call log:
  - waiting for locator("button[data-testid='send-button']").first
    - locator resolved to <button aria-disabled="true" interestfor="_r_6g_" aria-label="Send prompt" data-visually-disabled="" data-testid="send-button" aria-describedby="_r_6g_" id="composer-submit-button" class="composer-submit-btn composer-submit-button-color h-9 can-hover:relative can-hover:after:absolute can-hover:after:-inset-x-1 can-hover:after:inset-y-0 can-hover:after:content-[''] w-9">…</button>
  - attempting click action
    2 × waiting for element to be visible, enabled and stable
      - element is not enabled
    - retrying click action
    - waiting 20ms
    2 × waiting for element to be visible, enabled and stable
      - element is not enabled
    - retrying click action
      - waiting 100ms
    58 × waiting for element to be visible, enabled and stable
       - element is not enabled
     - retrying click action
       - waiting 500ms

[03:21:01] [tab1] 054: 67,463 chars in 14 chunk(s); 0 cached, sending 14.
[03:21:05] [tab1] Could not read the model label; check the window if the mode matters.
[03:21:05] [tab1]   chunk 1/14 → sending 5,264 chars
[03:21:29] [tab3] 053: unexpected error: Locator.click: Timeout 30000ms exceeded.
Call log:
  - waiting for locator("button[data-testid='send-button']").first
    - locator resolved to <button aria-disabled="true" interestfor="_r_60_" aria-label="Send prompt" data-visually-disabled="" data-testid="send-button" aria-describedby="_r_60_" id="composer-submit-button" class="composer-submit-btn composer-submit-button-color h-9 can-hover:relative can-hover:after:absolute can-hover:after:-inset-x-1 can-hover:after:inset-y-0 can-hover:after:content-[''] w-9">…</button>
  - attempting click action
    2 × waiting for element to be visible, enabled and stable
      - element is not enabled
    - retrying click action
    - waiting 20ms
    2 × waiting for element to be visible, enabled and stable
      - element is not enabled
    - retrying click action
      - waiting 100ms
    58 × waiting for element to be visible, enabled and stable
       - element is not enabled
     - retrying click action
       - waiting 500ms

[03:21:29] [tab3] 055: 59,634 chars in 12 chunk(s); 0 cached, sending 12.
[03:21:33] [tab3] Could not read the model label; check the window if the mode matters.
[03:21:33] [tab3]   chunk 1/12 → sending 5,013 chars
[03:21:36] [tab1] 054: unexpected error: Locator.click: Timeout 30000ms exceeded.
Call log:
  - waiting for locator("button[data-testid='send-button']").first
    - locator resolved to <button aria-disabled="true" interestfor="_r_63_" aria-label="Send prompt" data-visually-disabled="" data-testid="send-button" aria-describedby="_r_63_" id="composer-submit-button" class="composer-submit-btn composer-submit-button-color h-9 can-hover:relative can-hover:after:absolute can-hover:after:-inset-x-1 can-hover:after:inset-y-0 can-hover:after:content-[''] w-9">…</button>
  - attempting click action
    2 × waiting for element to be visible, enabled and stable
      - element is not enabled
    - retrying click action
    - waiting 20ms
    2 × waiting for element to be visible, enabled and stable
      - element is not enabled
    - retrying click action
      - waiting 100ms
    58 × waiting for element to be visible, enabled and stable
       - element is not enabled
     - retrying click action
       - waiting 500ms

[03:21:36] [tab1] 056: 59,217 chars in 12 chunk(s); 0 cached, sending 12.
[03:21:40] [tab1] Could not read the model label; check the window if the mode matters.
[03:21:40] [tab1]   chunk 1/12 → sending 5,377 chars
[03:22:04] [tab3] 055: unexpected error: Locator.click: Timeout 30000ms exceeded.
Call log:
  - waiting for locator("button[data-testid='send-button']").first
    - locator resolved to <button aria-disabled="true" interestfor="_r_61_" aria-label="Send prompt" data-visually-disabled="" data-testid="send-button" aria-describedby="_r_61_" id="composer-submit-button" class="composer-submit-btn composer-submit-button-color h-9 can-hover:relative can-hover:after:absolute can-hover:after:-inset-x-1 can-hover:after:inset-y-0 can-hover:after:content-[''] w-9">…</button>
  - attempting click action
    2 × waiting for element to be visible, enabled and stable
      - element is not enabled
    - retrying click action
    - waiting 20ms
    2 × waiting for element to be visible, enabled and stable
      - element is not enabled
    - retrying click action
      - waiting 100ms
    58 × waiting for element to be visible, enabled and stable
       - element is not enabled
     - retrying click action
       - waiting 500ms

[03:22:04] [tab3] 057: 49,144 chars in 10 chunk(s); 0 cached, sending 10.
[03:22:08] [tab3] Could not read the model label; check the window if the mode matters.
[03:22:08] [tab3]   chunk 1/10 → sending 5,203 chars
[03:22:11] [tab1] 056: unexpected error: Locator.click: Timeout 30000ms exceeded.
Call log:
  - waiting for locator("button[data-testid='send-button']").first
    - locator resolved to <button aria-disabled="true" interestfor="_r_8q_" aria-label="Send prompt" data-visually-disabled="" data-testid="send-button" aria-describedby="_r_8q_" id="composer-submit-button" class="composer-submit-btn composer-submit-button-color h-9 can-hover:relative can-hover:after:absolute can-hover:after:-inset-x-1 can-hover:after:inset-y-0 can-hover:after:content-[''] w-9">…</button>
  - attempting click action
    2 × waiting for element to be visible, enabled and stable
      - element is not enabled
    - retrying click action
    - waiting 20ms
    2 × waiting for element to be visible, enabled and stable
      - element is not enabled
    - retrying click action
      - waiting 100ms
    58 × waiting for element to be visible, enabled and stable
       - element is not enabled
     - retrying click action
       - waiting 500ms

[03:22:11] [tab1] 058: 55,041 chars in 11 chunk(s); 0 cached, sending 11.
[03:22:13] [tab3] Rate limited; waiting 20s (used 0s of 900s).
[03:22:15] [tab1] Could not read the model label; check the window if the mode matters.
[03:22:15] [tab1]   chunk 1/11 → sending 4,792 chars
[03:22:20] [tab1] Rate limited; waiting 20s (used 0s of 900s).
[03:22:35] [tab3] Rate limit cleared after 22s.
[03:22:40] [tab3]   chunk 1/10 ← got 5,104 chars
[03:22:42] [tab1] Rate limit cleared after 22s.
[03:22:45] [tab3]   chunk 2/10 → sending 5,453 chars
[03:22:47] [tab1]   chunk 1/11 ← got 4,910 chars
[03:22:52] [tab1]   chunk 2/11 → sending 5,852 chars
[03:23:01] [tab3]   chunk 2/10 ← got 5,608 chars
[03:23:06] [tab3]   chunk 3/10 → sending 5,881 chars
[03:23:08] [tab1]   chunk 2/11 ← got 6,031 chars
[03:23:13] [tab1]   chunk 3/11 → sending 5,865 chars
[03:23:23] [tab3]   chunk 3/10 ← got 5,902 chars
[03:23:28] [tab3]   chunk 4/10 → sending 4,431 chars
[03:23:31] [tab1]   chunk 3/11 ← got 5,981 chars
[03:23:36] [tab1]   chunk 4/11 → sending 5,645 chars
[03:23:43] [tab3]   chunk 4/10 ← got 4,534 chars
[03:23:48] [tab3]   chunk 5/10 → sending 4,102 chars
[03:23:52] [tab1]   chunk 4/11 ← got 5,572 chars
[03:23:57] [tab1]   chunk 5/11 → sending 5,897 chars
[03:24:04] [tab3]   chunk 5/10 ← got 4,546 chars
[03:24:09] [tab3]   chunk 6/10 → sending 5,643 chars
[03:24:21] [tab1]   chunk 5/11 ← got 5,960 chars
[03:24:26] [tab1]   chunk 6/11 → sending 5,367 chars
[03:24:26] [tab3]   chunk 6/10 ← got 5,697 chars
[03:24:31] [tab3]   chunk 7/10 → sending 5,452 chars
[03:24:43] [tab1]   chunk 6/11 ← got 5,693 chars
[03:24:48] [tab1]   chunk 7/11 → sending 5,150 chars
[03:24:48] [tab3]   chunk 7/10 ← got 5,669 chars
[03:24:53] [tab3]   chunk 8/10 → sending 5,683 chars
[03:25:04] [tab1]   chunk 7/11 ← got 4,995 chars
[03:25:09] [tab1]   chunk 8/11 → sending 4,729 chars
[03:25:11] [tab3]   chunk 8/10 ← got 6,089 chars
[03:25:16] [tab3]   chunk 9/10 → sending 5,954 chars
[03:25:26] [tab1]   chunk 8/11 ← got 5,143 chars
[03:25:31] [tab1]   chunk 9/11 → sending 3,902 chars
[03:25:35] [tab3]   chunk 9/10 ← got 6,165 chars
[03:25:40] [tab3]   chunk 10/10 → sending 1,352 chars
[03:25:46] [tab1]   chunk 9/11 ← got 3,897 chars
[03:25:51] [tab1]   chunk 10/11 → sending 4,169 chars
[03:25:51] [tab3]   chunk 10/10 ← got 1,529 chars
[03:25:51] [tab3]   wrote 057_انسان_کامل_جلسه_057.book.md (50,861 chars)
[03:25:51] [tab3] 059: 45,145 chars in 9 chunk(s); 0 cached, sending 9.
[03:25:52] [tab3] Could not read the model label; check the window if the mode matters.
[03:25:52] [tab3]   chunk 1/9 → sending 4,621 chars
[03:26:06] [tab1]   chunk 10/11 ← got 4,493 chars
[03:26:10] [tab3]   chunk 1/9 ← got 4,689 chars
[03:26:11] [tab1]   chunk 11/11 → sending 3,683 chars
[03:26:15] [tab3]   chunk 2/9 → sending 4,704 chars
[03:26:27] [tab1]   chunk 11/11 ← got 4,177 chars
[03:26:27] [tab1]   wrote 058_انسان_کامل_جلسه_058.book.md (56,872 chars)
[03:26:27] [tab1] 060: 49,864 chars in 10 chunk(s); 0 cached, sending 10.
[03:26:29] [tab1] Could not read the model label; check the window if the mode matters.
[03:26:29] [tab1]   chunk 1/10 → sending 4,827 chars
[03:26:32] [tab3]   chunk 2/9 ← got 4,667 chars
[03:26:36] [tab1] Rate limited; waiting 20s (used 0s of 900s).
[03:26:37] [tab3]   chunk 3/9 → sending 5,114 chars
[03:26:46] [tab3] Rate limited; waiting 20s (used 0s of 900s).
[03:26:58] [tab1] Rate limit cleared after 22s.
[03:27:03] [tab1]   chunk 1/10 ← got 4,785 chars
[03:27:08] [tab1]   chunk 2/10 → sending 4,658 chars
[03:27:08] [tab3] Rate limit cleared after 22s.
[03:27:13] [tab3]   chunk 3/9 ← got 5,172 chars
[03:27:18] [tab3]   chunk 4/9 → sending 5,272 chars
[03:27:22] [tab1]   chunk 2/10 ← got 4,753 chars
[03:27:27] [tab1]   chunk 3/10 → sending 4,803 chars
[03:27:34] [tab3]   chunk 4/9 ← got 5,388 chars
[03:27:39] [tab3]   chunk 5/9 → sending 4,264 chars
[03:27:51] [tab1]   chunk 3/10 ← got 4,960 chars
[03:27:54] [tab3]   chunk 5/9 ← got 4,388 chars
[03:27:56] [tab1]   chunk 4/10 → sending 5,187 chars
[03:27:59] [tab3]   chunk 6/9 → sending 5,731 chars
[03:28:12] [tab1]   chunk 4/10 ← got 5,365 chars
[03:28:16] [tab3]   chunk 6/9 ← got 5,686 chars
[03:28:17] [tab1]   chunk 5/10 → sending 5,053 chars
[03:28:21] [tab3]   chunk 7/9 → sending 3,994 chars
[03:28:33] [tab1]   chunk 5/10 ← got 5,063 chars
[03:28:37] [tab3]   chunk 7/9 ← got 4,249 chars
[03:28:38] [tab1]   chunk 6/10 → sending 5,717 chars
[03:28:42] [tab3]   chunk 8/9 → sending 5,956 chars
[03:28:57] [tab1]   chunk 6/10 ← got 5,736 chars
[03:28:59] [tab3]   chunk 8/9 ← got 6,134 chars
[03:29:02] [tab1]   chunk 7/10 → sending 4,201 chars
[03:29:04] [tab3]   chunk 9/9 → sending 5,499 chars
[03:29:16] [tab1]   chunk 7/10 ← got 4,487 chars
[03:29:21] [tab3]   chunk 9/9 ← got 5,590 chars
[03:29:21] [tab3]   wrote 059_انسان_کامل_جلسه_059.book.md (45,979 chars)
[03:29:21] [tab3] 061: 46,932 chars in 9 chunk(s); 0 cached, sending 9.
[03:29:21] [tab1]   chunk 8/10 → sending 5,633 chars
[03:29:25] [tab3] Could not read the model label; check the window if the mode matters.
[03:29:25] [tab3]   chunk 1/9 → sending 4,885 chars
[03:29:30] [tab3] Rate limited; waiting 20s (used 0s of 900s).
[03:29:39] [tab1]   chunk 8/10 ← got 5,839 chars
[03:29:44] [tab1]   chunk 9/10 → sending 5,646 chars
[03:29:52] [tab3] Rate limit cleared after 22s.
[03:29:57] [tab3]   chunk 1/9 ← got 4,830 chars
[03:30:02] [tab1]   chunk 9/10 ← got 5,512 chars
[03:30:02] [tab3]   chunk 2/9 → sending 5,661 chars
[03:30:07] [tab1]   chunk 10/10 → sending 4,155 chars
[03:30:16] [tab3]   chunk 2/9 ← got 5,296 chars
[03:30:21] [tab3]   chunk 3/9 → sending 5,542 chars
[03:30:23] [tab1]   chunk 10/10 ← got 4,314 chars
[03:30:23] [tab1]   wrote 060_انسان_کامل_جلسه_060.book.md (50,832 chars)
[03:30:23] [tab1] 062: 50,407 chars in 10 chunk(s); 0 cached, sending 10.
[03:30:24] [tab1] Could not read the model label; check the window if the mode matters.
[03:30:24] [tab1]   chunk 1/10 → sending 4,776 chars
[03:30:32] [tab1] Rate limited; waiting 20s (used 0s of 900s).
[03:30:37] [tab3]   chunk 3/9 ← got 5,426 chars
[03:30:44] [tab3]   chunk 4/9 → sending 5,315 chars
[03:30:54] [tab1] Rate limit cleared after 22s.
[03:30:59] [tab1]   chunk 1/10 ← got 4,818 chars
[03:30:59] [tab3]   chunk 4/9 ← got 5,273 chars
[03:31:04] [tab1]   chunk 2/10 → sending 4,682 chars
[03:31:04] [tab3]   chunk 5/9 → sending 5,139 chars
[03:31:19] [tab1]   chunk 2/10 ← got 4,674 chars
[03:31:24] [tab3]   chunk 5/9 ← got 5,011 chars
[03:31:24] [tab1]   chunk 3/10 → sending 5,096 chars
[03:31:29] [tab3]   chunk 6/9 → sending 5,032 chars
[03:31:41] [tab1]   chunk 3/10 ← got 5,114 chars
[03:31:46] [tab3]   chunk 6/9 ← got 5,245 chars
[03:31:46] [tab1]   chunk 4/10 → sending 5,210 chars
[03:31:51] [tab3]   chunk 7/9 → sending 5,484 chars
[03:32:00] [tab1]   chunk 4/10 ← got 5,331 chars
[03:32:05] [tab1]   chunk 5/10 → sending 5,093 chars
[03:32:08] [tab3]   chunk 7/9 ← got 5,646 chars
[03:32:13] [tab3]   chunk 8/9 → sending 5,375 chars
[03:32:21] [tab1]   chunk 5/10 ← got 5,138 chars
[03:32:26] [tab1]   chunk 6/10 → sending 5,759 chars
[03:32:29] [tab3]   chunk 8/9 ← got 5,421 chars
[03:32:34] [tab3]   chunk 9/9 → sending 4,511 chars
[03:32:42] [tab1]   chunk 6/10 ← got 5,745 chars
[03:32:46] [tab3]   chunk 9/9 ← got 2,554 chars
[03:32:46] [tab3]   wrote 061_انسان_کامل_جلسه_061.book.md (44,718 chars)
[03:32:46] [tab3] 063: 46,804 chars in 9 chunk(s); 0 cached, sending 9.
[03:32:47] [tab1]   chunk 7/10 → sending 4,211 chars
[03:32:51] [tab3] Could not read the model label; check the window if the mode matters.
[03:32:51] [tab3]   chunk 1/9 → sending 4,842 chars
[03:32:56] [tab3] Rate limited; waiting 20s (used 0s of 900s).
[03:33:05] [tab1]   chunk 7/10 ← got 4,425 chars
[03:33:10] [tab1]   chunk 8/10 → sending 5,702 chars
[03:33:18] [tab3] Rate limit cleared after 22s.
[03:33:22] [tab3]   chunk 1/9 ← got 4,921 chars
[03:33:27] [tab3]   chunk 2/9 → sending 5,562 chars
[03:33:27] [tab1]   chunk 8/10 ← got 5,966 chars
[03:33:32] [tab1]   chunk 9/10 → sending 5,661 chars
[03:33:44] [tab3]   chunk 2/9 ← got 5,515 chars
[03:33:49] [tab3]   chunk 3/9 → sending 5,482 chars
[03:33:50] [tab1]   chunk 9/10 ← got 5,592 chars
[03:33:55] [tab1]   chunk 10/10 → sending 4,233 chars
[03:34:04] [tab3]   chunk 3/9 ← got 5,452 chars
[03:34:09] [tab3]   chunk 4/9 → sending 5,308 chars
[03:34:12] [tab1]   chunk 10/10 ← got 4,328 chars
[03:34:12] [tab1]   wrote 062_انسان_کامل_جلسه_062.book.md (51,149 chars)
[03:34:24] [tab3]   chunk 4/9 ← got 5,423 chars
[03:34:29] [tab3]   chunk 5/9 → sending 5,091 chars
[03:34:46] [tab3]   chunk 5/9 ← got 5,107 chars
[03:34:51] [tab3]   chunk 6/9 → sending 5,016 chars
[03:35:06] [tab3]   chunk 6/9 ← got 5,252 chars
[03:35:11] [tab3]   chunk 7/9 → sending 5,440 chars
[03:35:28] [tab3]   chunk 7/9 ← got 5,687 chars
[03:35:33] [tab3]   chunk 8/9 → sending 5,471 chars
[03:35:48] [tab3]   chunk 8/9 ← got 5,653 chars
[03:35:53] [tab3]   chunk 9/9 → sending 4,604 chars
[03:36:09] [tab3]   chunk 9/9 ← got 4,808 chars
[03:36:09] [tab3]   wrote 063_انسان_کامل_جلسه_063.book.md (47,834 chars)
[03:48:04] [tab2] 049: No finished reply after 900s. Thinking mode can be slow — retry with a larger --response-timeout, or check the browser window for a captcha or usage limit.
[03:48:04] Done with 9 lecture(s) unfinished. Rerun to resume from the cache.
[03:48:53] Opening 2 tab(s) for 10 lecture(s).
[03:48:54] [tab1] 026: 56,986 chars in 11 chunk(s); 0 cached, sending 11.
[03:48:56] [tab2] 043: 55,307 chars in 10 chunk(s); 3 cached, sending 7.
[03:48:57] [tab1] Could not read the model label; check the window if the mode matters.
[03:48:57] [tab1]   chunk 1/11 → sending 5,802 chars
[03:48:57] [tab2] Could not read the model label; check the window if the mode matters.
[03:48:57] [tab2]   chunk 4/10 → sending 5,879 chars
[03:49:15] [tab2]   chunk 4/10 ← got 5,604 chars
[03:49:15] [tab1]   chunk 1/11 ← got 6,189 chars
[03:49:21] [tab2]   chunk 5/10 → sending 5,539 chars
[03:49:21] [tab1]   chunk 2/11 → sending 5,638 chars
[03:49:37] [tab2]   chunk 5/10 ← got 5,495 chars
[03:49:43] [tab2]   chunk 6/10 → sending 5,157 chars
[03:49:45] [tab1]   chunk 2/11 ← got 5,928 chars
[03:49:51] [tab1]   chunk 3/11 → sending 4,921 chars
[03:49:58] [tab2]   chunk 6/10 ← got 5,140 chars
[03:50:04] [tab2]   chunk 7/10 → sending 5,102 chars
[03:50:06] [tab1]   chunk 3/11 ← got 5,231 chars
[03:50:13] [tab1]   chunk 4/11 → sending 5,582 chars
[03:50:20] [tab2]   chunk 7/10 ← got 5,356 chars
[03:50:26] [tab2]   chunk 8/10 → sending 5,338 chars
[03:50:29] [tab1]   chunk 4/11 ← got 5,818 chars
[03:50:35] [tab1]   chunk 5/11 → sending 4,671 chars
[03:50:42] [tab2]   chunk 8/10 ← got 4,923 chars
[03:50:48] [tab2]   chunk 9/10 → sending 5,774 chars
[03:50:51] [tab1]   chunk 5/11 ← got 4,707 chars
[03:50:57] [tab1]   chunk 6/11 → sending 4,641 chars
[03:51:06] [tab2]   chunk 9/10 ← got 5,907 chars
[03:51:12] [tab2]   chunk 10/10 → sending 5,146 chars
[03:51:13] [tab1]   chunk 6/11 ← got 4,898 chars
[03:51:19] [tab1]   chunk 7/11 → sending 5,759 chars
[03:51:28] [tab2]   chunk 10/10 ← got 5,177 chars
[03:51:28] [tab2]   wrote 043_انسان_کامل_جلسه_043.book.md (54,114 chars)
[03:51:28] [tab2] 049: 58,955 chars in 12 chunk(s); 7 cached, sending 5.
[03:51:32] [tab2] Could not read the model label; check the window if the mode matters.
[03:51:32] [tab2]   chunk 8/12 → sending 4,868 chars
[03:51:36] [tab1]   chunk 7/11 ← got 6,021 chars
[03:51:37] [tab2] Rate limited; waiting 20s (used 0s of 900s).
[03:51:42] [tab1]   chunk 8/11 → sending 5,132 chars
[03:51:59] [tab2] Rate limit cleared after 22s.
[03:51:59] [tab1]   chunk 8/11 ← got 5,396 chars
[03:52:04] [tab2]   chunk 8/12 ← got 4,594 chars
[03:52:05] [tab1]   chunk 9/11 → sending 5,472 chars
[03:52:10] [tab2]   chunk 9/12 → sending 5,210 chars
[03:52:25] [tab2]   chunk 9/12 ← got 5,206 chars
[03:52:25] [tab1]   chunk 9/11 ← got 5,207 chars
[03:52:31] [tab2]   chunk 10/12 → sending 3,841 chars
[03:52:31] [tab1]   chunk 10/11 → sending 5,595 chars
[03:52:44] [tab2]   chunk 10/12 ← got 3,987 chars
[03:52:50] [tab1]   chunk 10/11 ← got 5,654 chars
[03:52:50] [tab2]   chunk 11/12 → sending 5,596 chars
[03:52:56] [tab1]   chunk 11/11 → sending 3,785 chars
[03:53:07] [tab2]   chunk 11/12 ← got 5,751 chars
[03:53:11] [tab1]   chunk 11/11 ← got 3,948 chars
[03:53:11] [tab1]   wrote 026_انسان_کامل_جلسه_026.book.md (59,017 chars)
[03:53:11] [tab1] 050: 49,905 chars in 10 chunk(s); 0 cached, sending 10.
[03:53:13] [tab2]   chunk 12/12 → sending 979 chars
[03:53:14] [tab1] Could not read the model label; check the window if the mode matters.
[03:53:14] [tab1]   chunk 1/10 → sending 5,420 chars
[03:53:20] [tab1] Rate limited; waiting 20s (used 0s of 900s).
[03:53:22] [tab2]   chunk 12/12 ← got 1,060 chars
[03:53:22] [tab2]   wrote 049_انسان_کامل_جلسه_049.book.md (53,703 chars)
[03:53:22] [tab2] 051: 54,220 chars in 11 chunk(s); 0 cached, sending 11.
[03:53:26] [tab2] Could not read the model label; check the window if the mode matters.
[03:53:26] [tab2]   chunk 1/11 → sending 4,961 chars
[03:53:42] [tab1] Rate limit cleared after 22s.
[03:53:46] [tab1]   chunk 1/10 ← got 5,275 chars
[03:53:52] [tab1]   chunk 2/10 → sending 4,749 chars
[03:53:57] [tab2] 051: unexpected error: Locator.click: Timeout 30000ms exceeded.
Call log:
  - waiting for locator("button[data-testid='send-button']").first
    - locator resolved to <button interestfor="_r_5u_" aria-disabled="false" aria-label="Send prompt" data-testid="send-button" aria-describedby="_r_5u_" id="composer-submit-button" class="composer-submit-btn composer-submit-button-color h-9 can-hover:relative can-hover:after:absolute can-hover:after:-inset-x-1 can-hover:after:inset-y-0 can-hover:after:content-[''] w-9">…</button>
  - attempting click action
    2 × waiting for element to be visible, enabled and stable
      - element is visible, enabled and stable
      - scrolling into view if needed
      - done scrolling
      - <div data-state="open" class="fixed inset-0 z-50 before:starting:backdrop-blur-0 before:absolute before:inset-0 before:bg-gray-200/50 before:backdrop-blur-[1px] not-motion-reduce:before:transition not-motion-reduce:before:duration-250 dark:before:bg-black/50 before:starting:opacity-0">…</div> from <div class="absolute inset-0" data-ignore-for-page-load="true" id="modal-conversation-history-rate-limit" data-testid="modal-conversation-history-rate-limit">…</div> subtree intercepts pointer events
    - retrying click action
    - waiting 20ms
    2 × waiting for element to be visible, enabled and stable
      - element is visible, enabled and stable
      - scrolling into view if needed
      - done scrolling
      - <div data-state="open" class="fixed inset-0 z-50 before:starting:backdrop-blur-0 before:absolute before:inset-0 before:bg-gray-200/50 before:backdrop-blur-[1px] not-motion-reduce:before:transition not-motion-reduce:before:duration-250 dark:before:bg-black/50 before:starting:opacity-0">…</div> from <div class="absolute inset-0" data-ignore-for-page-load="true" id="modal-conversation-history-rate-limit" data-testid="modal-conversation-history-rate-limit">…</div> subtree intercepts pointer events
    - retrying click action
      - waiting 100ms
    58 × waiting for element to be visible, enabled and stable
       - element is visible, enabled and stable
       - scrolling into view if needed
       - done scrolling
       - <div data-state="open" class="fixed inset-0 z-50 before:starting:backdrop-blur-0 before:absolute before:inset-0 before:bg-gray-200/50 before:backdrop-blur-[1px] not-motion-reduce:before:transition not-motion-reduce:before:duration-250 dark:before:bg-black/50 before:starting:opacity-0">…</div> from <div class="absolute inset-0" data-ignore-for-page-load="true" id="modal-conversation-history-rate-limit" data-testid="modal-conversation-history-rate-limit">…</div> subtree intercepts pointer events
     - retrying click action
       - waiting 500ms

[03:53:57] [tab2] 052: 58,675 chars in 12 chunk(s); 0 cached, sending 12.
[03:53:59] [tab2] Could not read the model label; check the window if the mode matters.
[03:53:59] [tab2]   chunk 1/12 → sending 5,946 chars
[03:54:06] [tab2] Rate limited; waiting 20s (used 0s of 900s).
[03:54:07] [tab1]   chunk 2/10 ← got 4,574 chars
[03:54:13] [tab1]   chunk 3/10 → sending 5,066 chars
[03:54:28] [tab2] Rate limit cleared after 22s.
[03:54:28] [tab1]   chunk 3/10 ← got 4,965 chars
[03:54:33] [tab2]   chunk 1/12 ← got 5,867 chars
[03:54:34] [tab1]   chunk 4/10 → sending 4,437 chars
[03:54:39] [tab2]   chunk 2/12 → sending 5,824 chars
[03:54:50] [tab1]   chunk 4/10 ← got 4,427 chars
[03:54:54] [tab2]   chunk 2/12 ← got 5,560 chars
[03:54:56] [tab1]   chunk 5/10 → sending 5,689 chars
[03:55:00] [tab2]   chunk 3/12 → sending 5,567 chars
[03:55:13] [tab1]   chunk 5/10 ← got 5,685 chars
[03:55:17] [tab2]   chunk 3/12 ← got 5,571 chars
[03:55:19] [tab1]   chunk 6/10 → sending 5,192 chars
[03:55:23] [tab2]   chunk 4/12 → sending 5,383 chars
[03:55:34] [tab1]   chunk 6/10 ← got 5,240 chars
[03:55:37] [tab2]   chunk 4/12 ← got 5,354 chars
[03:55:40] [tab1]   chunk 7/10 → sending 5,776 chars
[03:55:43] [tab2]   chunk 5/12 → sending 5,636 chars
[03:56:00] [tab1]   chunk 7/10 ← got 5,778 chars
[03:56:00] [tab2]   chunk 5/12 ← got 5,782 chars
[03:56:06] [tab1]   chunk 8/10 → sending 5,220 chars
[03:56:06] [tab2]   chunk 6/12 → sending 5,408 chars
[03:56:22] [tab2]   chunk 6/12 ← got 5,269 chars
[03:56:22] [tab1]   chunk 8/10 ← got 5,286 chars
[03:56:28] [tab2]   chunk 7/12 → sending 4,570 chars
[03:56:28] [tab1]   chunk 9/10 → sending 5,567 chars
[03:56:42] [tab2]   chunk 7/12 ← got 4,564 chars
[03:56:45] [tab1]   chunk 9/10 ← got 5,585 chars
[03:56:48] [tab2]   chunk 8/12 → sending 3,994 chars
[03:56:51] [tab1]   chunk 10/10 → sending 2,799 chars
[03:57:03] [tab2]   chunk 8/12 ← got 3,949 chars
[03:57:03] [tab1]   chunk 10/10 ← got 2,843 chars
[03:57:03] [tab1]   wrote 050_انسان_کامل_جلسه_050.book.md (49,676 chars)
[03:57:03] [tab1] 053: 63,913 chars in 13 chunk(s); 0 cached, sending 13.
[03:57:05] [tab1] Could not read the model label; check the window if the mode matters.
[03:57:05] [tab1]   chunk 1/13 → sending 4,064 chars
[03:57:09] [tab2]   chunk 9/12 → sending 5,769 chars
[03:57:17] [tab1] Rate limited; waiting 20s (used 0s of 900s).
[03:57:28] [tab2]   chunk 9/12 ← got 5,886 chars
[03:57:34] [tab2]   chunk 10/12 → sending 3,895 chars
[03:57:39] [tab1] Rate limit cleared after 22s.
[03:57:43] [tab1]   chunk 1/13 ← got 3,845 chars
[03:57:47] [tab2]   chunk 10/12 ← got 4,021 chars
[03:57:49] [tab1]   chunk 2/13 → sending 4,799 chars
[03:57:53] [tab2]   chunk 11/12 → sending 4,252 chars
[03:58:03] [tab1]   chunk 2/13 ← got 4,928 chars
[03:58:08] [tab2]   chunk 11/12 ← got 4,320 chars
[03:58:09] [tab1]   chunk 3/13 → sending 5,361 chars
[03:58:14] [tab2]   chunk 12/12 → sending 2,439 chars
[03:58:25] [tab1]   chunk 3/13 ← got 5,384 chars
[03:58:25] [tab2]   chunk 12/12 ← got 2,519 chars
[03:58:25] [tab2]   wrote 052_انسان_کامل_جلسه_052.book.md (58,684 chars)
[03:58:25] [tab2] 054: 67,463 chars in 14 chunk(s); 0 cached, sending 14.
[03:58:29] [tab2] Could not read the model label; check the window if the mode matters.
[03:58:29] [tab2]   chunk 1/14 → sending 5,264 chars
[03:58:31] [tab1]   chunk 4/13 → sending 4,846 chars
[03:58:47] [tab1]   chunk 4/13 ← got 4,947 chars
[03:58:54] [tab2]   chunk 1/14 ← got 5,208 chars
[03:58:55] [tab1]   chunk 5/13 → sending 5,730 chars
[03:59:00] [tab2]   chunk 2/14 → sending 5,628 chars
[03:59:12] [tab1]   chunk 5/13 ← got 5,820 chars
[03:59:15] [tab2]   chunk 2/14 ← got 5,607 chars
[03:59:18] [tab1]   chunk 6/13 → sending 5,945 chars
[03:59:21] [tab2]   chunk 3/14 → sending 5,189 chars
[03:59:35] [tab1]   chunk 6/13 ← got 6,015 chars
[03:59:37] [tab2]   chunk 3/14 ← got 5,379 chars
[03:59:42] [tab1]   chunk 7/13 → sending 5,893 chars
[03:59:43] [tab2]   chunk 4/14 → sending 5,319 chars
[03:59:58] [tab1]   chunk 7/13 ← got 5,889 chars
[03:59:59] [tab2]   chunk 4/14 ← got 5,430 chars
[04:00:04] [tab1]   chunk 8/13 → sending 4,413 chars
[04:00:05] [tab2]   chunk 5/14 → sending 3,824 chars
[04:00:18] [tab2]   chunk 5/14 ← got 3,762 chars
[04:00:20] [tab1]   chunk 8/13 ← got 4,688 chars
[04:00:24] [tab2]   chunk 6/14 → sending 4,491 chars
[04:00:26] [tab1]   chunk 9/13 → sending 4,635 chars
[04:00:39] [tab2]   chunk 6/14 ← got 4,493 chars
[04:00:41] [tab1]   chunk 9/13 ← got 4,717 chars
[04:00:45] [tab2]   chunk 7/14 → sending 5,754 chars
[04:00:47] [tab1]   chunk 10/13 → sending 5,215 chars
[04:01:01] [tab2]   chunk 7/14 ← got 5,833 chars
[04:01:03] [tab1]   chunk 10/13 ← got 5,272 chars
[04:01:07] [tab2]   chunk 8/14 → sending 5,546 chars
[04:01:09] [tab1]   chunk 11/13 → sending 4,110 chars
[04:01:24] [tab1]   chunk 11/13 ← got 4,152 chars
[04:01:24] [tab2]   chunk 8/14 ← got 5,701 chars
[04:01:30] [tab1]   chunk 12/13 → sending 4,434 chars
[04:01:30] [tab2]   chunk 9/14 → sending 4,323 chars
[04:01:45] [tab1]   chunk 12/13 ← got 4,355 chars
[04:01:45] [tab2]   chunk 9/14 ← got 4,379 chars
[04:01:51] [tab1]   chunk 13/13 → sending 4,475 chars
[04:01:52] [tab2]   chunk 10/14 → sending 4,296 chars
[04:02:06] [tab2]   chunk 10/14 ← got 4,365 chars
[04:02:07] [tab1]   chunk 13/13 ← got 4,301 chars
[04:02:07] [tab1]   wrote 053_انسان_کامل_جلسه_053.book.md (64,337 chars)
[04:02:07] [tab1] 055: 59,634 chars in 12 chunk(s); 0 cached, sending 12.
[04:02:09] [tab1] Could not read the model label; check the window if the mode matters.
[04:02:09] [tab1]   chunk 1/12 → sending 5,013 chars
[04:02:12] [tab2]   chunk 11/14 → sending 4,262 chars
[04:02:27] [tab1]   chunk 1/12 ← got 5,085 chars
[04:02:31] [tab2]   chunk 11/14 ← got 3,959 chars
[04:02:33] [tab1]   chunk 2/12 → sending 4,842 chars
[04:02:37] [tab2]   chunk 12/14 → sending 5,700 chars
[04:02:48] [tab1]   chunk 2/12 ← got 5,020 chars
[04:02:53] [tab2]   chunk 12/14 ← got 5,806 chars
[04:02:54] [tab1]   chunk 3/12 → sending 5,812 chars
[04:02:59] [tab2]   chunk 13/14 → sending 4,388 chars
[04:03:11] [tab1]   chunk 3/12 ← got 5,949 chars
[04:03:15] [tab2]   chunk 13/14 ← got 4,443 chars
[04:03:17] [tab1]   chunk 4/12 → sending 5,883 chars
[04:03:21] [tab2]   chunk 14/14 → sending 3,487 chars
[04:03:34] [tab1]   chunk 4/12 ← got 6,131 chars
[04:03:35] [tab2]   chunk 14/14 ← got 3,700 chars
[04:03:35] [tab2]   wrote 054_انسان_کامل_جلسه_054.book.md (68,091 chars)
[04:03:35] [tab2] 056: 59,217 chars in 12 chunk(s); 0 cached, sending 12.
[04:03:37] [tab2] Could not read the model label; check the window if the mode matters.
[04:03:37] [tab2]   chunk 1/12 → sending 5,377 chars
[04:03:40] [tab1]   chunk 5/12 → sending 4,560 chars
[04:03:54] [tab1] Rate limited; waiting 20s (used 0s of 900s).
[04:03:58] [tab2]   chunk 1/12 ← got 5,457 chars
[04:04:04] [tab2]   chunk 2/12 → sending 4,766 chars
[04:04:16] [tab1] Rate limit cleared after 22s.
[04:04:17] [tab1]   chunk 5/12 ← got 4,599 chars
[04:04:18] [tab2]   chunk 2/12 ← got 4,873 chars
[04:04:23] [tab1]   chunk 6/12 → sending 5,998 chars
[04:04:24] [tab2]   chunk 3/12 → sending 5,735 chars
[04:04:40] [tab2]   chunk 3/12 ← got 5,606 chars
[04:04:40] [tab1]   chunk 6/12 ← got 6,207 chars
[04:04:46] [tab2]   chunk 4/12 → sending 4,410 chars
[04:04:46] [tab1]   chunk 7/12 → sending 5,200 chars
[04:05:02] [tab1]   chunk 7/12 ← got 5,316 chars
[04:05:04] [tab2]   chunk 4/12 ← got 4,606 chars
[04:05:08] [tab1]   chunk 8/12 → sending 4,976 chars
[04:05:10] [tab2]   chunk 5/12 → sending 4,797 chars
[04:05:24] [tab1]   chunk 8/12 ← got 5,013 chars
[04:05:24] [tab2]   chunk 5/12 ← got 4,763 chars
[04:05:30] [tab1]   chunk 9/12 → sending 5,233 chars
[04:05:30] [tab2]   chunk 6/12 → sending 5,790 chars
[04:05:47] [tab1]   chunk 9/12 ← got 5,284 chars
[04:05:47] [tab2]   chunk 6/12 ← got 5,984 chars
[04:05:53] [tab1]   chunk 10/12 → sending 4,152 chars
[04:05:53] [tab2]   chunk 7/12 → sending 5,840 chars
[04:06:08] [tab1]   chunk 10/12 ← got 4,473 chars
[04:06:11] [tab2]   chunk 7/12 ← got 5,976 chars
[04:06:14] [tab1]   chunk 11/12 → sending 4,352 chars
[04:06:17] [tab2]   chunk 8/12 → sending 5,171 chars
[04:06:29] [tab1]   chunk 11/12 ← got 4,465 chars
[04:06:33] [tab2]   chunk 8/12 ← got 4,994 chars
[04:06:35] [tab1]   chunk 12/12 → sending 3,622 chars
[04:06:39] [tab2]   chunk 9/12 → sending 4,059 chars
[04:06:48] [tab1]   chunk 12/12 ← got 3,705 chars
[04:06:48] [tab1]   wrote 055_انسان_کامل_جلسه_055.book.md (61,269 chars)
[04:06:54] [tab2]   chunk 9/12 ← got 3,790 chars
[04:07:00] [tab2]   chunk 10/12 → sending 4,342 chars
[04:07:14] [tab2]   chunk 10/12 ← got 4,260 chars
[04:07:20] [tab2]   chunk 11/12 → sending 5,743 chars
[04:07:39] [tab2]   chunk 11/12 ← got 5,644 chars
[04:07:45] [tab2]   chunk 12/12 → sending 3,196 chars
[04:07:59] [tab2]   chunk 12/12 ← got 3,451 chars
[04:07:59] [tab2]   wrote 056_انسان_کامل_جلسه_056.book.md (59,426 chars)
[04:07:59] Done with 1 lecture(s) unfinished. Rerun to resume from the cache.
[04:08:40] Opening 1 tab(s) for 1 lecture(s).
[04:08:41] [tab1] 051: 54,220 chars in 11 chunk(s); 0 cached, sending 11.
[04:08:45] [tab1] Could not read the model label; check the window if the mode matters.
[04:08:45] [tab1]   chunk 1/11 → sending 4,961 chars
[04:09:04] [tab1]   chunk 1/11 ← got 4,911 chars
[04:09:12] [tab1]   chunk 2/11 → sending 5,428 chars
[04:09:27] [tab1]   chunk 2/11 ← got 5,257 chars
[04:09:35] [tab1]   chunk 3/11 → sending 4,868 chars
[04:10:24] [tab1]   chunk 3/11 ← got 4,742 chars
[04:10:32] [tab1]   chunk 4/11 → sending 5,544 chars
[04:10:49] [tab1]   chunk 4/11 ← got 5,162 chars
[04:10:57] [tab1]   chunk 5/11 → sending 4,094 chars
[04:11:11] [tab1]   chunk 5/11 ← got 4,067 chars
[04:11:19] [tab1]   chunk 6/11 → sending 3,936 chars
[04:11:32] [tab1]   chunk 6/11 ← got 3,755 chars
[04:11:40] [tab1]   chunk 7/11 → sending 5,709 chars
[04:11:58] [tab1]   chunk 7/11 ← got 5,701 chars
[04:12:06] [tab1]   chunk 8/11 → sending 4,092 chars
[04:12:20] [tab1]   chunk 8/11 ← got 4,118 chars
[04:12:28] [tab1]   chunk 9/11 → sending 4,130 chars
[04:12:41] [tab1]   chunk 9/11 ← got 3,710 chars
[04:12:49] [tab1]   chunk 10/11 → sending 5,483 chars
[04:13:09] [tab1]   chunk 10/11 ← got 5,088 chars
[04:13:17] [tab1]   chunk 11/11 → sending 5,983 chars
[04:13:35] [tab1]   chunk 11/11 ← got 5,259 chars
[04:13:35] [tab1]   wrote 051_انسان_کامل_جلسه_051.book.md (51,790 chars)
[04:13:35] Done.
