Provider: ElevenLabs Scribe (scribe_v2)
Progress file (updated after each chunk): /Users/mohammadreza/IslamASR/Audios/AyatollahShojaee/Mabohas_Mozui/027/027_27- اشاره به آيه 12سوره طه.partial.txt
  preparing audio (027_27- اشاره به آيه 12سوره طه.mp3)...
  27:29 → 1 request(s)
  progress file: /Users/mohammadreza/IslamASR/Audios/AyatollahShojaee/Mabohas_Mozui/027/027_27- اشاره به آيه 12سوره طه.partial.txt
  [1/1] 0:00–27:29 (9661 KB)...
      → 16831 chars: اعوذ بالله السميع العليم من الشيطان الرجيم. بسم الله الرحمن الرحيم. آیا داستان موسی را شنیده‌اید؟ به شما رسیده است داستان حدیث موسی سلام الله عليه. اذ رأى ناراً ترجمه می‌کنم. منظور…

============================================================
TRANSCRIPTION (preview)
============================================================
اعوذ بالله السميع العليم من الشيطان الرجيم. بسم الله الرحمن الرحيم. آیا داستان موسی را شنیده‌اید؟ به شما رسیده است داستان حدیث موسی سلام الله عليه. اذ رأى ناراً ترجمه می‌کنم. منظورم تفسیر نیست فقط یک در یک آیه تذکر لازم را با توضیحی که گفته می‌شود می‌خواهم عرض بکنم. ترجمه است اینها. و هل أتاك حديث موسى؟ آیا داستان حضرت موسی سلام الله عليه به شما رسیده است؟ اذ رأى ناراً وقتی که آتشی را از دور دید. فقال لأهله امكثوا إني آنس بنارٍ. به اهلش گفت که شما اینجا بایستید. من آتشی را من می‌بینم. ولأتيکن من بروم شاید شما از آن آتش قوسی بیاورم یا آنجا کسی را پیدا بکنم که هدایتگر باشد. شب بود می‌رفتند حضرت موسی از مدین به مصر با اهلش و راه را هم گم کرده بودند. فلما أتاها نادیها يا موسى وقتی که آمد به سوی آن آتش ندا آمد ای موسی. إني أنا ربك من پروردگار تو هستم. فخلع نعليك نعليك خود را دربیار. إنك بالواد المقدس طوى. تو در وادی مقدس و بقعه مبارک طوی هستی. فخلع نعليك إنك بالواد المقدس طوى. کفش‌های خود را دربیار. اینجا جای مقدسی است. ادب این مقام را مراعات بکن. تأمل نکنیم آیه‌ای که می‌خواهد بگوید و چه تأثیری را برای احباب قرآن که ما هم در زمره اون‌ها شمرده می‌شویم دارد این آیه. فخلع نعليك کفش‌های خود را دربیار نعلیک را. إنك بالواد المقدس طوى. تو در وادی مقدس هستی. اسم اون وادی مقدس طوی است. طور سینا. چه درسی را می‌خواهد آیه بگوید؟ چه درسی را به ما می‌دهد؟ در موقعی که موقف حضور حق است و مقام مخصوصی است و مقام مقدس است، نمی‌شود با کفش وارد شد. باید کفش‌ها را درآورد. [نفس عمیق] هر موقعی ادبی دارد، هر مقامی آدابی دارد و هر موقف و هر مقامی که آداب مخصوص و ادب مخصوص دارد بدون مراعات ادب قدم گذاشتن جز هلاکت چیزی در بر نخواهد داشت و یا انسان ترک خواهد شد و یا الی آخر. مرحله اول بود که خدای متعال حضرت موسی را انتخاب می‌کند، اختیار می‌کند. وَأَنَا اخْتَرْتُكَ فَاسْتَمِعْ لِي [نفس عمیق] موقف، موقف حضور حق است. دستور می‌رسد ادب موقف را مراعات بکن. فخلع نعليك إنك بالواد المقدس طوى. حالا این نعلیک چیست؟ من اول در این باب روایتی را برای شما می‌خوانم. بعد اون درس لازم و تذکرات لازم را به شما عرض کنم. [نفس عمیق] آیات سوره طه از یادتون نرود از آیه نه تا سیزده. صحبت منم در آیه إني أنا ربك فخلع نعليك إنك
… (truncated; see saved file for full transcript)

============================================================
SUMMARY
============================================================
Input file      : 027_27- اشاره به آيه 12سوره طه.mp3
Provider        : ElevenLabs Scribe (scribe_v2)
Audio duration  : 27:29 (1648.69 s)
Requests        : 1
Billed duration : 1649 s (rounded up to nearest second)
Rate            : $0.22 / audio hour
Estimated cost  : $0.100753 USD
Transcript saved: /Users/mohammadreza/IslamASR/Audios/AyatollahShojaee/Mabohas_Mozui/027/027_27- اشاره به آيه 12سوره طه.txt
============================================================
