Provider: ElevenLabs Scribe (scribe_v2)
Progress file (updated after each chunk): Audios/AyatollahShojaee/Tazkiyeh/033/033_اذیت مؤمن2 _ بحث تزکیه.partial.txt
  preparing audio (033_اذیت مؤمن2 _ بحث تزکیه.mp3)...
  26:22 → 1 request(s)
  progress file: Audios/AyatollahShojaee/Tazkiyeh/033/033_اذیت مؤمن2 _ بحث تزکیه.partial.txt
  [1/1] 0:00–26:22 (9268 KB)...
      → 17048 chars: بسم الله الرحمن الرحیم. از جلوات و ظهورات هوا بحث می‌کردیم. عن ابی عبدالله علیه السلام قال قال رسول الله صلی الله علیه و آله و سلم. در اصول کافی بودها. اصول. رسول الله فرمود قال ال…

============================================================
TRANSCRIPTION (preview)
============================================================
بسم الله الرحمن الرحیم. از جلوات و ظهورات هوا بحث می‌کردیم. عن ابی عبدالله علیه السلام قال قال رسول الله صلی الله علیه و آله و سلم. در اصول کافی بودها. اصول. رسول الله فرمود قال الله تبارک و تعالی خدای تبارک تعالی فرمود من أهان لی ولياً فقد أرسد لمحاربتي. هر کس ولی‌ای از مرا توهین می‌کند، این در کمین نشسته با من جنگ می‌کند. فقد أرسد لمحاربتي. رس-- در کمین نشسته با من جنگ می‌کند. خب دیگه توضیح نمی‌خواد این روایت. باز در همین باب در اصول کافی، باب من ازل مسلمین و اهتدى بهم حدیث چهار. عن ابی عبدالله علیه السلام. این در توهین است باز. قال حضرت صادق فرمود من حقّر مؤمناً مسكينا و غیر مسکین. هر کس تحقیر بکند، کوچک بشمارد مؤمن نادار را یا غیر نادار را، مؤمن را مسکین باشد غیر مسکین. گفتم تحقیر را خوب دقت کنید. لازم نیست شما برید در میدان به اصطلاح بر علیه کسی یه تحقیر انجام بدید. همین که در یک برخورد در یک مجلس عادی تحقیر کردید کار شما به خطر افتاده. لطمه خواهید خورد. تحقیر دیگه معنی وسیعی دارد. خیر با کسی صحبت می‌کنید یک اسمی از مؤمن برده شد. شما طوری یاد کردید و کوچک کردید. لطمه خوردید. تحقیر یه معنی وسیعی دارد. من حقّر مؤمناً مسكينا و غیر مسکین. هر کس مؤمن مسکین یا غیر مسکین را تحقیر بکند لم یزل الله عز و جل حابراً له خدا همیشه او را تحقیر می‌کند. خب خدا همیشه تحقیر می‌کند. شما اهل ذوق هستید. تحقیر می‌کند یعنی این شخص اگر سالک باشد در طریقش خدا به او نظر می‌کند، ارزش می‌دهد، پیش می‌رود یا نمی‌رود؟ پیش نمی‌رود. در اذلال هم یک حدیث بخوانم. اذلال خوار کردن مؤمن. باز در همین باب از اصول کافی. حدیث شش. عن معلى بن خنیس، عن ابی عبدالله علیه السلام. احادیث نور است همش. من تندتند حدیث می‌خوانم که و با اون پایه بحثی که ریختیم دیگه این حدیث‌ها برا شما روشنه که هر کدامش نکاتی دارد. قال حضرت صادق فرمود قال رسول الله صلی الله علیه و آله و سلم رسول الله فرمود که قال الله عز و جل خدا فرموده قد نابذنی من أزل عبدی المؤمن با من به جنگ برخاست هرکس اذلال کند بنده‌ی-- اذلال بکند بنده‌ی مؤمن مرا. خب. از این باب است. خوب توجه کنید از این باب است. از باب اذلال و خوار کردن و تحقیر مؤمن است. کدام قسمت؟ اینکه انسان سعی کند یک مؤمنی را در نظر مردم کوچک بکند. ببینید اشتباه نشود ها. این که تا به حال می
… (truncated; see saved file for full transcript)

============================================================
SUMMARY
============================================================
Input file      : 033_اذیت مؤمن2 _ بحث تزکیه.mp3
Provider        : ElevenLabs Scribe (scribe_v2)
Audio duration  : 26:22 (1581.73 s)
Requests        : 1
Billed duration : 1582 s (rounded up to nearest second)
Rate            : $0.22 / audio hour
Estimated cost  : $0.096661 USD
Transcript saved: Audios/AyatollahShojaee/Tazkiyeh/033/033_اذیت مؤمن2 _ بحث تزکیه.txt
============================================================
