Provider: ElevenLabs Scribe (scribe_v2)
Progress file (updated after each chunk): Audios/AyatollahShojaee/Tazkiyeh/089/089_مراتب يقين _ بحث تزکیه.partial.txt
  preparing audio (089_مراتب يقين _ بحث تزکیه.mp3)...
  25:03 → 1 request(s)
  progress file: Audios/AyatollahShojaee/Tazkiyeh/089/089_مراتب يقين _ بحث تزکیه.partial.txt
  [1/1] 0:00–25:03 (8810 KB)...
      → 15822 chars: اعوذ بالله السميع العليم من الشيطان الرجيم. بسم الله الرحمن الرحيم. فهمیدیم که با عمل علوم میاد در ابواب مختلف و در مراتب مختلف. توضیحش رو گفتیم. اینجا لازم است من بعد از این توضیح…

============================================================
TRANSCRIPTION (preview)
============================================================
اعوذ بالله السميع العليم من الشيطان الرجيم. بسم الله الرحمن الرحيم. فهمیدیم که با عمل علوم میاد در ابواب مختلف و در مراتب مختلف. توضیحش رو گفتیم. اینجا لازم است من بعد از این توضیح به شما عرض بکنم که این همان چیزی است که به نام مراتب یقین نامیده می‌شود. ترجمه کنید مراتب یقین. خب شما و ما خیلی شنیده‌ایم یعنی در آیات و روایات گفته شده است و ما هم شنیده‌ایم که مؤمنین کسانی از ارباب یقین هستند، دارای یقین می‌شوند، در منزل یقین می‌شوند، در منزلت یقین قرار می‌گیرند، اهل یقین هستند و اینجا. یقین یعنی چه؟ یقین همان دانسته‌های انسان وقتی محکم‌تر و ریشه‌دارتر و روشن‌تر شد می‌شود چی؟ می‌شود یقین. الان ببینید من و شما معتقد هستیم که هو الأول والآخر والظاهر و چی؟ والباطن. یعنی من و شما به عنوان مؤمن، حالا صالح یا غیرصالح فرقی نمی‌کند، یاد گرفتیم که هو الأول، اوست اول. هو الأول والآخر، و همان است آخر. والظاهر، اوست ظاهر. والباطن، اوست باطن. خدای علم. خدا هم ظاهر است هم باطن است. از همه چیز ظاهرتر است، از همه چیز باطن‌تر است، از همه چیز اول‌تر است، از همه چیز آخرتر است. خب؟ از همه چیز ظاهرتر است. این عقیده ما است. معتقدیم درست است اما نمی‌فهمیم. اینطور است یا اینطور نیست؟ امام در صحبت‌هاش می‌گفت ما معتقدیم اما تأکید می‌کنه اما نمی‌دانیم. خدا از همه چیز ظاهرتر است. هیچ چه مانند خدا ظاهر نیست. هرچی بخواد ظاهر بشه، ظهور داشته باشد به کمک خدا ظهور پیدا می‌کند. دقت می‌کنید‌ها؟ الله نور السماوات والأرض. اصلاً ظاهر اول از همه ظاهرتر، روشن‌تر، ظاهر بالاصاله، اون که خودش ظاهر است، اوست. بقیه هرچی بخواد ظهور داشته باشد به او، به کمک او، به سبب او، به ظاهر کردن او، با به اصطلاح اتصال به او، با ارتباط به او، با خواست او ظاهر می‌شود. این حقیقت است. این عقیده ما است. قرآن اینجور می‌گه. این عقیده یکی از علم‌های ما، چیزی است که ما می‌دانیم. یکی از علوم ما است، یکی از دانسته‌های ما است، یکی از معتقدات ما است، یکی از اجزاء ایمان ما است. خب حالا صالح باشیم، غیرصالح، این را می‌دانیم. اما این می‌دانیم ما، خب وقتی به سلوک شروع کردیم و در سلوک موفق شدیم، خوب دقت کنید‌ها، پیش رفتیم و بنا شد که علم بالاتر به قلب ما نازل بشه، از تعلیم بالاتر ربوبی برخوردار بشیم، ارباب از ابواب کشف و شهود به روی ما باز شد. 
… (truncated; see saved file for full transcript)

============================================================
SUMMARY
============================================================
Input file      : 089_مراتب يقين _ بحث تزکیه.mp3
Provider        : ElevenLabs Scribe (scribe_v2)
Audio duration  : 25:03 (1503.47 s)
Requests        : 1
Billed duration : 1504 s (rounded up to nearest second)
Rate            : $0.22 / audio hour
Estimated cost  : $0.091879 USD
Transcript saved: Audios/AyatollahShojaee/Tazkiyeh/089/089_مراتب يقين _ بحث تزکیه.txt
============================================================
