Provider: ElevenLabs Scribe (scribe_v2)
Progress file (updated after each chunk): /Users/mohammadreza/IslamASR/Audios/AyatollahShojaee/Mabahese_Tohidi/007/007_مباحث-توحیدی-7.partial.txt
  preparing audio (007_مباحث-توحیدی-7.mp3)...
  19:21 → 1 request(s)
  progress file: /Users/mohammadreza/IslamASR/Audios/AyatollahShojaee/Mabahese_Tohidi/007/007_مباحث-توحیدی-7.partial.txt
  [1/1] 0:00–19:21 (6804 KB)...
      → 12125 chars: بسم الله الرحمن الرحیم. قل هو الله أحد به نام خداوند بخشایشگر مهربان. بگو خدا یکی است. [موسیقی] توحیدنامه. با بیانات حضرت آیت الله محمد شجاعی. [موسیقی] مقصود از بحث توحید عبارت است…

============================================================
TRANSCRIPTION (preview)
============================================================
بسم الله الرحمن الرحیم. قل هو الله أحد به نام خداوند بخشایشگر مهربان. بگو خدا یکی است. [موسیقی] توحیدنامه. با بیانات حضرت آیت الله محمد شجاعی. [موسیقی] مقصود از بحث توحید عبارت است از معرفت خدای متعال، صفات خدای متعال و افعال خدای متعال. یکی از بیان دیگر به اصطلاح معرفت و احسانیت ذات مقدس حق و اینکه جز ذات او ذاتی نیست و جز صفات او صفاتی نیست و جز افعال او افعالی نیست. بسم الله الرحمن الرحیم. به امام صادق علیه السلام عرض شد به چه چیز شخص مؤمن شناخته می‌شود؟ حضرت فرمودند بر اینکه در مقابل خدای متعال و دستورات او تسلیم و مطیع محض است و به آنچه خداوند برایش تقدیر فرموده خواه موجب خشنودی او باشد و یا او را ناخوشایند آید راضی خواهد بود. خوبان شنونده سلام. ویژه برنامه توحیدنامه را می‌شنوید از شبکه رادیویی قرآن و بهره‌مند می‌شوید از مجموعه مباحث عالمانه حضرت آیت الله محمد شجاعی درباره معرفت و شناخت خداوند متعال. با ما همراه باشید. الله، الله، الله، الله، الله، الله، الله، الله، الله اکبر، الله اکبر، الله اکبر، الله اکبر، الله اکبر لا اله الا الله، الله اکبر، الله اکبر، الله اکبر، الله اکبر، الله اکبر لا اله الا الله، الله، الله، الله، الله، الله، الله، الله اکبر، الله اکبر، الله اکبر، الله اکبر، الله اکبر لا اله الا الله، الله اکبر، الله اکبر، الله اکبر، الله اکبر، الله اکبر لا اله الا الله دوستان حضرت آیت الله محمد شجاعی در برنامه گذشته درباره سیر عبودی بندگان خدا فرمودند اگر کسی در سیر عبودی در صراط مستقیم بندگی قرار گیرد یعنی شب و روز مقصدش وجه خدا و مرتب به ذکر او مشغول باشد به طوری که در همه احوال به یاد او و در طلب او باشد و از غفلت کاملاً دور باشد و مذکوری به خدا نداشته باشد. تمام فکر و دل و قلب او متوجه خدا باشد. اگر ذکر خدا و دوری از غیر خدا ادامه پیدا کند به مرحله فنای فی وجه الله می‌رسد و اینجاست که خود را هم فراموش می‌کند. انسان هم مانند همه موجودات در اصل موقعیت خود در نظام هستی فانی در وجه خداست و اگر به این حقیقت برسد به مکان اصلی و موطن اصلی خود رسیده است. خب دوستان اکنون توجه شما را جلب می‌کنیم به ادامه بیانات عالمانه حضرت آیت الله محمد شجاعی درباره توحید خداوند متعال. این اشعارم بخونم حالا دیگه آمدیم رسیدیم به اینجا. اشعار را بخوانم بعد می‌روم سراغ آیات ق
… (truncated; see saved file for full transcript)

============================================================
SUMMARY
============================================================
Input file      : 007_مباحث-توحیدی-7.mp3
Provider        : ElevenLabs Scribe (scribe_v2)
Audio duration  : 19:21 (1161.18 s)
Requests        : 1
Billed duration : 1162 s (rounded up to nearest second)
Rate            : $0.22 / audio hour
Estimated cost  : $0.070961 USD
Transcript saved: /Users/mohammadreza/IslamASR/Audios/AyatollahShojaee/Mabahese_Tohidi/007/007_مباحث-توحیدی-7.txt
============================================================
