Provider: ElevenLabs Scribe (scribe_v2)
Progress file (updated after each chunk): Audios/AyatollahShojaee/Tazkiyeh/110/110_راه حل رهايي از خواطر شيطاني _ بحث تزکیه.partial.txt
  preparing audio (110_راه حل رهايي از خواطر شيطاني _ بحث تزکیه.mp3)...
  30:40 → 1 request(s)
  progress file: Audios/AyatollahShojaee/Tazkiyeh/110/110_راه حل رهايي از خواطر شيطاني _ بحث تزکیه.partial.txt
  [1/1] 0:00–30:40 (10781 KB)...
      → 18929 chars: بسم الله الرحمن الرحیم. در جلسه گذشته در قسمت دیگری از خواطر، خواطر نفسانی و وسواس شیطانی که گفتیم مشکل‌ترین اقسام خواطر و وسواس است و به سختی می‌شود اون‌ها را از قلب دور کرد، توضی…

============================================================
TRANSCRIPTION (preview)
============================================================
بسم الله الرحمن الرحیم. در جلسه گذشته در قسمت دیگری از خواطر، خواطر نفسانی و وسواس شیطانی که گفتیم مشکل‌ترین اقسام خواطر و وسواس است و به سختی می‌شود اون‌ها را از قلب دور کرد، توضیحات دادیم. اون قسمت از خواتری که برای همه مبتلا به است تقریباً می‌شود گفت بدون استثنا، الا اون‌ها که با مجاهدت‌ها و ریاضت‌هایی که خیلی سخت هم هست می‌توانند اون خواطر را از قلب خود دور کنند. توضیح دادیم این خواطر چگونه است و دارای چند نوع است. در مجموع خواطر و وسواسی بود که به عمل مربوط نیست. افکار، خیالات معمولی که خلاصه می‌شد در آرزوها، در احوال غالب، در رابطه با مسائل مربوط به زندگی و در هیاهو یعنی نگرانی‌ها و اضطراب‌ها در ارتباط با مسائل دنیا. در کل اونچه که همیشه قلب من و شما را مشغول می‌کند به عمل هم ربطی ندارد. همون که ما هرچه سعی می‌کنیم در نماز خود را از اون‌ها ولو در مدت کمی تخلیه کنیم و قلب خود را و نمی‌توانیم اون‌ها، اون خواطرچه. این قبیل خواطر که به طور کلی سیطره بر قلب همه ما دارد، خلاص شدن از دست اون‌ها مشکل‌ترین مسئله است و خودشم از جمله خواتر شیطانی و وسواس نفسانی است. توضیح دادم در جلسه گذشته این چنین فکر نشود که این‌ها اشکال ندارد و این‌ها به اصطلاح شیطانی نیست، نفسانی نیست. سری آیه که خوندم توضیح دادم و تحلیل‌ها که داشتیم به خوبی نتیجه می‌گیریم که این‌ها همان از جمله خواتر شیطانی هستند مسلماً از ناحیه شیطان است و برای سالکی که شروع می‌کند به سلوک از جمله موانع سخت راه است و اکثر اون‌ها که در سلوک به جایی نمی‌رسند یا می‌شود گفت همه اون‌ها که در سلوک به جایی نمی‌رسند وقتی صادقانه شروع کردند حتی با شرط صادقانه بودن از اینجا شکست می‌خورند. چون این کار خیلی سخت و دلیلش هم این است که، دلیلش رو من اون موقع نگفتم ولی اجمالاً اشاره بکنم. گرچه در خلال صحبت‌های قبلی اشاره شده به این مسئله. دلیلش همین است ما یک عمر قلب خودمون را آزاد گذاشته‌ایم با این خواطر آنچنان انس گرفته و این خواطر راهشون به قلب ما باز بوده، هیچ ممانعتی نبوده و بلکه قلب خود را به سوی آنها کاملاً دعوت هم کرده‌ایم، برده‌ایم، مشغول کرده‌ایم. آنچنان به اصطلاح یک عمر ما مشغول این خواطر و این خواطر را به قلب خود راه داده‌ایم به هیچ ممانعتی نبوده و بلکه تشویق هم بوده و تمهید مقدمات هم بوده که در کل انس قلب ما با این‌ها
… (truncated; see saved file for full transcript)

============================================================
SUMMARY
============================================================
Input file      : 110_راه حل رهايي از خواطر شيطاني _ بحث تزکیه.mp3
Provider        : ElevenLabs Scribe (scribe_v2)
Audio duration  : 30:40 (1839.89 s)
Requests        : 1
Billed duration : 1840 s (rounded up to nearest second)
Rate            : $0.22 / audio hour
Estimated cost  : $0.112438 USD
Transcript saved: Audios/AyatollahShojaee/Tazkiyeh/110/110_راه حل رهايي از خواطر شيطاني _ بحث تزکیه.txt
============================================================
