Provider: ElevenLabs Scribe (scribe_v2)
Progress file (updated after each chunk): /Users/mohammadreza/IslamASR/Audios/AyatollahShojaee/CheraghHedayat/006/006_درخصوص حضرت اباعبدالله (ع) (چراغ هدایت) 6_.partial.txt
  preparing audio (006_درخصوص حضرت اباعبدالله (ع) (چراغ هدایت) 6_.mp3)...
  17:40 → 1 request(s)
  progress file: /Users/mohammadreza/IslamASR/Audios/AyatollahShojaee/CheraghHedayat/006/006_درخصوص حضرت اباعبدالله (ع) (چراغ هدایت) 6_.partial.txt
  [1/1] 0:00–17:40 (6213 KB)...
      → 10016 chars: حسین، حسین، حسین، حسین. حسین، حسین، حسین، حسین. شهید چرا داد حسین. حسین، حسین، حسین، حسین. بری بنه نه حسین. حسین، حسین، حسین- السلام علیک یا أبا عبدالله الحسین- حسین، حسین- وعلی ال…

============================================================
TRANSCRIPTION (preview)
============================================================
حسین، حسین، حسین، حسین. حسین، حسین، حسین، حسین. شهید چرا داد حسین. حسین، حسین، حسین، حسین. بری بنه نه حسین. حسین، حسین، حسین- السلام علیک یا أبا عبدالله الحسین- حسین، حسین- وعلی الارواح التي حلت- حسین، حسین، حسین، حسین- بثغرك. حسین، حسین، حسین، حسین. بری بنه نه حسین. حسین، حسین، حسین- چراغ هدایت. چراغ و مصباح هدایت تویی. چراغ و مصباح هدایت تویی. سفینه‌ی غصه‌ را یم کن. سفینه‌ی غصه‌ را یم کن. بسم الله الرحمن الرحيم. وهو رب الحسین الذي قتل عطشانا. سلام بر حسین و عاشقان حسین. دوستان این ششمین برنامه چراغ هدایت است که می‌شنوید. در این برنامه استاد فرزانه آیت الله محمد شجاعی اسراری از شخصیت حضرت سید و شهدا علیه السلام را برای ما بیان می‌کنند. در برنامه گذشته شنیدیم که استاد به شرح این نکته مهم پرداختند که بیت المعمور مرتبه نازله عرش خداست و کعبه مرتبه نازله بیت المعمور بر زمین است و کعبه که در بیت الله هست در عالم ظاهر خانه خداست. اما قلب سید و شهدا علیه السلام حقیقت عرش است و بیت الله در اصل وجود مقدس امام حسین علیه السلام است. این نکته را استاد مستند به آیات و روایات بحث کردند. در این برنامه استاد نکات دیگری را در رابطه با شخصیت و جایگاه حضرت سید و شهدا علیه السلام بیان می‌کنند که به اتفاق می‌شنوید. بسم الله الرحمن الرحيم. الحمد لله رب العالمين وصلى الله على محمد و آله الطاهرين. بسم الله الرحمن الرحيم. بعد جملاتی در زیارت نامه‌است. يا مَنْ رِضاهُ مِن رِضَا الرَّحمن وسَخَطُهُ مِن سَخَطِ الرَّحمن. خب این جمله، جمله ساده‌ای نیست. ای آن کسی که رضاش رضای رحمان است، سخطش سخط رحمان است. رضای رحمان عاملش حضرت است. همان‌طور که سخطش را هم عاملش اوست. سخط او سخط رحمان است. رضای او رضای رحمان است و رضا هم انشاالله اگر شما بیدار بودید، هوشیار بودید و اهل درک بودید، خواستید یک وقتی رضای خدا را به دست بیارید و در طریق هدایت نظر خدا را برای خودتان کسب کنید، باید سعی در توجه کسب توجه حضرت ابی عبدالله سلام الله علیه داشته باشید. يا مَنْ رِضاهُ مِن رِضَا الرَّحمن وسَخَطُهُ مِن سَخَطِ الرَّحمن. یا مثلاً بعضی قطعات هست که می‌گوید که به خود حضرت اشاره می‌کند و می‌گوید که من راهی را که باید بیایم و در کنار تو قرار بگیرم، در چه حالتی است؟ دقت می‌کنید؟ آن راهی که من باید در پیش بگیرم و بیایم و 
… (truncated; see saved file for full transcript)

============================================================
SUMMARY
============================================================
Input file      : 006_درخصوص حضرت اباعبدالله (ع) (چراغ هدایت) 6_.mp3
Provider        : ElevenLabs Scribe (scribe_v2)
Audio duration  : 17:40 (1060.31 s)
Requests        : 1
Billed duration : 1061 s (rounded up to nearest second)
Rate            : $0.22 / audio hour
Estimated cost  : $0.064797 USD
Transcript saved: /Users/mohammadreza/IslamASR/Audios/AyatollahShojaee/CheraghHedayat/006/006_درخصوص حضرت اباعبدالله (ع) (چراغ هدایت) 6_.txt
============================================================
