Provider: ElevenLabs Scribe (scribe_v2)
Progress file (updated after each chunk): /Users/mohammadreza/IslamASR/Audios/AyatollahShojaee/Mabahese_Tohidi/010/010_مباحث-توحیدی-10.partial.txt
  preparing audio (010_مباحث-توحیدی-10.mp3)...
  23:58 → 1 request(s)
  progress file: /Users/mohammadreza/IslamASR/Audios/AyatollahShojaee/Mabahese_Tohidi/010/010_مباحث-توحیدی-10.partial.txt
  [1/1] 0:00–23:58 (8425 KB)...
      → 12618 chars: بسم الله الرحمن الرحيم. قل هو الله أحد. به نام خداوند بخشایشگر مهربان. بگو خدا یکی است. توحیدنامه. با بیانات حضرت آیت الله محمد شجاعی. مقصود از بحث توحید عبارت است از معرفت خدای مت…

============================================================
TRANSCRIPTION (preview)
============================================================
بسم الله الرحمن الرحيم. قل هو الله أحد. به نام خداوند بخشایشگر مهربان. بگو خدا یکی است. توحیدنامه. با بیانات حضرت آیت الله محمد شجاعی. مقصود از بحث توحید عبارت است از معرفت خدای متعال، صفات خدای متعال و افعال خدای متعال. یکی از بیان دیگر به اصطلاح معرفت و حلالیت ذات مقدس حق و اینکه جز ذات او ذاتی نیست و جز صفات او صفاتی نیست و جز افعال او افعالی نیست. بسم الله الرحمن الرحيم. از آن دم که مشتی خاک از زمین برگرفتی و از روح خویش در آن دمیدی، انسان در طلب تو و در آرزوی وصل تو می‌سوزد. حس پرستش موجودی برتر و پناه گرفتن در سایه‌ای بی‌نیاز و بی‌پایان، هماره آدمی را به سوی تو می‌کشاند. اگرچه بسیاری راه را به خطا رفتند اما بسیاری نیز به امر تو آبی‌ترین لحظه‌های آرامش را در درگاه تو جستند و سبزترین دشت‌های هموار آزودی و طمأنینه را در سجاده عبادت تو یافتند. دوستان قرآنی سلام. برنامه توحیدنامه را از شبکه سراسری رادیو قرآن می‌شنوید و بهره می‌برید از بیانات عالمانه حضرت آیت الله محمد شجاعی درباره توحید و معرفت خداوند متعال. [شعر] یا ربنا یا الهنا يا مغيثنا يا معينا. يا حبيبنا يا طبيبنا. يا ربنا يا الهنا يا مغيثنا يا معينا. يا حبيبنا يا طبيبنا. همراهان گرامی، حضرت آیت الله شجاعی در برنامه گذشته فرمودند در نظام وجود و هستی آنچه وجود دارد اگر به اصل خلقتش نگاه کنیم به لحاظ آن مقصودی که از خلقت این موجود هست و به لحاظ ارتباطش با کل نظام وجود، خیر و خوبی است. و اگر چیزی بد و شر باشد به جهت اصل خلقت آن نیست بلکه بدی آن به دو جهت است. یکی به جهت اینکه نقص کمال و کمبود دارد یا به جهت اینکه از این موجود به موجود دیگر ضرر می‌رسد. خب دوستان اکنون توجه شما را جلب می‌کنیم به بیانات عالمانه عالم فرزانه حضرت آیت الله محمد شجاعی درباره توحید افعالی. در این راه که تمام ضررها، سیئه‌ها، بدی‌ها و شروفی که به انسان‌ها می‌رسد به اراده و انتخاب خود انسان‌ها چون مسیر غلط پیش گرفتن، چون گناه کردن، چون ظلم کردن، چون انتخاب غلط داشتن، چون اشتباه داشتن امثال اینها. ببینید سوره روم این شش آیه رو بخونید. وَإِذَا أَذَقْنَا النَّاسَ رَحْمَةً فَرِحُوا بِهَا عجب فرموده. وقتی به مردم رحمت از خودمان چشیدیم فرحوا بها با اون شاد می‌شوند. وَإِن تُصِبْهُمْ سَيِّئَةٌ بِمَا قَدَّمَتْ أَيْدِيهِمْ و اگر بدی به اونها برسد به
… (truncated; see saved file for full transcript)

============================================================
SUMMARY
============================================================
Input file      : 010_مباحث-توحیدی-10.mp3
Provider        : ElevenLabs Scribe (scribe_v2)
Audio duration  : 23:58 (1437.73 s)
Requests        : 1
Billed duration : 1438 s (rounded up to nearest second)
Rate            : $0.22 / audio hour
Estimated cost  : $0.087861 USD
Transcript saved: /Users/mohammadreza/IslamASR/Audios/AyatollahShojaee/Mabahese_Tohidi/010/010_مباحث-توحیدی-10.txt
============================================================
