Provider: ElevenLabs Scribe (scribe_v2)
Progress file (updated after each chunk): /Users/mohammadreza/IslamASR/Audios/AyatollahShojaee/Mabohas_Mozui/049/049_49- ترس پيامبر از عذاب روز قيامت.partial.txt
  preparing audio (049_49- ترس پيامبر از عذاب روز قيامت.mp3)...
  22:13 → 1 request(s)
  progress file: /Users/mohammadreza/IslamASR/Audios/AyatollahShojaee/Mabohas_Mozui/049/049_49- ترس پيامبر از عذاب روز قيامت.partial.txt
  [1/1] 0:00–22:13 (7808 KB)...
      → 14478 chars: اعوذ بالله السميع العليم من الشيطان الرجيم. بسم الله الرحمن الرحيم. قل إني أخاف إن عصيت ربي عذاب يوم عظيم. این آیه است و خطاب رسول اکرم صلی الله علیه و آله و سلم است. به رسول الله،…

============================================================
TRANSCRIPTION (preview)
============================================================
اعوذ بالله السميع العليم من الشيطان الرجيم. بسم الله الرحمن الرحيم. قل إني أخاف إن عصيت ربي عذاب يوم عظيم. این آیه است و خطاب رسول اکرم صلی الله علیه و آله و سلم است. به رسول الله، به رسول الله خطاب می‌کند خدا می‌فرماید به رسول الله می‌گوید. خوب انشاالله دقت می‌کنید؟ حالا به یک نظر جا داشت من اول اشاره‌ای به خصوصیات رسول الله داشته باشم تا بدانید با اون خصوصیات با این وصف این خطاب آمده ولی خب تا حدی همه می‌دانیم رسول الله اجمالاً یعنی چه. ولی ببینید خطاب به اوست. قل إني أخاف إن عصيت ربي عذاب يوم عظيم. خوب دوستان دقت بکنند. خیلی خوب و صاف من هم سعی می‌کنم که ساده‌تر بگم. خوب دقت بکنید به رسول الله می‌گوید که بگو، بگو به همه بگو. قل بگو. إني أخاف إن عصيت ربي عذاب يوم عظيم من اگر بخوام به خدا گناه بکنم از عذاب اون روز بزرگ می‌ترسم. دقت می‌کنید؟ بگو به مردم، به همه، به هر کسی که باشد بگو که من إني أخاف ربي من از پروردگارم می‌ترسم إن عصيت ربي اگر عصیان بکنم، معصیت بکنم، از عذاب اون روز بزرگی که در پیش است من می‌ترسم. می‌خواستم با هم روی همین آیه دقت بکنیم. فکرهای غلط زیادی بین ما رایج است که اون دفعه هم من گفتم خیلی انشاالله‌ها فکرا داریم ما مؤمنین که اصلاً خبری از این‌ها در صدر اسلام بین مؤمنین، بین ائمه و بین اونا که فهمیده بودند خبری از این‌ها نبوده. اینا همش در به اصطلاح مختلق ماست، ما درست کردیم. در این زمینه هم فکرهایی هست و اون اینکه انسان هرچی گناه کرد، آیه هم اینجا عرض کنم که همه معمولاً سعی می‌کنند این آیه را حفظ بکنند. یا-- قل يا عبادي الذين أسرفوا على أنفسهم لا تقنطوا من رحمة الله إن الله يغفر الذنوب جميعا. یکی از اساتید در دانشگاه می‌خوند می‌گفت که، اون استاد می‌گفت که این امیدآورترین آیه در قرآن است. البته من رد کردم حرفش رو گفتم این درست نیست، او نفهمیده. برای اینکه یکی از آیات را خونده از آیات دیگر غفلت کرده است و همین هست که ما‌ها را به این جور برداشت‌ها گری کرده و تیشه به ریشه خودمون و حیات ابدی خودمون زده‌ایم. اینجا درست است یک آیه که نیست. می‌فرماید بگو، پیغمبر می‌فرماید بگو که بندگان من که گناه کرده‌اید و اسراف بر خود کرده‌اید و ظلم بر خود کرده‌اید. لا تقنطوا من رحمة الله فکر نکنید که اگر که دیگر راه بسته شده است شما نمی‌توانید باز گردید. نه خیر، راه
… (truncated; see saved file for full transcript)

============================================================
SUMMARY
============================================================
Input file      : 049_49- ترس پيامبر از عذاب روز قيامت.mp3
Provider        : ElevenLabs Scribe (scribe_v2)
Audio duration  : 22:13 (1332.54 s)
Requests        : 1
Billed duration : 1333 s (rounded up to nearest second)
Rate            : $0.22 / audio hour
Estimated cost  : $0.081433 USD
Transcript saved: /Users/mohammadreza/IslamASR/Audios/AyatollahShojaee/Mabohas_Mozui/049/049_49- ترس پيامبر از عذاب روز قيامت.txt
============================================================
