Provider: ElevenLabs Scribe (scribe_v2)
Progress file (updated after each chunk): Audios/AyatollahShojaee/Tazkiyeh/140/140_کشف لمسي-يکي از کشفهاي اصحاب ائمه _ بحث تزکیه.partial.txt
  preparing audio (140_کشف لمسي-يکي از کشفهاي اصحاب ائمه _ بحث تزکیه.mp3)...
  29:26 → 1 request(s)
  progress file: Audios/AyatollahShojaee/Tazkiyeh/140/140_کشف لمسي-يکي از کشفهاي اصحاب ائمه _ بحث تزکیه.partial.txt
  [1/1] 0:00–29:26 (10350 KB)...
      → 18183 chars: اعوذ بالله السميع العليم من الشيطان الرجيم. بسم الله الرحمن الرحيم. کشف دیگر که خیلی چند تا می‌تونم بگم، کشف لمسی است. کشف لمسی، آ، عبارت است از اینکه انسان فیزیک یعنی از لمس مال و…

============================================================
TRANSCRIPTION (preview)
============================================================
اعوذ بالله السميع العليم من الشيطان الرجيم. بسم الله الرحمن الرحيم. کشف دیگر که خیلی چند تا می‌تونم بگم، کشف لمسی است. کشف لمسی، آ، عبارت است از اینکه انسان فیزیک یعنی از لمس مال و مساطف پشت پرده برخوردار باشد. خب لمس البته مربوط به پوست بدن است و لمس ظاهری عرض می‌کنم. لمس معمولی در پوست بدن متجلی است. نیرو در پوست بدن مخصوصاً در انگشت‌ها و دست و انگشت‌ها است. عرض می‌کنم که کسی که از کشف لمسی برخوردار است، معنایش این است که آن نور که در قلب متجلی است و به عقل و در مشاعر تکزؤون پیدا می‌کند در مراقب مختلف در لامسه انسان که نیرو نیست، نیست، متجلی می‌شود و لامسه از لمس بالاتر برخوردار می‌شود. لمس می‌کند آن چه عاطفی‌گران لمس نمی‌کنند یا آن فرشتگان لمس نمی‌کنند. این لمس دیگه مربوط است به به اصطلاح حالا گفت لمس پشت پرده است. اینجا ما چی از این به شما توضیح دادیم که با لمس توضیح بدیم، با عبارت توضیح بدیم؟ عرض می‌کنم که نمی‌شود توضیح داد. فقط این اندازه می‌توانم بگم که مثلا لمس می‌کند که ملائکه بهش نزدیک می‌شوند. توجه می‌کنید؟ نزدیک می‌شوند. ملائکه باهاش مصافحه می‌کنند. دقت می‌کنید؟ خودت دقت کنید به این. ملائکه باهاش مصافحه می‌کنند. ملائکه باهاش مناجات می‌کنند. نزدیک می‌شوند. در منبرش هستند. جمع شدند. رفتند. موجودات جیبی کلاً و در مراتع بالاتر اولیا و همچنین مسئله بالا می‌رود و صعود می‌کند. و عرض می‌کنم که از این باهات. متوجه شدید؟ از این باهوده در اینجا 말 می‌شود و لمس می‌کند که شیطان می‌خواهد نزدیک بشود. دقت می‌کنید؟ شیطان می‌خواهد چی بکنه؟ نزدیک لمس می‌کند و غیر از اون کشف‌های دیگر. اصلاً لمس می‌کند. جمهور شیطان می‌خواهد نزدیک بشه. لمس می‌کند. می‌آبد، با نفس می‌آبد که با نمیرود. و اینجا می‌خوام عرض کنم که اول می‌خوام بگم خنده رو می‌گیره چون جای خنده است مثلاً اگر مثلاً اون حقیقتش را بگویم. خب بعضی ارگانیزاسیونی جمهور شیطان که می‌خواهند در مراحل مختلف بهشون نزدیک بشوند لمس می‌کنند. اما مثلاً من شرورترین شیطان را آغوشه می‌کنم با هم هیچ اصلاً احساس نمی‌کنم. تا اینجا خنده داره. متوجه می‌شوی؟ قبل از اینکه ادامه بدم خنده رو می‌گرفت خودم. متوجه می‌شوی؟ خب از اون گذشتیم. فقط در، با همین جوری گذشتیم در آخر که قبل از اینکه رفتیم حالا می‌شویم ما رابطه با ملائکه و انس که در کشف این دو
… (truncated; see saved file for full transcript)

============================================================
SUMMARY
============================================================
Input file      : 140_کشف لمسي-يکي از کشفهاي اصحاب ائمه _ بحث تزکیه.mp3
Provider        : ElevenLabs Scribe (scribe_v2)
Audio duration  : 29:26 (1766.27 s)
Requests        : 1
Billed duration : 1767 s (rounded up to nearest second)
Rate            : $0.22 / audio hour
Estimated cost  : $0.107939 USD
Transcript saved: Audios/AyatollahShojaee/Tazkiyeh/140/140_کشف لمسي-يکي از کشفهاي اصحاب ائمه _ بحث تزکیه.txt
============================================================
