Provider: ElevenLabs Scribe (scribe_v2)
Progress file (updated after each chunk): Audios/AyatollahShojaee/Tazkiyeh/018/018_مراقبه ، عجب در ذکر _ بحث تزکیه.partial.txt
  preparing audio (018_مراقبه ، عجب در ذکر _ بحث تزکیه.mp3)...
  29:38 → 1 request(s)
  progress file: Audios/AyatollahShojaee/Tazkiyeh/018/018_مراقبه ، عجب در ذکر _ بحث تزکیه.partial.txt
  [1/1] 0:00–29:38 (10417 KB)...
      → 18031 chars: اعوذ بالله السميع العليم من الشيطان الرجيم. بسم الله الرحمن الرحيم. اونجا که انسان فکر می‌کند که من باید یاد خدا بکنم و من او را یاد می‌کنم، من باید تلاش بیاد در یاد خدا بکنم. اینا…

============================================================
TRANSCRIPTION (preview)
============================================================
اعوذ بالله السميع العليم من الشيطان الرجيم. بسم الله الرحمن الرحيم. اونجا که انسان فکر می‌کند که من باید یاد خدا بکنم و من او را یاد می‌کنم، من باید تلاش بیاد در یاد خدا بکنم. اینا، این طوره. چنین کسی اولاً من را دیده و خود را، این یک. این خود خود دیدن است و خود خود پرستی است به جای خود، اولاً. ثانیاً خطری که از همه مهم‌تر است که خیلی دامنگیر من و شماست چون در این مرحله از ذکر که اگه باشیم به اون عبارت هست که از عجب، عجب در این مرحله از ذکر انسان را دامنگیر است. انسان اگر عقیده‌اش این بود که من او را یاد می‌کنم فهمیدم. وقتی، وقتی خوب یاد کرد در صورتی که اصلش این نبوده که خوب من یاد می‌کنما، اصلش این بوده که خوب او جذب کرده. حالا روی جهالت من فکر می‌کنم که من بله امروز خوب او را الحمد لله اون وقت حضور بودم یاد کرد. یه خود خوشم میاد از خودم. این شد دیگه هیچی. چون اولاً اصلش باطل است. این من نبودم که او باش-- باید شکرگزار بودم که عجب عنایتی، توجهی، لطفی، عنایتی، این نبود. اصلش باطل بود. در این حالت همین که این عجب پیش آمد عجب آمد دیگه اون عنایتی هم که از خدا بود اون هم چه میشه؟ اونم از بین میره. عجب اینجا دامنگیر انسان است به اضافه ریا، به اضافه یک سفاهتی می‌آورد. حالا از بیان امام صادق عرض می‌کنم. اینجور آدم‌های ظاهر معمولاً به سفاهتی هم مبتلا هستند. سفاهت در اصطلاح قرآن. دیگه من از تشریحش فعلاً معذورم. سفاهت می‌آورد. اینجور آدم معمولاً عبادات خودش را می‌بیند، کم را زیاد می‌بیند. اینا همش خطرات مرحله ذکر است تا اینکه انسان ذکر خود را، ذکر را از خود ببیند. معمولاً او اگر یک ساعتی مشغول به ذکر شد یک فکری می‌کند. بله، یک ساعت خیلی خوبه. توجه می‌کنه زیاده. چیزی را که خیلی کم است زیاد می‌بیند. افتکار طاعت. با اینجور آدم و بعد خودش را هم به دیگران ترجیح می‌دهد. می‌گوید من بهتره. حالا مثلاً من از آب مثال من اون وقت فرض، فرض کنید دیگه من می‌بینم که مثلاً یه ترکه کردم. شما اون ترکه را نکرده‌اید. خب دیگه اینجا یه امتیازی به خودم قائل می‌شوم و به اصطلاح الی آخر در برابر شما. همش خطرات است و جهل است و نادانی است و لتماس. در ذکری که انسان ذکر را از خود و خود را در ذکر و خود را در بین می‌بیند. اما اگر این نبود، اگر انسان به این مرحله از شناخت رسید که کار به دست اوست، همه جا کار به 
… (truncated; see saved file for full transcript)

============================================================
SUMMARY
============================================================
Input file      : 018_مراقبه ، عجب در ذکر _ بحث تزکیه.mp3
Provider        : ElevenLabs Scribe (scribe_v2)
Audio duration  : 29:38 (1777.82 s)
Requests        : 1
Billed duration : 1778 s (rounded up to nearest second)
Rate            : $0.22 / audio hour
Estimated cost  : $0.108645 USD
Transcript saved: Audios/AyatollahShojaee/Tazkiyeh/018/018_مراقبه ، عجب در ذکر _ بحث تزکیه.txt
============================================================
