Provider: ElevenLabs Scribe (scribe_v2)
Progress file (updated after each chunk): /Users/mohammadreza/IslamASR/Audios/AyatollahShojaee/Mabohas_Mozui/009/009_9- چگونگی ارتباط عالم دنيا با عوالم بالاتر .partial.txt
  preparing audio (009_9- چگونگی ارتباط عالم دنيا با عوالم بالاتر .mp3)...
  20:43 → 1 request(s)
  progress file: /Users/mohammadreza/IslamASR/Audios/AyatollahShojaee/Mabohas_Mozui/009/009_9- چگونگی ارتباط عالم دنيا با عوالم بالاتر .partial.txt
  [1/1] 0:00–20:43 (7286 KB)...
      → 13498 chars: اعوذ بالله السميع العليم من الشيطان الرجيم. بسم الله الرحمن الرحيم. مطلبی که من می‌خواستم به‌عنوان تذکر بدم بگم به شما که belki ان شاء الله مفید باشد برای نجات من و شما، حقیقتی‌ست …

============================================================
TRANSCRIPTION (preview)
============================================================
اعوذ بالله السميع العليم من الشيطان الرجيم. بسم الله الرحمن الرحيم. مطلبی که من می‌خواستم به‌عنوان تذکر بدم بگم به شما که belki ان شاء الله مفید باشد برای نجات من و شما، حقیقتی‌ست از حقایق قرآنی. مقدمه‌ای که می‌خوام عرض بکنم مقدمه‌اش این است بر روایاتی که در خصوص بعد از مرگ در عالم برزخ است. در بعضی از روایات به این نکته اشاره شده است که انسان وقتی در برزخ خودش قرار گرفت بعد از مردن، هر کسی در مرتبه خاص خودش در برزخ، برزخ خود منظورم این است. وقتی انسان در برزخ خود قرار گرفت، آآآ بابی از جنت یعنی از بهشت و دری از بهشت و دری هم از جهنم به روی انسان باز می‌شود. برای بعضی‌ها دری از بهشت باز می‌شود. برای بعضی‌ها دری از جهنم باز می‌شود. خلاصه درهایی از جهنم باز می‌شود به روی انسان در برزخ بعضی‌ها اینطور و درهایی از بهشت. حالا این آآآ به عالم برزخ مربوط است. این را به‌عنوان مقدمه میگم برای شرح یک حقیقت. در بهشت باز می‌شود یا در جهنم البته در برزخه. یعنی در اون نظام برزخی دری از اون بهشتی که در قیامت هست، در بهشت هست، باز می‌شود به روی انسان و نعمت‌های بهشتی از اونجا به انسان در برزخ یا به عالم انسان در برزخ نازل می‌شود، فرود می‌آید از آن بهشت اصلی دری باز می‌شود. البته در گفتم قبلاً هم در اینجاشو در بحث معاد گفتم در را نباید تشبیه کرد به این درها. در مقصود این است که راهی باز می‌شود از بهشت. مسیری باز می‌شود از بهشت. راهی باز می‌شود از بهشت. در به همین اصطلاح همین طور گفته میشه در نعمت به روی فلانی باز شد یعنی نعمت‌ها شروع شد. در بهشت به روی انسان باز می‌شود. نعمت‌های بهشتی نازل میشه در برزخ یا در جهنم. این در روایات برزخ هست. خب من بر اساس این مسئله می‌خواستم یک حقیقت اشاره بکنم از حقایق قرآنی خوب دقت کنید که این را خوب بفهمید که خیلی از حقیقت‌ها هم که تقریباً برای ما مفهوم است با روشن شدن این و فهمیدن خوب این مفهوم روشن می‌شود. با توجه بر اینکه آنچه در برزخ، در برزخ‌ها بعد از مرگ پیش می‌آید، این در حقیقت ظهور و تمثل همان است که در اینجا در عالم باطن داشته‌ایم، در عالم روح باطن داشته‌ایم. با توجه بر اینکه تکرار می‌کنم آنچه در برزخ از مسائل پیش می‌آید، تمثل و ظهور برزخی همون چیزهاست که در حیات دنیا ما در باطن یعنی در عالم روحی خود در باطن داشته‌ایم. با توجه بر این قاعده کل
… (truncated; see saved file for full transcript)

============================================================
SUMMARY
============================================================
Input file      : 009_9- چگونگی ارتباط عالم دنيا با عوالم بالاتر .mp3
Provider        : ElevenLabs Scribe (scribe_v2)
Audio duration  : 20:43 (1243.37 s)
Requests        : 1
Billed duration : 1244 s (rounded up to nearest second)
Rate            : $0.22 / audio hour
Estimated cost  : $0.075984 USD
Transcript saved: /Users/mohammadreza/IslamASR/Audios/AyatollahShojaee/Mabohas_Mozui/009/009_9- چگونگی ارتباط عالم دنيا با عوالم بالاتر .txt
============================================================
