Provider: ElevenLabs Scribe (scribe_v2)
Progress file (updated after each chunk): Audios/AyatollahShojaee/Tazkiyeh/114/114_تجلي اسم يا تواب _ بحث تزکیه.partial.txt
  preparing audio (114_تجلي اسم يا تواب _ بحث تزکیه.mp3)...
  33:06 → 1 request(s)
  progress file: Audios/AyatollahShojaee/Tazkiyeh/114/114_تجلي اسم يا تواب _ بحث تزکیه.partial.txt
  [1/1] 0:00–33:06 (11640 KB)...
      → 19496 chars: دو سه جلسه گذشته در خصوص اصولی تجلیات به بیان کلی مطالبی عرض کردیم البته در قسمت تجلیات با صفات جلال یا اسماء جلال. عرض کردیم که وقتی سلوک صادقانه و موثقانه شروع شد، ربوبیت به لحاظ…

============================================================
TRANSCRIPTION (preview)
============================================================
دو سه جلسه گذشته در خصوص اصولی تجلیات به بیان کلی مطالبی عرض کردیم البته در قسمت تجلیات با صفات جلال یا اسماء جلال. عرض کردیم که وقتی سلوک صادقانه و موثقانه شروع شد، ربوبیت به لحاظ تربیت صالح، صالح صادق مقام ربوبیت است. ذات مقدس حق در مقام ربوبیت صالح صادق را تربیت می‌کند، تأدیب می‌کند و تأدیبی که در سفری که در پیش گرفته و پیش می‌رود در نهایت متناسب جوار حق در درستی به سوی حق می‌رود و ساحت حق ساحت حسن طهارت است. ساحت نور و تفاض است و هر مسافری که수록 به این ساحت باید متناسب آنجا باشد تا به آنجا قدم بگذارد. گویی همین ساحت، ساحت مقدس حق یا مقام ربوبیت که این تأدیب و تربیت صالح برای متناسب بودن به جوار او می‌پردازد. مرحله اول تجلیاتی که و در این‌بین تجلیات می‌کند که صالح با صفات جلال و جمالش به منظور تأدیب و تربیت و ساختن صالح. در مرحله اول آن چیزی که مخصوصاً در ابتدا سلوک به نظر می‌رسد که به‌اصطلاح بیشتر عبارت است از تجلیات با صفات جلال و بعد در ردیف بعدی تجلیات با صفات جمال. البته این هر دو از اول هست اما آنکه بیشتر چشم می‌گیرد مخصوصاً در مرحله اول تجلیات با صفات جلال است چون صفات جلال یعنی تجلیات و صفات جلال ناظر بر تطهیر انسان است از خطور و نقائص و صالح هم که از اول شروع کرده سرتا پا عیب و نقص است و لذا تجلیات با صفات جلال برای برطرف کردن عیب و نقص بیشتر چشمگیر است تا تجلیات با صفات جمال. اما هر دو هست. تجلیات با صفات جلال را در بیان کلی گفتیم. البته عرض کردم باز تکرار می‌کنم که این بیان کلی بود برای ریزه‌کاری‌های مسئله‌ای که خواهیم صحبت کرد خیلی طولانی می‌شود. این نباشد که گفتیم یک بیان کلی و تصویر کلی. یعنی هر کدام از صفات جلال گفتی دارد، حسابی دارد، حالاتی در بر دارد و به اصطلاح وظایفی برای صالح ایجاب می‌کند. صفات جلال حق یکی نیست. اما در کل تطهیر کننده، پاک کننده و صالح را از ظاهر کنار می‌زند، متوجه روحش می‌کند، وادار بر تطهیر وجود می‌کند به همین طور تا او را در مراتب مختلف سلوک بسازد. و این تجلیات هم گفتیم به تناسب منازل فرق خواهد کرد. حالا در این جلس، در این جلسه یعنی از این جلسه شروع می‌کنیم باز با بیان کلی با تجلیات در خصوص تجلیات حق با صفات جمال برای صالح که از اول سلوک شروع می‌شود مطالبی عرض کنیم. باز بیان، بیان کلی‌ست. مثال‌هایی هم عرض می‌کنیم ولی هرچه هست
… (truncated; see saved file for full transcript)

============================================================
SUMMARY
============================================================
Input file      : 114_تجلي اسم يا تواب _ بحث تزکیه.mp3
Provider        : ElevenLabs Scribe (scribe_v2)
Audio duration  : 33:06 (1986.41 s)
Requests        : 1
Billed duration : 1987 s (rounded up to nearest second)
Rate            : $0.22 / audio hour
Estimated cost  : $0.121392 USD
Transcript saved: Audios/AyatollahShojaee/Tazkiyeh/114/114_تجلي اسم يا تواب _ بحث تزکیه.txt
============================================================
