Provider: ElevenLabs Scribe (scribe_v2)
Progress file (updated after each chunk): Audios/AyatollahShojaee/Tazkiyeh/079/079_سوء ظن به خالق و مخلوق وراه حل آن _ بحث تزکیه.partial.txt
  preparing audio (079_سوء ظن به خالق و مخلوق وراه حل آن _ بحث تزکیه.mp3)...
  44:56 → 1 request(s)
  progress file: Audios/AyatollahShojaee/Tazkiyeh/079/079_سوء ظن به خالق و مخلوق وراه حل آن _ بحث تزکیه.partial.txt
  [1/1] 0:00–44:56 (15797 KB)...
      → 29597 chars: اعوذ بالله السميع العليم من الشيطان الرجيم. بسم الله الرحمن الرحيم. مسئله دیگر از مهلکات، سوء ظن به خالق و مخلوق. دقت می کنید؟ مهلک است. به خدا گمان بد داشتن، به مخلوق گمان بد داشت…

============================================================
TRANSCRIPTION (preview)
============================================================
اعوذ بالله السميع العليم من الشيطان الرجيم. بسم الله الرحمن الرحيم. مسئله دیگر از مهلکات، سوء ظن به خالق و مخلوق. دقت می کنید؟ مهلک است. به خدا گمان بد داشتن، به مخلوق گمان بد داشتن. سوء ظن. مقابلش فضیلت حسن ظن است. این را من قبلاً در خلال عرائضم گفتم که سالک باید در مقام سلوکی که شروع کرد از بس راه مشکلات، سفر مشکلات زیاد دارد، از بس انسان خودش را معیوب می بیند و و راه ها را برای خود، روی خودش مسدود می بیند و گذشته‌اش را فلج می بیند و موجودیتش را هم معطل می بیند و آینده‌اش را هم خیلی تاریک می بیند، فعلاً یأس می خواد بهش روگو بشه، رو آور بشه. در اینجا سالک ممکن است به خدا سوء ظن داشته باشد که خدا کمکش نمی کند، که بعضی ها گرفتار این مسئله می شوند. باید از این مسئله سخت اجتناب بکند. سوء ظن باید به خدا نداشته باشد. احیانا بعضی ها سوابق خیلی بد دارند و توبه کردن برگشتن بر اساس سوابق بدشون باز می خواد یأس بهشون متوجه بشه که من می توانم در این راه موفق باشم؟ آیا می شود اون گذشته من جبران شود؟ باز این سوء ظن به کیه؟ سوء ظن به خالق است. باید نداشته باشد. سالک باید از سوء ظن گمان بد به خدا که خدا دیگه منو نمی بخشد، خدا منو در این راه موفق نمی کند، گذشته منو جبران نمی کند، به من این توفیق را نمی دهد، من کجا و این راه کجا؟ این سوء ظن است. مسائل را به هم خط نکنیم ها. به هم شبیه است مسائل بعضی هاش که امروز بحث می کنیم. این سوء ظن است، مهلک است. این یک. سوء ظن به بندگان خدا داشتن هم از مهلکات است. مخصوصاً در این زمینه من تذکراتی عرض می کنم. سوء ظن به بندگان خدا داشتن هم از مهلکات است. منتها هر دو را من در یک کلام عنوان کردم. سوء ظن به خدا، سوء ظن به مخلوق. گمان بد داشتن. گمان بد به خدا نباید داشت. گمان بد به بندگان خدا هم نباید داشت. درباره بندگان خدا روایتی از علی سلام الله از جامع السادات، جلد اول، صفحه دویست و هشتاد و یک می خوانم که عالم امیرالمؤمنین علیه السلام، علی سلام الله له فرمود ‫ذَعَمْرَ أَخِيكَ عَلَى أَحْسَنِه حتی یأتیك ما یغلبك منه」. علی فرمود که از برادرت عرش می بینی اگر امکان دارد تا جایی که امکان دارد خوب دقت کنید ها، به جای خوب، به مسئله خوب، به موضوع خوب حمل بکن. ‫ذَعَمْرَ أَخِيكَ عَلَى أَحْسَنِه」. خار برادرت را به خوب حمل بکن. حتی یأتیك ما یغلبك منه مگر اینکه ش
… (truncated; see saved file for full transcript)

============================================================
SUMMARY
============================================================
Input file      : 079_سوء ظن به خالق و مخلوق وراه حل آن _ بحث تزکیه.mp3
Provider        : ElevenLabs Scribe (scribe_v2)
Audio duration  : 44:56 (2696.04 s)
Requests        : 1
Billed duration : 2697 s (rounded up to nearest second)
Rate            : $0.22 / audio hour
Estimated cost  : $0.164758 USD
Transcript saved: Audios/AyatollahShojaee/Tazkiyeh/079/079_سوء ظن به خالق و مخلوق وراه حل آن _ بحث تزکیه.txt
============================================================
