Provider: ElevenLabs Scribe (scribe_v2)
Progress file (updated after each chunk): Audios/AyatollahShojaee/Tazkiyeh/032/032_اذیت مؤمن1 _ بحث تزکیه.partial.txt
  preparing audio (032_اذیت مؤمن1 _ بحث تزکیه.mp3)...
  25:50 → 1 request(s)
  progress file: Audios/AyatollahShojaee/Tazkiyeh/032/032_اذیت مؤمن1 _ بحث تزکیه.partial.txt
  [1/1] 0:00–25:50 (9080 KB)...
      → 16263 chars: بسم الله الرحمن الرحیم. [سرفه] از جلوات و ظهورات هوا بحث می‌کردیم. حالا از جمله ظهورات و بروزات هوای نفس در وجود انسان که باز از مهلکات است، در این بحث و در این جلسه به بعضی‌هاش اش…

============================================================
TRANSCRIPTION (preview)
============================================================
بسم الله الرحمن الرحیم. [سرفه] از جلوات و ظهورات هوا بحث می‌کردیم. حالا از جمله ظهورات و بروزات هوای نفس در وجود انسان که باز از مهلکات است، در این بحث و در این جلسه به بعضی‌هاش اشاره می‌کنیم. البته باز توجه داشته باشید که اون مهلکاتی که عرض می‌کنیم این‌ها یک سلسله مسائل کلی‌ست باز در باب مهلکات؛ یعنی اونچه که انسان را در مقام بودیت و در مقام سلوک الی الله مانع می‌شود، سد راه می‌شود و مهلک انسان است، به هلاکت می‌اندازد. مسائل کلی را عنوان می‌کنیم. این‌ها در مقام عمل مرتب من این نکته را تذکر داده‌ام. در مقام عمل شاخ و برگ مهلکات چه خود این کلیات و چه خیلی از جزئیات دیگری که دیگه بحث بکنیم طولانی می‌شود، اون‌ها خیلی زیاد است. همین‌قدر مسائل کلی را عنوان می‌کنیم. از جمله مهلکات مسئله‌ای‌ست به نام ایذاء مؤمن، اذیت مؤمن. حالا در یک اطلاق کلی به مفهوم کلی وسیع. ایذاء مؤمن و اهانت به مؤمن، تحقیر مؤمن و ازلال مؤمن. ازلال معنی خوار کردن و کوچک کردن. ایذاء و تخ-تحقیر و اهانت و ازلال مؤمن یکی از مهلکات است در طریق. اگر سالک در طریق سلوک به این موضوع توجه نکند و این گرفتاری را داشته باشد که نسبت به مؤمنین ایذاء داشته باشد، اذیت بکند یا اهانت بکند یا تحقیر بکند، تحقیر و یا ازلال بکند، معانیش مسلماً وسیع، این‌ها دقت بکنید. این در طریق سلوک موفق نخواهد بود و به هلاکت خواهد افتاد. یعنی هلاکت به معنی وسیعی که در طریق هست؛ یعنی مانع راه است. این موضوع باید توجه داشته باشیم که از جلوات و ظهورات هوای نفس در وجود انسان است که یکی از شکل‌های هوا، صورت‌های هوا که مدتهاست الان در اشکال هوا ما بحث می‌کنیم، اون جلوه‌های هوا. گفتیم که هوا در جلوه‌های مختلف جلوه می‌کند. خیلی‌ها فکر می‌کنند هوا یه چیز ساده‌ای‌ست و چندین جلوه بیشتر ندارد. در صورتی که اونقدر جلوات و ظهورات دارد هوای نفس که نمی‌شود شمرد و ریزه کاری‌هاش که خیلی مفصله. کسی که از هوا رها نشده و هوا در وجودش هست، این هوا ممکن است خیلی به شکل‌های خطرناک که خودش توجه نداشته باشد جلوه بکند. از جمله جلواتش این مسئله است؛ یعنی ایذاء مؤمن، اهانت به مؤمن، تحقیر به مؤمن و ازلال مؤمن. در اینجا به یک مسئله خطرناک‌تر از اصل مسئله هم باید توجه کرد. و اون اینکه حتی انسان ممکن است این هوا که در وجودش جلوه می‌کند به صورت ایذاء و اهانت و تحقیر، این ه
… (truncated; see saved file for full transcript)

============================================================
SUMMARY
============================================================
Input file      : 032_اذیت مؤمن1 _ بحث تزکیه.mp3
Provider        : ElevenLabs Scribe (scribe_v2)
Audio duration  : 25:50 (1549.51 s)
Requests        : 1
Billed duration : 1550 s (rounded up to nearest second)
Rate            : $0.22 / audio hour
Estimated cost  : $0.094692 USD
Transcript saved: Audios/AyatollahShojaee/Tazkiyeh/032/032_اذیت مؤمن1 _ بحث تزکیه.txt
============================================================
