Provider: ElevenLabs Scribe (scribe_v2)
Progress file (updated after each chunk): Audios/AyatollahShojaee/Tazkiyeh/132/132_نقش وسیع دخالتهای شیطان و اغوائات آن در بعضی مکاشفات در مورد احضار روح _ بحث تزکیه.partial.txt
  preparing audio (132_نقش وسیع دخالتهای شیطان و اغوائات آن در بعضی مکاشفات در مورد احضار روح _ بحث تزکیه.mp3)...
  16:57 → 1 request(s)
  progress file: Audios/AyatollahShojaee/Tazkiyeh/132/132_نقش وسیع دخالتهای شیطان و اغوائات آن در بعضی مکاشفات در مورد احضار روح _ بحث تزکیه.partial.txt
  [1/1] 0:00–16:57 (5957 KB)...
      → 11363 chars: اعوذ بالله السميع العليم من الشيطان الرجيم. بسم الله الرحمن الرحيم. از دخالت شیطان براتون عرض کنم. اینا دخالت‌های تخیل بود و وهم بود در مشاهدات و مکاشفات انسان که به جای مشاهدات و …

============================================================
TRANSCRIPTION (preview)
============================================================
اعوذ بالله السميع العليم من الشيطان الرجيم. بسم الله الرحمن الرحيم. از دخالت شیطان براتون عرض کنم. اینا دخالت‌های تخیل بود و وهم بود در مشاهدات و مکاشفات انسان که به جای مشاهدات و مکاشفات واقعی اجراء شد. از دخالت شیطان. دخالت شیطان خب از اسمش می‌دانید دیگه البته. شیطان از اسمش معلوم است اینو می‌خواستم بگم که شیطان معمولاً منظورش، منظورش معمولاً اهواء انسان است یا خودش یا، یا بالاخره دوستانش بالاخره هر چه انسان را چه میکنه؟ انسان را به اصطلاح اضلال بکند. به ضلالت نیارد. اولین هدف شیطان این است. در چه شیطان برای انسان چون عداوت خاص دارد غیر از اضلال ناراحتی‌های دیگر را هم خوشش میاد ایجاد بکند. مثلاً غض ایجاد بکند، غصه ایجاد بکند، ناراحتی ایجاد بکند. توجه بفرمایید. یه وقتی در شیطان صحبت کردیم اونجا در عبارات. حالا غیر از اینها مسائل دیگر است. مثلا شما به خود خود محزون باشید، غصه بخورید این کار شیطان است. شیطان خوشش میاد شما به زحمت بیفتید. توجه بفرمایید. به زحمت بیفتید. گرچه گفتم اولین نظرش این است که به کلی به زحمت بیفتید. یکجا پدر شما را دربیارد و اونیکه به ضلالت بیاندازد. حالا اگر اون نشد فعلاً اینجا فعلاً حالا به قول معروف پرانداز عداوت است دیگه. عداوت دارد با انسان. تبعاً اونجا هم که دو مورد براتون گفتم از دخالت خیال و وهم، اونجا که مثلاً کسی یک نوبت برای خودش حادثه برای کسی از دوستانش حادثه بد بیاد و می‌بیند، اونجا شیطان باز بی سهم است یا بی سهم، با سهم است یا نیست؟ با سهم است. ولی حالا صحبت من در دخالت شیطان در اونجایی است که به اصطلاح بیشتر عبارات شیطان گفته می‌شود. نظر شیطان همیشه در کمین است. شیطان با ما هست و در کمین هم هست. و قسم یاد کرده هیچ کس از به اصطلاح در تحت نظر شیطان یعنی شیطان بهش نظر نداشته باشد نیست از انسان‌ها. إلا من أسنَهُ الله. مگر معصوم باشند که خدا معصومی. بقیه شیطان در سراغشون هست در همه احوال. خب عرض کنم که می‌بینید که خب طرف حالا یه خورده رو راه شده، چیزای انواع چیزی هم می‌بیند و یواش یواش مناظر دیدن و تش-- مشاهدات و مکاشفات ابتدایی‌اش یه خورده، یه خورده ابتدایی کامل‌تر شده که انسان می‌تونه ببینه. خب عرض کنم که خوشش میاد که حالا من عرض کنم اون طرف رو که می‌بینه خوشش میاد ببیند که این گرفتاری‌ها و مثلاً گناهانی که تا به حال کرده، اون گناه
… (truncated; see saved file for full transcript)

============================================================
SUMMARY
============================================================
Input file      : 132_نقش وسیع دخالتهای شیطان و اغوائات آن در بعضی مکاشفات در مورد احضار روح _ بحث تزکیه.mp3
Provider        : ElevenLabs Scribe (scribe_v2)
Audio duration  : 16:57 (1016.60 s)
Requests        : 1
Billed duration : 1017 s (rounded up to nearest second)
Rate            : $0.22 / audio hour
Estimated cost  : $0.062126 USD
Transcript saved: Audios/AyatollahShojaee/Tazkiyeh/132/132_نقش وسیع دخالتهای شیطان و اغوائات آن در بعضی مکاشفات در مورد احضار روح _ بحث تزکیه.txt
============================================================
