Provider: ElevenLabs Scribe (scribe_v2)
Progress file (updated after each chunk): Audios/AyatollahShojaee/Tazkiyeh/073/073_معالجه غضب2 _ بحث تزکیه.partial.txt
  preparing audio (073_معالجه غضب2 _ بحث تزکیه.mp3)...
  40:39 → 1 request(s)
  progress file: Audios/AyatollahShojaee/Tazkiyeh/073/073_معالجه غضب2 _ بحث تزکیه.partial.txt
  [1/1] 0:00–40:39 (14293 KB)...
      → 25737 chars: [آیه قرآن] چهارم از راه‌های چاره برای غضب که علما اخلاق گفتند این است که کسی که گرفتار غضب است باید از هر چیزی استفاده بکند برای معالجه دیگه. یکی هم این است که باید اصولاً در همه ک…

============================================================
TRANSCRIPTION (preview)
============================================================
[آیه قرآن] چهارم از راه‌های چاره برای غضب که علما اخلاق گفتند این است که کسی که گرفتار غضب است باید از هر چیزی استفاده بکند برای معالجه دیگه. یکی هم این است که باید اصولاً در همه کارها، حرکات و گفتارش باید همیشه با فکر پیش بیاید. خیلی جاها نمی‌دانم شما دقت کردید یا نه، انسان بی‌فکر بودنش، یعنی بی‌تعامل حرکتی می‌کند، بی‌تعامل حرفی می‌زند. عواقب و عواید و طرف چیه؟ خصوصیاتش چیه؟ روحياتش چیه؟ موقعیتش چیه؟ حساب‌نشده حرف می‌زند، حساب‌نشده حرکتی می‌کند. اون طرف هم عکس‌العمل نشان می‌شود، می‌دهد و انسان دیگه خودش رو نمی‌تواند ضبط بکند. چی میشه؟ غضبناک میشه. یکی از کسی که می‌خواد خودشو معالجه بکنه در مقام غضب باید کاملاً در روی حرکات و سخن‌هاش، حرف‌ها که می‌زنه باید رویه داشته باشد. فکر و تعامل داشته باشد. خب مثلاً از باب مثال میگم حالا من مثال بزنم روشن‌تر بشه. مثلاً شما اگر بچه دارید یا Allah فرزندی دارید مثلاً میگم وقتی بهش میگید مثلاً درس می‌خواد بخواد خوب درس بخونه مثلاً در درس خوندنِش مسامحاتی، ویلگردی‌هایی دارد. وقتی مثلاً فرزند شماست می‌خواد بهش بگید که می‌خواد [سرفه] منع کند از اینکه چرا درس نمی‌خواند، چرا مسامحه می‌کند و تشویقش یا بازداشتش برای درس خوندن بکنید. خب این یک بار دیدید که وقتی میگه که خب درس نخوانی فردا بیکار میشی، چی میشی؟ چی میشی؟ چی میشی بدبخت؟ این برگشت به شما حرف‌هایی زد. یک چیزهایی هم به شما اون گفت که شما از اول باعث شدید من نخوندم. شما چنین کردید من دیر کردم. دیگه من نمی‌تونم بخونم. شما هم دیدید که شما اینجا هم بهترین مقصر نبوده اید، عصبانی می‌شوید. خب دیگه در بار دوم اینطور حرف نزنید چون او هم باز برگر-- برمی‌گردد اون حرف ناحقش را می‌زند. شما چی می‌کنید؟ باز عصبانی می‌شوید دیگه. اون برمی‌گردد میگه شما مقصر بودید که در وقتش من نذاشتید تحصیل بکنم. در صورتی که شما مقصر هم نبوده اید. خب این حرفو نزنید به نحو دیگه تشویق بکنید. مثلاً میگم این یه مثال بود. یا انسان مثلاً با عیالش یا عیال با شوهرش در رابطه با مسائل مختلف با یه برخوردی به یه نوعی یه موضوعی را مطرح کردید که این یک عکس‌العملی نشان داد که دیگه خودش را نتوانست نگهداري بکند. خب باید دیگه اونجور برخورد را نکند. بالاخره کسی که می‌خواهد از غضب اجتناب بکند باید در اعمال و گفتار و حرکات و سکناتش ر
… (truncated; see saved file for full transcript)

============================================================
SUMMARY
============================================================
Input file      : 073_معالجه غضب2 _ بحث تزکیه.mp3
Provider        : ElevenLabs Scribe (scribe_v2)
Audio duration  : 40:39 (2439.36 s)
Requests        : 1
Billed duration : 2440 s (rounded up to nearest second)
Rate            : $0.22 / audio hour
Estimated cost  : $0.149072 USD
Transcript saved: Audios/AyatollahShojaee/Tazkiyeh/073/073_معالجه غضب2 _ بحث تزکیه.txt
============================================================
