Provider: ElevenLabs Scribe (scribe_v2)
Progress file (updated after each chunk): /Users/mohammadreza/IslamASR/Audios/AyatollahShojaee/Mabohas_Mozui/041/041_41- تنبلي وسستي در عبادت.partial.txt
  preparing audio (041_41- تنبلي وسستي در عبادت.mp3)...
  30:38 → 1 request(s)
  progress file: /Users/mohammadreza/IslamASR/Audios/AyatollahShojaee/Mabohas_Mozui/041/041_41- تنبلي وسستي در عبادت.partial.txt
  [1/1] 0:00–30:38 (10769 KB)...
      → 20306 chars: اعوذ بالله السميع العليم من الشيطان الرجيم. بسم الله الرحمن الرحيم. معمولا تنبلی را به صورت یک مانع یا سد راه یا در یک عبارت روشن‌تر بگوییم تنبلی را به صورت یک هوای نفس از هواها اک…

============================================================
TRANSCRIPTION (preview)
============================================================
اعوذ بالله السميع العليم من الشيطان الرجيم. بسم الله الرحمن الرحيم. معمولا تنبلی را به صورت یک مانع یا سد راه یا در یک عبارت روشن‌تر بگوییم تنبلی را به صورت یک هوای نفس از هواها اکثر افراد به شمار نمیارن. یعنی هوای نفس حساب نمی‌کنند. طبعا وقتی انسان با دید هوا این را ندید، به زیاد به مقام مقابله اصلاً به مقام مقابله با این هوای نفس برنمی‌آید. اکثر افراد فکر می‌کنند که تنبلی یک چیزی است در زمره‌ی هواهای نفسانی است که باید باهاش مبارزه کرد. باهاش باید باهاش مقابله کرد. بعضی از هواها را خب متوجه می‌شویم که این هوا است، اون هوا است و باید در برابرش ایستادگی کرد، مقابله کرد، جهاد کرد. جهاد با نفس. بعضی از هواها. ولی این را اصلاً به صورت یک هوا نمی‌بینند. اکثر غریب به اتفاق مؤمنین تنبلی و سستی در عبودیت عبادات را به صورت یکی از هواهای نفسانی نمی‌بینند. در صورتی که یکی از هواهای بسیار خطرناک نفسانی همین است. یعنی مسئله تنبلی است. هوای بسیار بزرگی است که درش هواها نوخته است به دروغ. از اون خطرات بسیار بالای طریق عبودیت است تنبلی و سستی. حالا من توضیح میدم. خوب دقت بکنید که چه جور هوای نفس است. اما این را که گفتم یادتون باشد بعدا دوباره تکرار می‌کنم. بعدا روش فکر بکنید که اکثر غریب به اتفاق افراد تنبلی و سستی را به صورت یک هوای خطرناک نفسانی که انسان را بازبدارد از راه به مهلکه بیندازد. این بهش فکر نمی‌کنیم. فکر می‌کنیم یه چیزی‌ست. هوای نفس نمی‌دونیم. در صورتی که هوای بسیار بالایی است از نفس و درش هواها نوخته است. بسیار هم خطرناک. تا جایی که در روایت قبلاً گفتم فکر بکنید این را. در روایت هست که آفت است اصلا تنبلی. آفت بندگی است. این تعبیر روایت است از معصوم سلام الله علیهم اجمعین. ببینید وقتی که کلام معصوم است و خب کلمات معصومین را باید روش هرچه می‌توانیم حساب کنیم. البته ما نمی‌توانیم حساب لازم را روی کلمات معصومین بکنیم. سلام الله علیهم اجمعین. ولی در حدی که می‌توانیم. وقتی در یک جمله خلاصه امام می‌فرماید معصوم. حالا یادم نیست رسول الله است یا یکی از ائمه است. این یادم نیست. بالاخره کلام معصوم. فرقی نمی‌کند. می‌فرماید که آفت عبودیت است. کسل یعنی رو سستی. کسل به استفاده روایت و دعاها به زبان ما می‌شود تنبلی و سستی. این را آفت حساب می‌فرماید. شما ببینید تعبیر آفت چیه؟ یعنی آ
… (truncated; see saved file for full transcript)

============================================================
SUMMARY
============================================================
Input file      : 041_41- تنبلي وسستي در عبادت.mp3
Provider        : ElevenLabs Scribe (scribe_v2)
Audio duration  : 30:38 (1837.91 s)
Requests        : 1
Billed duration : 1838 s (rounded up to nearest second)
Rate            : $0.22 / audio hour
Estimated cost  : $0.112317 USD
Transcript saved: /Users/mohammadreza/IslamASR/Audios/AyatollahShojaee/Mabohas_Mozui/041/041_41- تنبلي وسستي در عبادت.txt
============================================================
