Provider: ElevenLabs Scribe (scribe_v2)
Progress file (updated after each chunk): Audios/AyatollahShojaee/Tazkiyeh/102/102_شرک در ذات 3 (توحيد صفاتی) _ بحث تزکیه.partial.txt
  preparing audio (102_شرک در ذات 3 (توحيد صفاتی) _ بحث تزکیه.mp3)...
  36:28 → 1 request(s)
  progress file: Audios/AyatollahShojaee/Tazkiyeh/102/102_شرک در ذات 3 (توحيد صفاتی) _ بحث تزکیه.partial.txt
  [1/1] 0:00–36:28 (12821 KB)...
      → 21916 chars: [صدای محیط] اعوذ بالله السميع العليم من الشيطان الرجيم. بسم الله الرحمن الرحيم. به تعبیر با ارتباط با عذران الله جمله ها گفت حضرت علی سلام الله علیه که اگر خلاصه جمع شوند که ما که …

============================================================
TRANSCRIPTION (preview)
============================================================
[صدای محیط] اعوذ بالله السميع العليم من الشيطان الرجيم. بسم الله الرحمن الرحيم. به تعبیر با ارتباط با عذران الله جمله ها گفت حضرت علی سلام الله علیه که اگر خلاصه جمع شوند که ما که جمع شده‌اند تا در درون متوالی که بحث‌ها کردن نهایتا مثلاً از باب مثال می‌گم حالا خائن کن. اینکه خدای متعال وحدتش، وحدت عددی نیست، این را فلسفه بعد از تحقیق‌های طولانی در ادوار طولانی رسیده که علیه السلام در یک جمله در نهج‌البلاغه گفته "أحدٌ لا بتعدید عدد" تازه فهمیده‌اند چی میگه؟ در اون تازه اخیرا بعد از رشد فلسفه اونم در مسیر فلسفه اسلامی تازه فهمیدند که اینچه علی می‌فرموده یعنی چه؟ واحد هستم ما از این واحدها نیست. یک هست اما از این یک‌ها نیست که شما میگید. یک عددی نیست یک عددی دو دارد. خدا یک عددی اون یکی‌ست که می‌شود برای او دو تصویر کرد و دوم تصور کرد. صلف وجود و هستی را نمی‌شود برای او دوم تصور چیه؟ کرد. ببینید اینجوری جو بلا. علذا هرچه بنا باشه صحبت بشه حکمتا ادا نمی‌شه. ولی برای اینکه این مقدار روشن بشه. در قسمتی از خطبه‌هاش در نهج‌البلاغه جلد اول صفحه البته بر اساس تقسیم‌بندی نهج‌البلاغه فیض، صفحه صد و چهل و شش نهج‌البلاغه جلد یک صفحه صد و چهل و شش. در اونجا قسمتی از بیاناتش در اینجا اینجوریه. این قسمت از بیاناتش فرق بین صفات خدا و صفات مخلوقات را چه انسان چه غیر انسان با بیان خاصی بیان می‌کنه. میگه که الحمد لله الذي لم تثبت له حالٌ حالًا فيكون أولًا قبل أن يكون آخرًا. قسمت‌ها رو ترجمه می‌کنم فقط. هرچه شما ذوق داشته باشید و معرفت به همان اندازه نائل می‌شوید و قسمت‌ها رو یه خرده توضیح میدم فقط. الحمد لله الذي لم تثبت له حالٌ حالًا. حمد خدا را که او حالی ندارد که بر حال دیگرش ثبوت داشته باشد. حالا این حال و بعد هم آن حال. اینها برای او نیست. فيكون أولًا قبل أن يكون آخرًا. حال ندارد حال و این حال و آن حال. این قبل از آن حال. آن حال بعد از این حال. اینها برای خدا نیست که در نتیجه اول بشود قبل از آنی که آخر بشود. خب این اول‌ها که داریم اول است قبل از اینکه چه بشه؟ آخر بشه. خدا هم اول است و هم چیه؟ آخر است. اما اینطور نیست که اول است و بعد چیه؟ آخر است. همونجا که اول است چیه؟ آخر است. همونجا که آخر است باز چیه؟ اول است. حالا یعنی چه؟ اینا فعلاً برای ما لفظ میشه یه مقدارش، یه مقدارش برای 
… (truncated; see saved file for full transcript)

============================================================
SUMMARY
============================================================
Input file      : 102_شرک در ذات 3 (توحيد صفاتی) _ بحث تزکیه.mp3
Provider        : ElevenLabs Scribe (scribe_v2)
Audio duration  : 36:28 (2188.08 s)
Requests        : 1
Billed duration : 2189 s (rounded up to nearest second)
Rate            : $0.22 / audio hour
Estimated cost  : $0.133716 USD
Transcript saved: Audios/AyatollahShojaee/Tazkiyeh/102/102_شرک در ذات 3 (توحيد صفاتی) _ بحث تزکیه.txt
============================================================
