Provider: ElevenLabs Scribe (scribe_v2)
Progress file (updated after each chunk): Audios/AyatollahShojaee/Tazkiyeh/029/029_غبطه.partial.txt
  preparing audio (029_غبطه.mp3)...
  27:56 → 1 request(s)
  progress file: Audios/AyatollahShojaee/Tazkiyeh/029/029_غبطه.partial.txt
  [1/1] 0:00–27:56 (9820 KB)...
      → 19227 chars: اعوذ بالله السميع العليم من الشيطان الرجيم. بسم الله الرحمن الرحيم. از جلوات و ظهورات هوا در وجود انسان بحث می‌کردیم که یکی از ظهورات هوا در جلسه گذشته پرداختیم که همان حسد نامیده …

============================================================
TRANSCRIPTION (preview)
============================================================
اعوذ بالله السميع العليم من الشيطان الرجيم. بسم الله الرحمن الرحيم. از جلوات و ظهورات هوا در وجود انسان بحث می‌کردیم که یکی از ظهورات هوا در جلسه گذشته پرداختیم که همان حسد نامیده می‌شود. حسد را تا حدودی توضیح دادیم که چگونه از جلوات و ظهورات هوا در وجود انسان است. هوای مخلق و برای یک صالح الی الله در مقام سلوک از جمله مخلقات است منتها شاخه‌ای از هواست، ظهوری از هواست و جلوه‌ای از هواست. مسئله حسد را تا حدودی که معنی حسد چیست و اقسام انواع حسد به چه صورتیست توضیح دادیم. البته عرض کردم انواعی که برای حسد گفتیم یا surه که برای حسد توضیح دادیم اینها در حقیقت آن sur بارز و روشن و کلی حسد بود. ریزه‌کاری‌ها و صورت‌های مختلف و مراتب دقیق و رقیقی که برای حسد هست اینها در بیان با گفتن تمام نمی‌شود و احیاناً به بیان هم نمی‌آید. جزئیاتی است که صالح الی الله در مقام سلوک اگر موفق باشد به خوبی می‌فهمد که چیست. یعنی جزئیات مسئله، مسئله یافتنی است نه گفتنی. کسی به انجام واجبات خوب موفق است. کسی غبطه می‌کند که من هم مانند او موفق باشم. این غبطه، غبطه واجب است اصلاً. نه تنها بد نیست، نه تنها مستحب است، بلکه واجب است. این غبطه را باید انسان داشته باشد. یعنی وقتی کسی واجبی را انجام می‌دهد، من موفق به اون نیستم، یک عنایت است، یک نعمت است سر برای او. غبطه اون غبطه واجب است. کسی نه، از واجب هم آمدیم پایین‌تر. کسی به حرکات عبودی، مستحبات، به خودسازی، به تزکیه، به حرکت معنوی، به اینجور تحصیل انقطاع خوب موفق است. یک مرد موفقی است، بنده موفقی است. ما غبطه می‌کنیم ما همونطور باشیم. این غبطه مطلوب است. نه تنها مکروه نیست، واجب نیست ولی مطلوب است، مستحب است. آرزو می‌کند که این هم از اون نعمت برخوردار باشد، این هم اون را داشته باشد، از اون داشته باشد، حالا اخروی یا دنیوی و نظری بر این ندارد که این هم به اندازه اون باشد یا از اون کمتر نباشد. نه، از این مسئله پاره دست است اصلاً. فقط می‌خواهد که این هم از اون نعمت داشته باشد. دیگه نظر بر مساوات هم ندارد چون نظر بر مساوات به خطرها می‌کشاند. فرض می‌کنید می‌خواهد از اون نعمت این هم داشته باشد. نظری بر مساوات ندارد. اشکال ندارد اگر از اون یه خورده کم شد. اینجا هیچ اشکالی ندارد. مخصوصاً در بعضی جاها اصلاً واجب است. اما یک غبطه مباح داریم. مثلاً کسی نعمت
… (truncated; see saved file for full transcript)

============================================================
SUMMARY
============================================================
Input file      : 029_غبطه.mp3
Provider        : ElevenLabs Scribe (scribe_v2)
Audio duration  : 27:56 (1675.94 s)
Requests        : 1
Billed duration : 1676 s (rounded up to nearest second)
Rate            : $0.22 / audio hour
Estimated cost  : $0.102419 USD
Transcript saved: Audios/AyatollahShojaee/Tazkiyeh/029/029_غبطه.txt
============================================================
