Provider: ElevenLabs Scribe (scribe_v2)
Progress file (updated after each chunk): Audios/AyatollahShojaee/Tazkiyeh/054/054_ريا1 _ بحث تزکیه.partial.txt
  preparing audio (054_ريا1 _ بحث تزکیه.mp3)...
  27:00 → 1 request(s)
  progress file: Audios/AyatollahShojaee/Tazkiyeh/054/054_ريا1 _ بحث تزکیه.partial.txt
  [1/1] 0:00–27:00 (9493 KB)...
      → 17942 chars: بسم الله الرحمن الرحیم. از جلوات و ظهورات هوا صحبت می‌کردیم که در مقام عبودیت و سلوک مسئله هوای نفس که همه مهلک‌ها را می‌شود در همان هوا خلاصه کرد یا اون چه مانع در طریقت می‌شود در…

============================================================
TRANSCRIPTION (preview)
============================================================
بسم الله الرحمن الرحیم. از جلوات و ظهورات هوا صحبت می‌کردیم که در مقام عبودیت و سلوک مسئله هوای نفس که همه مهلک‌ها را می‌شود در همان هوا خلاصه کرد یا اون چه مانع در طریقت می‌شود در همون هوا خلاصه کرد. هوای نفس در مقام سلوک عبودیت، جلوه‌ها و ظهورات متنوع خیلی روشن، خیلی مخفی در مراتب مختلف دارد و ظهورات هوا را اون قسمت‌هاش را که می‌شود گفت اون‌ها را تا حدودی می‌شمردیم و قسمت‌های زیادش را هم نمی‌شود گفت که در مقام عمل یک فرد صادق، سالک صادق و مخلص خودش می‌فهمد. اصلاً با بیان تمام نمی‌شود یا به بیان نمیاد خیلی از ابعادش. اون قسمت‌ها که به بیان می‌آمد را می‌شمردیم از جمله اون‌ها مسئله ریا است. ریا در مراتب مختلف که در این جلسه اگر هم تمام نشد و لازم بود خدا خواست در جلسات آینده در قسمت ریا مسائل عرض می‌کنیم. ریا برای همه خب مهلک است، برای عامه مردم مهلک است. عبادت و اعمال خیر عامه مردم را همه را یعنی به حرف می‌کند، از بین می‌برد. مخصوصاً در مقام سلوک ریا یک مسئله مبتلا به‌ایست برای هر کسی که شروع کرد با توجه بر اینکه ریا از اون هواهای خیلی بزرگ در وجود انسان هست هر کسی و در واقع شاخه‌ای از جاه‌طلبی و شهرت‌طلبی و همون منزله‌طلبی در قلوب افراد است خود ریا. یعنی از این مرض سرچشمه می‌گیرد. چرا انسان ریا می‌کند؟ اصلش به همون جاه‌طلبی که جلسه گذشته صحبت می‌کردیم و شهرت‌طلبی و اینکه انسان بخواد مردم به او احترام کنند، او را بزرگ ببینند، به او ارزش قائل بشوند، به او احترام کنند و از این طریق خواسته‌های دیگرش هم برآورده بشود. مردم به او اقتدا کنند، قلوب به سوی او متوجه باشد. از این مرض که در وجود همه خیلی سخت هست و قبلاً صحبت کردیم و این بیان را هم از رسول اکرم صلی الله علیه و آله و سلم عرض کردیم. فرمود که مهم‌ترین و مشکل‌ترین و آخرین مرضی که یک فرد می‌تواند از آن خلاص بشود همان جاه‌طلبی و شهرت‌طلبی است. از این مرض مسئله ریا در اصل سرچشمه می‌گیرد. یعنی خودش می‌شود گفت جلوه‌ایست یا جلواتی‌ست از همین جلوه. در هر صورت ریا از جلوات هوا و بروزات هواست و در مقام سلوک خیلی برای انسان از همون اول که شروع کرد در انحاء مختلف دامنگیر است. اون هم مهلکی‌ست که همه کارهای انسان را، همه زحماتش را که متحمل می‌شود، همه عبادات و اذکارش را در انحاء مختلف محو می‌کند، حذف می‌کند و بلکه وزر و بال هم ب
… (truncated; see saved file for full transcript)

============================================================
SUMMARY
============================================================
Input file      : 054_ريا1 _ بحث تزکیه.mp3
Provider        : ElevenLabs Scribe (scribe_v2)
Audio duration  : 27:00 (1620.04 s)
Requests        : 1
Billed duration : 1621 s (rounded up to nearest second)
Rate            : $0.22 / audio hour
Estimated cost  : $0.099002 USD
Transcript saved: Audios/AyatollahShojaee/Tazkiyeh/054/054_ريا1 _ بحث تزکیه.txt
============================================================
