Provider: ElevenLabs Scribe (scribe_v2)
Progress file (updated after each chunk): Audios/AyatollahShojaee/Tazkiyeh/043/043_حقوق همسایه و تتبع دیگران و پیگیری خطاهای دیگران2 _ بحث تزکیه.partial.txt
  preparing audio (043_حقوق همسایه و تتبع دیگران و پیگیری خطاهای دیگران2 _ بحث تزکیه.mp3)...
  28:39 → 1 request(s)
  progress file: Audios/AyatollahShojaee/Tazkiyeh/043/043_حقوق همسایه و تتبع دیگران و پیگیری خطاهای دیگران2 _ بحث تزکیه.partial.txt
  [1/1] 0:00–28:39 (10072 KB)...
      → 18131 chars: اسلام و ایمان اگه به قلب راه پیدا بکند چیز دیگری است و یکی از مصائب و مشکلات ما در طریق عبودیت، خوب دقت کنیدا، یکی از مشکلات و مصائب ما در طریق عبودیت این است که ایمان و اسلام ما آ…

============================================================
TRANSCRIPTION (preview)
============================================================
اسلام و ایمان اگه به قلب راه پیدا بکند چیز دیگری است و یکی از مصائب و مشکلات ما در طریق عبودیت، خوب دقت کنیدا، یکی از مشکلات و مصائب ما در طریق عبودیت این است که ایمان و اسلام ما آن چنان که به قلب و سر وجود ما راه پیدا بکند راه پیدا نکرده. اونوقت البته میگم آن چنان که باید راه پیدا بکند راه پیدا نکرده. این از آیات هم استفاده می‌شود درباره بعضی‌ها، از روایات هم استفاده می‌شود درباره بعضی‌ها. در قرآن شنیده‌اید که اون آیه را که "ولمّا يدخل الإيمان في قلوبکم" هنوز ایمان درباره عده‌ای می‌فرماید هنوز ایمان به قلب شما راه نیافته. خب اونا که مؤمن بودند اسلام آورده بودند نماز هم می‌خواندند خیلی چیزها. خلاصه گاهی اسلام و ایمان به قلب انسان راه پیدا نمی‌کند. این راه پیدا کردنش به قلب و راه پیدا کردن ایمان و اسلام به قلب مسئله‌ای است. همین نمازها که من و شما می‌خوانیم، همین اذکاری که من و شما میگیم، همین اورادی که داریم، این‌ها هنوز به قلب ما آن چنان که باید راه پیدا بکند راه پیدا نکرده. اگر می‌خواهید خوب بفهمید من یک به صورت یک مثال ساده بگم به شما. یک مثال ساده. اینکه [سرفه] زبان ما، من و شما صاف می‌گوید لا اله الا الله. خب این به نظر ما در قلب ما همین هست. هست البته اما چگونه هست؟ در سر قلب هست یا در این، این طرف قلب در یک صورت، در صورت قلب است؟ در عمق قلب است یا در صورت قلب است؟ کدامش است؟ خیر گفتید؟ در صورت. فکر می‌کنیم در قلب داریم. فکر ما هم چندان باطل هم نیست. چیزی هست در قلب اما در قلب هنوز به آن معنا که باید باشد نیست. وقتی که به نماز می‌ایستیم این خیلی دلیل خوبی است. این دلیل را شما برای اثبات خیلی چیزها یعنی برای اثبات خیلی از معایب در مقام عبودیت برای خودمون هیچ وقت فراموش نکنید. یه دلیل من گفتم الان هم میگم توصیه می‌کنم به برادرها، به خانم‌ها که این را در نظرتون داشته باشید. هر وقت خواستید عیب خودتون را در ارتباط با حق، در ارتباط با عبودیت، نقیصه خودتون را در مقام عبودیت به هر شکلش از هر شکلش خواستید خوب بفهمید، شاهد زنده داشته باشید از خودتون که خودتون می‌بینید همیشه روزمره به نماز نگاه بکنید. نماز میزان است. روایت فرموده واقعاً بیان عجیبی است در روایت. فرمود نماز میزان است. نماز خوب میزان است که می‌سنجد انسان با نمازش وضع خودش را. السلام. وضع درونی تون را در هر 
… (truncated; see saved file for full transcript)

============================================================
SUMMARY
============================================================
Input file      : 043_حقوق همسایه و تتبع دیگران و پیگیری خطاهای دیگران2 _ بحث تزکیه.mp3
Provider        : ElevenLabs Scribe (scribe_v2)
Audio duration  : 28:39 (1718.93 s)
Requests        : 1
Billed duration : 1719 s (rounded up to nearest second)
Rate            : $0.22 / audio hour
Estimated cost  : $0.105046 USD
Transcript saved: Audios/AyatollahShojaee/Tazkiyeh/043/043_حقوق همسایه و تتبع دیگران و پیگیری خطاهای دیگران2 _ بحث تزکیه.txt
============================================================
