Provider: ElevenLabs Scribe (scribe_v2)
Progress file (updated after each chunk): /Users/mohammadreza/IslamASR/Audios/AyatollahShojaee/Mabohas_Mozui/023/023_23- عالم غیب و شهاده.partial.txt
  preparing audio (023_23- عالم غیب و شهاده.mp3)...
  24:11 → 1 request(s)
  progress file: /Users/mohammadreza/IslamASR/Audios/AyatollahShojaee/Mabohas_Mozui/023/023_23- عالم غیب و شهاده.partial.txt
  [1/1] 0:00–24:11 (8505 KB)...
      → 14482 chars: بسم الله الرحمن الرحیم. قال الله تعالی اعوذ بالله من الشيطان الرجيم. قل إن الموت الذي تفرون منه فإنه ملاقيكم ثم تردون إلى عالم الغيب والشهادة فينبئكم بما كنتم تعملون. این آیه سوره …

============================================================
TRANSCRIPTION (preview)
============================================================
بسم الله الرحمن الرحیم. قال الله تعالی اعوذ بالله من الشيطان الرجيم. قل إن الموت الذي تفرون منه فإنه ملاقيكم ثم تردون إلى عالم الغيب والشهادة فينبئكم بما كنتم تعملون. این آیه سوره جمعه است. شبیه همین مضمون در جاهای دیگر قرآن هم هست. این آیه ترجمه ساده‌اش این است که قل به رسول اکرم صلوات الله علیه خطاب می‌کند که بگو إن الموت الذي تفرون منه آن مرگی که از آن فرار می‌کنید فإنه ملاقيكم. او شما را ملاقات خواهد کرد. فرار هم بکنید. ثم تردون إلى عالم الغيب والشهادة. می‌میرید و بعد تردون برگردانده می‌شوید، برده می‌شوید. إلى عالم الغيب والشهادة به سوی آنکه عالم غیب است و شهادت. آنوقت فينبئكم بما كنتم تعملون. به شما خبر می‌دهد آن عالم غیب و شهادت آنچه را که عمل می‌کردید چه بود؟ تو این مضمون موارد دیگر هم هست منتها من دو مورد را یادداشت کردم. یکیش همین بود. موارد دیگر فقط دو مورد نیست. یکیش همین مورد بود که خوندم سوره جمعه آیه هشتم بود. یک مورد دیگر هم برای اینکه متوجه بشویم که این مضمون مکرر در قرآن به تناسب‌های مختلف آمده است. مورد دوم را هم می‌خوانم بعد اون نکته یا نکته‌هایی را که می‌خواستم عرض می‌کنم انشاالله. آیه صد و پنج سوره توبه است. این آیه اینطور است تعبیر و ظاهرش. و قل اعملوا فسیر الله عملكم و رسوله والمؤمنون. و بگو ای رسول اعملوا عمل بکنید. بکنید هرچی می‌ کنید فسیر الله عملكم به زودی خدا عمل شما را می‌بیند. خدا عمل شما را می‌بیند. این سیر الله اینجا دیگه به زودی معنی ندارد. نه اینکه معنی ندارد که این ترکیب مخصوص به ادبیات زبان عربی است. جمله اینجور معنی می‌دهد. و قل اعملوا عمل بکنید خدا می‌بیند عمل شما را و رسول خدا می‌بیند و مؤمنین واقعی هم می‌بینند و ستردون این جمله مورد اصطلاح صحبت ماست. و ستردون إلى عالم الغيب والشهادة به زودی شما برگردانده می‌شوید به اون که به سوی آنکه عالم غیب و شهادت است فينبئكم بما كنتم تعملون. اون خبر می‌دهد به شما آنچه را که عمل می‌کردید چه بود؟ عرض کنم که این دو مورد در این دو مورد به اضافه موارد دیگر اینطور می‌فرماید شما بعد از مرگ تردون إلى عالم الغيب والشهادة برگردانده می‌شوید، برده می‌شوید به سوی آنکه آنکه عالم غیب است و شهادت بعد خبر می‌دهد به شما آنچه را که عمل می‌کردید. عالم الغيب والشهادة یکی از اسماء خداست. اسماء حسنی خداy متعال ا
… (truncated; see saved file for full transcript)

============================================================
SUMMARY
============================================================
Input file      : 023_23- عالم غیب و شهاده.mp3
Provider        : ElevenLabs Scribe (scribe_v2)
Audio duration  : 24:11 (1451.45 s)
Requests        : 1
Billed duration : 1452 s (rounded up to nearest second)
Rate            : $0.22 / audio hour
Estimated cost  : $0.088700 USD
Transcript saved: /Users/mohammadreza/IslamASR/Audios/AyatollahShojaee/Mabohas_Mozui/023/023_23- عالم غیب و شهاده.txt
============================================================
