Provider: ElevenLabs Scribe (scribe_v2)
Progress file (updated after each chunk): /Users/mohammadreza/IslamASR/Audios/AyatollahShojaee/Mabohas_Mozui/006/006_6- چرا کلام شرع و معارفی که ريشه در وحي دارند قابل فهم برای عقل نیست؟.partial.txt
  preparing audio (006_6- چرا کلام شرع و معارفی که ريشه در وحي دارند قابل فهم برای عقل نیست؟.mp3)...
  22:09 → 1 request(s)
  progress file: /Users/mohammadreza/IslamASR/Audios/AyatollahShojaee/Mabohas_Mozui/006/006_6- چرا کلام شرع و معارفی که ريشه در وحي دارند قابل فهم برای عقل نیست؟.partial.txt
  [1/1] 0:00–22:09 (7788 KB)...
      → 13997 chars: اعوذ بالله السميع العليم من الشيطان الرجيم. بسم الله الرحمن الرحيم. [صدای ماشین] من می‌گم امروز فردا می‌خوام چند کلمه صحبت کنم. یکی بگم تذکر که لازم از آن ضروره‌ها، تذکرها زیاد است…

============================================================
TRANSCRIPTION (preview)
============================================================
اعوذ بالله السميع العليم من الشيطان الرجيم. بسم الله الرحمن الرحيم. [صدای ماشین] من می‌گم امروز فردا می‌خوام چند کلمه صحبت کنم. یکی بگم تذکر که لازم از آن ضروره‌ها، تذکرها زیاد است. از اون لازم‌ها و ضروری‌ها یکی می‌خواشم برای شما بگم. belki انشاالله به برکت حضور حضرت عذرا سلام الله علیها این تذکرها هم خوب مقبول بشود برای شما و هم به گوش دل شما برسد که فراموش نکنید و در عمل همیشه مراقبش باشید. این البته یک موضوعی که گفتم به گوش دل. نمی‌دانم شما خودتون تا حالا در دین حقیقت هم که به جاهای خودش یک حقیقت‌هاست. تکالیف قرآنیست، حقیقت‌هاست که قرآن میفرمود. دقت کرده‌اید که اینطور نیست هر کسی هر حرفی را هر وقت از هر کسی شنید، اون حرف هرچه حقیقت باشد به دلش بیفتد و در نظرش بماند و در وجودش اثر بگذارد. خلاصه جا پیدا بکند در وجودش. اینطور نیست. خیلی‌ها بودند حرف‌های حقی به گوششون خورده و هستند. گروهی که به گوش اون‌ها نرسیده است و بودند که کم بوده‌اند و هستند. حرف حق و حقیقت وقتی به گوش آنها می‌رسد در دلشون و در وجودشون اثر می‌گذارد، جا می‌اندازد. جا به آنکه این همه در جاهای مختلف یاد می‌کند از طبقات مختلف انسان‌ها در مراتب مختلف جرم و اسیام و کفر و شرک و دویان و می‌فرماید آنها گوش ندارند. این گوش ندارند معنی باید داشته باشد. چی می‌خواد بگه؟ گوش ندارند یعنی آن گوشی که هر را می‌شنود و به دل منتقل می‌کند و حرف و حقیقت، حرف و حقیقت در دل جا پیدا کند و فراموش نمی‌شود و در عمل اثر می‌گذارد. این گوش را ندارند این طبقات که قسمتی از آن طبقات بعضی از آنها خود مؤمنین هستند. اون چیزی که از قرآن استفاده می‌شود. این یک حقیقت است. حالا بعدا می‌روید روی این فکر بکنید. اگر هم خواستید اون تیپ آیات، اون دسته آیات برای شما معنی بشود، این حقیقت را باید خوب بفهمید تا معنی بشود. این که می‌گوید فلان قوم، فلان قوم، فلان دسته از مردم گوش ندارند یعنی آن گوش را ندارند. تکرار می‌کنم که وقتی حرف را و حقیقت را شنید کار گوش را انجام بدهد و به وجود او منتقل بکند و فراموش نشود. در حقیقت می‌شود گوش دل. یعنی گوش دل ندارند. دسته‌ای از آنها خود مؤمنین هستند. بخواهید بدانید که کدام یک از مؤمنین از قرآن استفاده‌های زیادی میشه. یک دسته‌اش را من به شما عرض می‌کنم که به من و شما هم شامل است. در تفسیر آیات، در مقام تفسیر 
… (truncated; see saved file for full transcript)

============================================================
SUMMARY
============================================================
Input file      : 006_6- چرا کلام شرع و معارفی که ريشه در وحي دارند قابل فهم برای عقل نیست؟.mp3
Provider        : ElevenLabs Scribe (scribe_v2)
Audio duration  : 22:09 (1329.08 s)
Requests        : 1
Billed duration : 1330 s (rounded up to nearest second)
Rate            : $0.22 / audio hour
Estimated cost  : $0.081222 USD
Transcript saved: /Users/mohammadreza/IslamASR/Audios/AyatollahShojaee/Mabohas_Mozui/006/006_6- چرا کلام شرع و معارفی که ريشه در وحي دارند قابل فهم برای عقل نیست؟.txt
============================================================
