Provider: ElevenLabs Scribe (scribe_v2)
Progress file (updated after each chunk): Audios/AyatollahShojaee/Tazkiyeh/127/127_مراحل ديگري از کشف ابصاري3 _ بحث تزکیه.partial.txt
  preparing audio (127_مراحل ديگري از کشف ابصاري3 _ بحث تزکیه.mp3)...
  23:03 → 1 request(s)
  progress file: Audios/AyatollahShojaee/Tazkiyeh/127/127_مراحل ديگري از کشف ابصاري3 _ بحث تزکیه.partial.txt
  [1/1] 0:00–23:03 (8101 KB)...
      → 15187 chars: اعوذ بالله السميع العليم من الشيطان الرجيم. بسم الله الرحمن الرحيم. خب در این مرتبه می‌بینید که انسان عرض کنم که در خصوص دیگران هم که انسان می‌بیند. مسئله البته در حالت بیداری این‌…

============================================================
TRANSCRIPTION (preview)
============================================================
اعوذ بالله السميع العليم من الشيطان الرجيم. بسم الله الرحمن الرحيم. خب در این مرتبه می‌بینید که انسان عرض کنم که در خصوص دیگران هم که انسان می‌بیند. مسئله البته در حالت بیداری این‌ها را که عرض می‌کنم در حالت بیداری‌ست. همین که می‌خوام عرض بکنم. در این مرتبه که ابصار کشف صاری‌ست، مثلا شما یک دفعه می‌بینید که منو می‌بینید. ببینید من وضو می‌گیرم، دارم وضو می‌گیرم مثلا. و اما وضو می‌گیرم وقتی که به عرض فرمایید که شستن دست‌هام رسیدم از باب وضو، اونجا هرچی می‌خوام دست‌هام بشورم در وضو ها، وضو می‌گیرم، می‌بینید که من نمی‌توانم. حالا شما منو ببینید. در اصل اینجور مشهود می‌شود و اینطور می‌بینید. خب این البته این معمولا اونجاها می‌شود که اون طرفی که می‌بیند با اون شخص یک نوع در ارتباط است یا شاگردش است یا در ارتباط است که یک نوع تذکرات و راهنمایی‌ها به اون طرف می‌دهد که چون خود اون طرف توجه ندارد و نمی‌شود بهش رس-- ابلاغ کرد از طریق این شخصی که استادش هست یا معلمش هست یا آدم دوستش هست به او مشهود می‌شود حقیقت که او به شخص چی می‌کنه؟ تذکرات. ببینید من وضو می‌گیرم و در وسط وضو به دست‌هام که رسیدم دست‌هام بشورم دیگه نمی‌توانم. هرچه سعی می‌کنم دست‌هام بشورم نمی‌توانم. خب این حکایتی دارد. این یک تمثل ها. کشف صاری در اواسط پیش می‌آید اینجور که حال دیگران معلوم می‌شود که به هدف صوری هم مربوط نیست اشتباه نشود. کشف ابصاری صحبت می‌کنیم. به مثلا روشن شدن خصوصیات اون طرف مربوط است منتها در تمثل‌ها، در تمثل‌ها. یعنی این حکایتش اینها حکایتی که من عرض می‌کنم حکایت این دید و این منظره این است که این آدمی که ما دیدیم اینجور که وضو می‌گیرد به دست‌هاش رسید نمی‌تواند. هی سعی می‌کند دست‌هاشو بشوید نمی‌تواند. معنیش این است که این آدم که شروع به سیر عبودی و حرکت عبودی کرده، یه سالک مبتدی عرض فرمایید، شروع که کرده وقتی که در ارتباط به کارها و حرکات و سکنات بیست و چهار ساعتش در تطبیق با موازین شرعی به حساب و مراقبه می‌رسد، اونجا دیگه کارش معطل می‌ماند. این طرف بهش گفته می‌شود که تو حالا اون طرفی که دیده ممکن است فقط معنیشو بهش بگه. بگه که تو در مراقبت هیچ تدیتی نمی‌کنی. یعنی مراقب حرکات و سکناتت که منطبق باشد با موازین و با رضای الهی که یکی از برنامه‌ها در شروعات و برنامه‌های اساسی‌ست باید سالک مراقب
… (truncated; see saved file for full transcript)

============================================================
SUMMARY
============================================================
Input file      : 127_مراحل ديگري از کشف ابصاري3 _ بحث تزکیه.mp3
Provider        : ElevenLabs Scribe (scribe_v2)
Audio duration  : 23:03 (1382.58 s)
Requests        : 1
Billed duration : 1383 s (rounded up to nearest second)
Rate            : $0.22 / audio hour
Estimated cost  : $0.084491 USD
Transcript saved: Audios/AyatollahShojaee/Tazkiyeh/127/127_مراحل ديگري از کشف ابصاري3 _ بحث تزکیه.txt
============================================================
