Provider: ElevenLabs Scribe (scribe_v2)
Progress file (updated after each chunk): Audios/AyatollahShojaee/Tazkiyeh/025/025_خیانت _ بحث تزکیه.partial.txt
  preparing audio (025_خیانت _ بحث تزکیه.mp3)...
  27:05 → 1 request(s)
  progress file: Audios/AyatollahShojaee/Tazkiyeh/025/025_خیانت _ بحث تزکیه.partial.txt
  [1/1] 0:00–27:05 (9521 KB)...
      → 17930 chars: بسم الله الرحمن الرحیم چندین جلسه است که در خصوص مسئله هوا صحبت می‌کردیم. هوا که یکی از مسائل اساسی‌ست که باید اجتناب بشود. جلساتی صحبت کردیم در هوا و بحث در جلسات بعدی در جلوات و …

============================================================
TRANSCRIPTION (preview)
============================================================
بسم الله الرحمن الرحیم چندین جلسه است که در خصوص مسئله هوا صحبت می‌کردیم. هوا که یکی از مسائل اساسی‌ست که باید اجتناب بشود. جلساتی صحبت کردیم در هوا و بحث در جلسات بعدی در جلوات و بروزات و ظهورات مختلف هوای نفس بود که هوا در جلوه‌های مختلف، اون هوایی که مهلک انسان است در درجات مختلف جلوه‌های مختلفی دارد یا در صورت‌های مختلفی جلوه می‌کند که البته این صورت‌ها بعضی‌ها خیلی از نظر اهلاک و از نظر به هلاکت انداختن انسان در حرکت به سوی ذات مقدس حق بعضی‌ها خیلی شدید است بعضی‌ها نسبت به بعضی‌ها در مرتبه پایین‌تری است. الا اینکه همه مدار صورت‌های هوا و جلوات هوا هر کدام به اندازه خود مهلک است. در جلوات هوا صحبت می‌کردیم. حالا باز به چندین صورت از این جلوه‌ها که یا صورت‌ها که هوا دارد در این بحث اشاره می‌کنیم که منتها به صورت یک اشاره کلی است. همیشه توجه داشته باشید که اون جزئیات را شرح کردن اصلاً متأثر است یا مشکل است یا محال است چون انسان در مقام عمل متوجه می‌شود. فقط این کلیات را شمردن برای این است که انسان در مقام عبودیت و سلوک به این کلیات که متوجه شد قدم به قدم به حساب یک فرد مراقبیست به جزئیاتش قطعا خودش دقت خواهد کرد. یکی از صورت‌های هوا و جلوات هوا مسئله خیانت است. خیانت. یعنی هوا گاهی در شکل خیانت و در جلوه خیانت به انواع مختلف در وجود انسان جلوه می‌کند. به یک بیان دیگر می‌توانیم اینجور تعبیر بیاوریم که هوا وقتی در وجود انسان بود، انسان خیانت هم می‌کند. خیانت از آثار هواست یا از بروزات هواست یا از ظهورات هواست. هوای نفس است که انسان را وادار بر خیانت می‌کند. سالک الی الله باید در مرحله سلوک و مراقبت که مراقب خودش است و مراقب این است که هوای نفس با توجه بر اون مکر و حیله خیلی باریک نفس که هست متوجه باشد که هوای نفس در جلوه‌های مختلف و در صورت‌های مختلف در وجودش جلوه می‌کند. ممکن است انسان در بعضی از جلوه‌ها به سراغ هوا برود و با هوای نفسش مخالفت بکند به خیال خود. اما هوا در شکل‌های دیگر بروز بکند. این خطری است. سالک باید مراقب همه شکل‌ها و صورت‌های هوا باشد. یکی از شکل‌هاش همان خیانت است. یعنی در این صورت در وجود انسان بروز می‌کند، ظهور می‌کند. مخصوصاً عرض کردم به این نکته دقت بکنید که انسان ممکن است به بعضی از صورت‌های خیلی روشن هوا در وجود خودش توجه داشته باشد و در 
… (truncated; see saved file for full transcript)

============================================================
SUMMARY
============================================================
Input file      : 025_خیانت _ بحث تزکیه.mp3
Provider        : ElevenLabs Scribe (scribe_v2)
Audio duration  : 27:05 (1624.79 s)
Requests        : 1
Billed duration : 1625 s (rounded up to nearest second)
Rate            : $0.22 / audio hour
Estimated cost  : $0.099293 USD
Transcript saved: Audios/AyatollahShojaee/Tazkiyeh/025/025_خیانت _ بحث تزکیه.txt
============================================================
