Provider: ElevenLabs Scribe (scribe_v2)
Progress file (updated after each chunk): /Users/mohammadreza/IslamASR/Audios/AyatollahShojaee/CheraghHedayat/017/017_درخصوص حضرت اباعبدالله (ع) (چراغ هدایت) 17_.partial.txt
  preparing audio (017_درخصوص حضرت اباعبدالله (ع) (چراغ هدایت) 17_.mp3)...
  27:34 → 1 request(s)
  progress file: /Users/mohammadreza/IslamASR/Audios/AyatollahShojaee/CheraghHedayat/017/017_درخصوص حضرت اباعبدالله (ع) (چراغ هدایت) 17_.partial.txt
  [1/1] 0:00–27:34 (9690 KB)...
      → 15544 chars: حسین، حسین، حسین، حسین. حسین، حسین، حسین، حسین. شهید کربلا حسین. حسین، حسین، حسین، حسین. ذریهٔ نهال حسین. حسین، حسین، حسین- السلام علیک یا أبا عبدالله الحسین- حسین، حسین- وعلی الار…

============================================================
TRANSCRIPTION (preview)
============================================================
حسین، حسین، حسین، حسین. حسین، حسین، حسین، حسین. شهید کربلا حسین. حسین، حسین، حسین، حسین. ذریهٔ نهال حسین. حسین، حسین، حسین- السلام علیک یا أبا عبدالله الحسین- حسین، حسین- وعلی الارواح التي حلت- حسین، حسین- بحدايق- حسین، حسین. ذریهٔ نهال حسین. حسین- چراغ هدایت چراغ مصباح هدایت تویی. چراغ مصباح هدایت تویی. سفینه‌ای غصه‌ها را یم کند. سفینه‌ای غصه‌ها را یم کند. بسم الله الرحمن الرحیم و هو رب الحسین الذي قتل عطشانا. بسم الله الرحمن الرحیم. يا أيتُها النفسُ المطمئنة ارجعي إلى ربك راضية مرضية. الله. سلام بر حسین و سلام بر عاشقان حسین و سلام بر شما دوستداران مکتب حسین علیه السلام. دوستان عزیر این هفدهمین برنامه چراغ هدایت است که تقدیم حضورتان می‌شود. در این برنامه نیز استاد در ادامه مطالب برنامه‌های قبل در مورد شخصیت یگانه حضرت سید الشهدا علیه السلام در نظام وجود و اثر آن بزرگوار بر نظام هستی، اشاراتی به افرادی دارند که در جریان قتل آن بزرگوار شرکت داشتند و گرفتار عقوبت‌های الهی شدند. زیرا ابا عبدالله الحسین علیه السلام وتر الله الموتور و ثارالله است و قلب مقدسش مجرای اراده الهی است و وقتی این قلب شکست بر همه نظام وجود اثرگذار بود. با هم می‌شنویم. بسم الله الرحمن الرحیم. الحمد لله رب العالمین و صلی الله على محمد و آله الطاهرين. اللهم صلي على محمد. یکی دیگر را هم از اشتداد غضب و هم اینکه بدانید این خون چه خونی بوده ریخته شده است. وترالله و آن خون‌ها که با این خون‌ها یکی بودند، متحد جان‌های شیران خداست و برای اینکه این موضوع را بهتر بفهمید یک قضیه دیگر. این را از مقاتل ابوالفرج برای شما نقل می‌کنم و اصل گوینده جریان هم فرزند اسبق بن نباته است. این دفعه که از خودش داستانی نقل کردن اسبق هم اون کس بود که رسید به محضر جاص انصاری که از جاص گفتم به محضر سید الشهدا سلام الله علیه و گفت که می‌خواهم جریان مسجد gobara و سید الشهدا سیرش داد. همون اسبق این فرزند او بوده. اینکه نقل می‌کنه، اینکه نقل می‌کنه جریان را قاسم فرزند همون اسبق است که از شیعیان خاص و خوب بوده. این خودش هم قاسم میگه که نقل می‌کند، میگه من خودم یه مردی را از بنی عبان دیدم که اینو من قبلاً دیده بودم همین شخص را. قاسم میگه من این شخص را قبلاً دیده بودم در قبل از کربلا، قبل از جریان کربلا. شخص خوش صورت، زیبا و سفید رنگ
… (truncated; see saved file for full transcript)

============================================================
SUMMARY
============================================================
Input file      : 017_درخصوص حضرت اباعبدالله (ع) (چراغ هدایت) 17_.mp3
Provider        : ElevenLabs Scribe (scribe_v2)
Audio duration  : 27:34 (1653.73 s)
Requests        : 1
Billed duration : 1654 s (rounded up to nearest second)
Rate            : $0.22 / audio hour
Estimated cost  : $0.101061 USD
Transcript saved: /Users/mohammadreza/IslamASR/Audios/AyatollahShojaee/CheraghHedayat/017/017_درخصوص حضرت اباعبدالله (ع) (چراغ هدایت) 17_.txt
============================================================
