Provider: ElevenLabs Scribe (scribe_v2)
Progress file (updated after each chunk): Audios/AyatollahShojaee/Tazkiyeh/067/067_طول امل1 _ بحث تزکیه.partial.txt
  preparing audio (067_طول امل1 _ بحث تزکیه.mp3)...
  33:02 → 1 request(s)
  progress file: Audios/AyatollahShojaee/Tazkiyeh/067/067_طول امل1 _ بحث تزکیه.partial.txt
  [1/1] 0:00–33:02 (11613 KB)...
      → 21145 chars: اعوذ بالله السميع العليم من الشيطان الرجيم. بسم الله الرحمن الرحيم. در مهلکات صحبت می‌کردیم و اون چیزهایی که در مقام عبودیت و در سلوک مضر است، مهلک است و مانع حرکت است. [نفس عمیق] …

============================================================
TRANSCRIPTION (preview)
============================================================
اعوذ بالله السميع العليم من الشيطان الرجيم. بسم الله الرحمن الرحيم. در مهلکات صحبت می‌کردیم و اون چیزهایی که در مقام عبودیت و در سلوک مضر است، مهلک است و مانع حرکت است. [نفس عمیق] از آن مسائل که در نوشته‌های علما، اخلاق و ارباب سلوک هست با استفاده از شارات آیات و روایات به عنوان یک مهلک و احیاناً اسمش را هم اگر مؤمنین بیشتر بشنوند معنیش را طور دیگر می‌کنند، مسئله‌ای است به نام طول عمل. طول عمل. حالا این اصطلاح، این یعنی اصطلاحی است که در روایات آمده. طول عمل یکی از مهلکات است در مقام سلوک. یعنی یکی از مسائلی که سالک باید سخت از اون اجتناب بکند و متوجه باشد که اگر این گرفتاری در او باشد در مقام سلوک موفق نخواهد بود، مسئله طول عمل است. طول عمل را به طوریکه الان اشاره کردم بعضی‌ها طور دیگر معنی می‌کنند و طبعا از اون مجرای اصلیش که به عنوان یک مهلک در طریق سلوک مطرحه است بیرون می‌آورند. طول عمل را گاهی به معنی آرزوهای طولانی داشتن معنی می‌کنند ولی این نیست معنی طول عمل. طول عمل یک گرفتاری دیگری است که اکثراً انسان‌ها به اون گرفتار هستند و إلا افراد نادر. و همین که عرض کردم إلا افراد نادر همان‌هایی هستند که تحت ولایت حق قرار می‌گیرند. طول عمل به معنی آرزوهای طولانی داشتن نیست. طول عمل به معنی یک گرفتاری خاصی است که اکثراً عرض کردم انسان‌ها گرفتار هستند و اون عبارت است از اینکه انسان عقیده داشته باشد، فکرش این باشد، فکر غالب بر وجود، حالت غالب بر وجود، انشاالله خوب دقت می‌کنید که اون مقصودی که هست خوب مفهوم بشود. اون حالت غالب بر وجود و بر قلب و بر وجود، این عقیده و این دید باشد که هنوز ما اینجا هستیم. توجه می‌کنید؟ هنوز ما اینجا یعنی در این عالم هستیم. انسان ان-- به نظر خودش یه اندازه‌ای حساب می‌کند برای عمر خودش، اون اندازه بیشتر نظرش را بگیرد و غالب بر او باشد. مثلاً هفتاد سال، هشتاد سال یا در این حدودها حالا ما اینجا هستیم. مدت طولانی را به عنوان عمر و بقای در این دنیا انسان برای خودش فرض بکند از اول اون وقتی که به خود آمده و این فرض و این عقیده در وجودش غالب باشد تا در حدی که حالت غالب بر وجود این شخص این است که هنوز هست که در نتیجه مسئله رفتن به اون طرف، مسئله حساب، مسئله قرار گرفتن در مقابل حضرت حق، مسئله مرگ، مشکلات بعد از مرگ، اینها تحت الشعاع قرار بگیرد. اشتباه 
… (truncated; see saved file for full transcript)

============================================================
SUMMARY
============================================================
Input file      : 067_طول امل1 _ بحث تزکیه.mp3
Provider        : ElevenLabs Scribe (scribe_v2)
Audio duration  : 33:02 (1981.87 s)
Requests        : 1
Billed duration : 1982 s (rounded up to nearest second)
Rate            : $0.22 / audio hour
Estimated cost  : $0.121114 USD
Transcript saved: Audios/AyatollahShojaee/Tazkiyeh/067/067_طول امل1 _ بحث تزکیه.txt
============================================================
