Provider: ElevenLabs Scribe (scribe_v2)
Progress file (updated after each chunk): Audios/AyatollahShojaee/Tazkiyeh/131/131_نقش خيال و وهم در خطاهاي کشف ابصاري _ بحث تزکیه.partial.txt
  preparing audio (131_نقش خيال و وهم در خطاهاي کشف ابصاري _ بحث تزکیه.mp3)...
  13:56 → 1 request(s)
  progress file: Audios/AyatollahShojaee/Tazkiyeh/131/131_نقش خيال و وهم در خطاهاي کشف ابصاري _ بحث تزکیه.partial.txt
  [1/1] 0:00–13:56 (4897 KB)...
      → 8939 chars: [آیه قرآن]  اونچه آمادگی درش پیدا شده یعنی انواری در چشم و قلبش گاه گاهی گاهی از وقتی‌ها پیدا شده. و اما از طرفی ببینید زمینه‌های اشتباه از چند لحاظ و دخالت‌های شیطان در وجودش هست.…

============================================================
TRANSCRIPTION (preview)
============================================================
[آیه قرآن]  اونچه آمادگی درش پیدا شده یعنی انواری در چشم و قلبش گاه گاهی گاهی از وقتی‌ها پیدا شده. و اما از طرفی ببینید زمینه‌های اشتباه از چند لحاظ و دخالت‌های شیطان در وجودش هست. یکی اینکه آدم مقتدی هنوز اصلاً مجاهدت نکرده و نفس در وجودش با کمال قوت حاکم‌فرماست. خوب دقت کنید اینو. خوب در نکات ارازه. نفس در وجودش با کمال قوت چیه؟ حاکم‌فرماست. این یک. خود اسیر نفس بودن، هواها بودن خودش به انحایی کافیست انسان بازیچه شیطان بشود. یعنی وقتی نفس حاکم است یعنی شیطان در وجود حاکم است. این یک. اصلاً نفس ابزار کامل شیطان است و حکومت نفس خلاصه یعنی حکومت شیطان. این یک چیز مثلث. اولاً یک اشکالی نیست که در مراحل ابتداییه سرای جمیع که چیزهای ناقص شروع کرده اولاً در تحت قوت نفس است نه تحت قوت شیطان. این یک. ثانیاً در تحت اسارت خیال و وهم است. این نکات را خوب توجه کنید. خیال یکی از مسائل است در وجود همه ما هست. از خیال و خیال باقی و تحت اسارت تخیل و قوه خیالیه قرار گرفتن و نگرفتن هم یکی از مسائل است که در مجاهدت اگر در طریق مستقیم باشد این اسارت از میان می‌رود. اگر انسان در طریق مست-مستقیم مجاهدت نکرد تحت اسارت تخیلش هم همیشه چیه؟ هست و همین‌طور در تحت اسارت توهمش. حالش فکر کنید که شما خودتون و همه اونایی که مانند من و شما هستند و عامه مردم این همه خواب‌ها که ما در موقع که خوابیدیم می‌بینیم ذاتاً علاقات معنی هم ندارد. می‌داند اینها ساخته و پرداخته کیست؟ یعنی گفتید؟ ها؟ احسنت. همان قوه خیال است. یه مقدار که قوه خیال پر و بال پیدا کرد این نکات رو خوب دقت کنید ها. وقتی ما می‌خوابیم قوه تـ-- خیال ما که از قوای درونی ماست که به معانی به سو-- مسائل ذهنی ما صورت می‌بخشد. اینو میگن قوه خیالیه. چیزهایی که ما ف-فکر می‌کنیم، افکار‌هایی که داریم، کمال‌هایی که در باطن داریم، آرزوهایی که می‌کنیم، تصویرهایی که می‌کنیم در حالت بیداری و در وجود ما ریشه دارد. قوه خیالیه خلاقیت دارد. یعنی می‌تواند اگر پر و بالش باز شود به آنچه که شما در مفکرین خودتون، فکرتون در حالت بیداری فکر می‌کنید، ریشه دار است، تفکر می‌کنید، آرزو می‌کنید، تصویر می‌کنید، اون‌ها را قوه خیالیه اگر پر و بالش باز باشه چی می‌کند؟ ها؟ یعنی گفتید؟ صورت می‌دهد. ما همون رو در خواب است دیگه. اکثر خواب‌ها که ما می‌بینیم این‌ها اکثر خواب‌ها
… (truncated; see saved file for full transcript)

============================================================
SUMMARY
============================================================
Input file      : 131_نقش خيال و وهم در خطاهاي کشف ابصاري _ بحث تزکیه.mp3
Provider        : ElevenLabs Scribe (scribe_v2)
Audio duration  : 13:56 (835.67 s)
Requests        : 1
Billed duration : 836 s (rounded up to nearest second)
Rate            : $0.22 / audio hour
Estimated cost  : $0.051069 USD
Transcript saved: Audios/AyatollahShojaee/Tazkiyeh/131/131_نقش خيال و وهم در خطاهاي کشف ابصاري _ بحث تزکیه.txt
============================================================
