Provider: ElevenLabs Scribe (scribe_v2)
Progress file (updated after each chunk): Audios/AyatollahShojaee/Tazkiyeh/053/053_شهرت طلبي وجاه طلبي2 _ بحث تزکیه.partial.txt
  preparing audio (053_شهرت طلبي وجاه طلبي2 _ بحث تزکیه.mp3)...
  21:25 → 1 request(s)
  progress file: Audios/AyatollahShojaee/Tazkiyeh/053/053_شهرت طلبي وجاه طلبي2 _ بحث تزکیه.partial.txt
  [1/1] 0:00–21:25 (7530 KB)...
      → 13468 chars: بسم الله الرحمن الرحیم. این روایات که به شما عرض می‌کنم چند تا، این‌ها در اصول کافی مدرکش را یادتون باشد جزء سوم باب طلب الرئاسة. یه بابی در اصول کافی به عنوان باب طلب ریاست. حدیث …

============================================================
TRANSCRIPTION (preview)
============================================================
بسم الله الرحمن الرحیم. این روایات که به شما عرض می‌کنم چند تا، این‌ها در اصول کافی مدرکش را یادتون باشد جزء سوم باب طلب الرئاسة. یه بابی در اصول کافی به عنوان باب طلب ریاست. حدیث اول عن معمر بن خلاد عن ابن حسن علیه السلام. از حضرت ابوالحسن هست که نزد حضرت ابوالحسن از مدحی صحبت شد. قال صحبت کردن فقال نه هو حب الرئاسة. معمر بن خلاد، بله معمر بن خلاد از نزد حضرت ابوالحسن سلام الله علیه شخصی را یاد کرد، صحبت از شخصی آورد و گفت که او طالب ریاست است. کسی را اسم برد پیش امام گفت که این کسی است که زیاد می‌خواهد به ریاست برسد. اینجور گفت. فقال امام فرمود که ما ذئبان زاریان فی غنم قد تفرغ رعاها با عذر رفیع دین مسلم من الرئاسة. این بیان امام است. اون گفت که این شخص ریاست طلب است. امام فرمود که اگر یک گله گوسفندی باشد که چوپانش هم اونجا نباشد، دو تا گرگ درنده به جان اون گله‌ها بیفتند، چی می‌شود؟ چوپانش هم نیست. بیابان است. دو گرگ درنده به سراغ این گوسفندها رفتند. چه ضرری عاید می‌شود؟ ضرر ریاست طلبی به دین یک مسلمان از این بیشتر است. توجه فرمودید؟ ضرر، ضرر ریاست طلبی. یه تشبیهی آورد اینجور فرمود. این یک حدیث بود. حدیث اول هم بود از همون بابش عرض کردم. حدیث دوم از همون باب این حدیث است. عن ابي عبدالله علیه السلام امام صادق قال فرمود من طلب الرئاسة هلك. هر کسی که ریاست را طلب بکند به هلاکت می‌افتد. خب این دیگه کلی است. شما حساب بکنید کلی است. مسئله مطلق می‌فرماید امام. کسی که طالب ریاست باشد هلاک می‌شود. این البته حالا شما به نظرتون میاد همه اینطور هستند. خیلی کم است. یعنی استثنائی دارد کسی که ریاست به خودی خود به سراغ او بیاید. خب کسی است که اصلاً نظری ندارد. در حال نفرت در ریاست است، جاه است، شهرت است. اما حالا عالم است، غیر عالم است، کسی است که به خودی خود ریاست به سوی او آمده، او در حال نفرت است. اما در مقام انجام وظیفه میاد به سراغش در حالی که در حال نفرت است. اینها جاهای، اینها موارد استثناء است. اما از این موارد استثناء اگر به قول معروف میگن اگر پیدا کردی به قول معروف التماس دعا. اگر پیدا کردی. امام فرمود کسی که طلب ریاست درش باشد به هلاکت می‌رسد. حالا با این وضع یه سالک که نمی‌تواند، نمی‌تواند پیش برود اصلاً. سلوک مفهومی ندارد با این موضوع. حدیث سوم از همین باب را هم می‌خ
… (truncated; see saved file for full transcript)

============================================================
SUMMARY
============================================================
Input file      : 053_شهرت طلبي وجاه طلبي2 _ بحث تزکیه.mp3
Provider        : ElevenLabs Scribe (scribe_v2)
Audio duration  : 21:25 (1285.09 s)
Requests        : 1
Billed duration : 1286 s (rounded up to nearest second)
Rate            : $0.22 / audio hour
Estimated cost  : $0.078533 USD
Transcript saved: Audios/AyatollahShojaee/Tazkiyeh/053/053_شهرت طلبي وجاه طلبي2 _ بحث تزکیه.txt
============================================================
