Provider: ElevenLabs Scribe (scribe_v2)
Progress file (updated after each chunk): Audios/AyatollahShojaee/Tazkiyeh/052/052_شهرت طلبي و جاه طلبي1 _ بحث تزکیه.partial.txt
  preparing audio (052_شهرت طلبي و جاه طلبي1 _ بحث تزکیه.mp3)...
  28:57 → 1 request(s)
  progress file: Audios/AyatollahShojaee/Tazkiyeh/052/052_شهرت طلبي و جاه طلبي1 _ بحث تزکیه.partial.txt
  [1/1] 0:00–28:57 (10177 KB)...
      → 18924 chars: بسم الله الرحمن الرحیم. از جمله جلوات و ظهورات هوا که از مخلفات هست و از مخلفات اعظم هم هست، مسئله‌ای است به نام حب جاه و حب شهرت که همه شنیده‌ایم و تا حدودی هم آشنا هستیم. به این …

============================================================
TRANSCRIPTION (preview)
============================================================
بسم الله الرحمن الرحیم. از جمله جلوات و ظهورات هوا که از مخلفات هست و از مخلفات اعظم هم هست، مسئله‌ای است به نام حب جاه و حب شهرت که همه شنیده‌ایم و تا حدودی هم آشنا هستیم. به این معنا که او را به اصطلاح در کمال کمالات یک کامل‌تر ببینند، کامل ببینند، به او عقیده داشته باشند، با دیده احترام به او نگاه بکنند، با دیده تعظیم به او نظر بکنند، به او وقار قائل بشوند، بزرگی قائل بشوند. همین قدر جاه‌طلب و شهرت‌طلب این است انسان بخواهد قلوب انسان‌ها را، قلوب افراد را مسخر خود بکند که معتقد باشند به او که کامل است و کمالاتی دارد، مسخر او باشند، او را تعریف بکنند، به او عظمت قائل بشوند، احترام قائل بشوند، بزرگ باشد در نظر آنها. این معنی جاه‌طلبی و شهرت‌طلبی است. البته در اینجا هم افراد می‌دانید که در به اصطلاح بزرگ دیدن افراد، انسان‌ها در بزرگ دیدن افراد، در عقیده پیدا کردن به افراد، در احترام قائل شدن، عظمت قائل شدن به انسان‌ها به اصطلاح مختلف هستند. یعنی انسان‌ها اصلاً هر چیزی را کمال دیدن به خیال خود و به زعم خود، حالا اون کمال واقعی-- واقعاً کمال باشد یا از نظر آنها کمال باشد. آنچه انسان‌ها کمال می‌بینند اولاً متفاوت است. یکی علم و به اصطلاح علم را کمال می‌بیند. بعضی از انسان‌ها علم را برای انسان کمال می‌بینند. بعضی از انسان‌ها عبادت را برای انسانی کمال می‌بینند. زهد و تقوی را کمال می‌بینند. بعضی از انسان‌ها منصب و به اصطلاح ریاست و سلطنت و عرض کنم اینجور چیزها را برای انسان‌ها کمال می‌بینند. بعضی‌ها غنی بودن و مالدار بودن را کمال می‌بینند. بعضی‌ها زیبا بودن را برای یک انسان کمال می‌بینند. آنچه انسان‌ها اولاً کمال می‌بینند متفاوت است. یعنی عقیده انسان‌ها در باب کمال که چه چیز کمال است و چه ان-- کدام انسان کامل است متفاوت است. روی همین حساب چون کمال را متفاوت می‌بینند، عقیده انسان‌ها یا مسخر بودن قلب‌ها هم فرق می‌کند. کسی که می‌خواهد قلوب اون‌هایی را که عبادت را کمال می‌بینند مسخر بکند، خود را عابد نشان می‌دهد. خوب دقت بکنید. آن کسی که جاه‌طلب است و شهرت‌طلب است می‌خواهد قلوب را مسخر بکند و متوجه این امر هست که یک عده از انسان‌ها همه نباشند، اقلاً یک عده از انسان‌ها عبادت را کمال می‌بینند و اگر بدانند کسی اهل عبادت است به او عظمت قائل می‌شوند، مسخر او می‌شود قلوب‌شون. خب این
… (truncated; see saved file for full transcript)

============================================================
SUMMARY
============================================================
Input file      : 052_شهرت طلبي و جاه طلبي1 _ بحث تزکیه.mp3
Provider        : ElevenLabs Scribe (scribe_v2)
Audio duration  : 28:57 (1736.86 s)
Requests        : 1
Billed duration : 1737 s (rounded up to nearest second)
Rate            : $0.22 / audio hour
Estimated cost  : $0.106141 USD
Transcript saved: Audios/AyatollahShojaee/Tazkiyeh/052/052_شهرت طلبي و جاه طلبي1 _ بحث تزکیه.txt
============================================================
