Provider: ElevenLabs Scribe (scribe_v2)
Progress file (updated after each chunk): /Users/mohammadreza/IslamASR/Audios/AyatollahShojaee/Mabohas_Mozui/064/064_64- ادامه داشتن ديد توحيدي.partial.txt
  preparing audio (064_64- ادامه داشتن ديد توحيدي.mp3)...
  18:41 → 1 request(s)
  progress file: /Users/mohammadreza/IslamASR/Audios/AyatollahShojaee/Mabohas_Mozui/064/064_64- ادامه داشتن ديد توحيدي.partial.txt
  [1/1] 0:00–18:41 (6566 KB)...
      → 11640 chars: اعوذ بالله السميع العليم من الشيطان الرجيم. بسم الله الرحمن الرحيم. از لحاظ توحید همه چیز را باید خدا بخواهد حتی من موفق به سعی بشم سستی نکنم حتی توفیق بر سعی و مجاهدت هم از چیست؟ …

============================================================
TRANSCRIPTION (preview)
============================================================
اعوذ بالله السميع العليم من الشيطان الرجيم. بسم الله الرحمن الرحيم. از لحاظ توحید همه چیز را باید خدا بخواهد حتی من موفق به سعی بشم سستی نکنم حتی توفیق بر سعی و مجاهدت هم از چیست؟ از خداست. سستی و کنار بگذارم این هم از خداست. دقت بکنید. امروز فردا نکنم اون هم از خداست. هرچی خیر است از خداست حتما. پس از لحاظ دعا باید همه اینها را از کی خواست؟ از خدا خواست. هم مفاهیم است. معنیش این است که وقتی همش از اوست حتی سعی من هم از اوست. مجاهدت من هم باید او بخواهد. پس فقط من به دعای کار بکنم بشینم. اینجوری باید نتیجه بگیرد. بشینم یا در جهت دعای خودم حرکت بکنم. اینجور باشد. لیس للإنسان إلا ما سعى که جمله واضحی است. همه هم مفهومش رو میفهمن. نمیشود آدم معنی دیگری بهش داد. در عین حال که سعی را هم باید خدا بخواهد و با تضرع از خدا بخواهیم خدایا بخواه ما سعی بکنیم باید سعی را بکنیم. اینجوری. یک چیز بسیار ظریفی است این دو تا را با هم جمع کردن. خیلی ظریف. چون خیلی ظریفه به شما توصیه میکنم در فهم این دو حقیقت و در جمع کردن این دو با همدیگر مواظبت بکنید اشتباه نکنید. فهم این دو به این معنا که انسان جمع بکند بین اینکه همه چیز را باید خدا بخواهد و بین اینکه انسان باید سعی هم بکند. جمع بین این دو کار هر کسی نیست. ولی شما بدانید که باید بین این دو جمع کرد و از خدا بخواهد خودش به شما خوب بفهماند که این دو حقیقت چطور با هم جمع میشود. بفهماند و شما را اینجور نکند فهم شما را که نتوانید دو تا را با همدیگر جمع بکنید. اگر این دو حقیقت رو خوب نفهمیدید و خوب جمع نکردید حتما به این گرفتاری‌ها که خیلی گرفتار هستند دچار میشوید. عرض کردم که ببینید این در این دعای جمعه است. اول من ترجمه رو کنم خب ترجمه‌اش فهمیدید گفتم دیدید در دعاها. در دعای روز جمعه است ولی همین مضمون در دعاهای دیگر غیر از این نه، نه دعای روزها در دعاهای دیگر هم آمده بلا. نه یعنی اینکه به یک حقیقت بسیار عجیبی اشاره می‌کند و یک هشدار عجیبی است برای ما اگر بفهمیم. شاهد میگیرم حق خود تو را، ملائکه را، سلطان سماوات را، عمله عرش را، انبیا و مرسلین را، همه در و دیوار و موجودات و مخلوقات را شاهد میگیرم که من مؤمنم. من شهادت میدهم به توحید و به رسالت رسول اکرم صلی الله علیه و آله و سلم. خود شما اون ترجمه‌اش گفتند. این از چه جایi حرف میزند؟ این ب
… (truncated; see saved file for full transcript)

============================================================
SUMMARY
============================================================
Input file      : 064_64- ادامه داشتن ديد توحيدي.mp3
Provider        : ElevenLabs Scribe (scribe_v2)
Audio duration  : 18:41 (1120.54 s)
Requests        : 1
Billed duration : 1121 s (rounded up to nearest second)
Rate            : $0.22 / audio hour
Estimated cost  : $0.068477 USD
Transcript saved: /Users/mohammadreza/IslamASR/Audios/AyatollahShojaee/Mabohas_Mozui/064/064_64- ادامه داشتن ديد توحيدي.txt
============================================================
