=== Asrar ASR start Tue Sep 15 14:08:29 PDT 2026 ===
=== Asrar ASR start Tue Sep 15 14:08:29 PDT 2026 ===
[Tue Sep 15 14:08:29 PDT 2026] missing=9 round=0
[Tue Sep 15 14:08:29 PDT 2026] missing=9 round=0
[start] 001 Tue Sep 15 14:08:29 PDT 2026
[start] 001 Tue Sep 15 14:08:29 PDT 2026
[start] 002 Tue Sep 15 14:08:29 PDT 2026
[start] 002 Tue Sep 15 14:08:29 PDT 2026
[ok] 001 Tue Sep 15 14:09:31 PDT 2026
[ok] 001 Tue Sep 15 14:09:31 PDT 2026
[srt] Audios/AyatollahShojaee/AsrarFatemi/001/001_اسرار فاطمی (س ) بخش 1.srt cues=395
[start] 003 Tue Sep 15 14:09:31 PDT 2026
[start] 003 Tue Sep 15 14:09:31 PDT 2026
[ok] 002 Tue Sep 15 14:09:39 PDT 2026
[ok] 002 Tue Sep 15 14:09:39 PDT 2026
[srt] Audios/AyatollahShojaee/AsrarFatemi/002/002_اسرار فاطمی (س ) بخش 2.srt cues=456
[start] 004 Tue Sep 15 14:09:39 PDT 2026
[start] 004 Tue Sep 15 14:09:39 PDT 2026
[ok] 004 Tue Sep 15 14:10:42 PDT 2026
[ok] 004 Tue Sep 15 14:10:42 PDT 2026
[srt] Audios/AyatollahShojaee/AsrarFatemi/004/004_اسرار فاطمی (س ) بخش 4.srt cues=459
[start] 005 Tue Sep 15 14:10:42 PDT 2026
[start] 005 Tue Sep 15 14:10:42 PDT 2026
[ok] 003 Tue Sep 15 14:10:45 PDT 2026
[ok] 003 Tue Sep 15 14:10:45 PDT 2026
[srt] Audios/AyatollahShojaee/AsrarFatemi/003/003_اسرار فاطمی (س ) بخش 3.srt cues=482
[start] 006 Tue Sep 15 14:10:45 PDT 2026
[start] 006 Tue Sep 15 14:10:45 PDT 2026
[ok] 006 Tue Sep 15 14:11:28 PDT 2026
[ok] 006 Tue Sep 15 14:11:28 PDT 2026
[srt] Audios/AyatollahShojaee/AsrarFatemi/006/006_اسرار فاطمی (س ) بخش 6.srt cues=353
[start] 007 Tue Sep 15 14:11:28 PDT 2026
[start] 007 Tue Sep 15 14:11:28 PDT 2026
[ok] 005 Tue Sep 15 14:12:05 PDT 2026
[ok] 005 Tue Sep 15 14:12:05 PDT 2026
[srt] Audios/AyatollahShojaee/AsrarFatemi/005/005_اسرار فاطمی (س ) بخش 5.srt cues=463
[start] 008 Tue Sep 15 14:12:05 PDT 2026
[start] 008 Tue Sep 15 14:12:05 PDT 2026
[ok] 007 Tue Sep 15 14:12:52 PDT 2026
[ok] 007 Tue Sep 15 14:12:52 PDT 2026
[srt] Audios/AyatollahShojaee/AsrarFatemi/007/007_اسرار فاطمی (س ) بخش 7.srt cues=478
[start] 009 Tue Sep 15 14:12:52 PDT 2026
[start] 009 Tue Sep 15 14:12:52 PDT 2026
[ok] 008 Tue Sep 15 14:13:10 PDT 2026
[ok] 008 Tue Sep 15 14:13:10 PDT 2026
[srt] Audios/AyatollahShojaee/AsrarFatemi/008/008_اسرار فاطمی (س ) بخش 8.srt cues=493
[ok] 009 Tue Sep 15 14:13:55 PDT 2026
[ok] 009 Tue Sep 15 14:13:55 PDT 2026
[srt] Audios/AyatollahShojaee/AsrarFatemi/009/009_اسرار فاطمی (س ) بخش 9.srt cues=482
[Tue Sep 15 14:14:10 PDT 2026] missing=0 round=1
[Tue Sep 15 14:14:10 PDT 2026] missing=0 round=1
ASR_ALL_DONE Tue Sep 15 14:14:10 PDT 2026
ASR_ALL_DONE Tue Sep 15 14:14:10 PDT 2026
