Provider: ElevenLabs Scribe (scribe_v2)
Progress file (updated after each chunk): /Users/mohammadreza/IslamASR/Audios/AyatollahShojaee/Mabohas_Mozui/021/021_21- صدق در عبوديت.partial.txt
  preparing audio (021_21- صدق در عبوديت.mp3)...
  26:06 → 1 request(s)
  progress file: /Users/mohammadreza/IslamASR/Audios/AyatollahShojaee/Mabohas_Mozui/021/021_21- صدق در عبوديت.partial.txt
  [1/1] 0:00–26:06 (9178 KB)...
      → 16416 chars: بسم الله الرحمن الرحیم عرض کنم که حالا مسئله صدق، موضوع صدق یا حقیقت صدق در عین حال که یکی از حقایق قرآنی‌ست زیاد ما من از اون نظر می‌خواستم یک مقداری از این حقیقت بدانیم که یک حقی…

============================================================
TRANSCRIPTION (preview)
============================================================
بسم الله الرحمن الرحیم عرض کنم که حالا مسئله صدق، موضوع صدق یا حقیقت صدق در عین حال که یکی از حقایق قرآنی‌ست زیاد ما من از اون نظر می‌خواستم یک مقداری از این حقیقت بدانیم که یک حقیقت عبودی و توحیدی‌ست. یعنی برای یک موحد، برای یک مؤمن، برای یک موحد و برای یک بنده در مقام بندگی مراة صدق است. در یعنی اونجا که انسان باید با اون خودش را بسنجد. یعنی کسی که جدی می‌خواهد وارد مرحله ایمان بشود، جدی وارد مرحله توحید و عبودیت بشود، براش یک ضرورت حتمی است. حالا اگر شما تا حالا نمی‌دانستید بعد از این باید بدانید. براش یک ضرورت حتمی است که خودش را با مراة صدق بسنجد تا پیش برود. در مصباح الشریعه در باب صدق انشاالله فرصت کردید به کل این باب، باب صدق در مصباح الشریعه از زبان امام صادق صلوات الله عليه که صدق چیست و صادقان چه کسانی‌اند مراجعه هم می‌کنید و کل اون بیانات را می‌بینید و لازم هم هست. در اونجا این بیان آمده است از امام صادق صلوات الله عليه در مصباح الشریعه که و هو مراة الصادقین من رجال امة محمد صلی الله علیه و آله و سلم. این تعبیر آمده یعنی بعد از اینکه صدق را تعریف می‌فرماید که ممکن است باز بعضی از جملاتش من اگر ایجاب کرد صحبتمون اشاره بکنم. از اول که شروع می‌فرماید و صدق را تعریف می‌کند امام صادق صلوات الله عليه بعد از بیان جملاتی این تعبیر را آورده است. و هو مراة الصالحین من رجال امة محمد صلی الله علیه و آله و سلم. یعنی صدق مراة صالحان از مردان عبودیت، میدان عبودیت منظور است. رجال امّت. اون ص صدق مراة صالحان از رجال امّت رسول الله است. یعنی صالحان و رجال میدان توحید و عبودیت با مراه‌ای که خودشون را می‌سنجند کدام مراة است؟ مراة صدق است. این بیان در مصباح الشریعه آمده است. بیان بسیار عجیبی است. البته همه‌ش عجیب است. کسی که اصلاً به عنوان یک مؤمن می‌خواهد مطرح بشود، اولاً به عنوان یک مؤمن که ایمان آورده است به حقایق حتماً باید توجه داشته باشد که با مراة صدق باید ایمان خودش را بسنجد. خوب دقت بکنید که این که عرض می‌کنم از شما انشاالله همه‌تون باشید، از نباشد. اگر از شما یا همه شما دردمند باشید بخواهید یک وقتی مراه‌ای داشته باشید، معیاری که همیشه خود را با اون بسنجید تا بتوانید در طریق ایمان و توحید و عبودیت پیشرفت بکنید، حرکت داشته باشید. خوب دقت بکنید به این مطالبی که عرض می
… (truncated; see saved file for full transcript)

============================================================
SUMMARY
============================================================
Input file      : 021_21- صدق در عبوديت.mp3
Provider        : ElevenLabs Scribe (scribe_v2)
Audio duration  : 26:06 (1566.25 s)
Requests        : 1
Billed duration : 1567 s (rounded up to nearest second)
Rate            : $0.22 / audio hour
Estimated cost  : $0.095715 USD
Transcript saved: /Users/mohammadreza/IslamASR/Audios/AyatollahShojaee/Mabohas_Mozui/021/021_21- صدق در عبوديت.txt
============================================================
