Provider: ElevenLabs Scribe (scribe_v2)
Progress file (updated after each chunk): /Users/mohammadreza/IslamASR/Audios/AyatollahShojaee/Mabohas_Mozui/004/004_4- ادامه اسرار ولايت خداوند بر مؤمنين.partial.txt
  preparing audio (004_4- ادامه اسرار ولايت خداوند بر مؤمنين.mp3)...
  22:21 → 1 request(s)
  progress file: /Users/mohammadreza/IslamASR/Audios/AyatollahShojaee/Mabohas_Mozui/004/004_4- ادامه اسرار ولايت خداوند بر مؤمنين.partial.txt
  [1/1] 0:00–22:21 (7858 KB)...
      → 14263 chars: اعوذ بالله السميع العليم من الشيطان الرجيم. بسم الله الرحمن الرحيم. این تصویری است از کسی که می‌خواهد تحت ولایت خدا قرار بگیرد. اولاً باید انسان ببیند خدا چه چیزهایی را واجب کرده ا…

============================================================
TRANSCRIPTION (preview)
============================================================
اعوذ بالله السميع العليم من الشيطان الرجيم. بسم الله الرحمن الرحيم. این تصویری است از کسی که می‌خواهد تحت ولایت خدا قرار بگیرد. اولاً باید انسان ببیند خدا چه چیزهایی را واجب کرده است. دقیقاً اونها را اگر آقا یه سرچ و چی کرد؟ انجام دهد. ثانیاً باید بداند خدا چه چیزهایی را تحریم کرده است، نهی کرده است، معصیت است. می‌خواهد انسان جدا می‌خواهد انسان نکند. اون‌ها رو انسان یاد بگیرد. اون‌ها رو چیه؟ اراده‌ش رو با همون خواست خدا تطبیق بکند، ترک بکند. یعنی گناهان. انجام واجبات بعد چی؟ ترک گناهان. این یک قدمه در این که ما می‌خواهیم تحت ولایت خدا قرار بگیریم. یعنی اراده بکنیم آنچه را که خدا می‌خواهد. این قدم اول است. اول انجام واجبات بعد چی؟ بعد ترک محرمات و رذایل. قدم دوم، اینا رو من تصویر کلی عرض می‌کنم برای کسی که mungkin از شما بخواهد این راه را در پیش بگیرد. قدم دوم بعد از انجام واجب و بعد از ترک گناهان در این که انسان تحت ولایت خدا باشد، قدم دوم این است که لحظه به لحظه مراقب حرکات خودش، حرکات فکرش، حرکات دلش، حرکات چشم و دست و اعضا و جوارح، مراقب حرکات اعضا و جوارح ظاهر باشد. مراقب حرکات به اصطلاح دل و فکر باشد. آنچه که خدا می‌گوید به همان نحو عمل بکند و آنچه که می‌گوید نکن همان‌ها را چه بکند؟ اون‌ها را ترک بکند. مراقب باشد لحظه به لحظه. می‌خواهد جمله‌ای بگوید ببیند خدا می‌گوید این جمله را بگو یا می‌گوید چیه؟ نگو. اگر می‌گوید بگو بگوید اگر می‌گوید نگو، نگویید. نیتی در قلبش هست. می‌بیند خدا اگر می‌گوید این نیت را داشته باشد، داشته باشد. اگر می‌گوید نداشته باش، نداشته باشد. فکری می‌کند. می‌بیند خدا می‌گوید این فکر را بکن یا می‌گوید نکن. چیزی می‌خواهد گوش بدهد. خدا می‌گوید گوش بکن. خدا می‌گوید گوش نکن. می‌خواهد با کسی روبرو شود، شود. به نحوی روبرو شود. خدا چطور می‌گوید؟ همانطور عمل کند. دقیقاً لحظه هایی که می‌گذرد انسان مراقب حرکات ظاهر و باطن خودش باشد و با امر و نهی خدا بچرخد. به درک، با امر و نهی خدا بچرخد. تا در تمام ذکرها دقت بکنید در تمام ذکرها. مثلا شما فرض بفرمایید که یک کسی است که اهل گناه است. چیزی که برای او احساس محبت می‌کند فوراً باید مراقب شما را، یعنی این تحت ولایت خدا رفتن شما را فوری از این کار چه بکند؟ از این کار منع بکند. خدا می‌خواهد من و را دوست چیه؟ ندا
… (truncated; see saved file for full transcript)

============================================================
SUMMARY
============================================================
Input file      : 004_4- ادامه اسرار ولايت خداوند بر مؤمنين.mp3
Provider        : ElevenLabs Scribe (scribe_v2)
Audio duration  : 22:21 (1341.07 s)
Requests        : 1
Billed duration : 1342 s (rounded up to nearest second)
Rate            : $0.22 / audio hour
Estimated cost  : $0.081954 USD
Transcript saved: /Users/mohammadreza/IslamASR/Audios/AyatollahShojaee/Mabohas_Mozui/004/004_4- ادامه اسرار ولايت خداوند بر مؤمنين.txt
============================================================
