Provider: ElevenLabs Scribe (scribe_v2)
Progress file (updated after each chunk): Audios/AyatollahShojaee/Tazkiyeh/016/016_مراقبه ، ذکر _ بحث تزکیه.partial.txt
  preparing audio (016_مراقبه ، ذکر _ بحث تزکیه.mp3)...
  25:07 → 1 request(s)
  progress file: Audios/AyatollahShojaee/Tazkiyeh/016/016_مراقبه ، ذکر _ بحث تزکیه.partial.txt
  [1/1] 0:00–25:07 (8833 KB)...
      → 14148 chars: اعوذ بالله السميع العليم من الشيطان الرجيم. بسم الله الرحمن الرحيم بحث ما فعلاً در مراقبه‌تون عرض شد که اساسی‌ترین موضوع در تزکیه و خودسازی و سلوک عبوده مسئله مراقبه است. در نظر دا…

============================================================
TRANSCRIPTION (preview)
============================================================
اعوذ بالله السميع العليم من الشيطان الرجيم. بسم الله الرحمن الرحيم بحث ما فعلاً در مراقبه‌تون عرض شد که اساسی‌ترین موضوع در تزکیه و خودسازی و سلوک عبوده مسئله مراقبه است. در نظر دارید که مراقبه را از اول به چه صورتی تفسیر کردیم و مسئله مراقبه چه بود که انسان بعد از اینکه بیدار شد این مرحله بود، توحید کرد، بعد اینا کرد، باید در مرحله طلب و عالم طلب که وارد شد، مراقب خودش باشد با شرطی که گفته شد. یکی از مسائلی که در مراقبه خیلی مهم است من در این جلسه می‌خواستم این موضوع را و این مسئله را یه خرده شرح و بسط بدهم که متوجه باشید. در مراقبه به نظرتون هست که عرض کردیم مراقبه بعد از ورود به مرحله طلب به این صورت است که سالک باید لحظه به لحظه مراقب از جهت مراق، از جهت مراقب ذکر باشد که غفلت نکند. از جهتی مراقب حرکات و سکناتش باشد که خلاف رضا نباشد و جهاتی که قبلاً توضیح داده شد. در این خصوص که مسئله ذکر و اجتناب از غفلت در مراقبه یکی از مسائل اساسی‌ست که من می‌خواستم در این جلسه صحبت بکنیم. شخص مراقب همین که مراقبه را شروع کرد از اون موضوعاتی که باید کاملاً اجتناب بکند مسئله غفلت است. غفلت. دوام ذکر معنیش این است که باید از غفلت پرهیز بکند. یکی از مسائل مشکل و سخت برای یک سالک در مرحله ابتدا همین موضوع است. یعنی دوام ذکر و به غفلت نیفتادن و اجتناب از غفلت. جهتش هم این است که معمولاً ماها و همه معمولاً دیده‌ایم که و بوده و هستیم که قبل از اینکه انسان به این عالم قدم بگذارد و بیدار باشد و در مراقبه‌اش شروع بکند، قبلاً ماها بر اساس اون برنامه ناخالصی که داشته‌ایم، آزاد بوده و قلب ما آزاد بوده. به روی قلب کار نکرده‌ایم. چون قلب آزاد بوده، ما آزاد گذاشتیم و دلل و عوامل مختلف هم در این تلاش بوده‌اند که قلب را متوجه اغیار بکنند. بعداً در طول مدتی که انسان عمر داشته از اون اول بچگی تا اون روز و اون لحظه‌ای که انسان شروع به سلوک می‌کنه، تا اون لحظه قلب آزاد بوده و همه دلل و عوامل از جوانب مختلف سعی می‌کرده‌اند قلب را متوجه اغیار بکنند و پس انس با اغیار پیدا کرده‌ایم. حتی انس خیلی ریشه‌دار. این انس که خیلی ریشه‌دار با اغیار است که موجب می‌شود کسی که مراقبه را شروع کرد و تصمیم بر دوام ذکر گرفت، نمی‌تواند ذکر دائم داشته باشد. هی لحظه به لحظه قلب می‌پره به اینجا و اونجا. می‌رود به سراغ اغ
… (truncated; see saved file for full transcript)

============================================================
SUMMARY
============================================================
Input file      : 016_مراقبه ، ذکر _ بحث تزکیه.mp3
Provider        : ElevenLabs Scribe (scribe_v2)
Audio duration  : 25:07 (1507.43 s)
Requests        : 1
Billed duration : 1508 s (rounded up to nearest second)
Rate            : $0.22 / audio hour
Estimated cost  : $0.092121 USD
Transcript saved: Audios/AyatollahShojaee/Tazkiyeh/016/016_مراقبه ، ذکر _ بحث تزکیه.txt
============================================================
