Provider: ElevenLabs Scribe (scribe_v2)
Progress file (updated after each chunk): /Users/mohammadreza/IslamASR/Audios/AyatollahShojaee/CheraghHedayat/007/007_درخصوص حضرت اباعبدالله (ع) (چراغ هدایت) 7_.partial.txt
  preparing audio (007_درخصوص حضرت اباعبدالله (ع) (چراغ هدایت) 7_.mp3)...
  24:02 → 1 request(s)
  progress file: /Users/mohammadreza/IslamASR/Audios/AyatollahShojaee/CheraghHedayat/007/007_درخصوص حضرت اباعبدالله (ع) (چراغ هدایت) 7_.partial.txt
  [1/1] 0:00–24:02 (8449 KB)...
      → 12414 chars: حسین، حسین، حسین، حسین. حسین، حسین، حسین، حسین. شهید شدی صلوات حسین. حسین، حسین، حسین، حسین. غریب بن هیما حسین. حسین، حسین، حسین- السلام علیک یا أبا عبدالله الحسین- حسین، حسین- وعل…

============================================================
TRANSCRIPTION (preview)
============================================================
حسین، حسین، حسین، حسین. حسین، حسین، حسین، حسین. شهید شدی صلوات حسین. حسین، حسین، حسین، حسین. غریب بن هیما حسین. حسین، حسین، حسین- السلام علیک یا أبا عبدالله الحسین- حسین، حسین- وعلی الارواح التي حلت بفنائك- حسین، حسین. غریب بن هیما حسین. حسین- چراغ هدایت حسین. چراغ و مصباح هدایت تویی. چراغ و مصباح هدایت تویی. سفینه‌ای غصه‌ رو یم کنم. سفینه‌ای غصه‌ رو یم کنم. بسم الله الرحمن الرحيم. وَهُوَ رَبُّ الحُسَينِ الَّذِي قُتِلَ مَظْلُومًا. سلام بر حسین و سلام بر شما عاشقان کوی حسین. دوستان ارجمند، در خدمت شما هستیم با هفتمین برنامه چراغ هدایت. در این برنامه ادامه مطالب استاد فرزانه آیت الله محمد شجاعی را در باب شخصیت و اسرار وجودی حضرت سید و شهدا علیه السلام می‌شنویم. در برنامه قبل شنیدیم که استاد وارسته در رابطه با ذکر الله بودن امام علیه السلام و نیز عبارات خاصی که در زیارات در باب آن بزرگوار به کار رفته است توضیحاتی دادند و در پایان نیز اشاراتی داشتند به ارتباط حضرت زکریا علیه السلام با امام حسین علیه السلام. در این برنامه استاد ارتباط خاص برخی انبیاء عظام علیهم السلام را با وجود مقدس حضرت سید و شهدا علیه السلام بیان می‌کنند که می‌شنویم. بسم الله الرحمن الرحيم. الحمد لله رب العالمين وصلى الله على محمد و آله الطاهرين. از خصوص حضرت آدم که اون وقت حضرت آدم هبوط کرده بود به زمین از بهشت و بین او و حوا هم فاصله بود به سراغ حوا بود. صار یطوف الأرض. آدم می‌گشت روی زمین که به سراغ حوا، کربلا رسید. یعنی نورش به اونجا افتاد، کربلا. فتَمَّ و ضاق صدره. الان که پاش به اونجا افتاد باز دلش گرفت، چه شد؟ فتَمَّ، به حزن افتاد. و ضاق صدره من غیر سبب، بدون اینکه سبب رو بداند به تنگنا افتاد، به حزن افتاد. و أثر في الموضع الذي قتل فيه الحسين. یا أثر في الموضع الذي قتل فيه الحسين حتى سال دم رجله. درست در اون نقطه‌ای که سید الشهدا سلام الله عليه به شهادت رسیده یعنی اونجا که بدن شریف حسین بن علی سلام الله عليه به اون نقطه رسید، آدم پاش لرزید و عرض کنم که پاش لرزید حتی سال دم یعنی افتاد و سال دم رجله. پاش لرزید و پاره شد. پاش هم که جور صدمه دید یا چی شد؟ سال دم رجله، از پاش خون آمد. خب آدم رفع رأسه إلى السماء و قال إلهي هل حدث مني ذنب آخر فآذبتني؟ ای خدایا باز از من گناهی سر زد که این عقوبت به سرا
… (truncated; see saved file for full transcript)

============================================================
SUMMARY
============================================================
Input file      : 007_درخصوص حضرت اباعبدالله (ع) (چراغ هدایت) 7_.mp3
Provider        : ElevenLabs Scribe (scribe_v2)
Audio duration  : 24:02 (1441.94 s)
Requests        : 1
Billed duration : 1442 s (rounded up to nearest second)
Rate            : $0.22 / audio hour
Estimated cost  : $0.088119 USD
Transcript saved: /Users/mohammadreza/IslamASR/Audios/AyatollahShojaee/CheraghHedayat/007/007_درخصوص حضرت اباعبدالله (ع) (چراغ هدایت) 7_.txt
============================================================
