Provider: ElevenLabs Scribe (scribe_v2)
Progress file (updated after each chunk): Audios/AyatollahShojaee/Tazkiyeh/040/040_تباعد وتهاجر. _ بحث تزکیهmp3.partial.txt
  preparing audio (040_تباعد وتهاجر. _ بحث تزکیهmp3.mp3)...
  36:40 → 1 request(s)
  progress file: Audios/AyatollahShojaee/Tazkiyeh/040/040_تباعد وتهاجر. _ بحث تزکیهmp3.partial.txt
  [1/1] 0:00–36:40 (12889 KB)...
      → 23314 chars: بسم الله الرحمن الرحیم. در این جلسه هم باز یکی از ظهورات و جلوه‌های هوا را در وجود انسان که برای سالک الی الله مهلک است توضیح می‌دهیم از روی آیات و روایات. از ظهورات هواست، از جلوا…

============================================================
TRANSCRIPTION (preview)
============================================================
بسم الله الرحمن الرحیم. در این جلسه هم باز یکی از ظهورات و جلوه‌های هوا را در وجود انسان که برای سالک الی الله مهلک است توضیح می‌دهیم از روی آیات و روایات. از ظهورات هواست، از جلوات هوای نفس است. مدت‌هاست که نظرتون هست در اون ظهورات و جلوه‌های هوای نفس در وجود انسان که به شکل‌های مختلف هست بحث می‌کنیم و همیشه هم عرض کردیم که این‌ها که نمونه‌ها که گفته می‌شود نمونه‌های بارزی از جلوه‌های هوای نفس است. این چنین نیست که هوای نفس در این‌ها که می‌شماریم خلاصه بشود. هوای نفس اونقدر ریزه کاری‌ها دارد، مراتب مختلف دارد، در ابعاد مختلف در وجود انسان جلوه می‌کند که شمردنش، گفتنش مشکل است و کسی که صادقانه قدم در راه گذاشت و اهل تلب بود، اهل درد بود، خواست با هوای نفسش در وجود خود و در باطن خود مبارزه و مقابله بکند، این چنین کس است که می‌تواند ریزه کاری‌های بی‌شمار هوا را و خیلی از جلوات هوا را که به گفتن و نوشتن و امثال اینها هم نمیاد بفهمد. این‌ها نمونه‌هایی است میگیم که تا ما روشن بشیم. شما اگر یک وقتی وارد عمل صادقانه بودید، اون وقت می‌فهمید که هوا، می‌فهمید که هوا که جلوه‌های بی‌شماری دارد. در هر صورت اینو همیشه تذکر داده‌ایم. یکی از جلوات روشن و ظهورات بارز هوا که در این جلسه می‌خواستیم صحبت بکنیم که باز به یک شکل خاصی انسان را تهدید می‌کند و از مهلکات در طریق الی الله هست و سالکی که مبتلای به این هوا باشد باز به اندازه‌ی همین هوا در طریق معطل خواهد بود و به سوی خدا نخواهد توانست حرکت بکند، مسئله‌ی هجرت است، مسئله‌ی تباعד است، هجران است. به اصطلاح علما اخلاق هجرت و هجران و تباعد به معنای خ-- به اصطلاح خود ما که تا حدودی می‌شود بین ما گفت معروف است اون اصطلاح، همان قهر کردن، حالت قهر کردن، داشتن حالت به اصطلاح کدورت نگهدار، نگه داشتن حالت جدایی و حفظ حالت جدایی. این‌ها را میگیم هجران، هجرت، تباعد. وقتی سالک الی الله، سالکی در مقام سلوک به این هوا مبتلا شد که حالت هجرت داشت، حالت هجران داشت، حالت تباعد داشت یعنی حالت قهر داشت، جدایی، کدورت نگه داشتن و امثال اینها، این برای اون مانع است و مانع حرکتش و قربش به سوی حق در سلوکش خواهد بود. هجرت، تباعد، هجران به اصطلاح خودمون قهر کردن، جدایی نگه داشتن و اینها [نفس عمیق] با مؤمنین، با برادران دینی، با فامیل، با همسایه، با اعضای خان
… (truncated; see saved file for full transcript)

============================================================
SUMMARY
============================================================
Input file      : 040_تباعد وتهاجر. _ بحث تزکیهmp3.mp3
Provider        : ElevenLabs Scribe (scribe_v2)
Audio duration  : 36:40 (2199.71 s)
Requests        : 1
Billed duration : 2200 s (rounded up to nearest second)
Rate            : $0.22 / audio hour
Estimated cost  : $0.134427 USD
Transcript saved: Audios/AyatollahShojaee/Tazkiyeh/040/040_تباعد وتهاجر. _ بحث تزکیهmp3.txt
============================================================
