Provider: ElevenLabs Scribe (scribe_v2)
Progress file (updated after each chunk): /Users/mohammadreza/IslamASR/Audios/AyatollahShojaee/Mabohas_Mozui/040/040_40- یکی از اسماء الهی(مومن) که باید خود را تحت آن قرار داد.partial.txt
  preparing audio (040_40- یکی از اسماء الهی(مومن) که باید خود را تحت آن قرار داد.mp3)...
  28:36 → 1 request(s)
  progress file: /Users/mohammadreza/IslamASR/Audios/AyatollahShojaee/Mabohas_Mozui/040/040_40- یکی از اسماء الهی(مومن) که باید خود را تحت آن قرار داد.partial.txt
  [1/1] 0:00–28:36 (10053 KB)...
      → 17339 chars: اعوذ بالله السميع العليم من الشيطان الرجيم. بسم الله الرحمن الرحيم. آیاتی که در حدی که ما بتوانیم ممکنه تحت عنوان مؤمن قرار بگیریم از اون‌ها من دو سه آیه برای شما می‌خوانم و توضیحا…

============================================================
TRANSCRIPTION (preview)
============================================================
اعوذ بالله السميع العليم من الشيطان الرجيم. بسم الله الرحمن الرحيم. آیاتی که در حدی که ما بتوانیم ممکنه تحت عنوان مؤمن قرار بگیریم از اون‌ها من دو سه آیه برای شما می‌خوانم و توضیحاتی عرض می‌کنم. البته معنیش این نیست که اون آیات دیگر خلاف این را می‌گوید. اونی که در امن مطلقه است، اونی است که مطلقا ایمانش آمیخته به، به ظلم نباشد. اما لااقل یه مقدار در امن نسبی قرار بگیریم. یعنی که آیات با هم مضاد و معادل است. اون آیاتی است که برای ما هم راهی باز می‌کند. ما الان من و شما تا حالا چقدر گناه کردیم؟ چقدر گناه کردیم؟ یعنی می‌گه، اون که می‌گه الذین آمنوا و لم يلبسوا إيمانهم بظلم. یعنی از اول، از اول مال ما گذشته از اون. دقت می‌کنید؟ از اون گذشته. گاهی بشینید به شما توصیه می‌کنم از، از اول عمرتون و بلوغ از اون وقت هی یاد بیارید. خوب تصور بکنید. فرض بکنید که، فرض کنم که شما وقت رفتنتون به آنسوی که خواهد رفت. فرض بکنید که خواهد آمد. دیگه فرض کردنش مشکل نیست. فرض هم نیست، حقیقت از اون تا رفتنش هست. فرض بکنید شما می‌میرید. ببینید چی کردید؟ به فکر جدی بکنید. گاه گاهی فکر کنید. بشینید برای اینکه ببینید از اول چی کردید؟ ساعت‌هاتون چطور گذشته؟ نیاتون چه بوده؟ اعمالتون چه بوده؟ قصادتون چه بوده؟ احساستون چه بوده؟ ساعت‌هاتون با چه اعمالی گذشته؟ دقت کنید. اینا رو خوب فکر بکنید. ببینید که چه نیتی در عالم خودتون، چه بوده؟ اون کارهای خیری که اون وقت نماز خوندن هست هم اونا رم فکر بکنید. ببینید که اونا چه جور نماز خوندن بوده؟ اونا رم به فکر، فکر، دقت کنید. آیاتی می‌خوام بگم که به درد من و شما شاید برای من و شما امیدی بدهد. این آیه که از ما گذشته. الذین آمنوا و لم يلبسوا إيمانهم بظلم فأولئك لهم الأمن وهم مهتدون. این در خصوص رسول الله و ائمه‌ست که اصلا از اول ایمان آوردند و لم يلبسوا إيمانهم بظلم اصلا. اما ما چه راهی؟ راه ما اگر باشد راه تائبین است. بر می‌گردند، بازگشت می‌کنند، بر می‌گردند. یعنی از راه درست در پیش گرفتند. و راهی را که آنها را تحت اسم مؤمن قرار می‌دهد در پیش می‌گیرند و آن راه تقواست. دقیقاً قرآن در آیات دیگرش شمول یعنی تحت اسم مؤمن قرار گرفتن انسان را دقیقاً مشروط تقوا می‌داند. دقیقاً مشروط تقوا. می‌گه تقوا را در حد خودمون ما اگر برگردیم می‌توانیم به دست بیاریم. در حد خودمون. دق
… (truncated; see saved file for full transcript)

============================================================
SUMMARY
============================================================
Input file      : 040_40- یکی از اسماء الهی(مومن) که باید خود را تحت آن قرار داد.mp3
Provider        : ElevenLabs Scribe (scribe_v2)
Audio duration  : 28:36 (1715.65 s)
Requests        : 1
Billed duration : 1716 s (rounded up to nearest second)
Rate            : $0.22 / audio hour
Estimated cost  : $0.104845 USD
Transcript saved: /Users/mohammadreza/IslamASR/Audios/AyatollahShojaee/Mabohas_Mozui/040/040_40- یکی از اسماء الهی(مومن) که باید خود را تحت آن قرار داد.txt
============================================================
