Provider: ElevenLabs Scribe (scribe_v2)
Progress file (updated after each chunk): /Users/mohammadreza/IslamASR/Audios/AyatollahShojaee/CheraghHedayat/004/004_درخصوص حضرت اباعبدالله (ع) (چراغ هدایت) 4_.partial.txt
  preparing audio (004_درخصوص حضرت اباعبدالله (ع) (چراغ هدایت) 4_.mp3)...
  20:04 → 1 request(s)
  progress file: /Users/mohammadreza/IslamASR/Audios/AyatollahShojaee/CheraghHedayat/004/004_درخصوص حضرت اباعبدالله (ع) (چراغ هدایت) 4_.partial.txt
  [1/1] 0:00–20:04 (7056 KB)...
      → 11841 chars: [شعر] حسین، حسین، حسین، حسین. حسین، حسین، حسین، حسین. شهید زهرای برون حسین. حسین، حسین، حسین، حسین. غریب بن هیج و را حسین. حسین، حسین، حسین- السلام علیک یا أبا عبدالله الحسین- حسین…

============================================================
TRANSCRIPTION (preview)
============================================================
[شعر] حسین، حسین، حسین، حسین. حسین، حسین، حسین، حسین. شهید زهرای برون حسین. حسین، حسین، حسین، حسین. غریب بن هیج و را حسین. حسین، حسین، حسین- السلام علیک یا أبا عبدالله الحسین- حسین، حسین- وعلی الارواح التي حلت بفنائك- حسین، حسین، حسین، حسین. غریب بن هیج و را حسین. حسین، حسین- چراغ هدایت چراغ و مصباح هدایت تویی. چراغ و مصباح هدایت تویی. سفینه‌ی غرق در آب یم کنم. بسم الله الرحمن الرحیم و هو السميع البصير. السلام علیک یا أبا عبدالله و علی الارواح التي حلت بفنائك. سلام بر شما همراهان ارزشمند و دل‌ها به غم گرفته‌تان که در عزا یال الله سوگوارید. در این برنامه ادامه صحبت‌های استاد آیت الله محمد شجاعی را در باب شخصیت حضرت امام حسین علیه السلام و اصحاب آن بزرگوار خواهیم شنید. در برنامه قبل استاد ضمن استناد به بخش‌هایی از زیارات وارده به جایگاه بلند شهدای کربلا اشاره نمودند و سپس اشاراتی به شخصیت یکی از شهدای کربلا جناب حر سلام الله علیه داشتند و ادب آن بزرگوار در مقابل حضرت سید الشهدا علیه السلام و نکات اسرارآمیز توبه و بازگشت او به سمت امام علیه السلام. ادامه بحث استاد را به اتفاق می‌شنویم. بسم الله الرحمن الرحیم. الحمد لله رب العالمین و صلی الله على محمد و آله الطاهرين. چه سری هست؟ می‌خواهد دل درد بشود از اشیا الله بله. چه سری هست؟ گفت که می‌دیدم بدنش میلرزد. حر هم از شجاعان بود، معروف بود. یعنی کسی او را دیده باشد این خودش تعجب کرد. در جنگ می‌ترسد و از ترس ناب لرزد این معنا نبود که یعنی ترس معمولی. مهاجر می‌دید من گفتم حر، ای حر رفتار تو مرا به شک انداخت. آخه من این حالت را از تو تا حالا ندیده بودم تو به این جور بلرزی من اگر می‌گفتند شجاع‌ترین آدم‌ها را از آدم‌های شجاع و اینا مثال بیار تو را می‌گفتند. این گفت و به سرعت اسبش را حرکت داد و رفت به سوی صحرا. ولی دیدید موقع رفتن دیدم که دست‌هاش را گذاشت بالای سرش حالت تسلیم رفت که رفت. رفت و بعد به عبدالله صغار الله گفت، گفت منم اون کسی که چه کردم؟ چه کردم از جرائمش شمرد. شمرد یه همه‌ش. بعد گفت من نمی‌دانستم من فکر می‌کردم با شما طور دیگه معامله می‌کنم. این‌ها را راست می‌گفت. نمی‌دانستم کار اینجا منتهی می‌شود اما الان پشیمان هستم. الان اینجور если اگر می‌دانستم اینجور بود من جلو شما را نمی‌گرفتم که چرا الی آخر. بالاخره الآنم پ
… (truncated; see saved file for full transcript)

============================================================
SUMMARY
============================================================
Input file      : 004_درخصوص حضرت اباعبدالله (ع) (چراغ هدایت) 4_.mp3
Provider        : ElevenLabs Scribe (scribe_v2)
Audio duration  : 20:04 (1204.16 s)
Requests        : 1
Billed duration : 1205 s (rounded up to nearest second)
Rate            : $0.22 / audio hour
Estimated cost  : $0.073588 USD
Transcript saved: /Users/mohammadreza/IslamASR/Audios/AyatollahShojaee/CheraghHedayat/004/004_درخصوص حضرت اباعبدالله (ع) (چراغ هدایت) 4_.txt
============================================================
