Provider: ElevenLabs Scribe (scribe_v2)
Progress file (updated after each chunk): Audios/AyatollahShojaee/Tazkiyeh/104/104_حديث نفس1 _ بحث تزکیه.partial.txt
  preparing audio (104_حديث نفس1 _ بحث تزکیه.mp3)...
  32:42 → 1 request(s)
  progress file: Audios/AyatollahShojaee/Tazkiyeh/104/104_حديث نفس1 _ بحث تزکیه.partial.txt
  [1/1] 0:00–32:42 (11497 KB)...
      → 21928 chars: [آوازه] اعوذ بالله من الشيطان الرجيم. بسم الله الرحمن الرحيم. در مجموع این نتیجه را گرفتیم که قلب ما در معرض پاخت و پز است و محل تضارب دو نیروی شیطانی و ملکی است و دو نوع خواطر از …

============================================================
TRANSCRIPTION (preview)
============================================================
[آوازه] اعوذ بالله من الشيطان الرجيم. بسم الله الرحمن الرحيم. در مجموع این نتیجه را گرفتیم که قلب ما در معرض پاخت و پز است و محل تضارب دو نیروی شیطانی و ملکی است و دو نوع خواطر از این پا به قلب می‌آید. یا خواطر ملکی یا خواطر شیطانی و نفسانی. و اونی هم که مُبرِک است، کدامش مُبرِک است؟ شیطانی و نفسانی‌اش. گفت این اقسام دارد. اقسامش را من تک تک باید عنوان بکنم انشاالله در راه چاره‌ش را هم به شما که برای سالک این مطرحه است عرض بکنم. منتها در این جلسه فقط در بقیه وقتم من به یک نوعی از خواطر که به اصطلاح شیطانی و وسوسه شیطانی و خواطر نفسانی اشاره می‌کنم که این چندان نمی‌شود به صورت یک مُبرِک مطرح کرد و ضرورت هم دارد. شما هم دلتون می‌خواهد بفهمید. قضیه هم به سلوک مربوط نیست. خیلی‌ها دامنگیرشون هست این مسئله. خیلی‌ها یعنی چه سالک باشند، چه نباشند. ببینید مطلب گم نکنید‌ها. فهمیدیم که آنچه به قلب وارد می‌شود یا از ناحیه شیطان است یا از ناحیه ملک. تکرار بکنم مسئله رو و آنی که از ناحیه شیطان است، خواطر شیطانی و وسوسه شیطانی و خواطر نفسانی می‌نامیم، مُبرِک است که در کل انسان را به سوی دوروی از خدا، ضلالت، هلاکت دعوت می‌کند و آنچه که از ناحیه ملک می‌آید اینها الهامات ملکی است یا خواطر ملکی است که در کل انسان را به سوی خدا سوق می‌دهد. اون‌ها که خود معلوم است کدام وجه، مُبرِک اون است که از، به اصطلاح از ناحیه چیست؟ از ناحیه شیطان است. منتها در این بین قبل از اینکه به اقسام این خواتری که از ناحیه شیطان می‌آید و مانع سالک است، مخصوصاً در سلوکش، اون‌ها را توضیح بدهیم براتون. قبل از این‌ها به یک قسم از این خواطر نفسانی یا وسوسه شیطانی که از ناحیه شیطان است بالاخره، ولی نمی‌شود گفت این بد است. یعنی بد است به این معنا انسان نباید این را داشته باشد. حتماً باید این را از خودش دور کند. به اون من اشاره می‌کنم در این بین. اولاً اون روشن بشه بعد به اقسام دیگر خواطر نفسانی و شیطانی بعداً خواهیم پرداخت. مطلب را گم نکنیدا. این قسم نامش در اصطلاح علما، اخلاق و اصطلاح شرعی‌ش حدیث نفس است که این البته گفتم به سلوک اصلا مربوط نیست. این هم از خواطر نفسانی است. از وسوسه شیطانی است. بعضی‌ها دامنگیرشون هست اما این به عنوان یک مُبرِک عنوان بشود، عنوان نمی‌شود. به سالک هم تنها مربوط نیست. سالک و غیر سالک، 
… (truncated; see saved file for full transcript)

============================================================
SUMMARY
============================================================
Input file      : 104_حديث نفس1 _ بحث تزکیه.mp3
Provider        : ElevenLabs Scribe (scribe_v2)
Audio duration  : 32:42 (1962.11 s)
Requests        : 1
Billed duration : 1963 s (rounded up to nearest second)
Rate            : $0.22 / audio hour
Estimated cost  : $0.119907 USD
Transcript saved: Audios/AyatollahShojaee/Tazkiyeh/104/104_حديث نفس1 _ بحث تزکیه.txt
============================================================
