Provider: ElevenLabs Scribe (scribe_v2)
Progress file (updated after each chunk): /Users/mohammadreza/IslamASR/Audios/AyatollahShojaee/Mabohas_Mozui/018/018_18- چرادر مسير سلوک موفق نميشويم؟10علت از موانع سلوک حقيقي.partial.txt
  preparing audio (018_18- چرادر مسير سلوک موفق نميشويم؟10علت از موانع سلوک حقيقي.mp3)...
  43:38 → 1 request(s)
  progress file: /Users/mohammadreza/IslamASR/Audios/AyatollahShojaee/Mabohas_Mozui/018/018_18- چرادر مسير سلوک موفق نميشويم؟10علت از موانع سلوک حقيقي.partial.txt
  [1/1] 0:00–43:38 (15340 KB)...
      → 26543 chars: [صدای محیط] اعوذ بالله السميع العليم من الشيطان الرجيم. بسم الله الرحمن الرحيم. یکی از مسائل مبتلا به برای همه ماها و شماهاست. که اون مسئله را من مطرح می‌کنم و حقایق مربوط به اون ر…

============================================================
TRANSCRIPTION (preview)
============================================================
[صدای محیط] اعوذ بالله السميع العليم من الشيطان الرجيم. بسم الله الرحمن الرحيم. یکی از مسائل مبتلا به برای همه ماها و شماهاست. که اون مسئله را من مطرح می‌کنم و حقایق مربوط به اون را تا حدی که می‌شود توضیح می‌دهم. تا هم اون حقایق را بفهمیم و هم درس لازم را بگیریم و شاید اون مسئله برای ما حل بشود. یکی از مسائل مبتلا به ماست. مسئله، مسئله معروفیست برای من و شما. برای همه اونها که به شکلی در معنا می‌افتند که قدمی در طریق عبودیت و صلاح و طهارت و تزکیه بردارند. طبعا بر اساس همین فکر تصمیم‌ها می‌گیرند، اراده‌ها می‌کنیم. ولی توبه ها می‌کنیم و دنبالش نمیاد. این یک مشکل، یک مسئله. به اضافه یک مسئله دیگر با اون اینکه تصمیم‌ها می‌گیریم، عزم‌ها می‌کنیم، اراده‌ها می‌کنیم با علاقه. که از اون نمازهای واجب گرفته تا اعمال مستحبی. ما حال راز و نیاز با خدا را داشته باشیم. سعی‌ها می‌کنیم حال راز و نیاز، حال مناجات و از لذت مناجات برخوردار باشیم. یعنی در حقیقت در باطن امر راهی به سوی اون سو، به اون سو به جوار خدا پیدا بکنیم. ولی نمی‌شود. این دو مسئله یکی از گرفتاری‌های معمول و متداول و رایج برای ما و شماست. دقت فرمودید؟ هم یک مسئله می‌شود حساب کرد و هم دو مسئله. حالا ببینیم که علل این قضیه چیست. من اون اندازه که امکانش هست می‌شود گفت به بیان می‌آید و می‌شود فعلاً در این جلسه عرض کرد از علل این مسئله برای شما توضیح می‌دهم. اولاً گفتم آنچه می‌شود گفت است، نه همه آنچه هست. عللش چیست؟ چرا من و شما هر روز تصمیم می‌گیریم که بعد از این خوب بشویم و برگردیم. بعد مسئله ای، مسئله ای پیش میاد باز می‌افتیم به همان مرحله اول. چرا دنباله این توبه‌ها و این آبه‌ها و بازگشت‌های ما نمیاد؟ اون تصمیم‌ها که می‌گیریم همیشه خراب میشه. دقت می‌کنید؟ و چرا؟ این اول مسئله بود. و چرا حالا به صورت چرا من مطرح کردم که عللش را عرض بکنم. و چرا ما با اینکه علاقه داریم سعی‌ها می‌کنیم حال راز و نیاز و مناجات پیدا نمی‌کنیم. علاقه داریم، تصمیم می‌گیریم، سعی می‌کنیم مثلاً در نماز حالی داشته باشیم. لذت مناجات را بفهمیم یعنی به اون سو راه پیدا بکنیم ولی نمی‌شود. چرا نمی‌شود؟ این به آن یکی. چرا؟ چه عللی در بین هست؟ ما که دلمون می‌خواد. تصمیم‌ها هم می‌گیریم در هر دو مورد. ولی نمی‌شود. عللش چیست؟ در حدی که می‌شود گفت من از علل این
… (truncated; see saved file for full transcript)

============================================================
SUMMARY
============================================================
Input file      : 018_18- چرادر مسير سلوک موفق نميشويم؟10علت از موانع سلوک حقيقي.mp3
Provider        : ElevenLabs Scribe (scribe_v2)
Audio duration  : 43:38 (2617.92 s)
Requests        : 1
Billed duration : 2618 s (rounded up to nearest second)
Rate            : $0.22 / audio hour
Estimated cost  : $0.159984 USD
Transcript saved: /Users/mohammadreza/IslamASR/Audios/AyatollahShojaee/Mabohas_Mozui/018/018_18- چرادر مسير سلوک موفق نميشويم؟10علت از موانع سلوک حقيقي.txt
============================================================
