Provider: ElevenLabs Scribe (scribe_v2)
Progress file (updated after each chunk): Audios/AyatollahShojaee/Tazkiyeh/099/099_شرک در محبت و طريقه نجات از آن _ بحث تزکیه.partial.txt
  preparing audio (099_شرک در محبت و طريقه نجات از آن _ بحث تزکیه.mp3)...
  24:49 → 1 request(s)
  progress file: Audios/AyatollahShojaee/Tazkiyeh/099/099_شرک در محبت و طريقه نجات از آن _ بحث تزکیه.partial.txt
  [1/1] 0:00–24:49 (8724 KB)...
      → 14126 chars: اعوذ بالله السميع العليم من الشيطان الرجيم. بسم الله الرحمن الرحيم. مراتب دیگری از شرک برای صالح که مذمّ است شرکی در محبت است. شرکی در محبت، اهل دوستیش و در مقابل توحید در مقام محب…

============================================================
TRANSCRIPTION (preview)
============================================================
اعوذ بالله السميع العليم من الشيطان الرجيم. بسم الله الرحمن الرحيم. مراتب دیگری از شرک برای صالح که مذمّ است شرکی در محبت است. شرکی در محبت، اهل دوستیش و در مقابل توحید در مقام محبت، اخلاص در حب. برای صالح از اول در مراتب مختلف سر قدر در مقام حب شرک داشته باشد یعنی شریک برای او قائل ده است، به همان اندازه در صعود مؤخر و در راه متوقف و از خدا دور و به هجران گرفتار و الی آخر. فهمیدید؟ به هر اندازه در، در محبت از شرک پاک بشود به توحید در مقام حب که به تعبیر قرآن اخلاص در حب نائل بشود به همان اندازه در صعود مؤخر است. فکر می‌کنم که این تعبیرات با این که ملاک گفتم دیگه برای شما روشن شد و زیاد احتیاج به توضیح نیست. قرآن کریم در مقام ولیت که علما، اخلاق و ارواح و سلوک از آیات و روایات و اشارات آنها استفاده کرده‌اند. قرآن کریم در مقام ولیت برای صالح این مرحله را هم قرائت می‌کند که جزئی از راه صالح است که صالح باید در مقام صعود از محبت غیر هم سعی کند چه بکند خودش را؟ که ابتدا تجریید میکنه، تطهیر میکنه قلبش را. محبت چیز به قلب عرض می‌کنم و هدف جا در قلب انسان است. به هر قدر محبت غیر در قلب حاکم باشد و لو این محبت، محبت مباح است. حرام که معلوم است که مبحث خودش است. اما حتی محبت حلال، مباح از نظر قرآن برای صالحین واقعی، برای موحدین حقیقی ممنوع است. محبت‌های مباح هم در حد خود لطمه و ضرر دارد. یا فرمودند مراتب شرک و کفر میشود. قرآن قبول ندارد صالح واقعی محبت به غیر داشته باشد و لو اون غیر از مباحات و حلال‌ها باشد. محبت، چی در قلب است. و اصولا در یک مرحله آنهایی را که در قلبشان چیزهای دیگر را مانند خدا دوست می‌دارند، آنها را مورد ملامت قرار می‌دهد. حالا متوجه بشوید من و شما خدا را مانند چیزهای دیگر دوست داریم که البته در حد دیگه چیزای دیگه با همان اندازه نیست محبت در قلب خود ما محبت به همان اندازه‌ها برای خدا داریم یا نداریم؟ یه جواب صاف بدید. نداریم. اما قرآن اون یکی طرفش رو قبول نداره. ها؟ که می‌گه محبت به غیر داشته باشه مانند محبت داشتن به که؟ به خدا. اون طرفش رو محکوم می‌کند. اونی که ما که داریم این طرفش هست. با اون که ما به خدا از الان به اندازه محبت اریاب در ردیف اریاب که محبت نداریم. حالا این گفته من ثبت میشه در این عالم. شما هم می‌شنوید. وقتی خواهد رسید. توی همین گفتار، این
… (truncated; see saved file for full transcript)

============================================================
SUMMARY
============================================================
Input file      : 099_شرک در محبت و طريقه نجات از آن _ بحث تزکیه.mp3
Provider        : ElevenLabs Scribe (scribe_v2)
Audio duration  : 24:49 (1488.85 s)
Requests        : 1
Billed duration : 1489 s (rounded up to nearest second)
Rate            : $0.22 / audio hour
Estimated cost  : $0.090985 USD
Transcript saved: Audios/AyatollahShojaee/Tazkiyeh/099/099_شرک در محبت و طريقه نجات از آن _ بحث تزکیه.txt
============================================================
