Provider: ElevenLabs Scribe (scribe_v2)
Progress file (updated after each chunk): /Users/mohammadreza/IslamASR/Audios/AyatollahShojaee/Mabohas_Mozui/010/010_10- شرح صدر 1.partial.txt
  preparing audio (010_10- شرح صدر 1.mp3)...
  21:34 → 1 request(s)
  progress file: /Users/mohammadreza/IslamASR/Audios/AyatollahShojaee/Mabohas_Mozui/010/010_10- شرح صدر 1.partial.txt
  [1/1] 0:00–21:34 (7581 KB)...
      → 12116 chars: بسم الله الرحمن الرحیم. آیه صد و بیست و پنج از سوره انعام است. فمن یرید الله ان يهدیه یشر صدره للاسلام. ترجمه ساده‌ش را من می‌گویم و بعد شما روی اون ترجمه ساده‌ش دقت کنید. می‌فهمید…

============================================================
TRANSCRIPTION (preview)
============================================================
بسم الله الرحمن الرحیم. آیه صد و بیست و پنج از سوره انعام است. فمن یرید الله ان يهدیه یشر صدره للاسلام. ترجمه ساده‌ش را من می‌گویم و بعد شما روی اون ترجمه ساده‌ش دقت کنید. می‌فهمید که یک حقیقت بسیار بالایی را می‌خواست بفرماید. بسیار حقایق درش است. در اون حدی که شما و ما می‌فهمیم. فمن یرید الله. حالا آیاتی نسبتا گذشته و سیاق آیات سیاق مخصوصی است. طبعا با خاء تفریع به قول معروف بیاره. فمن یرید الله پس هر کسی را که خدا بخواهد هدایت کند، خوب در ترجمه‌ش دقت بکنید. پس هر کسی را که اراده بکند خدا که او را هدایت کند یشر صدره للاسلام قلب او را برای اسلام شرح می‌کند. خدا خواست کسی را هدایت کند سینه او را، دل او را شرح می‌کند، باز می‌کند برای اسلام. و من یرید ان یضلله و کسی را خواست در ضلالتش کمک کند. يجعل صدره ضیقا حرجا سینه او را تنگ قرار می‌دهد. در حرج قرار می‌دهد. کأنما یصعد فی السماء. آنجا می‌خواهد به آسمان پرواز کند به فشار می‌خورد. كذلك يجعل الله الرجس. این چنین خدا پلیدی را، رجس را قرار می‌دهد بر اون‌ها که ایمان نمی‌آورند. اصل منظور من دقتی در جمله اول این آیه است. فمن یرید الله ان يهدیه یشر صدره للاسلام. نمی‌دانم در موقعی که الآن ترجمه را می‌گفتم دقت کردید که لحن مخصوصی است و تنها مورد هم هست در قرآن و بسیار حقیقت بالای حقایق بالایی را اشاره می‌کند. کسی را خدا بخواهد هدایت بکند کاری که می‌کند چیست؟ این است که سینه او را شرح می‌دهد برای اسلام. از اینجا ما در ابتدا خیلی به وضوح و صراحت می‌فهمیم که هدایت که از خداست و همه چیز از خداست. این هدایتی که مطلوب من و شماست، این اگر بخواهد از خدا بیاید، خدا اگر بخواهد چنین عنایتی را به ما و به هر کسی بکند به این صورت می‌شود که دل او را شرح می‌دهد برای اسلام. شرح صدر به او به اصطلاح معروف عنایت می‌کند. اراده کند هدایت بکند راهش این است که صدرش را، دلش را برای اسلام چه می‌کند؟ شرح می‌کند. مفهوم آیه را بگیرید یعنی مفهوم وسیعش را به قول عهد قدیم دقیقا اینجور می‌شود مفهومش. خدا اونجا که می‌خواهد کسی را هدایت بکند راهش جز این نیست. راهش این است فقط دل او را شرح می‌دهد برای اسلام. دل او را باز می‌کند که حالت تسلیم پیدا بکند. دل بخواهد در تسلیم باشد. تسلیم در برابر حق و حقیقت در ابعاد وسیعش تسلیم مطلق است. این به آسانی تمام نمی‌شود. دل 
… (truncated; see saved file for full transcript)

============================================================
SUMMARY
============================================================
Input file      : 010_10- شرح صدر 1.mp3
Provider        : ElevenLabs Scribe (scribe_v2)
Audio duration  : 21:34 (1293.77 s)
Requests        : 1
Billed duration : 1294 s (rounded up to nearest second)
Rate            : $0.22 / audio hour
Estimated cost  : $0.079064 USD
Transcript saved: /Users/mohammadreza/IslamASR/Audios/AyatollahShojaee/Mabohas_Mozui/010/010_10- شرح صدر 1.txt
============================================================
