Provider: ElevenLabs Scribe (scribe_v2)
Progress file (updated after each chunk): Audios/AyatollahShojaee/Tazkiyeh/096/096_مضرات شرک خفي _ بحث تزکیه.partial.txt
  preparing audio (096_مضرات شرک خفي _ بحث تزکیه.mp3)...
  29:20 → 1 request(s)
  progress file: Audios/AyatollahShojaee/Tazkiyeh/096/096_مضرات شرک خفي _ بحث تزکیه.partial.txt
  [1/1] 0:00–29:20 (10314 KB)...
      → 19030 chars: [آوازه] اعوذ بالله السميع العليم من الشيطان الرجيم. بسم الله الرحمن الرحيم. در جلسه گذشته گفتیم که از جمله مبحثات در تعریف مسئله شرک است. [مکث] شرک با مراحل مختلفش مورد بحث است و چ…

============================================================
TRANSCRIPTION (preview)
============================================================
[آوازه] اعوذ بالله السميع العليم من الشيطان الرجيم. بسم الله الرحمن الرحيم. در جلسه گذشته گفتیم که از جمله مبحثات در تعریف مسئله شرک است. [مکث] شرک با مراحل مختلفش مورد بحث است و چون مراحل دارد طبعا تفاوت هم دارد. در مرتبه‌ای به نحو خاصی برای همه انسان‌ها و بومه‌ای و مخصوصا برای صالح مبحث است. مراحل شرک را در جلسه گذشته تا حدودی توضیح دادم و از بین همه مراحلش را چهار مرتبه از شرک را از هفته گذشته ذهن‌تون باشد عرض کردم اصل تعریف شرک عبارت است از چی؟ و اون چهار مرتبه که بود اون‌ها رو گفتیم و اجمال اون چهار مرتبه را الان عرض می‌کنم. بعد بنا شد در این جلسه ببینیم که چگونه این مراحل در برای همه و مخصوصا اونجا که بحث ما در اون هست برای سالکه ضرر دارد و مبحث است اون را تا حدودی که می‌شود تشریح بکنیم. چهار مرتبه شرک. اولا گفتیم که شرک عبارت است از اینکه انسان در نظام وجود به غیر ذات مقدس حق به نحو استقلال تأثیری قائل باشد. چیزی بداند، چیزی را، موجودی از موجودات را و صاحب اثر بداند و منشاء اثر بداند و به لحاظ همان منشاء اثر بدانش اون را مرتبه اولیش این است که عبادت هم بکند. این همان شرک جلیس، موجودی از موجودات را مؤثر دانستن در نظام، در وجود مستقلاً و به لحاظ مؤثر بودن‌ش به انواع مختلف به عبادت اون پرداختن. این همان شرک جلیس که سابقاً زیاد بوده و الان هم باز در گوشه و کنار پیدا می‌شود. شرک جلیس، مؤثر دانستن چیزی و عبادت کردن اون. بعد از این شرک خفیض در مراحل مختلف، مرتبه‌ای از شرک خفیض که مرتبه روشن‌ترش بود که نزدیک به شرک جلیس عبارت است از اینکه انسان موجودی از موجودات را به نحو مؤثر بداند مستقلاً و به لحاظ منشاء اثر بودن‌ش او را مؤثر که می‌بیند نه عبادت کند، عبودیت داشته باشد، در برابر او پرستش بکند، بلکه از او اطاعت بکند. در قبال ذات مقدس حق. شرک طاعت تعبیر می‌کنند علما اخلاق این را. این از اون مراحل و مراتب شرک خفیض. اما از اون مراتب اجلی و روشن شرک خفیض موجودی را منشاء اثر دیدن به لحاظ اینکه منشاء اثر است از او اطاعت کردن در قبال اطاعت حق، این شرک خفیض، عبودیت نه، اطاعت. اونچه که او می‌خواهد امر کردن طبق او، خواست او بودن، شدن، اوامر و نواهی او را گوش دادن در مقابل اوامر و نواهی حق، طاعت از او کردن. حالا انسان باشد، موجود هرچه باشد. شرک خفیض اما روشن‌تر، نزدیک به شرک جل
… (truncated; see saved file for full transcript)

============================================================
SUMMARY
============================================================
Input file      : 096_مضرات شرک خفي _ بحث تزکیه.mp3
Provider        : ElevenLabs Scribe (scribe_v2)
Audio duration  : 29:20 (1760.26 s)
Requests        : 1
Billed duration : 1761 s (rounded up to nearest second)
Rate            : $0.22 / audio hour
Estimated cost  : $0.107571 USD
Transcript saved: Audios/AyatollahShojaee/Tazkiyeh/096/096_مضرات شرک خفي _ بحث تزکیه.txt
============================================================
