Provider: ElevenLabs Scribe (scribe_v2)
Progress file (updated after each chunk): Audios/AyatollahShojaee/Tazkiyeh/026/026_بی جا صحبت کردن _ بحث تزکیه.partial.txt
  preparing audio (026_بی جا صحبت کردن _ بحث تزکیه.mp3)...
  29:56 → 1 request(s)
  progress file: Audios/AyatollahShojaee/Tazkiyeh/026/026_بی جا صحبت کردن _ بحث تزکیه.partial.txt
  [1/1] 0:00–29:56 (10522 KB)...
      → 19777 chars: و قال سلمان الفارسی رضی الله عنه سلمان فارسی رضوان الله علیه فرمود اکثر الناس ذنوبا اکثر مردم از ضر گناه يوم القيامة در روز قیامت اکثر هم کلاماً فی معصیت الله آنها هستند که زیاد از…

============================================================
TRANSCRIPTION (preview)
============================================================
و قال سلمان الفارسی رضی الله عنه سلمان فارسی رضوان الله علیه فرمود اکثر الناس ذنوبا اکثر مردم از ضر گناه يوم القيامة در روز قیامت اکثر هم کلاماً فی معصیت الله آنها هستند که زیاد از معصیت صحبت می کنند. یعنی معصیت خود و دیگران را می نشینند نعل می کنند. اینها گناهشان در قیامت از همه بیشتر. می بینید چقدر اهمیت دارد مسئله و قهر هم برای صالح مهلک مهلک است. خب از این هم گذشت. اونجاها که زیاد من شرح دادن نیست برای ما یه مقدار گرفتاری ممکن داشته باشد زیاد شرح می دهم. مسئله چهارم از جلوات هوا جلوه دیگر از جلوات هوا صحبت بیجا یا صحبت اضافی است. به بیان خود ما می گیم صحبت بیجا یا صحبت اضافی. صحبت بیجا غیر از صحبت اضافی است. حالا من شرح میدم خوب دقت کنید. از جلوات هوای نفس است. باز به این نکته توجه داشته باشید. مخصوصا ما برای این موضوع ممکنه این موضوع برای ما ممکنه خیلی مبتلا به باشد. به اون نکته که گفتم توجه داشته باشید. ممکن است ما به سراغ بعضی از هواهای خیلی روشن در وجود خودمون برویم. به گمان خود مبارزه با هوای نفس هم می کنیم اما خیلی از جلوات هوا را نفهمیم و هوا عوض اون در یک جا که خفه اش کردیم عوضش در جاهای دیگه خیلی به سخت و سراغ ما بیاد در یک شکل دیگر پوشش دیگر. این مورد که الان می خوام صحبت کنم اشاره کردم از اون موردهاست که برای ماها ممکنه این دامنگیر باشد. تکلم صحبت کردن، صحبت بیجا کردن یا صحبت اضافه کردن. صحبت بیجا کردن کدوم صحبت را میگیم؟ دیگه صحبت گناه نیست ها اون تمام شد. اون خوض در باطل بود. اون گذشت. صحبتی که انسان میشود نکند. توجه می کنید؟ این میگن صحبت بیجا. صحبتی که انسان حرفی که انسان سخنی که انسان میشود نکند. اگر نکند نه ضرری دنیوی می بیند نه ضرری اخروی می بیند. اگر صحبت نکند چیزی به قول معروف آبی از آب تکان نمیخورد. این را میگن صحبت بیجا. این حد تعریف صحبت بیجا است. این تعریفشو فراموش نکنید. یه وقتی خواستید در مقام عمل بفهمید که این صحبتتون بیجا است یا اون صحبتتون بیجا است. صحبت بیجا حدودش چیه؟ علما اخلاق اینجور تعریف کردن خودتون هم اگر تأمل بکنید طبیعی است تعریفش همینه. صحبت بیجا آن صحبتی است اگر انسان نکند هیچی نمیشه. هیچی نمیشه به معنی معقول نمیشه ها نه به معنی نامعقول. الان در توضیح هم معلوم میشه. یعنی واقعا به معنی معقول یک ضرر دنیوی یا اخروی به انسان م
… (truncated; see saved file for full transcript)

============================================================
SUMMARY
============================================================
Input file      : 026_بی جا صحبت کردن _ بحث تزکیه.mp3
Provider        : ElevenLabs Scribe (scribe_v2)
Audio duration  : 29:56 (1795.79 s)
Requests        : 1
Billed duration : 1796 s (rounded up to nearest second)
Rate            : $0.22 / audio hour
Estimated cost  : $0.109743 USD
Transcript saved: Audios/AyatollahShojaee/Tazkiyeh/026/026_بی جا صحبت کردن _ بحث تزکیه.txt
============================================================
