Provider: ElevenLabs Scribe (scribe_v2)
Progress file (updated after each chunk): /Users/mohammadreza/IslamASR/Audios/AyatollahShojaee/Asma_hosna/004/004_اسماء حُسنی 4.partial.txt
  preparing audio (004_اسماء حُسنی 4.mp3)...
  52:26 → 1 request(s)
  progress file: /Users/mohammadreza/IslamASR/Audios/AyatollahShojaee/Asma_hosna/004/004_اسماء حُسنی 4.partial.txt
  [1/1] 0:00–52:26 (18433 KB)...
      → 30218 chars: [صدای زمزمه] الله. و ما الله والخالق. و الله الخالق. الصادق البارئ المصور. له الأسماء الحسنی. أسماء الحسنى. الكریم الرؤوف المجيب الواسع الحكيم الودود المجید الباعث الشهید. مباحث عر…

============================================================
TRANSCRIPTION (preview)
============================================================
[صدای زمزمه] الله. و ما الله والخالق. و الله الخالق. الصادق البارئ المصور. له الأسماء الحسنی. أسماء الحسنى. الكریم الرؤوف المجيب الواسع الحكيم الودود المجید الباعث الشهید. مباحث عرفانی آیت الله محمد شجاعی در باب اسماء الهی. لله الأسماء الحسنی. هر اسمی که یک نفر از کنار میکنه اسم خداست. الواجد الماجد الواحد الصمد القادر المقتدر المقدم المؤخر الأول الآخر. أسماء الحسنى. المقصف الجامع الغنی المغنی المانع الضار النافع النور الهادی البدیع الباقی. الوارث الرشید الصبور الذي. ليس كمثله شيء وهو السميع البصير. بسم الله الرحمن الرحیم. به نام حضرت احدیت که اسماء حسنی همه از آن اوست و مخلوقات نیستند مگر جلوه‌ای از جلوات اسماء و صفات آن ذات بی‌منتها. سلام. سلام بر شما سالکان طریق هدایت و راهیان راه قرب که مشتاق نوشیدن از شراب وصلیت و چش به عنایت ظهور فیض حق تعالی دارید. شیفتگان عرفان این چهارمین برنامه اسماء الحسنی است که در آن مباحث عرفان نظری حول مسئله اسماء و صفات حضرت حق با بیان عارف وارسته حضرت آیت الله محمد شجاعی تقدیم شما می‌شود. نقطه عظمت این سلسله مباحث روایت شریفی بود از نهج البلاغه که در آن امیرالمؤمنین در یک خطبه توحیدی بیان می‌فرمایند که در مرتبه ذات از اسماء و صفات خبری نیست و اسماء در مرتبe پایین‌تری از ذات قرار داشته، تجلی، ظهور و مخلوق حق‌اند. سپس دو اسم احد و واحد مطرح و توضیح داده شد و اینکه این دو تجلی چه تفاوتی با هم دارند، چنان که احد تجلی اول و واحد تجلی دوم است. در این برنامه استاد به مرتبه دیگری از تجلیات حضرت حق اشاره می‌فرمایند که تجلی تک تک اسماء و صفات بر ذات است. علیم، محیط، بسیط، بصیر، سميع و دیگر اسماء. در این مرتبه آن ذات واحد در قالب هر اسمی و صفتي جلوه‌ای خاص می‌کند و این جلوات تکثر دارد. این مرحله را عالم اسماء گویند که عالم جلوه ذات است در آینه اسماء. هر جلوه با هر صفت و اسمی آثار و مخلوقاتی دارد. آنچه ما می‌بینیم و نمی‌بینیم، آنچه می‌شنویم و نمی‌شنویم، آنچه از خلقت می‌یابیم و نمی‌یابیم و خلاصه آنچه از هستی برای ما مدرک است و آنچه مدرک نیست، همه آثار و جلوات همان اسماء خداست. این بحث از آنجا که نسبت مخلوقات با حق تعالی را توضیح می‌دهد از اهمیت ویژه‌ای برخوردار است. اکنون چهارمین بحث استاد آیت الله محمد شجاعی را می‌شنویم در باب اسماء و صفات الهی
… (truncated; see saved file for full transcript)

============================================================
SUMMARY
============================================================
Input file      : 004_اسماء حُسنی 4.mp3
Provider        : ElevenLabs Scribe (scribe_v2)
Audio duration  : 52:26 (3145.90 s)
Requests        : 1
Billed duration : 3146 s (rounded up to nearest second)
Rate            : $0.22 / audio hour
Estimated cost  : $0.192249 USD
Transcript saved: /Users/mohammadreza/IslamASR/Audios/AyatollahShojaee/Asma_hosna/004/004_اسماء حُسنی 4.txt
============================================================
