Provider: ElevenLabs Scribe (scribe_v2)
Progress file (updated after each chunk): Audios/AyatollahShojaee/Tazkiyeh/075/075_سوء خلق _ بحث تزکیه.partial.txt
  preparing audio (075_سوء خلق _ بحث تزکیه.mp3)...
  43:47 → 1 request(s)
  progress file: Audios/AyatollahShojaee/Tazkiyeh/075/075_سوء خلق _ بحث تزکیه.partial.txt
  [1/1] 0:00–43:47 (15393 KB)...
      → 28081 chars: اعوذ بالله السميع العليم من الشيطان الرجيم. بسم الله الرحمن الرحيم. یکی دیگر از مهلکات که از نتایج غضب است باز مسئله سوء خلق است. خب سوء خلق را شما در افواه زیاد شنیده‌اید چون یه م…

============================================================
TRANSCRIPTION (preview)
============================================================
اعوذ بالله السميع العليم من الشيطان الرجيم. بسم الله الرحمن الرحيم. یکی دیگر از مهلکات که از نتایج غضب است باز مسئله سوء خلق است. خب سوء خلق را شما در افواه زیاد شنیده‌اید چون یه مقدار آشنا هست منم به اجمال می‌گذرم ولی به نکات اشاره می‌کنم که شاید به اون نکات توجه نداشته باشید. یکی از مهلکات به عنوان یک نتیجه از نتایج غضب، بفرمایید یک جلوه از جلوات غضب سوء خلق است. انسان تنگ خلق باشد، بد خلق باشد، صعه نداشته باشد، بی‌حوصله باشد، برخوردش با افراد با صعه نباشد، با تنگ خُلقی باشد، با چهره و قیافه گرفته باشد، سخن گفتنش با مردم، با کسان دیگر شاید خوب نباشد. یعنی میگن تنگ، تنگ خُلقی را می‌دانند چی دیگه. یه حالت بی‌حوصلگی و تنگ خُلقی دائم در وجودش باشد که به دور ورش نزدیک شدن سخت است. توجه می‌کنید؟ حتی در مثلاً در خانواده‌اش سؤالات عادی را نمی‌توانند خوب سؤال بکنند، دوستانش نمی‌توانند خوب به اصطلاح-- یک حالت وحشتی در دور و بری‌هاش ایجاد می‌کند این آدم با قیافه‌اش، با رفتارش، با گفتارش تنگ خلق است. فلذا یک حالت وحشت در کسانی که با این مشهور هستند هست که وقتی میخوان حرفی بزنند، اقدام بکنند، چیزی ازش سؤال بکنند، به منزلش بروند، باهاش مواجه باشند در موارد مختلف. یه نوع حالت کنارگیری در خود احساس می‌کنند، می‌ترسند. این نتیجه همان بد خُلقی است. بد خُلقی چنین چیزی است. این از مهلکات است. و اگر کسی روایات وارد و اشارات قرآن در این باب دقت بکند، می‌بیند که برای هر مؤمن و مخصوصاً برای صالح مثل اینکه هیچ چیز به اندازه تنگ خُلقی، کم ظرفیتی، خوش زبان نبودن، خوش رو نبودن، هیچ چیزی مانند این برای انسان مضر نیست. خیلی با اهمیت برخورد کرده روایات و اشارات آیات. [سرفه] خب در اینجا حالا من به قدم به قدم به نکاتی که در باب تنگ خُلقی هست. البته روزگار ما هم طوری است که من که گوینده شما هستم، شما هم که اینجا شنونده هستید، نشسته اید، خانم‌ها هم لابد همینطور. فکر می‌کنم که این اصطلاح شروع کردیم صحبتش را بکنیم کمتر کسی یا هیچ کسی اینجا پیدا نمی‌شود که به این مسئله گرفتار نباشد. فلذا خوب دقت بکنید. خوب دقت کنید که یکی از اون دردها که همیشه من و شما تویا هستیم می‌خواهیم بفهمیم همین جاست. [صدای محیط] توجه می‌کنید؟ همین جاست. من و شما خب به این فکرها زیاد افتادیم انسان در راه خدا خوب موفق باشد. خب حال
… (truncated; see saved file for full transcript)

============================================================
SUMMARY
============================================================
Input file      : 075_سوء خلق _ بحث تزکیه.mp3
Provider        : ElevenLabs Scribe (scribe_v2)
Audio duration  : 43:47 (2627.03 s)
Requests        : 1
Billed duration : 2628 s (rounded up to nearest second)
Rate            : $0.22 / audio hour
Estimated cost  : $0.160541 USD
Transcript saved: Audios/AyatollahShojaee/Tazkiyeh/075/075_سوء خلق _ بحث تزکیه.txt
============================================================
