Provider: ElevenLabs Scribe (scribe_v2)
Progress file (updated after each chunk): Audios/AyatollahShojaee/Tazkiyeh/077/077_عجب ومعالجه آن _ بحث تزکیه.partial.txt
  preparing audio (077_عجب ومعالجه آن _ بحث تزکیه.mp3)...
  50:03 → 1 request(s)
  progress file: Audios/AyatollahShojaee/Tazkiyeh/077/077_عجب ومعالجه آن _ بحث تزکیه.partial.txt
  [1/1] 0:00–50:03 (17598 KB)...
      → 29971 chars: اعوذ بالله السميع العليم من الشيطان الرجيم. بسم الله الرحمن الرحيم. در باب عجب، در مطلب دوم که من عنوان می‌کنم بعد از روشن شدن اصل چگونگی مهلک بودن عجب، آفات عجب است. عجب حالا خودش…

============================================================
TRANSCRIPTION (preview)
============================================================
اعوذ بالله السميع العليم من الشيطان الرجيم. بسم الله الرحمن الرحيم. در باب عجب، در مطلب دوم که من عنوان می‌کنم بعد از روشن شدن اصل چگونگی مهلک بودن عجب، آفات عجب است. عجب حالا خودش که اینجور بود، اینجور مهلک بود. چه آفاتی را برای سالک در مقام سلوکش به دنبال خود می‌آورد؟ دقت بکنید ها. چه آفاتی را به دنبال خود می‌آورد. اولین آفتی که عجب برای انسان می‌آورد کبر است. دقت می‌کنید؟ اون کبر که خودش از ملکات است. هیچکس با داشتن اون نمی‌تواند به سوی حق قدم بردارد. نامش کبر است. عجب کبر می‌آورد. کسی که عملش را، عبادتش را می‌بیند، خودش را به حساب عبادتش بزرگ می‌شمارد. این کس همه کمالات خودش را، علمش باشد، شجاعتش باشد، هر کمالی را در خودش، هر نعمتی را برای خودش، هر امتیازی را برای خودش بزرگ می‌بیند. وقتی این مرض در عالم خود برای خودش پیدا شد، قهراً بعد از دیگران هم خودش را یواش یواش چی می‌کند؟ بالاتر حساب می‌کند. بنابراین عجب می‌کشد به کبر. حالا خودش که مهلک بود به سوی یک مهلک دیگر هم می‌برد. توجه می‌کنید؟ شما نمی‌دونم دقت کرده‌اید. حالا اینجا در وسط من صحبت می‌کردم به یادم افتاد. همیشه به یادمون هست. به، به اصطلاح خدا انشاالله مشمول رضوانش بکند. آ-آیت طباطبایی رضوان الله به یادم افتاد به خودی خود بهتر است بگم که گفتم اکثراً یاد می‌کنیم ایشون را و همیشه گفتم دلم می‌خواد شما هم آن اندازه که ماها بیشتر می‌دیدیم ایشان را شما هم می‌دیدید. اصلاً دیدنشان آموزنده بود. لحظه می‌نشستی چند لحظه‌ای دقتی می‌کردی با شعور آموزنده بود برای انسان. ایشون به لحاظ همین مسئله که مرد موفقی بود، هیچ کبری درش دیده نشد. هیچ. اصلاً. یعنی ماها طلبه بودیم. فکر می‌کردیم چند چیزی یاد گرفته بودیم و امثال ما هم طلبه‌های دیگه بودند. گاهگاهی برای خودمون در برخورد با بعضی از افراد و در بعضی از مواضع می‌دیدیم که خب ما یک حسابی داریم. اما هر وقت با این مردم مواجه می‌شدیم، می‌دیدیم اصلاً مثل اینکه او هیچی نمی‌داند، هیچ سوادی ندارد، هیچ کاری نکرده، اصلاً به ما چیزی یاد نداده. توجه می‌کنید؟ مثل اینکه کاملاً از ما او شرمنده‌ست. از ما که شاگردش بودیم. یک شکستگی به خصوص داشت در عالم بر وجودش حاکم بود ها. وقتی ما در عالم طلبگی اون می‌گفتیم خالا مثلاً من به جای این بودم، فیلسوف بودم، چنین و چنان بودم، کاش من اینجور بودم و 
… (truncated; see saved file for full transcript)

============================================================
SUMMARY
============================================================
Input file      : 077_عجب ومعالجه آن _ بحث تزکیه.mp3
Provider        : ElevenLabs Scribe (scribe_v2)
Audio duration  : 50:03 (3003.41 s)
Requests        : 1
Billed duration : 3004 s (rounded up to nearest second)
Rate            : $0.22 / audio hour
Estimated cost  : $0.183542 USD
Transcript saved: Audios/AyatollahShojaee/Tazkiyeh/077/077_عجب ومعالجه آن _ بحث تزکیه.txt
============================================================
