Provider: ElevenLabs Scribe (scribe_v2)
Progress file (updated after each chunk): /Users/mohammadreza/IslamASR/Audios/AyatollahShojaee/Mabahese_Tohidi/012/012_مباحث-توحیدی-12.partial.txt
  preparing audio (012_مباحث-توحیدی-12.mp3)...
  23:51 → 1 request(s)
  progress file: /Users/mohammadreza/IslamASR/Audios/AyatollahShojaee/Mabahese_Tohidi/012/012_مباحث-توحیدی-12.partial.txt
  [1/1] 0:00–23:51 (8387 KB)...
      → 12485 chars: بسم الله الرحمن الرحیم. قل هو الله أحد. به نام خداوند بخشایشگر مهربان. بگو خدا یکی است. [موسیقی] توحیدنامه. [موسیقی] با بیانات حضرت آیت الله شجاعی. [موسیقی] مقصود از بحث توحید، بحث…

============================================================
TRANSCRIPTION (preview)
============================================================
بسم الله الرحمن الرحیم. قل هو الله أحد. به نام خداوند بخشایشگر مهربان. بگو خدا یکی است. [موسیقی] توحیدنامه. [موسیقی] با بیانات حضرت آیت الله شجاعی. [موسیقی] مقصود از بحث توحید، بحث از معرفت خدای متعال، صفات خدای متعال و افعال خدای متعال به یک بیان دیگر به اصطلاح معرفت وحدانیت ذات مقدس حق و اینکه جز ذات او ذاتی نیست و جز صفات او صفاتی نیست و جز افعال او افعالی نیست. [موسیقی] بسم الله الرحمن الرحیم. ستایش برای خداوند است به هر زبانی که نزدیک‌ترین فرشتگانش و گرامی‌ترین آفریدگانش و پسندیده‌ترین ستایشگرانش او را بدان می‌ستایند. ستایشی برتر از هر ستایش دیگر. پس به جای هر نعمتی که بر ما و همه بندگان در گذشته و زنده خود ارزانی داشته است و به شمار تمام آنچه در علم بی‌پایان او می‌گنجد و چندین برابر هر یک از نعمت‌هایش تا همیشه و تا روز قیامت او را سپاس می‌گوییم. دوستان قرآنی سلام. با برنامه توحیدنامه در خدمت شما هستیم و بهره‌مند می‌شویم از بیانات عالمانه عالم فرزانه حضرت آیت الله شجاعی درباره توحید خداوند متعال. [موسیقی] همراهان گرامی، حضرت آیت الله شجاعی در برنامه گذشته درباره توحید وصفی یا اوصافی فرمودند: مفهوم این توحید خداوند این است که همه صفات کمال که در نظام وجود هستی دیده می‌شود و همه کمالات از آن ذات مقدس حق است و از کمالات و صفات کمالی حق سرچشمه می‌گیرد. به عبارت دیگر، آنچه از کمالات و صفات کمال در مخلوقات خداوند دیده می‌شود، تابش‌ها و تجلیاتی از کمالات حضرت حق‌اند. مانند علمی که در انسان یا موجودات دیگر یا موجودات بالاتر از انسان مانند ملائکه وجود دارد، به عنوان صفت از صفات کمال و کمالی از کمالات وجودی فی نفسه و مستقلاً وجود ندارند، بلکه این کمال علم در این‌ها تابشی است از علم خدای متعال در مراتب مختلف. آن که مالک علم است و دارای علم بی‌حد و بی‌نهایت، ذات مقدس حق است که فی ذاته عالم است و این علومی که در موجودات دیگر در مراتب مختلف جلوه کرده است، تابش‌ها و تجلیاتی از آن علم مطلق خداوند است. علم خداوند علم بی‌نهایت است اما علم ما همراه با جهل است و جهلش هم بی‌نهایت است و به عنوان تابشی از آن علم بی‌نهایت به اندازه قابلیت و ظرفیت ما می‌باشد. خب دوستان اکنون توجه شما را جلب می‌کنیم به ادامه بیانات عالمانه حضرت آیت الله شجاعی درباره توحید اوصافی خداوند متعال. راه آیات ق
… (truncated; see saved file for full transcript)

============================================================
SUMMARY
============================================================
Input file      : 012_مباحث-توحیدی-12.mp3
Provider        : ElevenLabs Scribe (scribe_v2)
Audio duration  : 23:51 (1431.25 s)
Requests        : 1
Billed duration : 1432 s (rounded up to nearest second)
Rate            : $0.22 / audio hour
Estimated cost  : $0.087465 USD
Transcript saved: /Users/mohammadreza/IslamASR/Audios/AyatollahShojaee/Mabahese_Tohidi/012/012_مباحث-توحیدی-12.txt
============================================================
