Provider: ElevenLabs Scribe (scribe_v2)
Progress file (updated after each chunk): Audios/AyatollahShojaee/AsrarFatemi/009/009_اسرار فاطمی (س ) بخش 9.partial.txt
  preparing audio (009_اسرار فاطمی (س ) بخش 9.mp3)...
  30:14 → 1 request(s)
  progress file: Audios/AyatollahShojaee/AsrarFatemi/009/009_اسرار فاطمی (س ) بخش 9.partial.txt
  [1/1] 0:00–30:14 (10627 KB)...
      → 16236 chars: [موسیقی] از امام صادق علیه السلام پرسیدند چرا فاطمه سلام‌الله علیها را زهرا می‌گویند؟ فرمود برای آنکه هر وقت در محراب عبادت می‌ایستاد نور او بر اهل آسمان‌ها می‌تابید. همچنان‌که نور…

============================================================
TRANSCRIPTION (preview)
============================================================
[موسیقی] از امام صادق علیه السلام پرسیدند چرا فاطمه سلام‌الله علیها را زهرا می‌گویند؟ فرمود برای آنکه هر وقت در محراب عبادت می‌ایستاد نور او بر اهل آسمان‌ها می‌تابید. همچنان‌که نور ستارگان بر اهل زمین می‌تابد. السلام علیک ایته الصدیقه الشهیده. اسرار فاطمی. فاطمه جان، فاطمه جان، فاطمه جان، فاطمه جان، فاطمه جان، فاطمه جان، فاطمه جان. بسم الله الرحمن الرحیم. با عرض سلام خدمت شما همراهان رادیو قرآن با برنامه اسرار فاطمی که کاریست از گروه علوم و معارف قرآنی رادیو قرآن در خدمت شماییم. این برنامه اختصاص دارد به مباحث استاد فرزانه حضرت آیت‌الله محمد شجاعی. در این برنامه استاد محمد شجاعی از کرامات حضرت زهرا سلام‌الله علیها و نحوه عبادت ایشان نکات بسیار ارزشمندی بیان می‌فرمایند که از شما عزیزان دعوت می‌کنیم مشروح این گفتار را از زبان حضرت آیت‌الله محمد شجاعی بشنوید. اعوذ بالله السميع العليم من الشيطان الرجيم. بسم الله الرحمن الرحيم. حسن بصری گفت که من-- حسن بصری اسمش را چه کسی می‌داند؟ گفت: «من عابدتر از حضرت زهرا من ندیدم.» این جمله‌ایست از حسن بصری باید روش تامل کرد. نمی‌گم حسن بصری چه جور آدمی است ولی جمله‌ایست باید روش تامل کرد. قضاوت روی حسن بصری نیست، روی این جمله. گفت که: «من عابد از حضرت زهرا را ندیدم.» عبادت حضرت زهرا، مجاهدتش. من یه جمله می‌گم که شما شنیدید. این جمله را می‌گم برای یک تذکری به شما بگم. از کیفیت و کمیت عبادتش چیزی به شما نمی‌گم، فقط این جمله را فراموش نکنید که اون گفته هست این را و در بهار و جاهای دیگر نقل شده است این گفته حسن بصری که عابد از او، عابد از او، جمله بزرگی است. از او عابدتر من کسی را ندیدم، حضرت زهرا. من یک جمله‌شکیلی را قبلاً به شما در خلال صحبت‌ها گفته‌ام. منتها هم الان-- ولی این یک از خصوصیات حضرت زهرا در مقام عبودیت، عبودیت بالاش، خصوصیت بالای عبودیتش، خوف بالای اون حضرت بود از خدا. این در-- این جمله گفتم شنیدید این است که در کتب علمای اخلاق هم آمده است. مثلاً مرحوم حاج میرزا جواد آقا در اسرار و سراتش، دیگران از ارفا، علمای اخلاق و اهل باطن اینها به این ااا جل روایت اشاره کردند اونجا که از نماز بحث کردند. در نماز حضرت زهرا از خوف اون حضرت چیزها-- جمله‌ای نقل شده که عجیب است و برای眼 شما تذکرامی است. این جمله ببینید این است. این جمله. ر
… (truncated; see saved file for full transcript)

============================================================
SUMMARY
============================================================
Input file      : 009_اسرار فاطمی (س ) بخش 9.mp3
Provider        : ElevenLabs Scribe (scribe_v2)
Audio duration  : 30:14 (1813.68 s)
Requests        : 1
Billed duration : 1814 s (rounded up to nearest second)
Rate            : $0.22 / audio hour
Estimated cost  : $0.110836 USD
Transcript saved: Audios/AyatollahShojaee/AsrarFatemi/009/009_اسرار فاطمی (س ) بخش 9.txt
============================================================
