Provider: ElevenLabs Scribe (scribe_v2)
Progress file (updated after each chunk): /Users/mohammadreza/IslamASR/Audios/AyatollahShojaee/Mabohas_Mozui/024/024_24- عالم غیب و شهاده 2.partial.txt
  preparing audio (024_24- عالم غیب و شهاده 2.mp3)...
  23:06 → 1 request(s)
  progress file: /Users/mohammadreza/IslamASR/Audios/AyatollahShojaee/Mabohas_Mozui/024/024_24- عالم غیب و شهاده 2.partial.txt
  [1/1] 0:00–23:06 (8120 KB)...
      → 14278 chars: اعوذ بالله السميع العليم من الشيطان الرجيم. بسم الله الرحمن الرحيم. قرآن به این مسئله اشاره می‌کند. خوب دقت بکنید. به این مسئله اشاره می‌کند که ما آنچنان که هست حقیقت‌ها را نمی‌بین…

============================================================
TRANSCRIPTION (preview)
============================================================
اعوذ بالله السميع العليم من الشيطان الرجيم. بسم الله الرحمن الرحيم. قرآن به این مسئله اشاره می‌کند. خوب دقت بکنید. به این مسئله اشاره می‌کند که ما آنچنان که هست حقیقت‌ها را نمی‌بینیم و همه چی صورت ملکوتی دارد. غیب هم تعبیر شده در خود قرآن. صورت ملکوتی هم تعبیر شده است در خود قرآن که آیاتی که خوندم یادتون باشد. غیب اشیا یا ملکوت اشیا به همه چیز، به همه چیز شامل است. هم به اعمال ما شامل است و هم به همه حقایق وجود شامل است خارج از اعمال ما و هم به خود ما شامل است. خود ما، خود ما به عنوان یکی از موجودات و یکی از حقایق وجود صورت غیبی داریم. اونی که بعد از مرگ، بعد از رد شدن به عالم غیب و شهادت معلوم می‌شود و اون آیه به اون اشاره می‌کند همین مسئله است که می‌فرماید ［ foreign text］. اونی که غیب را هم می‌داند و شهادت را هم می‌داند به سوی او برگردانده می‌شوید و غیب تمام شهادت‌های شما را به شما ارائه می‌کند. اونم به نحوی که براتون توضیح دادم. این شهادت غیبش این است. اون شهادت غیبش این است. و باز اون آیه که قبلاً براتون خوند، خوندم در قیامت که ［ foreign text］. بعد از این تفسیر که گفتم خوب می‌توانید بفهمید که به این حقیقت اشاره می‌کند که در قیامت خطاب می‌رسد که شما نمی‌دانستید این‌ها را. پرده بود در برابر چشم شما و ما پرده را برداشتیم. شما الان حقیقت را آنچنان که هست می‌بینید. خب حالا بیایید حساب بکنیم. حساب. آره اصل منظور من حساب است. خب شما حساب بکنید که خوب حساب بکنید در مقام محاسبه خوب نتیجه بگیرید. ذره ذره یا لحظه لحظه خصوصیات ما اگر صورت ملکوتی داشته باشد، صورت غیبی داشته باشد و بنا باشد همش هم صورت‌های غیبی را به ما بدهند، اونوقت می‌دانید چه خواهد شد؟ اینجاست که شما توجه بکنید که مسئله خبر از اون قیامت که همین غیب اعمال را به انسان دادن است یک خبر بزرگی خواهد بود. بسیار این آیه ذهن منو گرفت. زیاد، زیاد. یعنی حالا برای شما هم می‌خوانم آیه را. ［ foreign text］. خوب دقت بکنید. اما این مطلبی که گفتم خوب تصویر بکنید در ذهنتون. هرچی داشته‌ایم صورت غیبی‌اش برای ما در جای خودش حاصل شده. دقت می‌کنید؟ هرچی من و شما از اول تا حالا انجام داده‌ایم، هرچی فکر کرده‌ایم، هرچی علقه داشته‌ایم، هرچی میل داشته‌ایم، هرچی محبت داشته‌ایم، هرچی اداب داشته‌ایم، هرچی نیت کرده‌ایم، هر حرکتی، هر نگاهی
… (truncated; see saved file for full transcript)

============================================================
SUMMARY
============================================================
Input file      : 024_24- عالم غیب و شهاده 2.mp3
Provider        : ElevenLabs Scribe (scribe_v2)
Audio duration  : 23:06 (1385.71 s)
Requests        : 1
Billed duration : 1386 s (rounded up to nearest second)
Rate            : $0.22 / audio hour
Estimated cost  : $0.084682 USD
Transcript saved: /Users/mohammadreza/IslamASR/Audios/AyatollahShojaee/Mabohas_Mozui/024/024_24- عالم غیب و شهاده 2.txt
============================================================
