Provider: ElevenLabs Scribe (scribe_v2)
Progress file (updated after each chunk): Audios/AyatollahShojaee/Tazkiyeh/066/066_وقاحت وحيا2 _ بحث تزکیه.partial.txt
  preparing audio (066_وقاحت وحيا2 _ بحث تزکیه.mp3)...
  29:14 → 1 request(s)
  progress file: Audios/AyatollahShojaee/Tazkiyeh/066/066_وقاحت وحيا2 _ بحث تزکیه.partial.txt
  [1/1] 0:00–29:14 (10275 KB)...
      → 17506 chars: اعوذ بالله السميع العليم من الشيطان الرجيم. بسم الله الرحمن الرحيم. وقاحت و حیا برای صالح در یک تقسیم‌بندی کلی در سه مرتبه، به اصطلاح در تقسیم‌بندی کلی‌ها بدون پرداختن ریزه‌کاری‌ها…

============================================================
TRANSCRIPTION (preview)
============================================================
اعوذ بالله السميع العليم من الشيطان الرجيم. بسم الله الرحمن الرحيم. وقاحت و حیا برای صالح در یک تقسیم‌بندی کلی در سه مرتبه، به اصطلاح در تقسیم‌بندی کلی‌ها بدون پرداختن ریزه‌کاری‌ها در سه مرتبه مطرح بود. می‌پردازیم به بیان وقاحت و حیا در یک بیانه که بعضی از علما اخلاق گفتند که اون‌ها هم، اون عده از علما اخلاق هم چیزای خوبی گفتند. این تقسیم‌بندی که بعضی گفتند خوبه و گذشتنی نیست. این‌ها آمدند م-مسئله‌ی عرض کنم وقاحت و حیا را برای سالکین در چهار مرتبه به اصطلاح ذکر کردند. چهار مرتبe. این تقسیم‌بندی دیگر است و خوب توجه کنید ولی طوری چون نکاتی دارد آموزنده است و از این نظر خوب است که این را من مطرح بکنم. گفتند برای صالح وقاحت در چهار مرتبه و ح-حیا در چهار مرتبه مطرح می‌شود. مرتبه اول به اصطلاح این است که صالح در مقام نفسانیت یعنی در مقام نفس که در واقع همان نفسانیت و نفس، گناه انجام بدهد و شرم نکند. حیا این است که در مقام نفسانیت گناه انجام بدهد و شرم می‌کند. این مرتبه اول تقریباً شریک است در مرحله هم با همان تقسیم اولی که گفتیم. حالا من دیگه به تکمیلش نمی‌پردازم. گناه بکند شرم نکند، وقاحت است. گناه بکند شرم می‌کند، حیا است. این مرتبه اول. حالا ممکنه شما اینو شما که مستمع هستید حرف‌های منو طوری معنی بکنید که خوب معنی نکنید. مثلاً فکر کنید کسی به سلوک پرداخت خطایی کرد و گناه کرد، اونجا فقط شرم اگر کرد حیا است و اگر شرم نکرد وقاحت. نه، اینطور نیست و دایره‌اش خیلی وسیع است. چطور؟ همون گناه را میگیم. این شرمندگی باید پیگیر باشد، حاکم باشد. چجور باشد شرمندگی حاکم؟ حاکم باشد تا حدی که در هر ذکری، در هر عبادتی که می‌خواهد به پردازد، این شرمندگی مانع از این باشد که به خوبی به اصطلاح با، به روی باز به اون عبادت بپردازد. دقت بکنید‌ ها. شرمندگی گناه باید وجودش را بگیرد. چون گرفته ادامه پیدا بکند. ال مثلاً فرض شما صب-- خیلی ساده‌تر بگم. صبح گناه کرده، صالح که شروع کرده، توبه هم کرده بود، شروع هم کرده، خطا رفت، گناهی کرد. البته این کار ادامه پیدا بکند راه به جایی نمی‌بره ها. مثلاً میگیم در مراحل اولیه خطا کرد و بعد تکرار هم نمیشه. این شرم، خطا کرد، گناه کرد، وقاحتش به این است که ظهر بلند می‌شود نماز بخواند، صالح است. می‌خواهد وضو بگیرد همانجا که نیت می‌کند که من وضو می‌گیرم، امر خدا ر
… (truncated; see saved file for full transcript)

============================================================
SUMMARY
============================================================
Input file      : 066_وقاحت وحيا2 _ بحث تزکیه.mp3
Provider        : ElevenLabs Scribe (scribe_v2)
Audio duration  : 29:14 (1753.56 s)
Requests        : 1
Billed duration : 1754 s (rounded up to nearest second)
Rate            : $0.22 / audio hour
Estimated cost  : $0.107162 USD
Transcript saved: Audios/AyatollahShojaee/Tazkiyeh/066/066_وقاحت وحيا2 _ بحث تزکیه.txt
============================================================
