Provider: ElevenLabs Scribe (scribe_v2)
Progress file (updated after each chunk): Audios/AyatollahShojaee/Tazkiyeh/034/034_اذيت مومن3 واکرام مومن _ بحث تزکیه.partial.txt
  preparing audio (034_اذيت مومن3 واکرام مومن _ بحث تزکیه.mp3)...
  22:30 → 1 request(s)
  progress file: Audios/AyatollahShojaee/Tazkiyeh/034/034_اذيت مومن3 واکرام مومن _ بحث تزکیه.partial.txt
  [1/1] 0:00–22:30 (7909 KB)...
      → 14220 chars: اعوذ بالله السميع العليم من الشيطان الرجيم. بسم الله الرحمن الرحيم. در سلوک انسان، ااا اگر اهلش باشید می‌دانید در سلوک انسان گاهی اسباب و علل پیشرفتش خوب فراهم می‌شود، گاهی اسباب و…

============================================================
TRANSCRIPTION (preview)
============================================================
اعوذ بالله السميع العليم من الشيطان الرجيم. بسم الله الرحمن الرحيم. در سلوک انسان، ااا اگر اهلش باشید می‌دانید در سلوک انسان گاهی اسباب و علل پیشرفتش خوب فراهم می‌شود، گاهی اسباب و علل پیشرفتش یه خرده به مانع برخورد می‌کنه. یکی از جریاناتی که موجب توفیق اسباب است و اسباب و علل در جهت پیشرفت انسان در سلوک تنظیم می‌شود به اذن الله یکی از علل و عوامل این جریان عبارت است از اکرام مؤمن. هر قدر انسان برخورد خوب و اعزازآمیز با مؤمن داشته باشد به همان اندازه وسایل پیشرفتش در طریق سلوک چیه؟ فراهم خواهد بود. این یادتون باشه و این اکرام به اندازه‌ای مهم است که حتی در یک روایتی داریم از-- دیگه نمی‌خوانم روایت طولانی‌ست که حتی انسان در موقع برخورد با مؤمنی که باید با بشاشت برخورد بکنه، اگر به روی مؤمن بخندد، تبسم بکنه با همان تبسمش به خدا زیاد نزدیک شده. این بیانی است از رسول اکرم صلی الله علیه و آله و سلم. مخصوصاً در برخورد. البته می‌دانید که مؤمن باید در برخوردش بشاش باشد در عین اینکه در قلبش حزین و محزون است به حساب‌های خاصی بین او و بین الله دارد. خب این اکرام توجه دار- داشتید با اون جنبه‌های ذوقیش که عرض کردیم اگر مؤمن به هر نحوی ارتباطش به خدا بیشتر باشد این اکرام پیش بردنش و مقرب بودنش به خدا بیشتر خواهد بود. مثلاً چطور؟ اگر اون مؤمنی که بهش احترام می‌کنیم و اکرام می‌کنیم و برخورد اعزازآمیز می‌کنیم یه کسی باشد که یک ربانی باشد، عالم ربانی باشد، یک ولی باشد. خب معلومه اگر اکرام بهش کردید ممکن است شما از عبادت یک سالتون بیشتر در همین اکرامتون چی بکنید؟ نتیجه بگیرید از عبادت یک سال خودتون به تنهایی در همین اکرامتون به یک ولی نتیجه بیشتر بگیرید. یعنی وقتی برخورد خوب اعزازآمیز با او کردید، اکرام او کردید، ولی حساب می‌کنیم دیگه مؤمن بالاتری‌ست از خودش دیگه خبری نمونده، جلوه حق است. این دیگه شما اکرام کردید به خدا و خیلی راه نزدیک انتخاب کردید از عبادت یک ساله شما یا بیشتر شما خیلی بیشتر پیش برد شما را این موضوع. مثلاً اگر شما در زمان علی سلام الله علیه بودید، اگر یه اکرامی به علی سلام الله علیه می‌کردید، عقل خودش، خود شما نمی‌گوید که اگر یه رضایتی از علی را کسب می‌کردید، یه لحظه‌ای از عبادت هفتاد، هشتاد ساله شما بهتر بود یا نبود؟ ها؟ بهتر بود. خیلی راه نزدیک‌تر هم بود. خیلی راه
… (truncated; see saved file for full transcript)

============================================================
SUMMARY
============================================================
Input file      : 034_اذيت مومن3 واکرام مومن _ بحث تزکیه.mp3
Provider        : ElevenLabs Scribe (scribe_v2)
Audio duration  : 22:30 (1349.78 s)
Requests        : 1
Billed duration : 1350 s (rounded up to nearest second)
Rate            : $0.22 / audio hour
Estimated cost  : $0.082487 USD
Transcript saved: Audios/AyatollahShojaee/Tazkiyeh/034/034_اذيت مومن3 واکرام مومن _ بحث تزکیه.txt
============================================================
