Provider: ElevenLabs Scribe (scribe_v2)
Progress file (updated after each chunk): /Users/mohammadreza/IslamASR/Audios/AyatollahShojaee/Asma_hosna/009/009_اسماء حُسنی 9.partial.txt
  preparing audio (009_اسماء حُسنی 9.mp3)...
  51:53 → 1 request(s)
  progress file: /Users/mohammadreza/IslamASR/Audios/AyatollahShojaee/Asma_hosna/009/009_اسماء حُسنی 9.partial.txt
  [1/1] 0:00–51:53 (18240 KB)...
      → 28631 chars: الله. و ما الله الخالق. و الله الخالق. الخالق البارئ المصور. له الأسماء الحسنى. الحسنى. الجليل الرحيم المجيب العلي الحكيم الودود المجيب الباعث الشهيد. مباحث عرفانی آیت الله محمد شج…

============================================================
TRANSCRIPTION (preview)
============================================================
الله. و ما الله الخالق. و الله الخالق. الخالق البارئ المصور. له الأسماء الحسنى. الحسنى. الجليل الرحيم المجيب العلي الحكيم الودود المجيب الباعث الشهيد. مباحث عرفانی آیت الله محمد شجاعی در باب اسماء الهی. لله الأسماء الحسنی. هر اسمی که مشایعت کمال میکنه اسم خداست. الواجد الماجد الواحد الصمد القادر المقتدر المقدم المؤخر الأول الآخر. الأسماء الحسنى. المقصف الجامع الغنی المبدی المعيد الصاف النافع النور الهادی البدیع الباقی الوارث الرشید الصبور الذي ليس كمثله شيء وهو السميع البصير. از موضوعاتی که در مسئله اسماء خدا مطرح هست مسئله اسماء جمال و اسماء، اسماء جلال است که این هم یک از نواحی که در بحث اسماء هست. یعنی یک جزء و ارده ای از مسائل که در اسماء هست و در مباحثی که در اسماء الهی میشود مطرح میشود. این معنی که اسماء خدا، اسماء، اسماء الهی منقسم میشود، تقسیم میشود به یک نظر، یک نظر به اسماء جمالی و اسماء جلالی یا اسماء جمال و اسماء جلال. صفات جمال یا صفات جلال. قبلاً که در اوایل بحث گفتم فراموش نفرمایید صفات بگیم یا اسماء بگیم اینو با اختلاف عرض میکنیم. اسم همین صفات، صفات همان اسماء است با اختلاف ما اینها رو عرض میکنیم. علم به عنوان کمال صفت است. علیم ذات را اتخاذ میکنیم با علم میشود اسم. در هر صورت به علیم هم میگیم صفت خدا و هم میگیم یکی از اسماء خدا. فرق اسم و صفت اینجوریه، فرق اختلاف است. در هر صورت تقسیم میشود به اسماء جلال و جمال یا صفات جمال و جلال. دو نوع تقسیم در اسماء و صفات خداست. ذات حق در مقام تجلی و ظهور و تأین که همان مرحله اسماء است به دو صورت ظهور و تأین دارد. یک صورت ظهور و تأیناتی است که ظهورات و تأیناتی است که به اصطلاح اسماء و صفات جمالی نامیده میشود. یک قسمت از این ظهورات و تأینات ذات غیر مادی اسماء و صفاتی است که صفات جلال نامیده میشود. حالا آن اندازه‌ای که البته باز در این بحث مختصر من بحثی که ایجاد میشود من در اسماء جمال و جلال خدا مطالبی را عرض میکنم و بعداً اگر انشاالله خدا خواست شما را به شناخت بالاتری ببریم. این طوری نیست که به این صورت نیست که با این صحبت‌های خلاصه یا آن اندازه که من میگویم حتی ممکن است ادابش کسایی جالب و همه اون پر و پیمان نیست مسئله جمال و جلال هست. در قرآن هم اگر البته بر اساس اظهار خلاصه جو رفقا محققین آنهایی که اهل تحقیق 
… (truncated; see saved file for full transcript)

============================================================
SUMMARY
============================================================
Input file      : 009_اسماء حُسنی 9.mp3
Provider        : ElevenLabs Scribe (scribe_v2)
Audio duration  : 51:53 (3112.88 s)
Requests        : 1
Billed duration : 3113 s (rounded up to nearest second)
Rate            : $0.22 / audio hour
Estimated cost  : $0.190232 USD
Transcript saved: /Users/mohammadreza/IslamASR/Audios/AyatollahShojaee/Asma_hosna/009/009_اسماء حُسنی 9.txt
============================================================
