Provider: ElevenLabs Scribe (scribe_v2)
Progress file (updated after each chunk): Audios/AyatollahShojaee/Tazkiyeh/138/138_کشف شمي ولمسي _ بحث تزکیه.partial.txt
  preparing audio (138_کشف شمي ولمسي _ بحث تزکیه.mp3)...
  20:59 → 1 request(s)
  progress file: Audios/AyatollahShojaee/Tazkiyeh/138/138_کشف شمي ولمسي _ بحث تزکیه.partial.txt
  [1/1] 0:00–20:59 (7376 KB)...
      → 12731 chars: بسم الله الرحمن الرحیم. در جلسه‌ی گذشته در اصل اول صحبت قسمتی از وقت گذشته را در خصوص یکی از اقسام کشف اختصاص دادیم و برنامه کشف را ادامه دادیم و اجمالا کشف ظاهری را توضیح دادیم. ق…

============================================================
TRANSCRIPTION (preview)
============================================================
بسم الله الرحمن الرحیم. در جلسه‌ی گذشته در اصل اول صحبت قسمتی از وقت گذشته را در خصوص یکی از اقسام کشف اختصاص دادیم و برنامه کشف را ادامه دادیم و اجمالا کشف ظاهری را توضیح دادیم. قرار است در ادامه‌ی جلسه صحبت دیگر داشتیم. ما در این جلسه دو قسمت دیگر از اقسام کشف به صورت باز خیلی موجمل و کلی من اشاره می‌کنم که اگر خدا خواست در جلسه‌ی دیگر صحبتی در کشف معنوی داشته باشیم به صورت خیلی کلی و خدا خواست این بحث تمام شود. کشف صوری را گفتیم که چند قسمت کشف اثایی توضیح دادیم دو سه جلسه که با هم به صورت کلی کشف سماعی را، سماعی را، سماعی را هم در یک جلسه توضیح دادم. کشف ظاهری هم در جلسه‌ی گذشته به اجمال گفتم. حالا در این صحبت امروز هم باز اشاراتی در کشف به خصوص کشف ظاهری که جلسه‌ی گذشته داشتیم خواهیم داشت در حضرتون باشد. اما اصل صحبتی که در این جلسه داریم دو قسم دیگر باقی مانده است که کشف شمی باشد و کشف لمسی. در اصطلاح اینجور گفته می‌شود کشف شمی و لمسی. از اقسام پنج گانه کشف صوری که به حواس پنج گانه مربوط است. آنجا که قلب صالح به اذن الله با انوار الهی روشن شد و این انوار به مشاعر ظاهری و باطنی سرایت کرد یا در مشاعر این انوار که در قلب تجلی کرده بود تجلی شد. مشاعر هم از ادراک بالا تر قوی شدند از جمله شم انسان مشامه و همچنین لمس انسان لامسه نیز از ادراک بالا تر و از دریافت بالاتری بر اثر تجلی انوار وجودی در آنها برخوردار می‌شوند. یعنی چانمه‌ی صالح استشمام می‌کند آنچه را که قبلاً استشمام نمی‌کرد یا دیگران افراد عادی استشمام نمی‌کنند. در این مرحله گفته می‌شود این صالح از کشف شمی برخوردار است. در لمسی لامسه صالح لمس می‌کند آنچه را که قبلاً لمس نمی‌کرد یا دیگران افراد عادی لمس نمی‌کنند. اینجا گفته می‌شود که صالح از کشف لمسی برخوردار است. این دو قسم را در این جلسه تا حدودی من توضیح می‌دهم. این دو قسم هم اول این کشف شمی را یه خورده توضیح میدم بعد کشف لمسی را. هر دو قسمش دارای مراتب است مانند اون سه قسم دیگر و اول که قبلاً گفتیم. این دارای مراتب بودن چیزی است که خود شما هم که برای توضیح دادیم دیگه برایتون روشن شده. صالح در سلوکش اگر مرتب باشد مدارج و منازل طی می‌کند. منازل یک هزار بی‌شمار، یک هزار بعضی‌ها شمارشی طی کردند اونم طبق تقسیم بندی‌هایی که اولیاء سلوک و عرفا داشتند و گفته می‌ش
… (truncated; see saved file for full transcript)

============================================================
SUMMARY
============================================================
Input file      : 138_کشف شمي ولمسي _ بحث تزکیه.mp3
Provider        : ElevenLabs Scribe (scribe_v2)
Audio duration  : 20:59 (1258.70 s)
Requests        : 1
Billed duration : 1259 s (rounded up to nearest second)
Rate            : $0.22 / audio hour
Estimated cost  : $0.076921 USD
Transcript saved: Audios/AyatollahShojaee/Tazkiyeh/138/138_کشف شمي ولمسي _ بحث تزکیه.txt
============================================================
