Provider: ElevenLabs Scribe (scribe_v2)
Progress file (updated after each chunk): Audios/AyatollahShojaee/Tazkiyeh/103/103_خواطر نفساني _ بحث تزکیه.partial.txt
  preparing audio (103_خواطر نفساني _ بحث تزکیه.mp3)...
  30:02 → 1 request(s)
  progress file: Audios/AyatollahShojaee/Tazkiyeh/103/103_خواطر نفساني _ بحث تزکیه.partial.txt
  [1/1] 0:00–30:02 (10559 KB)...
      → 18124 chars: [سخنگوی 1] اعوذ بالله السميع العليم من الشيطان الرجيم. بسم الله الرحمن الرحيم. قسمتی از محرکات را در طریق صلوح برای سالک مهلک است. قسمتهایی [نامفهوم] گفتیم. از این که است که در یکی…

============================================================
TRANSCRIPTION (preview)
============================================================
[سخنگوی 1] اعوذ بالله السميع العليم من الشيطان الرجيم. بسم الله الرحمن الرحيم. قسمتی از محرکات را در طریق صلوح برای سالک مهلک است. قسمتهایی [نامفهوم] گفتیم. از این که است که در یکی دیگر از محرکات که پیش همه زیادی دارد تا حدودی و دقیقا از و خیلی مهم شروع میکنیم و اون رو عرض میکنیم به نام خواطر، خواطر نفسانی و وسواس شیطانی به اصطلاح معروف بین علما، اخلاق و طریقت صلوح مطرح است. خواطر نفسانی و وسواس شیطانی. مجموعه محرکات است. سالک در طریق صلوح با یکی از اون چیزهایی که با اون مواجه میشود در اون حادث، اشکال مختلف و در صور مختلف انشاالله تا حدودی توضیح خواهیم داد و مانع در راهش میشود و به هلاکت می‌اندازد، مهلک است مسئله‌ی خواطر نفسانی و وسواس شیطانی است. حالا در یک بیان کلی مسئله خواطر و وسواس را من عرضه میدهم در بیان کلی و بعد صورت‌های مختلفش را فکر میکنم یک دو، سه جلسه دیگر خواهیم توضیح میدهم و نظراتی عرض میکنیم. در بیان کلی، در تعریف کلی درباره خواطر و وسواس باید توجه داشته باشیم به این معنا که قلب انسان همیشه در معرض واردات است. چیزهایی که وارد قلب میشود، عارض بر قلب میشود. در کل قلب همیشه معرض این واردات است. چیزهایی که وارد بر قلب میشود یا بفرمایید عارض بر قلب میشود، ورود به قلب می‌آورد زیاد. این‌ها را میگیم به اصطلاح خواطر و وسواس. چیزهایی که عارض بر قلب میشود و قلب را مشغول می‌کند یا وارد بر قلب میشود و قلب را مشغول می‌کند، مانع میشود، به ضلالت می‌اندازد، به هلاکت می‌اندازد بالاخره مهلک است. در کل تعریفش می‌شود خواطر نفسانی و وسواس شیطانی. اصل اونی که سالک براش لازم است، مکررا اینو گفتم باز اینجا امروز تذکر بدم که ضرورت دارد که در این بحث تا مطلب روشن بشه. اونی که به اصطلاح سرمایه سالک هست در حرکت و صعودش به الله، مسئله قلب است، دل است. اصلا اونی که راه می‌رود دل است، نه چیزی دیگر و فاصله را دل طی خواهد کرد. حجاب‌ها را دل کنار خواهد زد. به منازل دل خواهد رسید و در آخر هم به ذات مقدس حق دل خواهد نائل شود. مسئله‌ای در این بین برای سالک جز دل او و قلب او نیست. به یک بیان دیگر و با یک تعبیر دیگر، این چنین هم می‌توانیم بگوییم که هر چه مصیبت هست در دل ماست، دقت کنید. هر چه مصیبت‌ها که ما را از خدا دور کرده و می‌کند و برای ما هلاکت‌ها، مصیبت‌ها در اینجا و مخصوصا در احوال 
… (truncated; see saved file for full transcript)

============================================================
SUMMARY
============================================================
Input file      : 103_خواطر نفساني _ بحث تزکیه.mp3
Provider        : ElevenLabs Scribe (scribe_v2)
Audio duration  : 30:02 (1801.98 s)
Requests        : 1
Billed duration : 1802 s (rounded up to nearest second)
Rate            : $0.22 / audio hour
Estimated cost  : $0.110121 USD
Transcript saved: Audios/AyatollahShojaee/Tazkiyeh/103/103_خواطر نفساني _ بحث تزکیه.txt
============================================================
