Provider: ElevenLabs Scribe (scribe_v2)
Progress file (updated after each chunk): /Users/mohammadreza/IslamASR/Audios/AyatollahShojaee/CheraghHedayat/005/005_درخصوص حضرت اباعبدالله (ع) (چراغ هدایت) 5_.partial.txt
  preparing audio (005_درخصوص حضرت اباعبدالله (ع) (چراغ هدایت) 5_.mp3)...
  22:16 → 1 request(s)
  progress file: /Users/mohammadreza/IslamASR/Audios/AyatollahShojaee/CheraghHedayat/005/005_درخصوص حضرت اباعبدالله (ع) (چراغ هدایت) 5_.partial.txt
  [1/1] 0:00–22:16 (7827 KB)...
      → 13760 chars: [شعر] حسین، حسین، حسین، حسین. حسین، حسین، حسین، حسین. شهید ز کربلا حسین. حسین، حسین، حسین، حسین. غریب بن هیما حسین. حسین، حسین، حسین- السلام علیک یا أبا عبدالله الحسین. حسین، حسین،…

============================================================
TRANSCRIPTION (preview)
============================================================
[شعر] حسین، حسین، حسین، حسین. حسین، حسین، حسین، حسین. شهید ز کربلا حسین. حسین، حسین، حسین، حسین. غریب بن هیما حسین. حسین، حسین، حسین- السلام علیک یا أبا عبدالله الحسین. حسین، حسین، حسین- وعلی الارواح التي حلت بفنائک. حسین، حسین، حسین، حسین. غریب بن هیما حسین. حسین، حسین، حسین- چراغ هدایت. چراغ مصباح هدایت تویی. چراغ مصباح هدایت تویی. سفینه‌ای غصه‌ را یم کند. سفینه‌ای غصه‌ را یم کند. بسم الله الرحمن الرحیم. السلام علی الحسین و علی ابن الحسین و علی اولاد الحسین و علی اصحاب الحسین و سلام بر عاشقان کوی حسین علیه السلام. پنجمین برنامه چراغ هدایت را می‌شنوید که در آن استاد وارسته آیت الله محمد شجاعی در باب عظمت شخصیت حضرت سید و شهدا صلوات الله علیه برایمان صحبت می‌کنند. در چند برنامه گذشته استاد این فراز از زیارات را که در آن امام حسین علیه السلام با عنوان وتر الله الموتور خطاب شده است، شرح کردند. در این برنامه استاد شجاعی نکات عرفانی مهمی در باب جایگاه امام علیه السلام در نظام وجود بیان می‌کنند و آن نکته این است که قلب سید و شهدا علیه السلام اصل بیت الله است. این بحث بسیار جالب و مهم را می‌شنویم. بسم الله الرحمن الرحیم. الحمد لله رب العالمين وصلی الله علی محمد و آله الطاهرین. اولا بدانید که من و شما سیدالشهدا سلام الله علیه را نمی‌شناسیم و نمی‌توانیم بشناسیم. پس اونم که-- اما همین‌قدر بدانید که اگر توانستید نظری از حضرت سیدالشهدا سلام الله علیه برای خودتون کسب کنید، برای آدم شدنتون، برای اصلاح شدنتون، برای اینکه خدا گذشته شما را ببخشد، بعد از این شما را به راه بیاورد. نظری این چنین اگر از آن حضرت بدست آورده، آورده برای خدا، گفتم اگر بنا باشد ما از غیر این راه‌های خاصی که خدا برای ما باز کرده است از این طرف آن طرف، از غیر اینها برای ما اون فلان که وضعی هم نشان می‌دهد مشکل است. سعی بکنید که توجه اون حضرت را به خودتون جلب بکنید به این صورت. اینم نه عامیانه است، نمی‌گویم عامیانه. این هوام‌ها که هر کار بعضی‌ها کردند و باز هم می‌کنند و بعد فکر می‌کنند که شفاعت سیدالشهدا به این معنا است. یعنی هر اینطور باشند و بعد مشمول شفاعت بشوند. نه، اون عامیانه است. آن طور نه. مقصودم این است که در نظام ایام عزا است عزاداری بکنید، دلتون بشکند، گریه بکنید و در همان حالی که گریه می‌کنید درد و 
… (truncated; see saved file for full transcript)

============================================================
SUMMARY
============================================================
Input file      : 005_درخصوص حضرت اباعبدالله (ع) (چراغ هدایت) 5_.mp3
Provider        : ElevenLabs Scribe (scribe_v2)
Audio duration  : 22:16 (1335.78 s)
Requests        : 1
Billed duration : 1336 s (rounded up to nearest second)
Rate            : $0.22 / audio hour
Estimated cost  : $0.081631 USD
Transcript saved: /Users/mohammadreza/IslamASR/Audios/AyatollahShojaee/CheraghHedayat/005/005_درخصوص حضرت اباعبدالله (ع) (چراغ هدایت) 5_.txt
============================================================
