Provider: ElevenLabs Scribe (scribe_v2)
Progress file (updated after each chunk): Audios/AyatollahShojaee/Tazkiyeh/091/091_مرتبه عالی یقین - حق الیقین _ بحث تزکیه.partial.txt
  preparing audio (091_مرتبه عالی یقین - حق الیقین _ بحث تزکیه.mp3)...
  34:45 → 1 request(s)
  progress file: Audios/AyatollahShojaee/Tazkiyeh/091/091_مرتبه عالی یقین - حق الیقین _ بحث تزکیه.partial.txt
  [1/1] 0:00–34:45 (12218 KB)...
      → 20651 chars: اعوذ بالله السميع العليم من الشيطان الرجيم. بسم الله الرحمن الرحيم. مرحله سوم که باز از اشارات خود قرآن کریم استفاده می‌شود مرحله حق الیقین است. البته به یک نظر مرحله چهارم با اون …

============================================================
TRANSCRIPTION (preview)
============================================================
اعوذ بالله السميع العليم من الشيطان الرجيم. بسم الله الرحمن الرحيم. مرحله سوم که باز از اشارات خود قرآن کریم استفاده می‌شود مرحله حق الیقین است. البته به یک نظر مرحله چهارم با اون ترتیبی که پیش می‌آید و به یک نظر که حقیقت است مرحله سوم از یقین است. مرحله سوم از یقین دیگه کاملاً به قول معروف چون قلم اینجا رسید سر به شکست است و اصلاً جای صحبت‌های لفظی چندان نیست. بی شک باید گفت که این مرحله از یقین یعنی مرحله‌ای از علمی که انسان به حقایق می‌رسد و نامش علم یقین است، از مراتب یقین است، علمی است که از طریق فنا و توحید پیش میاد. من به صورت سؤال اینجا مسئله را سؤال بکنم در که سؤالی که من می‌کنم، جوابی که شما می‌دهید، بعد نتیجه‌گیری که می‌کنیم باز یک تصورهای ذهنی است و حقیقت غیر از این است. شخصی که در مقاومت به مرحله فنا في الله که اسمش را زیاد شنیده‌اید، شنیده‌ایم و گفته‌ایم و به توحید اصلی برسد، فانی في الله باشد، همه مراحل فنا را طی کند، فانی في الله باشد. خود وقت فانی في الله خبری دیگه از خود او نمونده. خبری از خود او نمونده. او آمده دیگه از من خبری نمونده. مرحله فنا. فنا همه مراتب اشارات بالا بره فنا في الله. کسی که در مقام توحید به فنا رسیده به اصل توحید رسیده. فانی في الله شده به تمام معنا. این که فانی في الله شده خوب تصور بکنید، تصور ذهنی بفرمایید. خدا به همه چیز، به همه حقایق احاطه کامل به تمام معنا دارد یا ندارد؟ دارد یا ندارد؟ شما الآن من را می‌بینید، از نزدیک هم می‌بینید. این دیدن شما من یقین است دیگه از مراتب عین اليقين هم هست. از نزدیکم چیه؟ منو می‌بینید. یا علم اليقين یا عين اليقين یکی از این دو تاست. شما منو می‌بینید. فرض می‌گیم مثلاً از باطنم با خبری. ولی آیا این دیدن شما و این اطلاع شما خلاصه این علم شما به من ولو از نزدیک حتی دیدنتون با اون احاطه که خدای من به من دارد چقدر فاصله دارد با آن احاطه علمی؟ ارزشش زیاد است یا کم است؟ بله. بله. بعد از اینجا هم کشیدم به، به بیشتر. فاصله بین ما و خدا تصور می‌کنید؟ خدا من علم دارد. خدا من را می‌بیند. ظاهر من را احاطه دارد، باطنم را احاطه دارد. شما همین الآن به من علم دارید الآن. یقین هم دارید. من را می‌بینید در دیدنتون. اما اون احاطه علمی که خدا به ظاهر و باطن همه وجود من به تمام معنا با سلسله اسباب و علل و مراتب با
… (truncated; see saved file for full transcript)

============================================================
SUMMARY
============================================================
Input file      : 091_مرتبه عالی یقین - حق الیقین _ بحث تزکیه.mp3
Provider        : ElevenLabs Scribe (scribe_v2)
Audio duration  : 34:45 (2085.19 s)
Requests        : 1
Billed duration : 2086 s (rounded up to nearest second)
Rate            : $0.22 / audio hour
Estimated cost  : $0.127428 USD
Transcript saved: Audios/AyatollahShojaee/Tazkiyeh/091/091_مرتبه عالی یقین - حق الیقین _ بحث تزکیه.txt
============================================================
