Provider: ElevenLabs Scribe (scribe_v2)
Progress file (updated after each chunk): Audios/AyatollahShojaee/Tazkiyeh/021/021_حیات دنیوی گسترده ترین مرتبه حیات _ بحث تزکیه.partial.txt
  preparing audio (021_حیات دنیوی گسترده ترین مرتبه حیات _ بحث تزکیه.mp3)...
  25:10 → 1 request(s)
  progress file: Audios/AyatollahShojaee/Tazkiyeh/021/021_حیات دنیوی گسترده ترین مرتبه حیات _ بحث تزکیه.partial.txt
  [1/1] 0:00–25:10 (8848 KB)...
      → 16365 chars: بسم الله الرحمن الرحیم. چون که جزوی عاشق جزوی شود، زود معشوقش به کل خود رود. بنده سوی بنده شد، او ماند زار. حالا، این، حالا در اینجا ما روز به روز زار می‌شویم. زار کل ما آن وقت است…

============================================================
TRANSCRIPTION (preview)
============================================================
بسم الله الرحمن الرحیم. چون که جزوی عاشق جزوی شود، زود معشوقش به کل خود رود. بنده سوی بنده شد، او ماند زار. حالا، این، حالا در اینجا ما روز به روز زار می‌شویم. زار کل ما آن وقت است که بمیریم. توجه می‌کنید؟ منتها حالا بالاخره یه تابش می‌رود و تابش دیگر را به جاش حساب می‌کنیم فعلاً. می‌گوییم حالا به جاش می‌گذاریم دیگه. نعم البدل بس البدل. می‌گذاریم به جاش. پیدا می‌کنیم اینجا تابش‌ها هست هنوز. یه وقتی دیگه جاش گذاشتن هم دیگه چیه؟ تمام شد. داره نظام می‌شود جای اون تابش که از دستمون رفته و عاشق شده بودیم، یه تابش دیگر را بگذاریم. وقتی این نظام تمام شد، دیگه به جای اون‌ها چیزی گذاشتن هم تمام می‌شود، سنن عوض می‌شود، احکام عوض می‌شود و فشار قبر که شنیده‌اید و شنیده‌ایم گوشه قسمت مهمش از همین لحاظ است. از همین لحاظ که انسان به سراغ گوشه مثال جزو‌ها رفته، تابش‌ها و اون‌ها الان در این حیات النبی یکی می‌رود انسان یکی دیگه به جاش می‌گذارد. اونجا دیگه به معنا، به اون‌ها معتاد است و خوش است. شما و ما نمی‌توانیم بفهمیم چقدر رسیده هستیم‌ها. آن وقت انسان می‌میرد، آنچنان به انسان فشار می‌دهد انسان دیگه تنها می‌ماند. خدا هم که نیست. خدا هست ها، ما رابطه نداریم با اون معنا. توجه می‌کنید؟ از کل موندیم، عاشق جزو شدیم. جزو رفت و به کل هم که ارتباط نداشتیم. هیچی. زود معشوقش به کل خود رود. بنده سوی بنده شد، او ماند زار. بوی گل شد سوی گل، او ماند خار. بعد هم روی اشعارش دقت کنید. بوی گل شد سوی گل، او ماند خار. همچون ابله که تاب آفتاب، همچون ابله که تاب یعنی تابش آفتاب دید بر دیوار و حیران شد شتاب. یعنی یه کسی تابش آفتاب را در دیوار ببیند ابلهی، بعد به سوی تابش فرار بکند. عاشق دیوار شد اون ابله یعنی. عاشق دیوار شد کین با ضیاست. کین یعنی دیوار با ضیاست یعنی روشنی دارد. بی‌خبر کین عکس خورشید سماست. بی‌خبر کین عکس خورشید سماست. چون به اصل خویش پیوست آن ضیا، دید دیوار سیاه مانده به جا. دید دیوار سیاه مانده به جا. رفت به سراغ نور و تا این برود و برسد یا کمی رسید و بعد آفتاب تابشش را کشید کنار، این ماند دیوار سیاه. اینجا یه چیزی هم به شما بگم. البته بعضی از دوستان قبلاً گفتم، یکی از دوستان گفتم و شما هم در اینجا بدانید. فقط می‌گذارم و شما را به خدا می‌سپارم که این اشاره کردم خدا به شما بفهماند. یکی ا
… (truncated; see saved file for full transcript)

============================================================
SUMMARY
============================================================
Input file      : 021_حیات دنیوی گسترده ترین مرتبه حیات _ بحث تزکیه.mp3
Provider        : ElevenLabs Scribe (scribe_v2)
Audio duration  : 25:10 (1510.02 s)
Requests        : 1
Billed duration : 1511 s (rounded up to nearest second)
Rate            : $0.22 / audio hour
Estimated cost  : $0.092279 USD
Transcript saved: Audios/AyatollahShojaee/Tazkiyeh/021/021_حیات دنیوی گسترده ترین مرتبه حیات _ بحث تزکیه.txt
============================================================
