Provider: ElevenLabs Scribe (scribe_v2)
Progress file (updated after each chunk): /Users/mohammadreza/IslamASR/Audios/AyatollahShojaee/Mabohas_Mozui/039/039_39- درباب حالات بندگان صالح.partial.txt
  preparing audio (039_39- درباب حالات بندگان صالح.mp3)...
  34:19 → 1 request(s)
  progress file: /Users/mohammadreza/IslamASR/Audios/AyatollahShojaee/Mabohas_Mozui/039/039_39- درباب حالات بندگان صالح.partial.txt
  [1/1] 0:00–34:19 (12062 KB)...
      → 21387 chars: اعوذ بالله السميع العليم من الشيطان الرجيم. بسم الله الرحمن الرحيم. این همه حالاتی که برای خوبان می‌شنویم بر نوشته‌ها می‌بینیم. این‌ها باید یه مقدار روی این مسئله فکر کرد. اون حالا…

============================================================
TRANSCRIPTION (preview)
============================================================
اعوذ بالله السميع العليم من الشيطان الرجيم. بسم الله الرحمن الرحيم. این همه حالاتی که برای خوبان می‌شنویم بر نوشته‌ها می‌بینیم. این‌ها باید یه مقدار روی این مسئله فکر کرد. اون حالات عجیب برای بندگان خوب خدا اولاً در مرحله اول انبیا بود. رسول اکرم صلوات الله و ائمه معصومین صلوات الله علیهم اجمعین. ثانیاً برای صالحین از اتباع اون‌ها. بعضی از حالات بالا که می‌شنویم، می‌خوانیم در کتاب‌ها. حالاتی که اصلاً فکر ما برای تصورش استعداد ندارد. تصور ذهنی‌اش عقل ما نمی‌رسد. ولی در این‌ها تحیر آور است. حالات عبودی اون‌ها. مخصوصاً حالا انبیا و رسول الله را فعلاً به نظر نیاوریم. صالحین از بندگان خدا و خوبان از اتباع اون‌ها، اون حضرات. حالاتی که این‌ها در مقام عبودیت داشته‌اند. این‌ها چه رمزی دارد؟ رمزش چیست؟ البته قبلاً من این نکته را مکرر در این حقیقت را مکرر به شما گفتم. شاید از جاهای دیگر هم شنیده اید که فهم بالا، فهم بالای اون‌ها و شعور بسیار بالاشون موجب بوده است که اون حالات را داشته‌اند. اون مجاهدات را داشته‌اند. ولی باید یه چیز فهم بالا یعنی چی؟ یعنی چه؟ مال انبیا و ائمه صلوات الله علیهم اجمعین. این‌ها را به نظر نیاورید چون اون وقت مسئله یه مقدار فهمش مشکل میشه. اون‌ها در مقام خودشون یه حساب خاصی دارند. فعلاً صالحین از اتباع حضرات را یعنی شما مسلمین و مؤمنین صالح را که خیلی کم بوده‌اند ولی حالات عجیبی داشته‌اند، مجاهدات عجیبی داشته‌اند. یعنی اون شیعه‌های خوب را به نظر بیاورید. این‌ها این حالات خوبشون و مجاهدت‌های بالاشون و چیزهایی که در حالات اون‌ها ما می‌خوانیم، حالاتشون، افعالشون، اقوالشون و مجاهداتشون. ولی فکر ما از درک اون‌ها عاجز است و عقل ما اصلاً نمی‌تواند اون‌ها را خوب هضم بکند. می‌گوییم این از فهم بالای اون‌ها و معرفت بالای اون‌ها نشأت گرفته. یعنی چه از معرفت بالای اون‌ها، فهم بالای اون‌ها؟ منظور این است که این‌ها حالا این نکته را می‌گویم. منظور این است که این‌ها یعنی این صالحین از قرآن، از قرآن کریم، از آیات قرآن بر اثر همون نورانیتی که دارند و بر اثر مجاهدتی که انجام داده‌اند از قرآن چیزها می‌فهمند که دیگه نمی‌توانند به کسی بگویند. اصلاً در گفته‌هاشون نیامده است. البته سعی کرده‌اند بگویند. گوشه‌هایی را هم گفته‌اند اما خب خیلی‌ها شاید حتی سعی هم نکرده‌اند بگویند. 
… (truncated; see saved file for full transcript)

============================================================
SUMMARY
============================================================
Input file      : 039_39- درباب حالات بندگان صالح.mp3
Provider        : ElevenLabs Scribe (scribe_v2)
Audio duration  : 34:19 (2058.59 s)
Requests        : 1
Billed duration : 2059 s (rounded up to nearest second)
Rate            : $0.22 / audio hour
Estimated cost  : $0.125803 USD
Transcript saved: /Users/mohammadreza/IslamASR/Audios/AyatollahShojaee/Mabohas_Mozui/039/039_39- درباب حالات بندگان صالح.txt
============================================================
