Provider: ElevenLabs Scribe (scribe_v2)
Progress file (updated after each chunk): /Users/mohammadreza/IslamASR/Audios/AyatollahShojaee/Mabohas_Mozui/008/008_8- کسب معرفت و اثر آن بر سلوک.partial.txt
  preparing audio (008_8- کسب معرفت و اثر آن بر سلوک.mp3)...
  27:09 → 1 request(s)
  progress file: /Users/mohammadreza/IslamASR/Audios/AyatollahShojaee/Mabohas_Mozui/008/008_8- کسب معرفت و اثر آن بر سلوک.partial.txt
  [1/1] 0:00–27:09 (9546 KB)...
      → 17408 chars: بسم الله الرحمن الرحیم. خدا به شما فهم در قرآن عنایت کند. حالا بفهماند را اگر در تعبیر دیگر یعنی خواستیم باز بکنیم، خدا بفهماند قرآن را به شما در حدی که برای شما و ما امکان دارد ال…

============================================================
TRANSCRIPTION (preview)
============================================================
بسم الله الرحمن الرحیم. خدا به شما فهم در قرآن عنایت کند. حالا بفهماند را اگر در تعبیر دیگر یعنی خواستیم باز بکنیم، خدا بفهماند قرآن را به شما در حدی که برای شما و ما امکان دارد البته. بفهماند و طوری بکند که شما از قرآن غیر از آنچه که یعنی بالاتر، کامل‌تر، عمیق‌تر از آنچه که الان قرآن به گوش شما می‌رسد، می‌فهمید، بفهمید. وقتی قرآن تلاوت می‌کنید، قرآن به شما هدایت‌ها داشته باشد که قبلاً نداشت. با شما حرف‌ها بزند که قبلاً نمی‌زد. وقتی روایات می‌خونید همینطور. وقتی دعاهای حضرات معصومین صلوات الله مجملین را می‌خوانید همینطور. بخواهید که از قرآن در مرتبه اول و در اصل و در روا-- و از روایات و دعاها بفهمید حقایق را خدا فهم روزی کند به شما. نمی‌دانم شما خودتون حالا صحبت‌ها شده یا به فکر شما رسیده است که در قرآن اونقدر آیات هست که همه ما و شما می‌خوانیم و اشارات دارد که از اون اشارات‌ها همینطور می‌گذریم. هیچ نمی‌فهمیم چی می‌گه. مثلاً بسم الله الرحمن الرحیم. الم ذالک الکتاب لا ریب فیه هدىً چی؟ هدىً للمتقین. این کتاب ذالک الکتاب لا ریب فیه که ریبی درش نیست هدىً للمتقین. هدایت است برای متقیین. خب برای من و شما چطور؟ مفهومش چی می‌شه؟ این کلام خداست. با توجه به وقتی می‌گیم که هدىً للمتقین غیر از این است که هدىً للناس. هدىً للناس با هدىً للمتقین فرق می‌کنه یا نمی‌کنه؟ لغته، بحث بافت و بحث مصطلحات، موضوع را و حکم را و محمول را. هدایت است برای متقیین. یعنی اگر من و شما از متقیین نبودیم که نیستیم بر اساس اینکه خود قرآن می‌گیم متقیین را چطوری توصیف می‌کند که ما نیستیم. اولاً اون هدایتی که قرآن اینجا می‌گوید برای متقیین می‌آورد و متقیین از قرآن برداشت می‌کنند، می‌فهمند برای من و شما چیه؟ می‌آورد یا نمی‌آورد؟ نمی‌آورد یعنی چه؟ یعنی اصلاً ما نمی‌فهمیم اونرا که متقیین از قرآن می‌فهمند. قرآن به ما اون پیام را نمی‌آورد که به متقیین می‌آورد. کلمات قرآن، حروف قرآن، آیاتش، ترکیباتش، اشاراتش، رموزش با ما اون حرف را نمی‌زند که با متقیین می‌زند. معنیش این است هدىً للمتقین. خب این آیات و این آیه را مثلاً ما می‌خوانیم، می‌گذریم و فکر نمی‌کنیم که چی می‌خواد بگه. یا مثلاً بعضی از آیات را که من در اینجا در این باب نوشته‌ام یک دو تاشو می‌گم به شما بنویسید. البته گفتم آیات زیاد است. یعنی در این باب آیات
… (truncated; see saved file for full transcript)

============================================================
SUMMARY
============================================================
Input file      : 008_8- کسب معرفت و اثر آن بر سلوک.mp3
Provider        : ElevenLabs Scribe (scribe_v2)
Audio duration  : 27:09 (1629.04 s)
Requests        : 1
Billed duration : 1630 s (rounded up to nearest second)
Rate            : $0.22 / audio hour
Estimated cost  : $0.099552 USD
Transcript saved: /Users/mohammadreza/IslamASR/Audios/AyatollahShojaee/Mabohas_Mozui/008/008_8- کسب معرفت و اثر آن بر سلوک.txt
============================================================
