Provider: ElevenLabs Scribe (scribe_v2)
Progress file (updated after each chunk): /Users/mohammadreza/IslamASR/Audios/AyatollahShojaee/Asma_hosna/011/011_اسماء حُسنی 11.partial.txt
  preparing audio (011_اسماء حُسنی 11.mp3)...
  48:43 → 1 request(s)
  progress file: /Users/mohammadreza/IslamASR/Audios/AyatollahShojaee/Asma_hosna/011/011_اسماء حُسنی 11.partial.txt
  [1/1] 0:00–48:43 (17126 KB)...
      → 29295 chars: [سخnerخ همزمان] الله. والله الخالق. والله الخالق. الخالق البارئ المصور. له الأسماء الحسنى. الأسماء الحسنى. الكريم الرؤوف المجيب الواسع الحكيم. الغفور المجيب العزیز الباعث الشهيد. م…

============================================================
TRANSCRIPTION (preview)
============================================================
[سخnerخ همزمان] الله. والله الخالق. والله الخالق. الخالق البارئ المصور. له الأسماء الحسنى. الأسماء الحسنى. الكريم الرؤوف المجيب الواسع الحكيم. الغفور المجيب العزیز الباعث الشهيد. مباحث عرفانی آیت الله محمد شجاعی در باب اسماء الهی. لله الأسماء الحسنى. هر اسمی که یک آیت از کمالات خودش رو خداست. الواجد الماجد الواحد الصمد القادر المقتدر المقدم المؤخر الأول الآخر. الأسماء الحسنى. المغيث الجائع الغنی المغنی المانع الضار النافع النور الهادی البدیع الباقی. الوارث الرشید الصبور الذي. ليس كمثله شيء وهو السميع البصير. بسم الله الرحمن الرحیم. به نام حضرت جلیل که له الأسماء الحسنى. دوستان گرامی سلام و درود بر شما. برنامه اسماء الحسنى را می شنوید که در این برنامه سلسله مباحث عرفانی حکیم فرزانه آیت الله محمد شجاعی تقدیم شما میشود. در باب اسماء و صفات الهی و این یازدهمین برنامه است که جلسه بحث آن در تاریخ چهاردهم شهریور ماه یک هزار و سیصد و شصت برگزار شده است. جلال حق و اسماء جلال حق. در دو جلسه گذشته مطالبی صحبت شد تا حدودی که از کلیات مسائل مربوط به صفات جمال و جلال از کلیاتش باخبر بشیم. خصوصیات اسماء جمالیه، کلیات خصوصیات هر کدام از صفات جلال. این مسئله بحث طولانی است که یک یک صفات جمال مطرح بشه که هر صفتی یعنی چه و جلواتی در وجود چیست؟ چه در جانب صفات جمال و چه در جانب صفات جلال. مطرح کردن یک یک صفات و خصوصیات هر کدام از صفات و جلواتی که هر کدام از صفات در وجود دارند این خودش یک بحث طولانی است. مثلاً اینکه عزیز چیست؟ در جانب جلال قاهر چیست؟ غافر چیست؟ نمیدونم عال چیست؟ اینها خب اون بحث طولانی است یا همینطور صفات جمال، یک یک صفات جمال را مطرح کردن و معنیشو گفتن. خصوصیات بیان کردن و جلواتش رو در وجود تحلیل کردن مسئله طولانی است. در دو جلسه که ما صحبت کردیم امروز هم انشاالله در ادامه بحث‌ها و مطالب گفته می‌شود در خصوص کلیات مسائل مربوط بر صفات جمال و جلال است. یعنی کلاً صفات جمال چه نقشی دارد، چیست و جلواتش چگونه است، آثار و خصوصیاتش چیست و صفات جلال چیست؟ کلی صفات جلال چه حسابی در وجود دارد؟ آثارش چیست؟ خصوصیاتش چیست و مخصوصاً نقشش در روحیه‌ات و تربیت موجودات چیست؟ در کلیش بحث می‌کنیم فراموش نکنید. دو جلسه گذشته از مسائل کلی صفات جلال و جمال یا اسماء جمال و جلال مطالبی گفتم. من 
… (truncated; see saved file for full transcript)

============================================================
SUMMARY
============================================================
Input file      : 011_اسماء حُسنی 11.mp3
Provider        : ElevenLabs Scribe (scribe_v2)
Audio duration  : 48:43 (2922.73 s)
Requests        : 1
Billed duration : 2923 s (rounded up to nearest second)
Rate            : $0.22 / audio hour
Estimated cost  : $0.178611 USD
Transcript saved: /Users/mohammadreza/IslamASR/Audios/AyatollahShojaee/Asma_hosna/011/011_اسماء حُسنی 11.txt
============================================================
