Provider: ElevenLabs Scribe (scribe_v2)
Progress file (updated after each chunk): Audios/AyatollahShojaee/AsrarFatemi/001/001_اسرار فاطمی (س ) بخش 1.partial.txt
  preparing audio (001_اسرار فاطمی (س ) بخش 1.mp3)...
  24:28 → 1 request(s)
  progress file: Audios/AyatollahShojaee/AsrarFatemi/001/001_اسرار فاطمی (س ) بخش 1.partial.txt
  [1/1] 0:00–24:28 (8604 KB)...
      → 14831 chars: [موسیقی] از امام صادق علیه‌السلام پرسیدند چرا فاطمه سلام‌الله علیها را زهرا می‌گویند؟ فرمود برای آنکه هر وقت در محراب عبادت می‌ایستاد، نور او بر اهل آسمان‌ها می‌تابید، همچنان که نو…

============================================================
TRANSCRIPTION (preview)
============================================================
[موسیقی] از امام صادق علیه‌السلام پرسیدند چرا فاطمه سلام‌الله علیها را زهرا می‌گویند؟ فرمود برای آنکه هر وقت در محراب عبادت می‌ایستاد، نور او بر اهل آسمان‌ها می‌تابید، همچنان که نور ستارگان بر اهل زمین می‌تابید. السلام علیک ایه تو از صدیقه و شهیده. از سرای فاطمی. فاطمه جان، فاطمه جان، فاطمه جان، فاطمه جان، فاطمه جان، فاطمه جان، فاطمه جان. بسم الله الرحمن الرحیم. با عرض سلام خدمت شما عزیزان و شنوندگان رادیو قرآن با برنامه اسرار فاطمی که کاریست از گروه علوم و معارف قرآنی در خدمت شماییم. این برنامه اختصاص دارد به صحبت‌های عالم فرزانه حضرت آیت‌الله استاد محمد شجاعی. در این مجموعه برنامه‌ها که به مناسبت ایام شهادت بیبی دو عالم حضرت فاطمه زهرا سلام‌الله علیها تهیه شده است، استاد محمد شجاعی درباره کرامات حضرت زهرا سلام‌الله علیها صحبت خواهند فرمود که از شما دعوت می‌کنیم مشروح این سخنان را از زبان حضرت آیت‌الله استاد محمد شجاعی بشنوید. اعوذ بالله السميع العليم من الشيطان الرجيم. بسم الله الرحمن الرحيم. اللهم صل على فاطمه وأبيها وبعلها وبنيها بعدده طاق ما طبية المجد. وصلي على الجوهرة البوسية في تعين الإنسية. صورة النفس الكلية. جواد العالم الأهلية. بذات الحقيقة النبوية. مثل الأنوار الألوية. عين عيون الأسرار الفاطمية. الناجية المنجية لمخضيها عن النار. ثمرة شجرة اليقين. سيدة نساء العالمين. المعروفة بالقدر. المجهولة بالقبر. قرة عين الرسول. الزهراء البتول. در خصوص حضرت زهرا سلام‌الله علیها و فضائل آن حضرت آنچه که در روایات آمده است بسیار زیاد است و آنچه نیامده است را هم خدا می‌داند. آنچه آمده است را هم حقایقش را فهمیده‌ام ما به اندازه ظرفیت خودمان خواهیم فهمید و آنچه هم که فهمیده می‌شود همه اش گفته نمی‌شود. صورت یک به اصطلاح بیان اجمالی مطالب را عرض می‌کنم. در خصوص ولادت حضرت زهرا سلام‌الله علیها که ولادتشان به نظر نزدیک است که در بیستم جمادی الثانی است. شهادت و وفاتش هم شهادت حساب می‌کنیم، وفات حساب می‌کنیم. در هر صورت وفاتش هم یا در همین سیزدهم همین ماه که جماد الأول باشد که گذشت یا در سوم جمادی الثانی که خواهد آمد که این دومی البته به لحاظ روایاتی که وارد شده است معتبرتر است یا روشن‌تر است از اولی. البته در هر دو باید آن مسئله عزا دارین‌ها باشد چون دو گل است. سن حضرت زهرا سلام
… (truncated; see saved file for full transcript)

============================================================
SUMMARY
============================================================
Input file      : 001_اسرار فاطمی (س ) بخش 1.mp3
Provider        : ElevenLabs Scribe (scribe_v2)
Audio duration  : 24:28 (1468.37 s)
Requests        : 1
Billed duration : 1469 s (rounded up to nearest second)
Rate            : $0.22 / audio hour
Estimated cost  : $0.089734 USD
Transcript saved: Audios/AyatollahShojaee/AsrarFatemi/001/001_اسرار فاطمی (س ) بخش 1.txt
============================================================
