Provider: ElevenLabs Scribe (scribe_v2)
Progress file (updated after each chunk): Audios/AyatollahShojaee/Tazkiyeh/094/094_رذیله شرک جلی و خفی _ بحث تزکیه.partial.txt
  preparing audio (094_رذیله شرک جلی و خفی _ بحث تزکیه.mp3)...
  31:47 → 1 request(s)
  progress file: Audios/AyatollahShojaee/Tazkiyeh/094/094_رذیله شرک جلی و خفی _ بحث تزکیه.partial.txt
  [1/1] 0:00–31:47 (11173 KB)...
      → 19548 chars: اعوذ بالله السميع العليم من الشيطان الرجيم. بسم الله الرحمن الرحيم. جلساتی که داشتیم در خصوص مبلغات بود و از قسمت‌های مهمش را می‌گفتیم. بعضی از مبلغات دیگر که از مبلغات بالاتر است …

============================================================
TRANSCRIPTION (preview)
============================================================
اعوذ بالله السميع العليم من الشيطان الرجيم. بسم الله الرحمن الرحيم. جلساتی که داشتیم در خصوص مبلغات بود و از قسمت‌های مهمش را می‌گفتیم. بعضی از مبلغات دیگر که از مبلغات بالاتر است لازم است که اشاره بشود به بعضی از اون‌ها هم در این بحث در این جلسه اشاره می‌کنیم. از جمله مبلغات در طریق سلوک که در همه منازل سلوک در منازل اولیه، در اواسط سلوک به صورت‌های مختلف یعنی در مراتب مختلف برای سالک مبلغ است، مسئله شرک است. شرک را مفهوم کلی شرک تا حدودی برای ما معلوم است، شنیده‌ایم و تا حدودی می‌دانیم. عنوان کردن بنده به این حساب است که حقایق و خصوصیات که می‌شود گفت و در این مسئله هست توضیح داده شود و توضیح بدهیم. برای همه شرک به نحوی مبلغ است، برای سالک هم مبلغ است. ما از اون نظر که مبلغات برای سالک الی الله چیست؟ مسائل را عنوان می‌کنیم. شرک برای عموم مبلغ است در مراتب مختلف. شرک برای سالک هم از مبلغات است و خیلی هم از مبلغات اعظم است برای سالک. شرک در مراحل اولیه سلوک به نحوی جلوه می‌کند. در مراتب بعدی سلوک، در منازل بعدی سلوک به نحو دیگری جلوه می‌کند یعنی دقیق‌تر از مراتب دقیق‌ش و در نهایت است که انسان از شرک خلاص می‌شود و قبل از نهایات یعنی در منازل اولیه و اواسط سلوک، شرک برای انسان دامنگیر است و به هر اندازه که انسان به شرک مبتلا باشد به همان اندازه در سلوک براش مبلغ خواهد بود و لطماتش را خواهد خورد. حالا من شروع می‌کنم به به اصطلاح توضیح شرک. خوب دقت بکنید که شرک اولاً یک کلمه‌ست دارای مفهوم وسیع اما مراتب دارد. شرک دارای مراتب است. اجمالاً شنیده‌اید شما شرک جلی داریم و شرک خفی داریم. کلی اینجور گفته می‌شود و درست هم هست. اما همین شرک جلی باز مراتب دارد. شرک خفی هم باز مراتب دارد. در هر صورت شرک دارای مراتب است. مرتبه اول شرک که شرک جلی حساب می‌شود و این خب زیاد برای ماها مبتلا به نیست. برای کسی که قدم در طریق سلوک می‌گذارد، برای اکثر، اکثر مؤمنین این مرتبه زیاد مطرح نیست و شرک جلی نامیده می‌شود. عبارت است از اینکه انسان غیر از ذات مقدس حق در نظام وجود مؤثر دیگری را به اصطلاح معتقد باشد که چیزی هست در نظام وجود غیر از خدا چیزهایی هستند در غیر از خدا در نظام وجود که اون‌ها مؤثرند، اثر دارند، استقلال در تأثیر دارند، چیزی هستند، اثری دارند، حسابی دارند در نظام وجود و به این ل
… (truncated; see saved file for full transcript)

============================================================
SUMMARY
============================================================
Input file      : 094_رذیله شرک جلی و خفی _ بحث تزکیه.mp3
Provider        : ElevenLabs Scribe (scribe_v2)
Audio duration  : 31:47 (1906.85 s)
Requests        : 1
Billed duration : 1907 s (rounded up to nearest second)
Rate            : $0.22 / audio hour
Estimated cost  : $0.116530 USD
Transcript saved: Audios/AyatollahShojaee/Tazkiyeh/094/094_رذیله شرک جلی و خفی _ بحث تزکیه.txt
============================================================
