Provider: ElevenLabs Scribe (scribe_v2)
Progress file (updated after each chunk): /Users/mohammadreza/IslamASR/Audios/AyatollahShojaee/Mabahese_Tohidi/002/002_مباحث توحیدی-2.partial.txt
  preparing audio (002_مباحث توحیدی-2.mp3)...
  25:24 → 1 request(s)
  progress file: /Users/mohammadreza/IslamASR/Audios/AyatollahShojaee/Mabahese_Tohidi/002/002_مباحث توحیدی-2.partial.txt
  [1/1] 0:00–25:24 (8928 KB)...
      → 13782 chars: بسم الله الرحمن الرحیم. قل هو الله أحد. به نام خداوند بخشایشگر مهربان. بگو خدا یکی است. توحیدنامه. با بدانات حضرت آیت الله محمد شجاعی. مقصود از بحث توحید عبارت است از معرفت خدای مت…

============================================================
TRANSCRIPTION (preview)
============================================================
بسم الله الرحمن الرحیم. قل هو الله أحد. به نام خداوند بخشایشگر مهربان. بگو خدا یکی است. توحیدنامه. با بدانات حضرت آیت الله محمد شجاعی. مقصود از بحث توحید عبارت است از معرفت خدای متعال، صفات خدای متعال و افعال خدای متعال. دیگر بیان دیگر به اصطلاح معرفت وحدانیت ذات مقدس حق و اینکه جز ذات او ذاتی نیست و جز صفات او صفاتی نیست و جز افعال او افعالی نیست. بسم الله الرحمن الرحیم. جمله ذرات زمین و آسمان باطنی گوید روزان و شبان ما کنی ایم و مثیریم و خوشیم با شما نامحرمان ما خاموشیم چون شما سوی جمادی روید محرم حال جمادات چون شوید از جمادی عالم جانها روید قلبه اجزاء عالم بشنوید فاش تسبیح جمادات ها گدشت وسوسه تأویلها ارضآگدشت. دوستان شنونده سلام. این برنامه توحیدنامه را می‌شنوید از شبکه رادیویی قرآن و بهره‌مند می‌شوید از بدانات حضرت آیت الله شجاعی در بیان توحید خداوند متعال. با ما همراه باشید. همراهان قرآنی، حضرت آیت الله شجاعی در برنامه گذشته با بیان آیاتی از قرآن کریم اولاً به معنا و مفهوم توحید خداوند اشاره فرمودند که عبارت است از معرفت خدای تعالی، صفات و افعال او و در حقیقت معرفت وحدانیت ذات مقدس حق و اینکه جز ذات او ذاتی نیست و جز صفات و افعال او صفات و افعالی نیست. و ثانیاً در بیان آیات صد و پنجاه و نه و صد و شصت سوره مبارکه صافات اشاره فرمودند به اینکه خداوند منزه است از توصیفی که توصیف کنندگان برای او می‌کنند مگر از توصیف بندگان مخلص خدا که مخلصین، انبیاء الهی و ائمه معصومین علیهم السلام هستند. آنهایی که خدا ایشان را برای خود برگزیده و وجودشان را از غیر خود پاک گردانیده است. البته اگر انسان بخواهد در مسیر عبودیت حرکت کند و در مرحله اخلاص پیش رود، این اخلاص سبب می‌شود که او مخلص شود. اما کسانی که در این مسیر حرکت نمی‌کنند چون فطر و درک و شعورشان محدود و ناقص است، هرچه سعی کنند خدا را خوب توصیف کنند نمی‌توانند و توصیفشان لایق ساحت قدس خداوند نیست و خدا از آن وحدانیت منزه است. سپس حضرت آیت الله شجاعی فرمودند میل به اصل توحید و اعتقاد به وحدانیت خدا به معنای اصل کلمه به آسانی به دست نمی‌آید. چگونه می‌شود انسان به جایی برسد که مبحث بودنش به معنای اصل کلمه باشد و به اصل توحید نائل شود؟ و این از طریق مجاهدت‌های علمی تا حدی امکان دارد. ولی مهم‌تر از این باید به موازات مجاهدت‌های
… (truncated; see saved file for full transcript)

============================================================
SUMMARY
============================================================
Input file      : 002_مباحث توحیدی-2.mp3
Provider        : ElevenLabs Scribe (scribe_v2)
Audio duration  : 25:24 (1523.59 s)
Requests        : 1
Billed duration : 1524 s (rounded up to nearest second)
Rate            : $0.22 / audio hour
Estimated cost  : $0.093108 USD
Transcript saved: /Users/mohammadreza/IslamASR/Audios/AyatollahShojaee/Mabahese_Tohidi/002/002_مباحث توحیدی-2.txt
============================================================
