Provider: ElevenLabs Scribe (scribe_v2)
Progress file (updated after each chunk): Audios/AyatollahShojaee/Tazkiyeh/062/062_غرور2 _ بحث تزکیه.partial.txt
  preparing audio (062_غرور2 _ بحث تزکیه.mp3)...
  29:16 → 1 request(s)
  progress file: Audios/AyatollahShojaee/Tazkiyeh/062/062_غرور2 _ بحث تزکیه.partial.txt
  [1/1] 0:00–29:16 (10287 KB)...
      → 17520 chars: از مصباح الشریعه، باب سی و شش، باب غرور. قال الصادق علیه السلام المغرور فی الدنيا مسکین و فی الآخرة مغبون. امام صادق می‌فرماید که مغرور در دنیا بیچاره، در آخرت هم مغبون است. معلوم …

============================================================
TRANSCRIPTION (preview)
============================================================
از مصباح الشریعه، باب سی و شش، باب غرور. قال الصادق علیه السلام المغرور فی الدنيا مسکین و فی الآخرة مغبون. امام صادق می‌فرماید که مغرور در دنیا بیچاره، در آخرت هم مغبون است. معلوم است که در دنیا بیچاره است، در آخرت چیه؟ مغبون است. حالا این اول کلامش اینجور شروع می‌شه. لأنه با الأفضل بالأدنی. او افضل را به ادنی، با ادنی عوضی گرفته. افضل را با ادنی عوضی گرفته. بعد امام می‌فرم-- در این روایت که اینو داره روش سرم تا-- طولانی‌ست که من تندتند معنی می‌کنم، می‌شمارد مواردی از غرور را. مواردی از غرور را می‌فرماید که من چند مورد اولش را نمی‌خوانم. بعد از اینکه چند مورد از موارد غرور را می‌فرماید، به موارد دیگری هم اشاره می‌کند که اون‌ها رو هم من حذف می‌کنم. چند تاشو حذف کردم ها، چند تا از موارد غرور. اون‌ها رو هم که حذف کردم چون به توضیح طولانی احتیاج داشت. و ربما اغتررت. به ما خطاب می‌کنه. میگه چه بسا تو مغرور باشی به مالک و منیتک و اصابتک معمولک و هواک. از اینجور مغرورها من خیلی دیدم. نمی‌دونم شما دیده‌اید یا نه. شما هم ندی-- ندیده باشید بعد از این دقت بکنید. اون صورت‌های غرور را امام می‌شمارد، توضیح می‌ده، می‌شکافد، خیلی جالب که چند تاشو من می‌خوانم. می‌فرماید مثل و چه بسا تو مغرور باشی با مال و با اینکه به آرزوهات رسیدی، اونچه که می‌خواستی شده، به هواهات رسیدی و ظننت أنك صادق و مصيب. اون‌وقت فکر می‌کنی که تو مورد نظر خدا هستی. یه راه و روش دینی در پیش گرفتی. من توضیح میدم فرمایش امام را. آدم متدین است، یه راه و روشی در پیش گرفته، خب از این طرف هرچی خواسته‌های نفسانی داشتی، از مال و منیت‌ها و هواها به اون‌ها هم چیه؟ رسیدی. کار خلاصه جور شده. متدین است دیگه، کار دنیا هم خوب جور شده. میای اینجا می‌زنی به اونجا میگی که من انشاالله که راهم درسته، مورد نظر خدا هست، همه کارام درست در میاد. موجب چی می‌شه به انسان؟ موجب غرور می‌شه. یک گذشت همین، دیگه توضیح نداد. همین اندازه بعد روش فکر بکنید. و ربما مورد دیگر است. و ربما اغتررت بما تر ال-- تر الخلق من الندم علی تخطیك فی العباد. میگه که چه بسا می‌بینی اینجور مغرور هستی، به غرور افتادی، خریب کردی غرور که هی این و اون می‌شینی، خب به باطن خودت برمی‌گردی میبینی که دیگه من واقعاً پیش همه میگم که من روسیاهم در پیشگاه خدا. پیش همه گفتم ای
… (truncated; see saved file for full transcript)

============================================================
SUMMARY
============================================================
Input file      : 062_غرور2 _ بحث تزکیه.mp3
Provider        : ElevenLabs Scribe (scribe_v2)
Audio duration  : 29:16 (1755.61 s)
Requests        : 1
Billed duration : 1756 s (rounded up to nearest second)
Rate            : $0.22 / audio hour
Estimated cost  : $0.107287 USD
Transcript saved: Audios/AyatollahShojaee/Tazkiyeh/062/062_غرور2 _ بحث تزکیه.txt
============================================================
