Provider: ElevenLabs Scribe (scribe_v2)
Progress file (updated after each chunk): Audios/AyatollahShojaee/Tazkiyeh/112/112_شرح در طریق سلوک حالت سالک و تجلیاتی که بر او رخ میدهد _ بحث تزکیه.partial.txt
  preparing audio (112_شرح در طریق سلوک حالت سالک و تجلیاتی که بر او رخ میدهد _ بحث تزکیه.mp3)...
  28:39 → 1 request(s)
  progress file: Audios/AyatollahShojaee/Tazkiyeh/112/112_شرح در طریق سلوک حالت سالک و تجلیاتی که بر او رخ میدهد _ بحث تزکیه.partial.txt
  [1/1] 0:00–28:39 (10075 KB)...
      → 16893 chars: اعوذ بالله السميع العليم من الشيطان الرجيم. بسم الله الرحمن الرحيم اگر خدا بخواهد چندین جلسه به صورت خیلی مجمل البته در خصوص حالات و به یک لحاظ مراكز و منازلی که برای سالک بعد از ش…

============================================================
TRANSCRIPTION (preview)
============================================================
اعوذ بالله السميع العليم من الشيطان الرجيم. بسم الله الرحمن الرحيم اگر خدا بخواهد چندین جلسه به صورت خیلی مجمل البته در خصوص حالات و به یک لحاظ مراكز و منازلی که برای سالک بعد از شروع صادقانه در سلوک و بعد از قدم گذاشتن با شرایط در مرحله طلب پیش می‌آید آنها را توضیح بدهیم. با شروع سلوک جدی و صادقانه کسی که صادقانه قدم در طریق می‌گذارد از اول شروعش که در وادی طلب به اصطلاح عرفا قدم می‌گذارد، مرحله طلب که وارد می‌شود، ذوق و شوق جدی طالب از خودش قبول دارد و همه اگر بخواهند از وجودش با خبر باشند قبول می‌کنند که این طالب جدی و صادق و مخلص است که در طریق قدم گذاشته. از همان اول که طلب شروع شد، ذکر و حرکت شروع شد. از همان اول مسئله تجلیات شروع می‌شود. در معنای وسیعش عرض می‌کنم و انشاالله خب دقت کنید شما ممکنه مثلاً از بابی‌ساز به بعضی‌حات جزئیات منازل و حالات را شرح داده‌اند، نوشته‌ها و گفته‌های آنها مراجعه بکنید مثلاً مانند حاج عبدالله و دیگران. می‌بینید که مثلاً تجلیات را به عنوان یک مبحثی در میان مثلاً صد مبحث عنوان کرده‌اند. اون از یک دیدگاه است. اونی که من عرض می‌کنم به طور کلی مسئله کلی‌ست. یک مسئله کلی که از اول سلوک تجلیات برای سالک اگر صادق باشد شروع می‌شود. منتها این تجلیات جزئیاتی دارد که در هر جا نامی دارد. دقت بکنید، خیلی تأمل کنید. این تجلیات خودش ظهوراتی دارد. هر جا آثاری دارد که اگر تک تک اون آثار و ظهوراتش را حساب بکنیم باید نام دیگر و حساب دیگری در آنجا باز کنیم. فعلاً بحث کلی‌اش همین است. منظورم این است که متناقض نیست. یعنی وقتی می‌بینید که ما اینجا اول گفتیم تجلیات شروع می‌شود، شما ببینید که در اونجا مثلاً در نوشته حاج عبدالله یا دیگران، تجلیات در مرحله‌ای عنوان شده. اون تجلیات به معنی خاص و خاص است. اونچه عرض می‌کنیم تجلیات به معنی وسیع است که دیگر حالاتی که مثلاً حاج عبدالله و دیگران و منازلی که شمرده‌اند با اصطلاحات خاص، این‌ها همه از آثار و جزئیات و ظهورات تجلیات اسماء و صفات حق است برای سالک یا در وجود سالک. در هر صورت، اوم، خیلی تأمل بکنید و خیلی دقت بکنید. اول که شروع شد تجلیات شروع می‌شود اگر صدق باشد در دل. این تجلیات را به یک نظر که کلی اگر حساب بکنیم تجلیات به دو صورت است. یکی تجلیات خدا با اسماء و صفاتش برای سالک است. در تعبیرات دقت کنید و ب
… (truncated; see saved file for full transcript)

============================================================
SUMMARY
============================================================
Input file      : 112_شرح در طریق سلوک حالت سالک و تجلیاتی که بر او رخ میدهد _ بحث تزکیه.mp3
Provider        : ElevenLabs Scribe (scribe_v2)
Audio duration  : 28:39 (1719.47 s)
Requests        : 1
Billed duration : 1720 s (rounded up to nearest second)
Rate            : $0.22 / audio hour
Estimated cost  : $0.105079 USD
Transcript saved: Audios/AyatollahShojaee/Tazkiyeh/112/112_شرح در طریق سلوک حالت سالک و تجلیاتی که بر او رخ میدهد _ بحث تزکیه.txt
============================================================
