Provider: ElevenLabs Scribe (scribe_v2)
Progress file (updated after each chunk): /Users/mohammadreza/IslamASR/Audios/AyatollahShojaee/Asma_hosna/013/013_اسماء حُسنی 13.partial.txt
  preparing audio (013_اسماء حُسنی 13.mp3)...
  33:09 → 1 request(s)
  progress file: /Users/mohammadreza/IslamASR/Audios/AyatollahShojaee/Asma_hosna/013/013_اسماء حُسنی 13.partial.txt
  [1/1] 0:00–33:09 (11657 KB)...
      → 20293 chars: یا الله. هو الله الخالق. هو الله الخالق. الخالق البارئ المصور. له الأسماء الحسنى. أسماء الحسنى. الكريم الرؤوف المجيب الواسع الحكيم. الغفور الرجيم الباعث الشهيد. مباحث عرفانی آیت ال…

============================================================
TRANSCRIPTION (preview)
============================================================
یا الله. هو الله الخالق. هو الله الخالق. الخالق البارئ المصور. له الأسماء الحسنى. أسماء الحسنى. الكريم الرؤوف المجيب الواسع الحكيم. الغفور الرجيم الباعث الشهيد. مباحث عرفانی آیت الله محمد شجاعی در باب اسماء الهی. لله الأسماء الحسنی. هر اسمی که این آیات از کمال بکنه اسم خداست. الواجد الماجد الواحد الصمد القادر المقتدر المقدم المؤخر الأول الآخِر. أسماء الحسنى. المُطِّلُ الجامع الغنی المُغنی المانی العطّار النافع النور الهادی البدیع الباقی. الوارث الرشید الكفور الذی. ليس كمثله شيء وهو السميع البصير. بسم الله الرحمن الرحیم. به نام حضرت کریم که له الأسماء الحسنی. شونوندگان عرفان دوست و فرهیخته سلام و درود بر شما. برنامه اسماء الحسنی را می‌شنوید که در آن مباحث عرفانی عارف وارسته آیت الله محمد شجاعی در باب اسماء و صفات الهی تقدیم شما می‌شود. در برنامه امروز بحث سیزدهم را می‌شنوید. شما یک سری صفات جمال و جلال که جزء صفات روحی. مثال کلی که مربوط به صفات جلال و جمال بود. اینها صفاتی که توی اون جزء خصوصیات اسماء جمال یا صفات جمال و صفات و اسماء جلال و عذابی. این صفات کلی که صفات جلال از خصوصیات که در اون قرار گرفته شد و صفات جمال هم همینطور تا اون اندازه که بحث شد فعلاً به همان اندازه که ادامه میدیم. بعد یه مقدار من قصد دارم که در این دو حوزه خصوصیات و خصوصیات دیگه که مربوط به بعضی از معانی اسماء، اسماء مختلفه یا صفات هست یه اشاره‌ای که تا حدودی که لازم است بشه گفت و لازم نیست. این که تعریفش بشه گفت و نیاز نیست. فقط می‌خواهم بگویم که به همین اندازه که فضایی برای ایجاد میکنیم که به بعضی از معانی اسماء اشاره بشه. این که میگم لازم است برای اینکه اصولا ما سه تا از اون برداشت‌های اصلی که آری از که شده آری از عموم در آیات و آنجا مثال و مکتب اسلامی بوده، که این برداشت‌های داشته‌ای که از آن معمولاً معمولاً در بعضی از اسماء و صفات یا می‌خواهم بگویم که همه اسماء و صفات misschien با برداشت درستی ندارد. مخصوصاً در بعضی از صفات که برداشت اصولا می‌خواهم بگویم به اندازه تکفی که اشکال داشته به جاهایی که می‌خواهم بگویم غلط می‌شه من برداشت ما داره. این که تا حدودی بعضی از اسماء و صفات یعنی معانی و مفاهیم بعضی از اسماء و صفات اشاره بشه که چه معنایی دارد و چه چیز منظوری از آن اسم هست. در بعضی از 
… (truncated; see saved file for full transcript)

============================================================
SUMMARY
============================================================
Input file      : 013_اسماء حُسنی 13.mp3
Provider        : ElevenLabs Scribe (scribe_v2)
Audio duration  : 33:09 (1989.32 s)
Requests        : 1
Billed duration : 1990 s (rounded up to nearest second)
Rate            : $0.22 / audio hour
Estimated cost  : $0.121570 USD
Transcript saved: /Users/mohammadreza/IslamASR/Audios/AyatollahShojaee/Asma_hosna/013/013_اسماء حُسنی 13.txt
============================================================
