Provider: ElevenLabs Scribe (scribe_v2)
Progress file (updated after each chunk): Audios/AyatollahShojaee/Tazkiyeh/059/059_نفاق 2 _ بحث تزکیه.partial.txt
  preparing audio (059_نفاق 2 _ بحث تزکیه.mp3)...
  20:38 → 1 request(s)
  progress file: Audios/AyatollahShojaee/Tazkiyeh/059/059_نفاق 2 _ بحث تزکیه.partial.txt
  [1/1] 0:00–20:38 (7257 KB)...
      → 12793 chars: اعوذ بالله السميع العليم من الشيطان الرجيم. بسم الله الرحمن الرحيم. ظلمت قلب مسئله‌ای‌ست که سالک دردمند از این ظلمت قلب باید خیلی وحشت داشته باشد. قلب ظلمانی دیگه به جایی راه نمی‌ب…

============================================================
TRANSCRIPTION (preview)
============================================================
اعوذ بالله السميع العليم من الشيطان الرجيم. بسم الله الرحمن الرحيم. ظلمت قلب مسئله‌ای‌ست که سالک دردمند از این ظلمت قلب باید خیلی وحشت داشته باشد. قلب ظلمانی دیگه به جایی راه نمی‌برد. نفاق ظلمت قلب می‌آورد. قلب تاریک است. حالا نمی‌فهمم اصلاً قلب چیه؟ تاریکیش چیه؟ ما اصلاً اصلش رو نمی‌فهمیم. ولی هرچه هست حقیقت اینه. قلب تاریک است، موجب ظلمت است نفاق. در این باب به یک روایت فقط اشاره می‌کنم می‌گذارم به قسم دوم از نفاق، نفاق رفیق خدا که اصل مصیبت ما اونجاهاست. حالا در این باب که نفاق موجب ظلمت قلب می‌شود به یک روایت اشاره می‌کنم و بس. اصول کافی، جلد چهار، باب ظلمة قلب المنافق و این أُعطي اللسان. یک باب مخصوصی‌ست در با-- که در خصوص ظلمت قلب منافق است. حالا منافق هر جور منافق باشد با بیانی که از قبل توجه کردید منافق در هر مرتبه‌ای منافق باشد قلبش چی خواهد بود؟ قلبش ظلمانی خواهد بود. این یک بابی دارد در اصول کافی. در آنجا روایات مربوط به این را آورده. در یک روایت عن أبي عبد الله عليه السلام از امام صادق علیه السلام قال لنا ذات يوم آن راوی می‌گوید امام صادق یک روز به ما گفت تجد الرجل لا يخطي بلام ولا واو خطيبا مثل أقم مثل قأ و لقلبه أشد ظلمة من الليل المظلم. حالا من این شب روایت را می‌نوشتم، می‌دیدم که این بیان امام صادق سلام الله علیه حالا به هر منافقی تطبیق می‌کند. در عین حال به اون منافق‌ها که خوب صحبت می‌کنند می‌ترسیدم مثلاً ماها باشیم. صحبت شیرین می‌کنند بیشتر تطبیق می‌کند. می‌فرماید که تجد الرجل مرد را می‌بینی لا يخطي بلام ولا واو خطيبا موقع سخن در نه حتی در یک واو خطا نمی‌کند. در یک یا خطا نمی‌کند. خیلی خوب، روشن، منظم، سلیس، دقیق، مرتب صحبت می‌کند. در یک واوش خطا نمی‌کند. اما و لقلبه أشد ظلمة من الليل المظلم. اما قلبش از آن شب تاریک‌تر است. و تجد الرجل مقابلش می‌یابی شخصی را که لا يستطيع أن يعبر ما فی قلبه. نمی‌تواند آنچه در قلبش هست را به زبان بیاورد. زبان خوب ندارد بنده خدا و قلبه يظهر كما يظهر المصباح و قلبش مانند چراغ روشن است. این یکیش هم اینطور می‌شود. این در باب نفاق است و term نفاق در اینجا به کار آورده نشده است ها. ولی مفهوم روایت نمی‌دونم خوب توجه کردین، مفهوم روایت می‌گوید کسی که ظاهرش با باطنش یکی نبود قلبش چیه؟ قلبش از ظلمت خاصی برخورد دارد. حالا اونجا
… (truncated; see saved file for full transcript)

============================================================
SUMMARY
============================================================
Input file      : 059_نفاق 2 _ بحث تزکیه.mp3
Provider        : ElevenLabs Scribe (scribe_v2)
Audio duration  : 20:38 (1238.44 s)
Requests        : 1
Billed duration : 1239 s (rounded up to nearest second)
Rate            : $0.22 / audio hour
Estimated cost  : $0.075682 USD
Transcript saved: Audios/AyatollahShojaee/Tazkiyeh/059/059_نفاق 2 _ بحث تزکیه.txt
============================================================
