=== wait download Tue Sep 15 15:10:50 2026 ===
=== wait download Tue Sep 15 15:10:50 2026 ===
download ready
download ready
=== remux Tue Sep 15 15:11:15 2026 ===
=== remux Tue Sep 15 15:11:15 2026 ===
  001_اسماء حُسنی 1.mp3  container=2204.09s  decoded=0.00s  → 001_play.m4a (2204.06s)
  002_اسماء حُسنی 2.mp3  container=2574.76s  decoded=0.00s  → 002_play.m4a (2574.73s)
  003_اسماء حُسنی 3.mp3  container=2859.50s  decoded=0.00s  → 003_play.m4a (2859.47s)
  004_اسماء حُسنی 4.mp3  container=3145.85s  decoded=0.00s  → 004_play.m4a (3145.82s)
  005_اسماء حُسنی 5.mp3  container=3059.18s  decoded=0.00s  → 005_play.m4a (3059.15s)
  006_اسماء حُسنی 6.mp3  container=2112.08s  decoded=0.00s  → 006_play.m4a (2112.05s)
  007_اسماء حُسنی 7.mp3  container=1679.65s  decoded=0.00s  → 007_play.m4a (1679.62s)
  008_اسماء حُسنی 8.mp3  container=2571.94s  decoded=0.00s  → 008_play.m4a (2571.91s)
  009_اسماء حُسنی 9.mp3  container=3112.84s  decoded=0.00s  → 009_play.m4a (3112.80s)
  010_اسماء حُسنی 10.mp3  container=3374.69s  decoded=0.00s  → 010_play.m4a (3374.65s)
  011_اسماء حُسنی 11.mp3  container=2922.66s  decoded=0.00s  → 011_play.m4a (2922.63s)
  012_اسماء حُسنی 12.mp3  container=1318.80s  decoded=0.00s  → 012_play.m4a (1318.77s)
  013_اسماء حُسنی 13.mp3  container=1989.26s  decoded=0.00s  → 013_play.m4a (1989.22s)
  014_اسماء حُسنی 14.mp3  container=3462.14s  decoded=0.00s  → 014_play.m4a (3462.11s)
  015_اسماء حُسنی 15.mp3  container=1801.75s  decoded=0.00s  → 015_play.m4a (1801.72s)
  016_اسماء حُسنی 16.mp3  container=1849.24s  decoded=0.00s  → 016_play.m4a (1849.21s)
  017_اسماء حُسنی 17.mp3  container=1790.67s  decoded=0.00s  → 017_play.m4a (1790.64s)
  018_اسماء حُسنی 18.mp3  container=2985.04s  decoded=0.00s  → 018_play.m4a (2985.01s)
done: 18 file(s)

  001_اسماء حُسنی 1.mp3  container=2204.09s  decoded=0.00s  → 001_play.m4a (2204.06s)
  002_اسماء حُسنی 2.mp3  container=2574.76s  decoded=0.00s  → 002_play.m4a (2574.73s)
  003_اسماء حُسنی 3.mp3  container=2859.50s  decoded=0.00s  → 003_play.m4a (2859.47s)
  004_اسماء حُسنی 4.mp3  container=3145.85s  decoded=0.00s  → 004_play.m4a (3145.82s)
  005_اسماء حُسنی 5.mp3  container=3059.18s  decoded=0.00s  → 005_play.m4a (3059.15s)
  006_اسماء حُسنی 6.mp3  container=2112.08s  decoded=0.00s  → 006_play.m4a (2112.05s)
  007_اسماء حُسنی 7.mp3  container=1679.65s  decoded=0.00s  → 007_play.m4a (1679.62s)
  008_اسماء حُسنی 8.mp3  container=2571.94s  decoded=0.00s  → 008_play.m4a (2571.91s)
  009_اسماء حُسنی 9.mp3  container=3112.84s  decoded=0.00s  → 009_play.m4a (3112.80s)
  010_اسماء حُسنی 10.mp3  container=3374.69s  decoded=0.00s  → 010_play.m4a (3374.65s)
  011_اسماء حُسنی 11.mp3  container=2922.66s  decoded=0.00s  → 011_play.m4a (2922.63s)
  012_اسماء حُسنی 12.mp3  container=1318.80s  decoded=0.00s  → 012_play.m4a (1318.77s)
  013_اسماء حُسنی 13.mp3  container=1989.26s  decoded=0.00s  → 013_play.m4a (1989.22s)
  014_اسماء حُسنی 14.mp3  container=3462.14s  decoded=0.00s  → 014_play.m4a (3462.11s)
  015_اسماء حُسنی 15.mp3  container=1801.75s  decoded=0.00s  → 015_play.m4a (1801.72s)
  016_اسماء حُسنی 16.mp3  container=1849.24s  decoded=0.00s  → 016_play.m4a (1849.21s)
  017_اسماء حُسنی 17.mp3  container=1790.67s  decoded=0.00s  → 017_play.m4a (1790.64s)
  018_اسماء حُسنی 18.mp3  container=2985.04s  decoded=0.00s  → 018_play.m4a (2985.01s)
done: 18 file(s)

remux exit=0
remux exit=0
=== ASR start Tue Sep 15 15:20:56 2026 N=18 jobs=2 ===
=== ASR start Tue Sep 15 15:20:56 2026 N=18 jobs=2 ===
[Tue Sep 15 15:20:56 2026] missing=18 round=0
[Tue Sep 15 15:20:56 2026] missing=18 round=0
[start] 001 Tue Sep 15 15:20:56 2026
[start] 001 Tue Sep 15 15:20:56 2026
[start] 002 Tue Sep 15 15:20:56 2026
[start] 002 Tue Sep 15 15:20:56 2026
[ok] 001 Tue Sep 15 15:22:10 2026
[ok] 001 Tue Sep 15 15:22:10 2026
[srt] /Users/mohammadreza/IslamASR/Audios/AyatollahShojaee/Asma_hosna/001/001_اسماء حُسنی 1.srt cues=631
[start] 003 Tue Sep 15 15:22:10 2026
[start] 003 Tue Sep 15 15:22:10 2026
[ok] 002 Tue Sep 15 15:22:23 2026
[ok] 002 Tue Sep 15 15:22:23 2026
[srt] /Users/mohammadreza/IslamASR/Audios/AyatollahShojaee/Asma_hosna/002/002_اسماء حُسنی 2.srt cues=832
[start] 004 Tue Sep 15 15:22:23 2026
[start] 004 Tue Sep 15 15:22:23 2026
[ok] 003 Tue Sep 15 15:23:52 2026
[ok] 003 Tue Sep 15 15:23:52 2026
[srt] /Users/mohammadreza/IslamASR/Audios/AyatollahShojaee/Asma_hosna/003/003_اسماء حُسنی 3.srt cues=845
[start] 005 Tue Sep 15 15:23:52 2026
[start] 005 Tue Sep 15 15:23:52 2026
[ok] 004 Tue Sep 15 15:23:56 2026
[ok] 004 Tue Sep 15 15:23:56 2026
[srt] /Users/mohammadreza/IslamASR/Audios/AyatollahShojaee/Asma_hosna/004/004_اسماء حُسنی 4.srt cues=880
[start] 006 Tue Sep 15 15:23:56 2026
[start] 006 Tue Sep 15 15:23:56 2026
[ok] 006 Tue Sep 15 15:24:59 2026
[ok] 006 Tue Sep 15 15:24:59 2026
[srt] /Users/mohammadreza/IslamASR/Audios/AyatollahShojaee/Asma_hosna/006/006_اسماء حُسنی 6.srt cues=590
[start] 007 Tue Sep 15 15:25:00 2026
[start] 007 Tue Sep 15 15:25:00 2026
[ok] 005 Tue Sep 15 15:25:22 2026
[ok] 005 Tue Sep 15 15:25:22 2026
[srt] /Users/mohammadreza/IslamASR/Audios/AyatollahShojaee/Asma_hosna/005/005_اسماء حُسنی 5.srt cues=876
[start] 008 Tue Sep 15 15:25:22 2026
[start] 008 Tue Sep 15 15:25:22 2026
[ok] 007 Tue Sep 15 15:26:00 2026
[ok] 007 Tue Sep 15 15:26:00 2026
[srt] /Users/mohammadreza/IslamASR/Audios/AyatollahShojaee/Asma_hosna/007/007_اسماء حُسنی 7.srt cues=476
[start] 009 Tue Sep 15 15:26:01 2026
[start] 009 Tue Sep 15 15:26:01 2026
[ok] 008 Tue Sep 15 15:26:45 2026
[ok] 008 Tue Sep 15 15:26:45 2026
[srt] /Users/mohammadreza/IslamASR/Audios/AyatollahShojaee/Asma_hosna/008/008_اسماء حُسنی 8.srt cues=779
[start] 010 Tue Sep 15 15:26:45 2026
[start] 010 Tue Sep 15 15:26:45 2026
[ok] 009 Tue Sep 15 15:27:33 2026
[ok] 009 Tue Sep 15 15:27:33 2026
[srt] /Users/mohammadreza/IslamASR/Audios/AyatollahShojaee/Asma_hosna/009/009_اسماء حُسنی 9.srt cues=923
[start] 011 Tue Sep 15 15:27:33 2026
[start] 011 Tue Sep 15 15:27:33 2026
[ok] 010 Tue Sep 15 15:28:36 2026
[ok] 010 Tue Sep 15 15:28:36 2026
[srt] /Users/mohammadreza/IslamASR/Audios/AyatollahShojaee/Asma_hosna/010/010_اسماء حُسنی 10.srt cues=989
[start] 012 Tue Sep 15 15:28:36 2026
[start] 012 Tue Sep 15 15:28:36 2026
[ok] 011 Tue Sep 15 15:29:03 2026
[ok] 011 Tue Sep 15 15:29:03 2026
[srt] /Users/mohammadreza/IslamASR/Audios/AyatollahShojaee/Asma_hosna/011/011_اسماء حُسنی 11.srt cues=836
[start] 013 Tue Sep 15 15:29:03 2026
[start] 013 Tue Sep 15 15:29:03 2026
[ok] 012 Tue Sep 15 15:29:12 2026
[ok] 012 Tue Sep 15 15:29:12 2026
[srt] /Users/mohammadreza/IslamASR/Audios/AyatollahShojaee/Asma_hosna/012/012_اسماء حُسنی 12.srt cues=390
[start] 014 Tue Sep 15 15:29:12 2026
[start] 014 Tue Sep 15 15:29:12 2026
[ok] 013 Tue Sep 15 15:30:07 2026
[ok] 013 Tue Sep 15 15:30:07 2026
[srt] /Users/mohammadreza/IslamASR/Audios/AyatollahShojaee/Asma_hosna/013/013_اسماء حُسنی 13.srt cues=561
[start] 015 Tue Sep 15 15:30:07 2026
[start] 015 Tue Sep 15 15:30:07 2026
[ok] 014 Tue Sep 15 15:30:55 2026
[ok] 014 Tue Sep 15 15:30:55 2026
[srt] /Users/mohammadreza/IslamASR/Audios/AyatollahShojaee/Asma_hosna/014/014_اسماء حُسنی 14.srt cues=959
[start] 016 Tue Sep 15 15:30:56 2026
[start] 016 Tue Sep 15 15:30:56 2026
[ok] 015 Tue Sep 15 15:31:11 2026
[ok] 015 Tue Sep 15 15:31:11 2026
[srt] /Users/mohammadreza/IslamASR/Audios/AyatollahShojaee/Asma_hosna/015/015_اسماء حُسنی 15.srt cues=502
[start] 017 Tue Sep 15 15:31:11 2026
[start] 017 Tue Sep 15 15:31:11 2026
[ok] 016 Tue Sep 15 15:32:06 2026
[ok] 016 Tue Sep 15 15:32:06 2026
[srt] /Users/mohammadreza/IslamASR/Audios/AyatollahShojaee/Asma_hosna/016/016_اسماء حُسنی 16.srt cues=544
[start] 018 Tue Sep 15 15:32:06 2026
[start] 018 Tue Sep 15 15:32:06 2026
[ok] 017 Tue Sep 15 15:32:15 2026
[ok] 017 Tue Sep 15 15:32:15 2026
[srt] /Users/mohammadreza/IslamASR/Audios/AyatollahShojaee/Asma_hosna/017/017_اسماء حُسنی 17.srt cues=484
[ok] 018 Tue Sep 15 15:33:53 2026
[ok] 018 Tue Sep 15 15:33:53 2026
[srt] /Users/mohammadreza/IslamASR/Audios/AyatollahShojaee/Asma_hosna/018/018_اسماء حُسنی 18.srt cues=838
[Tue Sep 15 15:34:08 2026] missing=0 round=1
[Tue Sep 15 15:34:08 2026] missing=0 round=1
ASR_ALL_DONE Tue Sep 15 15:34:08 2026
ASR_ALL_DONE Tue Sep 15 15:34:08 2026
PIPELINE_DONE Tue Sep 15 15:34:08 2026
PIPELINE_DONE Tue Sep 15 15:34:08 2026
