Provider: ElevenLabs Scribe (scribe_v2)
Progress file (updated after each chunk): /Users/mohammadreza/IslamASR/Audios/AyatollahShojaee/Mabahese_Tohidi/006/006_مباحث توحیدی-6.partial.txt
  preparing audio (006_مباحث توحیدی-6.mp3)...
  24:45 → 1 request(s)
  progress file: /Users/mohammadreza/IslamASR/Audios/AyatollahShojaee/Mabahese_Tohidi/006/006_مباحث توحیدی-6.partial.txt
  [1/1] 0:00–24:45 (8702 KB)...
      → 13527 chars: بسم الله الرحمن الرحیم. قل هو الله أحد. به نام خداوند بخشایشگر مهربان. بگو خدا یکی است. [موسیقی] توحیدنامه. با بیانات حضرت آیت الله محمد شجاعی. [موسیقی] مقصود از بحث توحید عبارت اس…

============================================================
TRANSCRIPTION (preview)
============================================================
بسم الله الرحمن الرحیم. قل هو الله أحد. به نام خداوند بخشایشگر مهربان. بگو خدا یکی است. [موسیقی] توحیدنامه. با بیانات حضرت آیت الله محمد شجاعی. [موسیقی] مقصود از بحث توحید عبارت است از معرفت خدای متعال، صفات خدای متعال و افعال خدای متعال. پیش بیان دیگر به اصطلاح معرفت وحدانیت ذات مقدس حق و اینکه جز ذات او ذاتی نیست و جز صفات او صفاتی نیست و جز افعال او افعالی نیست. [موسیقی] بسم الله الرحمن الرحیم. ای دریای بی پایان هستی و رحمت، دل بنده تو بی تسلای تو ماهی برون افتاده از آب است. بی قرار و ناآرام که بیش از چند دمی تاب نمی آورد. اینک من در بهار زندگی ام از تو می خواهم در همه لحظه ها در آسمان دلم بتاب و به گرمی مهرت از آرامش وصل خود سرشارم دار. دوستان قرآنی سلام. برنامه توحید نامه با موضوع توحید خداوند متعال را از شبکه رادیویی قرآن می شنوید و از بیانات عالم فرزانه حضرت آیت الله محمد شجاعی بهره مند می شوید. با ما همراه باشید. [موسیقی] همراهان گرامی، حضرت آیت الله محمد شجاعی در برنامه گذشته فرمودند خداوند متعال در آیات چهل و هفت، چهل و هشت سوره مبارکه فصلت می فرماید آن روزی که خدا این مشركین را ندا می دهد، این شرکای من کجا هستند؟ حال این که همه آنجا حاضرند هم انسان ها هم بت ها و معبودها ولی با آن صورت که در دنیا بودند نیستند. همه جا وجه حق حاضر است. مشركین در پاسخ می گویند خدایا ما که گفتیم هیچ شاهدی نداریم برای آنچه که در دنیا انجام دادیم. یعنی ما هیچ گونه دلیل و برهانی نداریم برای انحرافی که در دنیا داشتیم. سپس خداوند می فرماید گم می شود از نظر آنها آنچه که قبلاً می خواندند و دیگر راه فراری برایشان باقی نمانده است. و همچنین خداوند در آیات هفتاد و سه و هفتاد و چهار سوره مبارکه مؤمن می فرماید وقتی همه در روز قیامت جمع شدند، خداوند به مشركین می فرماید کجا هستند آنهایی که برای خدا شریک قرار می دادید؟ و از آنجا که همه در آن روز در همه جا وجه حق و آثار او را می بینند، می گویند این شریکان گم شده اند چون مشركان آنها را به آن صورت در دنیا نمی بینند، می گویند ناپدید شده اند و سپس دروغ می گویند که ما در دنیا غیر از تو چیزی را عبادت نمی کردیم. خب دوستان اکنون توجه شما را جلب می کنیم به ادامه بیانات عالمانه حضرت آیت الله محمد شجاعی درباره توحید و معرفت خداوند متعال. سیر عبودی به سوی
… (truncated; see saved file for full transcript)

============================================================
SUMMARY
============================================================
Input file      : 006_مباحث توحیدی-6.mp3
Provider        : ElevenLabs Scribe (scribe_v2)
Audio duration  : 24:45 (1485.00 s)
Requests        : 1
Billed duration : 1485 s (rounded up to nearest second)
Rate            : $0.22 / audio hour
Estimated cost  : $0.090750 USD
Transcript saved: /Users/mohammadreza/IslamASR/Audios/AyatollahShojaee/Mabahese_Tohidi/006/006_مباحث توحیدی-6.txt
============================================================
