Provider: ElevenLabs Scribe (scribe_v2)
Progress file (updated after each chunk): /Users/mohammadreza/IslamASR/Audios/AyatollahShojaee/Asma_hosna/008/008_اسماء حُسنی 8.partial.txt
  preparing audio (008_اسماء حُسنی 8.mp3)...
  42:52 → 1 request(s)
  progress file: /Users/mohammadreza/IslamASR/Audios/AyatollahShojaee/Asma_hosna/008/008_اسماء حُسنی 8.partial.txt
  [1/1] 0:00–42:52 (15071 KB)...
      → 24399 chars: شرح زندگی ایشون که مطالعه می‌کردم یک نکته خیلی توجه‌م رو جلب کرد و اون پشتکار و همت و ممارست بسیار بالای ایشون بود. به طوری که آورده بودند که پس از نماز صبح از ساعت شش صبح تا ساعت …

============================================================
TRANSCRIPTION (preview)
============================================================
شرح زندگی ایشون که مطالعه می‌کردم یک نکته خیلی توجه‌م رو جلب کرد و اون پشتکار و همت و ممارست بسیار بالای ایشون بود. به طوری که آورده بودند که پس از نماز صبح از ساعت شش صبح تا ساعت دوازده شب ایشون مشغول مطالعه و تحقیق و پژوهش بودند. از محضر بزرگانی همچون حضرت علامه طباطبایی رحمت الله علیه بهره‌ها بردند و استفاده‌ها کردند و بسیار نزدیک بودند با حضرت علامه و در این طول روز فقط یک ساعت به استراحت و ناهار و وقت استراحت خودشون اختصاص داده بودند. ان‌شاءالله که خداوند ایشون رو حفظ کنه. بیاناتشون بسیار ارزشمند هست و مفید برای اهل علم و اهل قرآن. بشنویم و لذت ببریم این برنامه رو که مدتش چهل و دو دقیقه‌ست. [آواز] هو الله. هو الله الخالق. هو الله الخالق. الخالق البارئ المصور. له الأسماء الحسنى. الأسماء الحسنى. الكريم الرقيب المجيب العطو الحكيم الغفار الجهيد الباعث الشهيد. مباحث عرفانی آیت الله محمد شجاعی در باب اسماء الهی. لله الأسماء الحسنی. هر اسمی که حکایت از کمال بکنه اسم خداست. الواجد الماهد الواحد الصمد القادر المقتدر المقدم المؤخر الأول الآخر. أسماء الحسنى. المغثي الجامع الغنی المهمل المانع الضار النافع النور الهادی البديع الباقی. الوارث الرشيد الصبور الذي. ليس كمثله شيء وهو السميع البصير. بسم الله الرحمن الرحيم. به نام حضرت حکیم که له الأسماء الحسنی. دوستان ارجمند سلام. اگر به مباحث عرفان نظری علاقه‌مندید، پیشنهاد می‌کنیم این برنامه را بشنوید. این هشتمین برنامه از سلسله مباحث عرفانی حضرت آیت الله محمد شجاعیست در باب اسماء و صفات الهی. جلسه این بحث در تاریخ بیست و چهارم مرداد ماه یک هزار و سیصد و شصت برگزار شده است. بسم الله الرحمن الرحیم. در جلسه قبل یادتون هست که به یک مسئله از مسائلی که در اسماء حسنی و صفات الهی آیه حق است من اشاره کردم و تشریح کردم و اون این بود که با توجه بر اینکه هر اسمی ظهوری است از ذات و با توجه بر مراتیبی که بین اسماء هست، تحت نظر از همه این‌ها. ولی با توجه بر این‌ها یعنی با توجه بر اینکه بین اسماء مراتب هست و منشعب می‌شود بعضی از اسماء از بعض دیگر و با توجه بر اینکه خود هر اسمی ظهور خاصی است از ذات مقدس حق و تعین خاصی است از همان ذات. و باز با توجه بر اینکه ذات مقدس حق در مقام ذات قبل از تعین یعنی قبلیت زمانی نه، قبلیت رتبه‌ای. قبل از تعین هرچه
… (truncated; see saved file for full transcript)

============================================================
SUMMARY
============================================================
Input file      : 008_اسماء حُسنی 8.mp3
Provider        : ElevenLabs Scribe (scribe_v2)
Audio duration  : 42:52 (2571.98 s)
Requests        : 1
Billed duration : 2572 s (rounded up to nearest second)
Rate            : $0.22 / audio hour
Estimated cost  : $0.157177 USD
Transcript saved: /Users/mohammadreza/IslamASR/Audios/AyatollahShojaee/Asma_hosna/008/008_اسماء حُسنی 8.txt
============================================================
