Provider: ElevenLabs Scribe (scribe_v2)
Progress file (updated after each chunk): /Users/mohammadreza/IslamASR/Audios/AyatollahShojaee/CheraghHedayat/012/012_درخصوص حضرت اباعبدالله (ع) (چراغ هدایت) 12_.partial.txt
  preparing audio (012_درخصوص حضرت اباعبدالله (ع) (چراغ هدایت) 12_.mp3)...
  28:10 → 1 request(s)
  progress file: /Users/mohammadreza/IslamASR/Audios/AyatollahShojaee/CheraghHedayat/012/012_درخصوص حضرت اباعبدالله (ع) (چراغ هدایت) 12_.partial.txt
  [1/1] 0:00–28:10 (9901 KB)...
      → 15383 chars: [شعر] حسین، حسین، حسین، حسین. حسین، حسین، حسین، حسین. شهیدِ کعفاً حسین. حسین، حسین، حسین، حسین. غریب بنِ حِداشه حسین. حسین، حسین، حسین- السلام علیک یا أبا عبدالله الحسین- حسین، حسی…

============================================================
TRANSCRIPTION (preview)
============================================================
[شعر] حسین، حسین، حسین، حسین. حسین، حسین، حسین، حسین. شهیدِ کعفاً حسین. حسین، حسین، حسین، حسین. غریب بنِ حِداشه حسین. حسین، حسین، حسین- السلام علیک یا أبا عبدالله الحسین- حسین، حسین، حسین- وعلی الأرواح التي حلت بفنائک- حسین، حسین، حسین. غریب بن حیدری حسین. حسین- چراغ هدایت چراغ مصباح هدایت تویی. چراغ مصباح هدایت تویی. سفینه‌ای غصه‌ها را یم کند. سفینه‌ای غصه‌ها را یم کند. بسم الله الرحمن الرحیم. و هو رب الحسین الذي قتل مظلوما. بسم الله الرحمن الرحیم. یا أیتُه النفس المطمئنة ارجعي إلى ربك راضية مرضية. الله. سلام بر حسین و بر اصحاب حسین و سلام بر شما دوستداران مکتب حسینی. دوستان در ایام حزن و غم اهل بیت عصمت و طهارت علیهم السلام دوازدهمين برنامه چراغ هدایت را می‌شنوید. در این برنامه مطالب استاد وارسته حضرت آیت الله محمد شجاعی را در باب شخصیت و جایگاه حضرت سید الشهدا علیه السلام می‌شنویم. در برنامه‌های قبل شنیدیم که استاد ضمن بیان گوشه‌هایی از اسرار زیارت حضرت سید الشهدا علیه السلام، اهمیت این عمل عبادی و دلیل تأکید آن را برای مؤمنین شرح دادند. در این برنامه استاد ابتدا به این موضوع می‌پردازند که چرا از آن بزرگوار مطالب کمی نقل شده است. پس از آنجا مطالب دیگری را نیز در باب شخصیت گرانقدر حضرت ابا عبدالله حسین علیه السلام بیان می‌کنند. با هم می‌شنویم. بسم الله الرحمن الرحیم. الحمد لله رب العالمين وصلي الله على محمد وآله الطاهرين. وجود مقدس آن حضرت و مسائلی که در ارتباط با آن حضرت هست اسرارآمیز است برای مسیحیان. حالا در این جلسه هم من به نکاتی اشاره می‌کنم به بعضی از خصوصیات و به اصطلاح معروف مکارم اخلاقی و فضائل وجودی آن حضرت که در عین حال در همین مسیر بحث ما است که اسرارآمیز است و بعضی از کرامات آن حضرت. وقتی ما مطالعه می‌کنیم به کتب روایات و آنجاهایی که باید حالات آن حضرت، جزئیاتش نوشته شود، موجود داشته باشد. در مجموع اولاً به این نکته می‌رسیم که حضرت در عین حال که در بین مردم بوده و امام بوده، مدتی هم در بین مردم بوده، در عین حال زیاد از آن حضرت مطلب نقل نشده. خود این مسئله است. مطلب زیاد از آن حضرت نقل نشده. خود این از نظر من مسئله‌ای است از مسائل. چرا؟ آیا بعضی حالات و خصوصیات او چنین ایجاب می‌کرده؟ ظاهراً اینطور است. البته این که زمان، زمان خاصی بوده است، مسائل زیاد
… (truncated; see saved file for full transcript)

============================================================
SUMMARY
============================================================
Input file      : 012_درخصوص حضرت اباعبدالله (ع) (چراغ هدایت) 12_.mp3
Provider        : ElevenLabs Scribe (scribe_v2)
Audio duration  : 28:10 (1689.73 s)
Requests        : 1
Billed duration : 1690 s (rounded up to nearest second)
Rate            : $0.22 / audio hour
Estimated cost  : $0.103261 USD
Transcript saved: /Users/mohammadreza/IslamASR/Audios/AyatollahShojaee/CheraghHedayat/012/012_درخصوص حضرت اباعبدالله (ع) (چراغ هدایت) 12_.txt
============================================================
