Provider: ElevenLabs Scribe (scribe_v2)
Progress file (updated after each chunk): Audios/AyatollahShojaee/Tazkiyeh/071/071_غضب 2 _ بحث تزکیه.partial.txt
  preparing audio (071_غضب 2 _ بحث تزکیه.mp3)...
  31:50 → 1 request(s)
  progress file: Audios/AyatollahShojaee/Tazkiyeh/071/071_غضب 2 _ بحث تزکیه.partial.txt
  [1/1] 0:00–31:50 (11189 KB)...
      → 21399 chars: اعوذ بالله السميع العليم من الشيطان الرجيم. بسم الله الرحمن الرحيم. در این زمینه چی بهتر به یک تحلیل دیگه که الان عرض می‌کنم دقت بکنیم و بعداً به روایتی از رسول اکرم صلی الله علیه …

============================================================
TRANSCRIPTION (preview)
============================================================
اعوذ بالله السميع العليم من الشيطان الرجيم. بسم الله الرحمن الرحيم. در این زمینه چی بهتر به یک تحلیل دیگه که الان عرض می‌کنم دقت بکنیم و بعداً به روایتی از رسول اکرم صلی الله علیه و آله و سلم. تحلیل دیگر این است که باطن ما و عالم ما یعنی عالم ما در درون، باطن ما، قلب ما. اما بهتر بگیم، بهتر است بگیم عالم ما در درون، عالم است. این عالمی که داریم، آنچه به عالم ما وارد می‌شود، این وارد، اونا که وارد می‌شود به عالم ما، اینا متفاوت است. گاهی چیزی وارد درون و باطن می‌کند انسان به دست خودش و با اختیار خودش که درون و عالم درونی انسان را به کلی به هم می‌زند. مثل اینکه نظام درونی انسان مختل شد. شما حساب بکنید در درون انسان را تشبیه بکنید به تشبیه ناقص به یکی از عوالم ظاهری در این دنیا. چطور در این عوالم ظاهری در یک محیطی ممکنه شما خیلی چیزها را وارد بکنید ولی بعضی چیزها خیلی فسادی ایجاد بکند در یک محیط اما بعضی چیزها فساد زیاد ایجاد نکند. من و شما نمی‌دانیم باطن ما چگونه است و چه چیزی اگر وارد باطن عالم درونی ما بشود، خیلی عالم درونی ما را به هم می‌زند که هنوز به این زودی‌ها درست نخواهد شد. این را خدا بهتر می‌داند چون ما باطن ما از ما مخفی است. این را رسول اکرم صلی الله علیه و آله و سلم بهتر می‌داند. ما در عالم درونی خودمون ارتباطی با خدا داریم. تأمل بکنیدا. ارتباطی با خدا داریم. از همان روز اول که ایمان آورده‌ایم، این ایمان ما در عالم درونی ما، ما را با ذات مقدس حق چه کرده؟ مرتبط کرده. ایمان یک ارتباط است. من و شما از همان روز اول که ایمان آورده‌ایم در عالم درون، در درون خود عالم درون ما مرتبط با حضرت حق شده. یک ارتباط به خصوصی است. البته ارتباط من و شما با هم، هم فرق می‌کند. ایمان شما هر قدر کامل‌تر باشد، ارتباطتون چیه؟ ارتباط شما قوی‌تره و ایمان من هر قدر ضعیف باشد، این ارتباط ضعیف‌تر است. به هر صورت یک هر کسی به اندازه ایمانش در درون خود ارتباطی با حضرت حق دارد. این ارتباط بعد از مردن برای ما روشن خواهد شد. اگر اینجا هم پرده کنار برود برای انسان‌ها روشن می‌شود. دیگه بیش از اینکه ما در این تعبیر و جملات بگیم چیزی بیشتر از این نمی‌شود گفت. یک ارتباط به خصوص است با حضرت حق. درون ما، عالم درون ما ارتباط خاصی با ذات مقدس حق دارد. نامش را می‌گوییم ایمان. این ارتباط یک ارتباط تک
… (truncated; see saved file for full transcript)

============================================================
SUMMARY
============================================================
Input file      : 071_غضب 2 _ بحث تزکیه.mp3
Provider        : ElevenLabs Scribe (scribe_v2)
Audio duration  : 31:50 (1909.55 s)
Requests        : 1
Billed duration : 1910 s (rounded up to nearest second)
Rate            : $0.22 / audio hour
Estimated cost  : $0.116695 USD
Transcript saved: Audios/AyatollahShojaee/Tazkiyeh/071/071_غضب 2 _ بحث تزکیه.txt
============================================================
