Provider: ElevenLabs Scribe (scribe_v2)
Progress file (updated after each chunk): Audios/AyatollahShojaee/AsrarFatemi/002/002_اسرار فاطمی (س ) بخش 2.partial.txt
  preparing audio (002_اسرار فاطمی (س ) بخش 2.mp3)...
  25:53 → 1 request(s)
  progress file: Audios/AyatollahShojaee/AsrarFatemi/002/002_اسرار فاطمی (س ) بخش 2.partial.txt
  [1/1] 0:00–25:53 (9099 KB)...
      → 15583 chars: [موسیقی] از امام صادق علیه السلام پرسیدند چرا فاطمه سلام الله علیها را زهرا می‌گویند؟ فرمود برای آنکه هر وقت در محراب عبادت می‌ایستاد [مکث]، نور او بر اهل آسمان‌ها می‌تابید [مکث]، …

============================================================
TRANSCRIPTION (preview)
============================================================
[موسیقی] از امام صادق علیه السلام پرسیدند چرا فاطمه سلام الله علیها را زهرا می‌گویند؟ فرمود برای آنکه هر وقت در محراب عبادت می‌ایستاد [مکث]، نور او بر اهل آسمان‌ها می‌تابید [مکث]، همچنان‌که نور ستارگان بر اهل زمین می‌تابد. السلام علیک ایه تو از صدیقه و شهیده. اسرار فاطمی. فاطمه جان، فاطمه جان، فاطمه جان، فاطمه جان، فاطمه جان، فاطمه جان، فاطمه جان، فاطمه جان. بسم الله الرحمن الرحیم. با عرض سلام خدمت شما شنوندگان رادیو قرآن با برنامه اسرار فاطمی، فکریست از گروه علوم و معارف قرآنی در خدمت شما هستیم. در این برنامه استاد فرزانه حضرت آیت الله استاد محمد شجاعی در خصوص کرامات حضرت زهرا سلام الله علیها صحبت خواهند فرمود. در برنامه قبل شنیدید که استاد اسراری را که در خصوص ولادت و شهادت ایشان بیان شده و همچنین برخی از اسامی ایشان توضیحاتی را ارائه فرمودند. در این برنامه استاد درباره منزلت حضرت زهرا به روایاتی اشاره می‌فرمایند که از شما دعوت می‌کنیم مشروح این بیانات را از زبان حضرت آیت الله محمد شجاعی بشنوید. اعوذ بالله السميع العليم من الشيطان الرجيم. بسم الله الرحمن الرحيم. منزلتش نزد رسول الله بسیار بالا بود منزلت فاطمه زهرا. این روایت را که برایتان می‌خوانم، این روایت را خوب تامل کنید که روایت از عایشه است. عایشه ایال رسول صلی الله علیه در خصوص منزلت حضرت زهرا. البته زیاد است روایات در این باب فقط من یکی را انتخاب کردم که از زبان عایشه است. عایشه تبن تلحه از عایشه، زن رسول الله نقل کرده است که قالت عایشه گفت: ما رأيت من الناس أحدا أشبه كلاما وحديثا برسول الله من فاطمه. عایشه می‌گفت که گفت که من ندیدم کسی را که در سخن گفتن شبیه‌تر باشد. هیچکس را مانند فاطمه ندیدم که شبیه رسول الله باشد. یعنی از همه در مقام سخن گفتن یعنی مثل اینکه رسول الله سخن می‌گفت وقتی حرف می‌زد. البته در مشی‌ش هم همین‌طور است. یعنی راه رفتنش هم دقیقا شبیه راه رفتن رسول الله بود. بعد عایشه می‌گوید كانت إذا دخلت عليه رحب بها. عایشه ایال پیغمبر بود. طبعا به این جزئیات شاهد بود. هر وقت فاطمه می‌آمد وارد منزل می‌شد، به حضور پیغمبر می‌آمد رحب بها مرحبا می‌گفت، خوش آمد می‌گفت و قبل یدیها و بلند می‌شد و از دست‌های حضرت فاطمه می‌بوسید. پیغمبر می‌بوسید، دقت می‌کنید. بلند می‌شد و قبل یدیها و دست‌های زهرا را می‌بوسی
… (truncated; see saved file for full transcript)

============================================================
SUMMARY
============================================================
Input file      : 002_اسرار فاطمی (س ) بخش 2.mp3
Provider        : ElevenLabs Scribe (scribe_v2)
Audio duration  : 25:53 (1552.82 s)
Requests        : 1
Billed duration : 1553 s (rounded up to nearest second)
Rate            : $0.22 / audio hour
Estimated cost  : $0.094895 USD
Transcript saved: Audios/AyatollahShojaee/AsrarFatemi/002/002_اسرار فاطمی (س ) بخش 2.txt
============================================================
