Provider: ElevenLabs Scribe (scribe_v2)
Progress file (updated after each chunk): /Users/mohammadreza/IslamASR/Audios/AyatollahShojaee/Mabohas_Mozui/047/047_47- حيات و ممات دل.partial.txt
  preparing audio (047_47- حيات و ممات دل.mp3)...
  22:47 → 1 request(s)
  progress file: /Users/mohammadreza/IslamASR/Audios/AyatollahShojaee/Mabohas_Mozui/047/047_47- حيات و ممات دل.partial.txt
  [1/1] 0:00–22:47 (8013 KB)...
      → 13379 chars: اعوذ بالله السميع العليم من الشيطان الرجيم. بسم الله الرحمن الرحيم. يا ايها الذين امنوا استجيبوا لله وللرسول اذا دعاكم لما يحييكم. از روی آیه هست مؤمنین. اون‌ها که ایمان آورده‌اید.…

============================================================
TRANSCRIPTION (preview)
============================================================
اعوذ بالله السميع العليم من الشيطان الرجيم. بسم الله الرحمن الرحيم. يا ايها الذين امنوا استجيبوا لله وللرسول اذا دعاكم لما يحييكم. از روی آیه هست مؤمنین. اون‌ها که ایمان آورده‌اید. استجيبوا لله وللرسول اذا دعاكم لما يحييكم. اجابت کنید. اجابت کنید. اجابت کنید. خدا و رسول را وقتی شما را دعوت می‌کنند به آنچه که به شما حیات می‌بخشد و شما را زنده می‌کند، اجابت کنید دعوت خدا و رسول را در اونچه که دعوت می‌کنند به اون به اون چیزی که شما را زنده خواهد ساخت و حیات خواهد داد شما. خطاب هم به مؤمنین هست. يا ايها الذين آمنوا استجيبوا لله وللرسول اذا دعاكم لما يحييكم. آیه مفهوم عجیبی دارد اگر خوب دقت کنیم مفهوم آیه خیلی روشن به ذهنی می‌آید. این است که ماها مرده‌ایم. هنوز حیات نداریم. با اون ایمان ابتدایی و با اون لوازمی که برای ایمان ابتدایی هست انسان به جایی نمی‌رسد فعلاً. از اون مرحله مردگی خارج نمی‌شود. به حیاتی که باید برسد هنوز نمی‌رسد. باید خوب اجابت کند به خدا و رسول و آنچه خدا و رسول می‌گویند و ارائه می‌کنند خوب اجابت کند بعد زنده می‌شود. قبلاً زنده نیست. این مفهوم آیه اینطور است. حالا این مفهوم را که با ترجمه‌اش متوجه شده‌ای، من یه نکته‌ای را، مطلبی را، نکته‌ای را، حقیقتی را امروز در حدی که گفتم حوصله این جور جلسه‌ها ایجاد می‌کند توضیح می‌دهم. مطلب بسیار بالاتر است و می‌شود در مراکز و سطوح مختلف عنوان کرد و توضیح داد. در حدی که می‌شود. می‌خواهم اون مطلب را در حدی که می‌شود توضیح بدهم تا این آیه خوب واضح شود که آیه چی می‌گوید. در ذیل این آیه و در زمینه این آیه است اون مطلب. و اون مسئله حیات و ممات دل است. حیات و ممات دل. توجه داشته باشید. آیه که همینطور هست يا ايها الذين آمنوا استجيبوا لله وللرسول اذا دعاكم لما يحييكم دنبالش هست واعلموا ان الله يحول بين المرء وقلبه. بدانید که خدا حائل است بین خود انسان و قلب انسان. منظور چیست؟ چرا این را اینجا گفته؟ بنابراین من این را می‌خواهم امروز صحبت کنم برای شما که دل حیاتی دارد، مماتی دارد. دل یک حالت живой است. یک مرحله حیات دارد، یک مرحله ممات دارد. ما دام که انسان خوب اجابت نکرده است به اونچه که خدا و رسول می‌فرماید، خوب اجابت نکرده است. ایمان ابتدایی و لوازمش گفتم کافی نیست. اما خطاب برای همین جمع است. می‌گوید ای اون‌ها که ایمان 
… (truncated; see saved file for full transcript)

============================================================
SUMMARY
============================================================
Input file      : 047_47- حيات و ممات دل.mp3
Provider        : ElevenLabs Scribe (scribe_v2)
Audio duration  : 22:47 (1367.46 s)
Requests        : 1
Billed duration : 1368 s (rounded up to nearest second)
Rate            : $0.22 / audio hour
Estimated cost  : $0.083567 USD
Transcript saved: /Users/mohammadreza/IslamASR/Audios/AyatollahShojaee/Mabohas_Mozui/047/047_47- حيات و ممات دل.txt
============================================================
