Provider: ElevenLabs Scribe (scribe_v2)
Progress file (updated after each chunk): Audios/AyatollahShojaee/Tazkiyeh/129/129_مراحل ديگري از کشف ابصاري-کشف ابصاري براي برخي از سالکين _ بحث تزکیه.partial.txt
  preparing audio (129_مراحل ديگري از کشف ابصاري-کشف ابصاري براي برخي از سالکين _ بحث تزکیه.mp3)...
  24:21 → 1 request(s)
  progress file: Audios/AyatollahShojaee/Tazkiyeh/129/129_مراحل ديگري از کشف ابصاري-کشف ابصاري براي برخي از سالکين _ بحث تزکیه.partial.txt
  [1/1] 0:00–24:21 (8562 KB)...
      → 15724 chars: اعوذ بالله السميع العليم من الشيطان الرجيم. بسم الله الرحمن الرحيم. در چشم می‌بینید کشف صاری که من دارم نماز می‌خوانم اما به قول مردم به قول عوام می‌گن رو به کلیسا می‌خوانه. توجه ب…

============================================================
TRANSCRIPTION (preview)
============================================================
اعوذ بالله السميع العليم من الشيطان الرجيم. بسم الله الرحمن الرحيم. در چشم می‌بینید کشف صاری که من دارم نماز می‌خوانم اما به قول مردم به قول عوام می‌گن رو به کلیسا می‌خوانه. توجه بکنید پشت به قبله نماز می‌خونه. نماز می‌خوانم اصلاً اما پشت به کی؟ پشت به قبله. این من و شما اینجور می‌بینید. خب بناس شما رو من تذكر دادید. بناس یعنی این معنی‌اش این است البته. خب این پشت به قبله نماز خواندن معنی‌ش این است که به اصطلاح این آدم که شروع کرده به سیر و به سلوکی اگر مثال جنبه طبعی باشد چه می‌کند؟ ولو نماز می‌خواند ولو خدا می‌خواهد اما پشت به قبله کرده است. کسی این را در خواب ببیند البته این احرام عادی ممکنه یا یک طرح کاملاً مختلف ممکنه در خواب همین را ببیند که حالت‌ش همین می‌شود که هست. حالا اینا یه چند تا نمونه‌ای بود که من براتون اشاره کردم و دیگه از این‌ها بگیم زیاد می‌شود. این هم اواسط کشف بصاری است. کشف بصاری خواست بالا باشد یعنی از اواسط هم بگذرد به مراحل عالیه برسد. اون دیگه در این گفتارها فعلاً و در این جلسه‌ها وسع جلسه‌ ایجاد نمی‌کند که من بیش از آن بیان کلی که در جلسه، جلسه قبل داشتم چیزی اینجا عرض بکنم. کشف بصاره در مراحل بالاتر که شهود وجه الله پیش می‌آید در مظاهر مختلف و در مراتب مختلف و هم نظر به وجه الله اینها و نجاله وجه الله اینها دیگه چیزیست که اینجا گفتنش به طریق بیان کلی اون روز اشاره‌ام کردم. به جزئیاتش نمی‌شود اینجا اشاره کرد. خب. اجمالاً مراتب کشف بصاره برای ما تا حدودی روشن شد که هیچ شک و شبهه پیش نیاید. عرض کنم که در اینجا مسئله القاءات و تلقینات و دخالت‌های شیطانی چه جور پیش می‌آد. دیگه وقتمون تمام شد اگر چون من می‌خوام یک روایتی هم در اینجا بخوانم و تمام کنم مسئله را به اون روایت برنج برسیم دیگه من از این مسئله که می‌خواستم چیزها بگم نمیگم و در این وقتی که هم نمیشود تمام کرد که چگونه اشتباهات در اینجا پیش می‌آد که این هم یه مقدار گفتنش و توضیحش برای دوستان و برادران لازم است که احیاناً یه مقدار هوشیار باشند. در این کشف بصاره در مخصوصاً اوایل که شروع شد خیلی چیزها و اشتباهات پیش میاد. کسانی که در اوائل کشف ابتدایی بصاره هستند خیلی چیزها می‌بینند که اینها در واقع با دخالت‌های شیطان و جنود شیطان و با دخالت‌های قوه خیالیه خود انسان پیش میاد که اینها کشف‌ها
… (truncated; see saved file for full transcript)

============================================================
SUMMARY
============================================================
Input file      : 129_مراحل ديگري از کشف ابصاري-کشف ابصاري براي برخي از سالکين _ بحث تزکیه.mp3
Provider        : ElevenLabs Scribe (scribe_v2)
Audio duration  : 24:21 (1461.20 s)
Requests        : 1
Billed duration : 1462 s (rounded up to nearest second)
Rate            : $0.22 / audio hour
Estimated cost  : $0.089296 USD
Transcript saved: Audios/AyatollahShojaee/Tazkiyeh/129/129_مراحل ديگري از کشف ابصاري-کشف ابصاري براي برخي از سالکين _ بحث تزکیه.txt
============================================================
