Provider: ElevenLabs Scribe (scribe_v2)
Progress file (updated after each chunk): /Users/mohammadreza/IslamASR/Audios/AyatollahShojaee/Mabohas_Mozui/030/030_30- طمع.partial.txt
  preparing audio (030_30- طمع.mp3)...
  17:16 → 1 request(s)
  progress file: /Users/mohammadreza/IslamASR/Audios/AyatollahShojaee/Mabohas_Mozui/030/030_30- طمع.partial.txt
  [1/1] 0:00–17:16 (6071 KB)...
      → 10367 chars: اعوذ بالله السميع العليم من الشيطان الرجيم. بسم الله الرحمن الرحيم. یکی نماز شب می‌خواند. نماز شبش در یک شب عوالمی طی می‌کند. فردا غیر از اونست که دیروز بود. یکی هم مانند من و شما،…

============================================================
TRANSCRIPTION (preview)
============================================================
اعوذ بالله السميع العليم من الشيطان الرجيم. بسم الله الرحمن الرحيم. یکی نماز شب می‌خواند. نماز شبش در یک شب عوالمی طی می‌کند. فردا غیر از اونست که دیروز بود. یکی هم مانند من و شما، مانند اگر باشد، اگر درست باشد این حرفم. مانند شما من البته اینش ندارم. یکی مانند شما انشاالله مانند شما هم باز ملعون شما می‌تونه باشه. عرض کنم که یکی هم مانند شما نماز شب می‌خواند، هی می‌خواند ولی تمام هست که. چرا؟ این رابطه‌ش خوب نیست. رابطه نوری‌ش خوب نیست. ارتباط قلبی‌ش خوب نیست. اون یک رابطه دارد، ارتباط قلبی. blandt Menschen ها که ارتباط درونی و قلبی بین انسان و خدای متعال را خراب می‌کند. اصلا این رابطه از او گرفته می‌شود. صریح روایات هست هم در مِصباح الشریعه و هم در روایات دیگر. مسئله چیست؟ مسئله طمع. طمع می‌دانید یعنی چی؟ یعنی انسان در اونچه که دست مردم هست، در اون، در اونها چشم داشته باشد، نظر داشته باشد. طمع که می‌گیم این امر قلبی است. امر قلبی یعنی انسان چشم طمع دوخته باشد به آنچه که در دست این و اون هست از متاع دنیا، از مالش، از ریاستش، از زرگش، از برگش، از ماشینش، از منزلش، از فرشش، از سنمش، از پولش، از لباسش، از طلاش، از هر نظفه دیگر. چشم طمع داشته در آنچه که در دست مردم است، ایمان رفت. خب توضیح من به شما این است که با این مسئله در وجود خودتون مقابله بکنید. سعی کنید که طمع را از خودتون، چشم طمع داشتن به آنچه در دست مردم است از خودتون دور کنید. آزاد باشید. این رشت را قطع بکنید در خاطر خودتان. چشم طمع نداشته باشید و الا اون رابطه نوری از میان می‌رود. حالا برای اینکه خوب بفهمید این روایت را، روایت خیلی مختصر برای شما می‌خوانم. روایت در اصول کافی، جلد دوم، صفحه سیصد و بیست، باب طمع. از امام سؤال کردند چیز که ایمان را در بنده، یعنی در وجود بنده، در دل بنده، اون رابطه نوری را تثبیت می‌کند. قال امام گفت البرء. برء مقابل طمع. برء مقابل طمع. حالا حرف ما در جمله بعدی است. والذي يخرجهم منه. راوی می‌گه من سؤال کردم، گفت از امام سؤال کردم حالا چه چیز انسان را از ایمان خارج می‌کند؟ از ایمان خارج می‌کند. یعنی اون رابطه را چه می‌کند؟ خراب می‌کند. قال الطمع. الطمع. آزادی نصاب. آزاد. انسان آزاد باشد از هر طمعی. غلام متاعانم که زیر چرخ کبود ز هر چه رنگ تعلق پذیرد آزادم. این عِمد می‌خواد. عِمد چ
… (truncated; see saved file for full transcript)

============================================================
SUMMARY
============================================================
Input file      : 030_30- طمع.mp3
Provider        : ElevenLabs Scribe (scribe_v2)
Audio duration  : 17:16 (1036.01 s)
Requests        : 1
Billed duration : 1037 s (rounded up to nearest second)
Rate            : $0.22 / audio hour
Estimated cost  : $0.063312 USD
Transcript saved: /Users/mohammadreza/IslamASR/Audios/AyatollahShojaee/Mabohas_Mozui/030/030_30- طمع.txt
============================================================
