Provider: ElevenLabs Scribe (scribe_v2)
Progress file (updated after each chunk): Audios/AyatollahShojaee/Tazkiyeh/064/064_غرور4 _ بحث تزکیه.partial.txt
  preparing audio (064_غرور4 _ بحث تزکیه.mp3)...
  39:25 → 1 request(s)
  progress file: Audios/AyatollahShojaee/Tazkiyeh/064/064_غرور4 _ بحث تزکیه.partial.txt
  [1/1] 0:00–39:25 (13856 KB)...
      → 24992 chars: کسانی که به مقام سلوک آمدند، قدم در طریقی در طریق سلوک گذاشتن، اینها هم به صورت‌های مختلف به غرور اغترار می‌افتند و از مغرورین و مخترین می‌شوند و، و به انواع مختلف در راه در طریق م…

============================================================
TRANSCRIPTION (preview)
============================================================
کسانی که به مقام سلوک آمدند، قدم در طریقی در طریق سلوک گذاشتن، اینها هم به صورت‌های مختلف به غرور اغترار می‌افتند و از مغرورین و مخترین می‌شوند و، و به انواع مختلف در راه در طریق معطل می‌مانند. خوب تأمل بکنیدا. به انواع مختلف. به یک نظر ما اگر بخواهیم اینجا اون صورت‌های مختلف اغترار و غرور را در خصوص ارباب سلوک، به بیان دیگر طوائف مغرورین را در خصوص ارباب سلوک بشماریم، به یک نظر نمی‌توانیم با شمردن تمام بکنیم. اصلاً به شمارش نمیاد. خیلی ریزه کاری‌ها دارند، خیلی صورت‌ها دارند اما به بعضی از صورت‌هاشون من اشاره می‌کنم. یک عده از صالحین الله یعنی طایفه‌ای از صالحین الله یعنی اونایی که به سلوک شروع کردن، به این راه قدم گذاشتن. یک عده از این‌ها در همون مراحل اولیه به نوع خاصی غرور اون‌ها را می‌گیرد و فریب می‌خورند، مغرور می‌شوند، مختر می‌شوند و قرآنا در همان قدم‌های اولیه می‌مانند و راه به جایی نمی‌برند. و یا اون شروعی که کرده بودند اونم یواش یواش از دستشون چی میشه کنه؟ از دستشون می‌رود بر می‌گردند به همان دوران جاهلیت. جاهلیت به معنی قبل از شروع سلوک . اینها چگونه مختر می‌شوند؟ اینها اینجور وقتی شروع کردن در مراحل ابتدایی این غرور به سراغ بعضی‌ها میاد. شروع که کردن خب یهو تا حدودی فهمیدن، بیدار شدن. به اصطلاح اون قدم اول یغزه تا حدودی بیدار شدن، توبه کردن، برگشتن، شروع کردن که شبانه روز مراقبت بکنند به تزکیه نفس و تجدید باطن و تطهیر دل بپردازند و الی آخر و ذکرا و اوراد و برنامه‌ها را شروع کردن، مراقبت‌ها را. اینها که شروع کردن خب اول کار است، اول کار است. فرد نفخته اول کار مشکلات راه زیاد، عذارات‌ها پر در وجود و یه آدم معمولی بوده گرفتار و اسیر تازه قدم به راه گذاشته. این خب با ده‌ها و بی‌شمار مشکلات، موانع روبرو خواهد شد. از جمله مشکلات که اینها روبرو می‌شوند، یک تیپ مشکلاتی است که اینها در برنامه زندگیشون دارند. مسائل، مشکلات در برنامه زندگیشون دارند که فلان مشکل باید فلان طور حل بشه. مشکل از فلان، فلان کار فلان طور بشه، فلان مسئله حالا حل بشه. اینجور خب همه در زندگیشون دارند دیگه. اینها که شروع کردن این مسائل تهاجم می‌کند به قلبشون. حوصله این‌ها را می‌برد، مشغولشون می‌کند که مشغولشون که کرده بود الانم باز تهاجم می‌کند به قلبشون. اون وقت اینها دیگه اون تلاش لازم و مجا
… (truncated; see saved file for full transcript)

============================================================
SUMMARY
============================================================
Input file      : 064_غرور4 _ بحث تزکیه.mp3
Provider        : ElevenLabs Scribe (scribe_v2)
Audio duration  : 39:25 (2364.62 s)
Requests        : 1
Billed duration : 2365 s (rounded up to nearest second)
Rate            : $0.22 / audio hour
Estimated cost  : $0.144505 USD
Transcript saved: Audios/AyatollahShojaee/Tazkiyeh/064/064_غرور4 _ بحث تزکیه.txt
============================================================
