Provider: ElevenLabs Scribe (scribe_v2)
Progress file (updated after each chunk): /Users/mohammadreza/IslamASR/Audios/AyatollahShojaee/Mabohas_Mozui/014/014_14- سنت استدراج.partial.txt
  preparing audio (014_14- سنت استدراج.mp3)...
  43:28 → 1 request(s)
  progress file: /Users/mohammadreza/IslamASR/Audios/AyatollahShojaee/Mabohas_Mozui/014/014_14- سنت استدراج.partial.txt
  [1/1] 0:00–43:28 (15281 KB)...
      → 26874 chars: بسم الله الرحمن الرحیم. فذرنی و من يكذب بهذا الحديث سنستدرجهم من حيث لا يعلمون. وامل لهم ان كيدي متين. جمله در آخر دعای عرفه اواخرش. این جمله را می‌خواندم بعد اللهم لا تنكر بي ولا …

============================================================
TRANSCRIPTION (preview)
============================================================
بسم الله الرحمن الرحیم. فذرنی و من يكذب بهذا الحديث سنستدرجهم من حيث لا يعلمون. وامل لهم ان كيدي متين. جمله در آخر دعای عرفه اواخرش. این جمله را می‌خواندم بعد اللهم لا تنكر بي ولا تستدرجني ولا تخدعني. به نظرم آمد که در این باب قبلاً هم مکرر به نظرم آمده بود که لازم است توضیحی داده شود و شماها متذکر باشید و متذكر باشیم. هم حقیقتی از حقایق قرآنی را بفهمیم و هم اون تذکر‌های لازم را برای خود اخذ بکنیم. مسئله استدراج یکی از حقایقی است که قرآن مطرح می‌فرماید. در این دعا هم دعای عرفه که می‌خواندیم در آخر دعای عرفه البته اون قسمتی که بعداً ذیل می‌شود اون نه، اون اصل دعای عرفه البته اونی که بعداً ذیل هستند جزء دعای عرفه است. برای اینکه مقصودم اون خصوصیاتش رو می‌خوام بگم. آخر دعای عرفه قسمت اول. اللهم لا تنكر بي ولا تستدرجني. در دعا هم همین مسئله به صورت یک دعا و خواست از خداy تعالی مطرح شده. اللهم لا تنكر بي ترجمه ساده‌اش این می‌شود خدایا [نفس عمیق] مرا مشمول مکر خود قرار مده و استدراجم نکن. به اون حقیقتی که در قرآن مطرح است ناظر است. در این دعا و در جاهای دیگر معمولاً در دعا‌هایی که هست از حضرات معصومین صلوات الله علیهم اجمعین وارد شده است. گاهی این جمله به چشم می‌خورد. از خدا می‌خواهد که مشمول مکر نفرماید و استدراج نکند. یکی از چیزهاست که انسان باید به خدا پناه ببرد که مستدرج باشد. اما چون ما نمی‌فهمیم معنی استدراج چیست؟ شاید هم به اجمال شنیده باشید. من برای اینکه اونا که اصلاً نمی‌دانند یا اونا که به اجمال شنیدند خوب بفهمید امروز در حدی که فرصت ایجاب می‌کند این مسئله را و حوصله جلسه ایجاب می‌کند این مسئله را توضیح می‌دهم. اولاً توضیح مفصلش به جلسات متعدد احتیاج دارد. بیان ابعاد ریزه کاری‌هاش هم حوصله‌های بالا و از اون رو پزیش‌های بالا می‌خواد. ریزه کاری‌های زیادی دارد، لغوز بالایی دارد. اون‌ها را دیگه می‌گذریم و از خدا می‌خواهیم که به حقایق دلیل قرآنی از جمله به حقایقی که دلیل است و در استدراج هست ما و شما را هدایت بکند و بفهماند این. اصل استدراج در قرآن مطرح شده است. گفتم در دعاها این میاد. آیاتی که تلاوت شد از سوره قلم است. نون و قلم. فذرنی و من يكذب بهذا الحديث سنستدرجهم من حيث لا يعلمون. وامل لهم ان كيدي متين. می‌فرماید این خطاب رسول اکرم صلوات الله علیه هست که این‌ها
… (truncated; see saved file for full transcript)

============================================================
SUMMARY
============================================================
Input file      : 014_14- سنت استدراج.mp3
Provider        : ElevenLabs Scribe (scribe_v2)
Audio duration  : 43:28 (2607.84 s)
Requests        : 1
Billed duration : 2608 s (rounded up to nearest second)
Rate            : $0.22 / audio hour
Estimated cost  : $0.159368 USD
Transcript saved: /Users/mohammadreza/IslamASR/Audios/AyatollahShojaee/Mabohas_Mozui/014/014_14- سنت استدراج.txt
============================================================
