Provider: ElevenLabs Scribe (scribe_v2)
Progress file (updated after each chunk): /Users/mohammadreza/IslamASR/Audios/AyatollahShojaee/Mabohas_Mozui/028/028_28- نکاتی در مورد چگونگی حضور مرگ در موقف مرگ.partial.txt
  preparing audio (028_28- نکاتی در مورد چگونگی حضور مرگ در موقف مرگ.mp3)...
  38:26 → 1 request(s)
  progress file: /Users/mohammadreza/IslamASR/Audios/AyatollahShojaee/Mabohas_Mozui/028/028_28- نکاتی در مورد چگونگی حضور مرگ در موقف مرگ.partial.txt
  [1/1] 0:00–38:26 (13515 KB)...
Transcription failed: ElevenLabs Scribe: HTTP 400: {"detail":{"type":"invalid_request","code":"bad_request","message":"The uploaded file is empty or corrupted.","status":"empty_file","request_id":"58e8f8efb3e2f3afdfbd51b6ec2b8797","param":"file"}}
Provider: ElevenLabs Scribe (scribe_v2)
Progress file (updated after each chunk): /Users/mohammadreza/IslamASR/Audios/AyatollahShojaee/Mabohas_Mozui/028/028_28- نکاتی در مورد چگونگی حضور مرگ در موقف مرگ.partial.txt
  preparing audio (028_28- نکاتی در مورد چگونگی حضور مرگ در موقف مرگ.mp3)...
  38:26 → 1 request(s)
  progress file: /Users/mohammadreza/IslamASR/Audios/AyatollahShojaee/Mabohas_Mozui/028/028_28- نکاتی در مورد چگونگی حضور مرگ در موقف مرگ.partial.txt
  [1/1] 0:00–38:26 (13515 KB)...
      → 20354 chars: [آیه قرآن]  [آیه قرآن] این آیات روی یک جمله‌ش من می‌خواستم تذکراتی باز به شما عرض کنم. به صورت البته از عنوان و خلاصه. آیات در خصوص البته خب مضامین مخصوصی دارن. [آیه قرآن] سوره بقر…

============================================================
TRANSCRIPTION (preview)
============================================================
[آیه قرآن]  [آیه قرآن] این آیات روی یک جمله‌ش من می‌خواستم تذکراتی باز به شما عرض کنم. به صورت البته از عنوان و خلاصه. آیات در خصوص البته خب مضامین مخصوصی دارن. [آیه قرآن] سوره بقره است آیه صد و سی، صد و سی و یک، صد و سی و دو. ترجمه‌ش اینطور است که ترجمه ساده، ساده‌ش [آیه قرآن] کیست از اون راهی که ابراهیم سلام الله علیه داشت. ملت معنی همون راه و طریق و روش بود. کیست از ملت ابراهیم، راه و روش ابراهیم. اعراض بکند از اون گردان باشد. چه کسی است مگر اینکه فکر و عقلش خوب کار نکند. [آیه قرآن] بعد می‌فرماید [آیه قرآن] ما او را، ابراهیم را برگزیدیم در دنیا، در این زندگی دنیا یعنی برای خودمون برگزیدیم. [آیه قرآن] و او در آخرت از صالحان است. چگونه برگزیدیم او را وقتی که پروردگار از ابراهیم گفت اسلم. اسلام به آ اسلام معنی کرده تسلیم در برابر خدای متعال و وجود است. [آیه قرآن] گفت که من اسلام آوردم پروردگارا. [آیه قرآن] حالا من تفسیر نمی‌کنم آیات را البته یه جمله اینجا است خواستم خصوصا یک جمله برای شما تذکراتی عرض بکنم. تفسیر نیست. [آیه قرآن] این ملت و مذهبی که ابراهیم داشت که اسلام و تسلیم در برابر خدای متعال در مرتبه بالا اسلام و تسلیم بود. این اسلام و تسلیم را به as به قول معروف ذهن به ملت برمی‌گردد به ذهن و معني صابون. [آیه قرآن] این ملت و طریقه را ابراهیم توصیه کرد به فرزندانش که این طریقه را داشته باشید. و یعقوب هم به فرزندانش سلام الله علیهم все توصیه کرد. گفتند يا بني يا فرزندان [آیه قرآن] خدا برای شما دین برگزیده است، اختیار کرده است، معین فرموده است. [آیه قرآن] مواظبت بکنید نمیرید مگر در حال اسلام. [آیه قرآن] نمیرید به فرزندانشون گفتن نمیرید مگر در حالی که شما در حال تسلیم اسلام هستید. در اسلام و تسلیم ابراهیم سلام الله علیه یک معلم توحید و اسلام و تسلیم است. قسمتی در اینجا بیان شده اما منظور من تو-- توضیح و تفسیر اینها نیست. تذکری است که برای ما لازم است، برای شما لازم است. در ارتباط با همین جمله اخیر که از جمله توصیه‌های ابراهیم سلام الله علیه و یعقوب به فرزندانشان بوده است که [آیه قرآن] خدا برای شما دین و راه و روش تعیین کرده است. مواظبت بکنید نمیرید مگر در حال اسلام. این جمله [آیه قرآن] من روی این جمله می‌خواستم به تذکراتی را بگم. نمیرید مگر در حالی که شما در حال اس
… (truncated; see saved file for full transcript)

============================================================
SUMMARY
============================================================
Input file      : 028_28- نکاتی در مورد چگونگی حضور مرگ در موقف مرگ.mp3
Provider        : ElevenLabs Scribe (scribe_v2)
Audio duration  : 38:26 (2306.45 s)
Requests        : 1
Billed duration : 2307 s (rounded up to nearest second)
Rate            : $0.22 / audio hour
Estimated cost  : $0.140950 USD
Transcript saved: /Users/mohammadreza/IslamASR/Audios/AyatollahShojaee/Mabohas_Mozui/028/028_28- نکاتی در مورد چگونگی حضور مرگ در موقف مرگ.txt
============================================================
