Provider: ElevenLabs Scribe (scribe_v2)
Progress file (updated after each chunk): /Users/mohammadreza/IslamASR/Audios/AyatollahShojaee/CheraghHedayat/010/010_درخصوص حضرت اباعبدالله (ع) (چراغ هدایت) 10_.partial.txt
  preparing audio (010_درخصوص حضرت اباعبدالله (ع) (چراغ هدایت) 10_.mp3)...
  29:14 → 1 request(s)
  progress file: /Users/mohammadreza/IslamASR/Audios/AyatollahShojaee/CheraghHedayat/010/010_درخصوص حضرت اباعبدالله (ع) (چراغ هدایت) 10_.partial.txt
  [1/1] 0:00–29:14 (10277 KB)...
      → 17328 chars: [شعر] حسین، حسین، حسین، حسین. حسین، حسین، حسین، حسین. شهید که برفت حسین. حسین، حسین، حسین، حسین. رعیف نه نگفت حسین. حسین، حسین، حسین- السلام علیک یا أبا عبدالله الحسین وعلى الأرواح…

============================================================
TRANSCRIPTION (preview)
============================================================
[شعر] حسین، حسین، حسین، حسین. حسین، حسین، حسین، حسین. شهید که برفت حسین. حسین، حسین، حسین، حسین. رعیف نه نگفت حسین. حسین، حسین، حسین- السلام علیک یا أبا عبدالله الحسین وعلى الأرواح التي حلت بفنائك. چراغ هدایت. چراغ مصباح هدایت تویی. چراغ مصباح هدایت تویی. سفینه‌ی غصه‌ را یم کنم. سفینه‌ی غصه‌ را- بسم الله الرحمن الرحيم. وَهُوَ رَبُّ الْحُسَيْنِ الَّذِي قُتِلَ عَطْشَانًا. سلام بر حسین و بر یاران حسین و سلام بر شما دوستداران مکتب حسین علیه السلام. دوستان دهمین برنامه چراغ هدایت را می‌شنوید. در این برنامه بخش دیگری از مطالب حکیم وارسته آیت الله محمد شجاعی را تقدیم حضورتان می‌کنیم. در باب شخصیت و جایگاه حضرت سید الشهدا علیه السلام در برنامه گذشته شنیدیم که استاد روایتی را از حضرات معصومین علیهم السلام نقل کردند که بیانگر اهمیت زیارت امام حسین علیه السلام است. در این برنامه استاد ابتدا سری از اسرار زیارات اولیاء خدا را توضیح می‌دهند و مکاشفاتی از برخی مؤمنین را در باب زیارات معصومین علیهم السلام بیان می‌کنند. این بحث را با هم می‌شنویم. بسم الله الرحمن الرحيم. الحمد لله رب العالمين وصلى الله على محمد و آله الطاهرين. برکات زیارت، زیارت سید الشهدا سلام الله علیه که یکی دو تا نیست من نخواستم بگم و بعضی جاها هم خواستم بعضیشو بگم. الان فقط به شما می‌خواستم نکته‌ای عرض بکنم و بعد هم به بعضی از مکاشفاتی که بعضی از خوبان داشته‌اند در اینجا بعد از حرف‌هایی که میگم اشاره خواهم کرد. توجه بکنید که در هر زیارتی که، یک نکته را توجه بکنید، در هر زیارتی که من و شما می‌کنیم سید الشهدا سلام الله علیه از دور باشد و کسی از نزدیک موفق به زیارت قبر باشد، این آثار و برکات زیادی که من نخواندم و در روایات هست به چشم می‌خورد هست و اگر انسان بفهمد واقعاً باید دست بردارد نباشد، حتی در بعضی از مکاشفات برای بعضی‌هایی معلوم شده است. الان بعدا عرض می‌کنم. این جهتش این است که، برای این جهتش را خوب بفهمید. وقتی که من و شما سید الشهدا سلام الله علیه را به اجمال می‌شناسیم، به عنوان امامت قبول داریم، محبت به حضرتش داریم. او هم که سر الله است، او هم که خالصة الله است. اون به اصطلاحی که من الآن الفاظی که دارم و حکایت از منزلت بسیار بالای اون حضرت می‌کند. وقتی من و شما متوجه او شدیم به عنوان زیارت این نکته پیش ش
… (truncated; see saved file for full transcript)

============================================================
SUMMARY
============================================================
Input file      : 010_درخصوص حضرت اباعبدالله (ع) (چراغ هدایت) 10_.mp3
Provider        : ElevenLabs Scribe (scribe_v2)
Audio duration  : 29:14 (1753.88 s)
Requests        : 1
Billed duration : 1754 s (rounded up to nearest second)
Rate            : $0.22 / audio hour
Estimated cost  : $0.107182 USD
Transcript saved: /Users/mohammadreza/IslamASR/Audios/AyatollahShojaee/CheraghHedayat/010/010_درخصوص حضرت اباعبدالله (ع) (چراغ هدایت) 10_.txt
============================================================
