Provider: ElevenLabs Scribe (scribe_v2)
Progress file (updated after each chunk): /Users/mohammadreza/IslamASR/Audios/AyatollahShojaee/Mabahese_Tohidi/011/011_مباحث-توحیدی-11.partial.txt
  preparing audio (011_مباحث-توحیدی-11.mp3)...
  20:58 → 1 request(s)
  progress file: /Users/mohammadreza/IslamASR/Audios/AyatollahShojaee/Mabahese_Tohidi/011/011_مباحث-توحیدی-11.partial.txt
  [1/1] 0:00–20:58 (7370 KB)...
      → 12611 chars: بسم الله الرحمن الرحيم. قل هو الله أحد. به نام خداوند بخشایشگر مهربان. بگو خدا یک است. توحیدنامه با بیانات حضرت آیت الله محمد شجاعی. مقصود از بحث توحید صفت از معرفت خدای متعال، صفا…

============================================================
TRANSCRIPTION (preview)
============================================================
بسم الله الرحمن الرحيم. قل هو الله أحد. به نام خداوند بخشایشگر مهربان. بگو خدا یک است. توحیدنامه با بیانات حضرت آیت الله محمد شجاعی. مقصود از بحث توحید صفت از معرفت خدای متعال، صفات خدای متعال و افعال خدای متعال به یک بیان دیگر به اصطلاح معرفت و حضانیت ذات مقدس حق و اینکه جز ذات او ذاتی نیست و جز صفات او صفاتی نیست و جز افعال او افعالی نیست. بسم الله الرحمن الرحیم. خداوندا بر محمد و آلش درود فرست و ایمان مرا به کمال مطلوب برسان. یقین مرا برترین یقین گردان. نیت مرا به بهترین نیتها و کارهای مرا به نیکوترین کارها منتهی گردان. خدایا به لطف خود نیت مرا خالص گردان و به آنچه نزد توست یقینم را تصحیح نما و به قدرت خود کارهای تباه مرا سامان بخش. دوستان قرآنی سلام. ویژه برنامه توحیدنامه را می‌شنوید از شبکه رادیویی قرآن و بهره‌مند می‌شوید از بیانات عالمانه دانشمند فرزانه حضرت آیت الله محمد شجاعی درباره توحید خداوند. [خوانی گروه موسیقی] یا الله الله سبحان الله الحمد لله الله الله. یا الله الله سبحان الله الحمد لله الله الله. منور النور مدبر النور خالق النور مقدر النور. یا منور النور مدبر النور خالق النور مقدر النور. یا الله الله سبحان الله الحمد لله الله الله. یا الله الله سبحان الله الحمد لله الله الله. يا مَن إليْ يهرع الخائفون. يا مَن إليْ يفتعل المذنبون. يا مَن إليْ يقصد المنيبون. يا مَن إليْ يرجو السائلون. يا مَن إليْ يسكن الموغلون. يا مَن بهِ يستانس المريدون. يا الله الله سبحان الله الحمد لله الله الله. يا الله الله سبحان الله الحمد لله الله الله. يا الله الله سبحان الله الحمد لله الله الله. همراهان گرامی، حضرت آیت الله محمد شجاعی در برنامه گذشته فرمودند تمام ضررها و بدی‌هایی که به انسان‌ها می‌رسد به دلیل اراده و انتخاب آنها و اینکه مسیر غلط در پیش گرفته‌اند و ظلم و گناه کرده‌اند می‌باشد. چنانکه خداوند در آیه سی و شش سوره مبارکه روم می‌فرماید وقتی به مردم رحمتی چشاندیم با آن شاد می‌شوند و اگر بدی به آنها برسد به جهت آنچه که خود انجام داده‌اند، آن وقت مأیوس می‌شوند. و در سوره مبارکه مائده نیز خداوند خطاب به رسول اکرم صلی الله علیه و آله و سلم می‌فرماید بین مردم با آنچه خدا نازل کرده است حکم کن. تابع هوی و هوس نباش. اگر آنها به آن حکم راضی نشدند و سرپیچی کردند، ناراحت نباش. 
… (truncated; see saved file for full transcript)

============================================================
SUMMARY
============================================================
Input file      : 011_مباحث-توحیدی-11.mp3
Provider        : ElevenLabs Scribe (scribe_v2)
Audio duration  : 20:58 (1257.66 s)
Requests        : 1
Billed duration : 1258 s (rounded up to nearest second)
Rate            : $0.22 / audio hour
Estimated cost  : $0.076857 USD
Transcript saved: /Users/mohammadreza/IslamASR/Audios/AyatollahShojaee/Mabahese_Tohidi/011/011_مباحث-توحیدی-11.txt
============================================================
