Provider: ElevenLabs Scribe (scribe_v2)
Progress file (updated after each chunk): Audios/AyatollahShojaee/Tazkiyeh/058/058_نفاق 1 _ بحث تزکیه.partial.txt
  preparing audio (058_نفاق 1 _ بحث تزکیه.mp3)...
  24:02 → 1 request(s)
  progress file: Audios/AyatollahShojaee/Tazkiyeh/058/058_نفاق 1 _ بحث تزکیه.partial.txt
  [1/1] 0:00–24:02 (8451 KB)...
      → 15901 chars: بسم الله الرحمن الرحیم. بحث ما در مخلکات بود. صحبت از مخلکات بود که چیزهایی که در مقام سلوک مخلک است البته برای همه مخلک است الا اینکه در مقام سلوک کسی که می‌خواهد سالک باشد با وجو…

============================================================
TRANSCRIPTION (preview)
============================================================
بسم الله الرحمن الرحیم. بحث ما در مخلکات بود. صحبت از مخلکات بود که چیزهایی که در مقام سلوک مخلک است البته برای همه مخلک است الا اینکه در مقام سلوک کسی که می‌خواهد سالک باشد با وجود این مخلکات در طریق هیچ وقت موفق نخواهد بود به اون معنا که باید باشد. مدت‌هاست که مسئله‌ی هوا را به عنوان یکی از مخلکات در اینجا مطرح کرده‌ایم و هوای نفس، هوا، هوای غیر، به تعبیری هوای نفس به تعبیری هوای غیر. سالکی که هوای غیر دارد یا اغیار دارد یا هوای نفس دارد. این هوا یکی از مخلکات است و در طریق مخلک است. سالک را نمی‌گذارد به آن نتیجه و به مقصد اعلی که در سلوک مقصد است نائل شود. هوا را عنوان کرده‌ایم و جلوات هوا را مدت‌هاست در اینجا صحبت می‌کنیم که هوا در چه صورت‌هایی به عنوان یک مخلک در چه صورت‌هایی جلوه می‌کند و ظهور دارد. آنوقت جلوات هوا را مدت‌هاست می‌شماریم. به جلوه‌ی دیگری در این مبحث در این جلسه می‌پردازیم از جلوات هوا. به یک نظر بنابراین ما در یک مخلک صحبت می‌کنیم که هواس به یک نظر جلوات هواس که مخلکات می‌گیم. جمع می‌آوریم به عنوان اینکه این‌ها جلوه‌های هواس و هوا خود مخلک است و این‌ها هم مخلک خواهند بود. اونچه که در این جلسه می‌خواستیم صحبت بکنیم انشاالله که خوب به غف میفرمایید که از اون مخلکاتی است که در طریق سلوک در مراتب مختلف این مسئله عنوان می‌شود و بعضی مراتبش خیلی روشن است. همین که از خواهیم کرد در بعضی مراحل و مراتب خیلی خفیف است. مسئله تشخیصش خیلی مشکل است و نجات یافتن از اون هم مشکل‌تر است. مسئله نفاق است. نفاق. خب معنی نفاق را تا حدودی آشنا هستیم به اون معنی عام و وسیعش یا در بعضی از مصادیق روشن‌ش می‌دانیم نفاق یعنی چه؟ در مرحله نفاق به این معنا است که اون نفاق بارز و روشن که برای همه ماها روشن است و یکی از معانی نفاق و منافق هست و در آیات و روایات به این معنا هم آمده این است که نفاق، کفر است. اصطلاحاً یعنی کسی به ظاهر ادعای ایمان و اسلام و تظاهر به اسلام و ایمان بکند ولی در باطن ایمان نداشته باشد، اسلام نیاورده باشد، این نفاق و کفر است. اون مثال روشن نفاق و منافقی است یا منافق. این معنا را می‌دانیم اما این معنی روشن و بارز یا موردی از موارد نفاق است و منافق است. تنها در این مورد منحصر نیست نفاق و منافق. مراتب و مراحل دیگری دارد که هرچه عمیق‌تر بشویم مراتبش عمیق‌تر 
… (truncated; see saved file for full transcript)

============================================================
SUMMARY
============================================================
Input file      : 058_نفاق 1 _ بحث تزکیه.mp3
Provider        : ElevenLabs Scribe (scribe_v2)
Audio duration  : 24:02 (1442.27 s)
Requests        : 1
Billed duration : 1443 s (rounded up to nearest second)
Rate            : $0.22 / audio hour
Estimated cost  : $0.088139 USD
Transcript saved: Audios/AyatollahShojaee/Tazkiyeh/058/058_نفاق 1 _ بحث تزکیه.txt
============================================================
