Provider: ElevenLabs Scribe (scribe_v2)
Progress file (updated after each chunk): /Users/mohammadreza/IslamASR/Audios/AyatollahShojaee/Mabahese_Tohidi/015/015_مباحث-توحیدی-15.partial.txt
  preparing audio (015_مباحث-توحیدی-15.mp3)...
  25:01 → 1 request(s)
  progress file: /Users/mohammadreza/IslamASR/Audios/AyatollahShojaee/Mabahese_Tohidi/015/015_مباحث-توحیدی-15.partial.txt
  [1/1] 0:00–25:01 (8798 KB)...
      → 14071 chars: بسم الله الرحمن الرحيم. قل هو الله أحد. به نام خداوند بخشایشگر مهربان. بگو خدا یکی است. توحیدنامه. با بیانات حضرت آیت الله محمد شجاعی. مقصود از بحث توحید، بحث از معرفت خدای متعال، …

============================================================
TRANSCRIPTION (preview)
============================================================
بسم الله الرحمن الرحيم. قل هو الله أحد. به نام خداوند بخشایشگر مهربان. بگو خدا یکی است. توحیدنامه. با بیانات حضرت آیت الله محمد شجاعی. مقصود از بحث توحید، بحث از معرفت خدای متعال، صفات خدای متعال و افعال خدای متعال، یکی از بیان دیگر به اصطلاح معرفت وحدانیت ذات مقدس حق و اینکه جز ذات او ذاتی نیست و جز صفات او صفاتی نیست و جز افعال او افعالی نیست. بسم الله الرحمن الرحيم. وصيت‌های بارانی که ظلمت را به پایان برد. قرون تشنگی را ناگهان از یاد انسان برد. همین که گفت چون رعدی به گوش ظلم می‌پیچم، صدایش آبروی هرزگویان را چه آسان برد. خودش بود و خودش تنها به جنگ کفر صحرا رفت. همان باران با ایمان که سر در گوش دوران برد. تلاوت کرد من بر خارزار کفر می‌بارم که باید قحطی گل بوته‌ها را از بیابان برد. همان آیات بارانی که شب تا صبح دم بارید، زمین نو مسلمان را به جمع رستگاران برد. وصیت کرد ایمان را مبادا گم کنید ای قوم که باران هر که رحمت داشت ارث از نسل ایمان برد. دوستان شنونده سلام. برنامه توحیدنامه را می‌شنوید از شبکه رادیویی قرآن و بهره‌مند می‌شوید از بیانات عالمانه دانشمند فرزانه حضرت آیت الله محمد شجاعی درباره توحید و معرفت خداوند. حضرت آیت الله شجاعی در برنامه گذشته فرمودند سیر و سلوک عبودی در حقیقت سیر توحیدی و سلوک در مدارج توحید است. فنا مرحله‌ای یا خصوصیتی برای سالک ربوبی برای کسی که در مدارج توحید عبودیت می‌کند پیش می‌آید که در آن مرحله عبادت کننده و سالک به مرحله فنا می‌رسد. مرحله فنا در آخرین مرحله سیر و سلوک عبودی یا توحیدی قرار می‌گیرد. یعنی سالک به مرحله‌ای می‌رسد از لحاظ سیر عبودی و سیر در مدارج عبودیت و توحید که فعل خودش را فانی در فعل حق می‌بیند. وصف خود را هم فانی در وصف حق و ذات خود را نیز فانی در ذات حق می‌بیند. علاوه بر این همه افعال را هم فانی در فعل حق می‌بیند. نه تنها فعل خود را فعل هر فاعلی را هم فانی در فعل حق می‌بیند. وصف هر صاحب وصفی و همه اوصاف کمالی را هم فانی در وصف حق و همه ذوات را هم فانی در ذات حق می‌بیند. این مرحله فنا از مراحل سلوک عبودی و منزلی از منازل عبودیت یا مقامی از مقامات عبودی است که اهل عبادت اگر در سیر عبودی خود موفق باشند و در صراط مستقیم قرار داشته باشند به آن می‌رسند. خب دوستان اکنون توجه شما را جلب می‌کنیم به ادامه بیانات ارزشمند عا
… (truncated; see saved file for full transcript)

============================================================
SUMMARY
============================================================
Input file      : 015_مباحث-توحیدی-15.mp3
Provider        : ElevenLabs Scribe (scribe_v2)
Audio duration  : 25:01 (1501.45 s)
Requests        : 1
Billed duration : 1502 s (rounded up to nearest second)
Rate            : $0.22 / audio hour
Estimated cost  : $0.091755 USD
Transcript saved: /Users/mohammadreza/IslamASR/Audios/AyatollahShojaee/Mabahese_Tohidi/015/015_مباحث-توحیدی-15.txt
============================================================
