Provider: ElevenLabs Scribe (scribe_v2)
Progress file (updated after each chunk): Audios/AyatollahShojaee/Tazkiyeh/086/086_رذيله مهلکه جهل 2 _ بحث تزکیه.partial.txt
  preparing audio (086_رذيله مهلکه جهل 2 _ بحث تزکیه.mp3)...
  43:09 → 1 request(s)
  progress file: Audios/AyatollahShojaee/Tazkiyeh/086/086_رذيله مهلکه جهل 2 _ بحث تزکیه.partial.txt
  [1/1] 0:00–43:09 (15172 KB)...
      → 27479 chars: اعوذ بالله السميع العليم من الشيطان الرجيم. بسم الله الرحمن الرحيم. یکی از محرکاتی که از اون اول برای انسان محرک است این است که انسان به طریق و سلوک قدم بگذارد و طریق را با ابعادش …

============================================================
TRANSCRIPTION (preview)
============================================================
اعوذ بالله السميع العليم من الشيطان الرجيم. بسم الله الرحمن الرحيم. یکی از محرکاتی که از اون اول برای انسان محرک است این است که انسان به طریق و سلوک قدم بگذارد و طریق را با ابعادش نشناسد. البته توجه داشته باشید منظور من از اینکه میگم باید سالک از این جهل خودش اول نجات بده باید عالم به راه باشد و جهل که به عنوان محرک است ازش پرهیز بکند. معنیش این نیست که من، منظور ما این نیست که همه آنچه که در طریق ولایت است، همه ابعاد قضایا را، همه مسائل را اول باید یاد بگیرد. این هیچ وقت برای به اصطلاح مخصوصاً عامه اون‌ها که میخوان قدم در طریق سلوک بگذارند ممکن نیست. اما باید اونچه که در مراحل اولیه لازم است اون‌ها را خوب یاد بگیرد تا قدم به قدم شروع به سلوک عملی کرد از طرفی مجاهدت علمیش را هم ادامه داد قدم به قدم بقیه یاد گرفتنه‌ها را هم که می‌کند یاد بگیرد. اول اون حد ضرورت را باید یاد بگیرد. اون‌ها را باید و الا با جهل اگر قدم بگذارد به طریق در خطر است. خب حالا من در این باب یه روایت برای شما می‌خوانم. اول این روایتی من از اصول کافی، جلد یک، کتاب عقل و جهل برای شما بخوانم که در فضیلت جهل یعنی جهل چقدر بد است در رذیلت جهل. من به صورت تیز گفتم فضیلت. که این بیانی است از رسول اکرم صلی الله علیه و آله و سلم. که اصولا جهل، جاهل خلاصه چیست؟ جلد یک اصول کافی، کتاب عقل و جهل، حدیث بیست و پنج. قال رسول الله صلی الله علیه و آله و سلم، رسول الله فرمود یا علی لا فقر اشد من الجهل. رسول الله به علی علیه السلام فرمود علی فقر شدیدتر از جهل نیست. لا فقر اشد من الجهل. با دست تهی در سلوک نمی‌شود پیش رفت. باید دست پر باشد. باید انسان روشن بشه. راهی که در چه راهی قدم گذاشته. مقصد خیلی بزرگ است. راه هم مسلماً شما خودتون منصفانه قضاوت بکنید. مقصد که ذات حضرت حق اون بی‌نهایت جمال و جلال مطلبه است. به اون مقصد بزرگ من و شمای ناچیز بخواهیم برسیم و این موجوداتی که من و شما باشیم سرتاپا فقر و عکس و به اصطلاح عدمیم برسیم. این معلوم است که راهش خیلی راه دقیق و پرپیچ و خم و دارای ابعاد است. یک خورده انسان لرزید رفته. خب شما الآن از اول بچگی یاد گرفته‌اید صراط باریکتر از مو است، بُرنده تر از چیه؟ شمشیر است. همین صراط است دیگه. صراط الله است. در اینجاست و در اونجا هم هست. اون یکی در قیامت است که صراط ازش عبور م
… (truncated; see saved file for full transcript)

============================================================
SUMMARY
============================================================
Input file      : 086_رذيله مهلکه جهل 2 _ بحث تزکیه.mp3
Provider        : ElevenLabs Scribe (scribe_v2)
Audio duration  : 43:09 (2589.26 s)
Requests        : 1
Billed duration : 2590 s (rounded up to nearest second)
Rate            : $0.22 / audio hour
Estimated cost  : $0.158233 USD
Transcript saved: Audios/AyatollahShojaee/Tazkiyeh/086/086_رذيله مهلکه جهل 2 _ بحث تزکیه.txt
============================================================
