Provider: ElevenLabs Scribe (scribe_v2)
Progress file (updated after each chunk): Audios/AyatollahShojaee/Tazkiyeh/044/044_نمامي وفاش کردن اسرار ديگران _ بحث تزکیه.partial.txt
  preparing audio (044_نمامي وفاش کردن اسرار ديگران _ بحث تزکیه.mp3)...
  26:08 → 1 request(s)
  progress file: Audios/AyatollahShojaee/Tazkiyeh/044/044_نمامي وفاش کردن اسرار ديگران _ بحث تزکیه.partial.txt
  [1/1] 0:00–26:08 (9190 KB)...
      → 17332 chars: بحث ما در ظهورات و جلوات هوا بود که چندین جلسه بحث کرده‌ایم. در این جلسه باز به یکی از جلوه‌های هوا به شکل خاص در وجود انسان اشاره می‌کنیم. به یکی یا دو تا ان‌شاءالله اگر فرصت رسید…

============================================================
TRANSCRIPTION (preview)
============================================================
بحث ما در ظهورات و جلوات هوا بود که چندین جلسه بحث کرده‌ایم. در این جلسه باز به یکی از جلوه‌های هوا به شکل خاص در وجود انسان اشاره می‌کنیم. به یکی یا دو تا ان‌شاءالله اگر فرصت رسید فرصت ایجاب کرد. از جمله جلوات هوا و ظهورات هوا البته این تعبیر جلوات و ظهورات عرض می‌کنیم قبلاً هم گاهی این تعبیر را بعد از آوردن این تعبیر توضیح داده‌ایم که معنی این تعبیر این است که هوا در وجود انسان به شکل‌های مختلف جلوه می‌کند و در جلوات مختلف ظهور دارد و خلاص شدن از هوا که اصل مهلک در همه هوا خلاصه می‌شود در مقام سلوک، خلاص شدن از هوا در جلوات مختلف خیلی کار سخت است و همان جهاد اکبر که رسول اکرم صلی الله علیه و آله و سلم بیان فرمودند در واقع جهاد با هوای نفس است. اما چرا جهاد اکبر است؟ چرا خیلی سخت است؟ چون جلوات هوا زیاد است و در مراتب مختلف است. تشخیصش مشکل است. مبارزه‌اش ازش مشکل‌تر می‌شود. و باز گفته‌ایم که آنچه در این مباحث ما عنوان می‌کنیم و از جلوات و ظهورات هوا در اینجا تحلیل می‌کنیم و از روی آیات و روایات استفاده می‌کنیم و توضیح می‌دهیم، اینها بیشتر می‌رسد به اون هواهای خیلی روشن و بارز یا به اون جلوه‌های خیلی روشن و بارز از هوای نفس. بعضی از جلوات یا قسمت مهمی از جلوات و ظهورات هوا که خیلی ظریف و دقیق است، اصلش در مقام عمل روشن می‌شود. دیگه به بیان و زبان اصلاً نمیاد و این هم چیزیست باز در آیات و روایات به اون اشاره شده. سا-سالک صادق در مقام عمل خودش می‌فهمد چه چیزها هست که اصلاً به زبان نمیاد. ریزه کاری‌ها. حالا بعد از این توضیح که باز تکراری بود، یکی از جلوات و ظهورات هوا در وجود انسان که به شکل خاص جلوه می‌کند و سالک باید به این جلوه هم توجه داشته باشد و از او اجتناب کند و مجاهدت در طهارت از این جلوه داشته باشد، مسئله افشاء سر است که از مهلکات است، از اون مهلکات خیلی بد هم هست. افشاء سر. البته این افشاء سر اول معنیش را عرض می‌کنم. افشاء سر غیر از اون مسئله‌ای است که هفته گذشته که به عنوان تتبع اثرات یا به دنبال عیوب به اصطلاح این و آن بودن و عیوب انسان‌ها، مؤمنین و برادران اینها را به دست آوردن، تتبع، جویای عیوب بودن، اون مسئله غیر از این بود. افشاء سر معنیش این نیست که فقط انسان عیب کسی را در جایی بگوید که به عنوان تتبع بکند و اظهار عیب بکند. اظهار نقیصه ای از کسی از بر
… (truncated; see saved file for full transcript)

============================================================
SUMMARY
============================================================
Input file      : 044_نمامي وفاش کردن اسرار ديگران _ بحث تزکیه.mp3
Provider        : ElevenLabs Scribe (scribe_v2)
Audio duration  : 26:08 (1568.41 s)
Requests        : 1
Billed duration : 1569 s (rounded up to nearest second)
Rate            : $0.22 / audio hour
Estimated cost  : $0.095847 USD
Transcript saved: Audios/AyatollahShojaee/Tazkiyeh/044/044_نمامي وفاش کردن اسرار ديگران _ بحث تزکیه.txt
============================================================
