=== ASR 3-141 Tue Sep 15 00:00:55 PDT 2026 ===
=== transcribe 003 Tue Sep 15 00:00:55 PDT 2026 ===
Provider: ElevenLabs Scribe (scribe_v2)
Progress file (updated after each chunk): Audios/AyatollahShojaee/Tazkiyeh/003/003_مراتب مختلف حیات انسان _ بحث تزکیه.partial.txt
  preparing audio (003_مراتب مختلف حیات انسان _ بحث تزکیه.mp3)...
  21:04 → 1 request(s)
  progress file: Audios/AyatollahShojaee/Tazkiyeh/003/003_مراتب مختلف حیات انسان _ بحث تزکیه.partial.txt
  [1/1] 0:00–21:04 (7409 KB)...
=== ASR 3-141 Tue Sep 15 00:01:20 PDT 2026 ===
=== transcribe 003 Tue Sep 15 00:01:20 PDT 2026 ===
Provider: ElevenLabs Scribe (scribe_v2)
Progress file (updated after each chunk): Audios/AyatollahShojaee/Tazkiyeh/003/003_مراتب مختلف حیات انسان _ بحث تزکیه.partial.txt
  preparing audio (003_مراتب مختلف حیات انسان _ بحث تزکیه.mp3)...
  21:04 → 1 request(s)
  progress file: Audios/AyatollahShojaee/Tazkiyeh/003/003_مراتب مختلف حیات انسان _ بحث تزکیه.partial.txt
  [1/1] 0:00–21:04 (7409 KB)...
[Tue Sep 15 00:03:29 PDT 2026] 003 worker gone; launching detached batch
[Tue Sep 15 00:03:36 PDT 2026] detached entry starting
[Tue Sep 15 00:03:36 PDT 2026] waiting for in-flight 003...
=== ASR 3-141 Tue Sep 15 00:03:46 PDT 2026 ===
=== ASR 3-141 Tue Sep 15 00:03:46 PDT 2026 ===
=== transcribe 003 Tue Sep 15 00:03:46 PDT 2026 ===
=== transcribe 003 Tue Sep 15 00:03:46 PDT 2026 ===
Provider: ElevenLabs Scribe (scribe_v2)
Progress file (updated after each chunk): Audios/AyatollahShojaee/Tazkiyeh/003/003_مراتب مختلف حیات انسان _ بحث تزکیه.partial.txt
  preparing audio (003_مراتب مختلف حیات انسان _ بحث تزکیه.mp3)...
Provider: ElevenLabs Scribe (scribe_v2)
Progress file (updated after each chunk): Audios/AyatollahShojaee/Tazkiyeh/003/003_مراتب مختلف حیات انسان _ بحث تزکیه.partial.txt
  preparing audio (003_مراتب مختلف حیات انسان _ بحث تزکیه.mp3)...
  21:04 → 1 request(s)
  21:04 → 1 request(s)
  progress file: Audios/AyatollahShojaee/Tazkiyeh/003/003_مراتب مختلف حیات انسان _ بحث تزکیه.partial.txt
  progress file: Audios/AyatollahShojaee/Tazkiyeh/003/003_مراتب مختلف حیات انسان _ بحث تزکیه.partial.txt
  [1/1] 0:00–21:04 (7409 KB)...
  [1/1] 0:00–21:04 (7409 KB)...
