=== PARALLEL ASR 1-141 jobs=2 Tue Sep 15 00:31:55 PDT 2026 ===
[skip] have txt 001
[skip] have txt 002
[srt] Audios/AyatollahShojaee/Tazkiyeh/001/001_مراتب مختلف حیات انسان _ بحث تزکیه.srt cues=437
[srt] Audios/AyatollahShojaee/Tazkiyeh/002/002_مراتب مختلف حیات انسان _ بحث تزکیه.srt cues=474
[skip] have txt 003
[skip] have txt 004
[srt] Audios/AyatollahShojaee/Tazkiyeh/003/003_مراتب مختلف حیات انسان _ بحث تزکیه.srt cues=341
[srt] Audios/AyatollahShojaee/Tazkiyeh/004/004_مراتب مختلف حیات انسان _ بحث تزکیه.srt cues=449
[skip] have txt 006
[start] 005 Tue Sep 15 00:31:56 PDT 2026
[srt] Audios/AyatollahShojaee/Tazkiyeh/006/006_یقظه و توبه _ بحث تزکیه.srt cues=208
[skip] have txt 007
[srt] Audios/AyatollahShojaee/Tazkiyeh/007/007_توبه _ بحث تزکیه.srt cues=384
[skip] have txt 008
[srt] Audios/AyatollahShojaee/Tazkiyeh/008/008_مراتب توبه _ بحث تزکیه.srt cues=470
[start] 009 Tue Sep 15 00:31:56 PDT 2026
[ok] 009 Tue Sep 15 00:33:58 PDT 2026
[srt] Audios/AyatollahShojaee/Tazkiyeh/009/009_مراتب توبه _ بحث تزکیه.srt cues=571
Billed duration : 1880 s (rounded up to nearest second)
Rate            : $0.22 / audio hour
Estimated cost  : $0.114849 USD
Transcript saved: Audios/AyatollahShojaee/Tazkiyeh/009/009_مراتب توبه _ بحث تزکیه.txt
============================================================
[skip] have txt 010
[srt] Audios/AyatollahShojaee/Tazkiyeh/010/010_انابه و مراتب مختلف آن _ بحث تزکیه.srt cues=328
[skip] have txt 011
[srt] Audios/AyatollahShojaee/Tazkiyeh/011/011_انابه و مراتب آن _ بحث تزکیه.srt cues=410
[skip] have txt 012
[srt] Audios/AyatollahShojaee/Tazkiyeh/012/012_مراقبه و مراتب آن _ بحث تزکیه.srt cues=396
[skip] have txt 013
[srt] Audios/AyatollahShojaee/Tazkiyeh/013/013_مراقبه و مراتب آن _ بحث تزکیه.srt cues=385
[skip] have txt 014
[srt] Audios/AyatollahShojaee/Tazkiyeh/014/014_مراقبه و مراتب آن _ بحث تزکیه.srt cues=376
[skip] have txt 015
[srt] Audios/AyatollahShojaee/Tazkiyeh/015/015_مراقبه ، محاسبه _ بحث تزکیه.srt cues=566
[start] 016 Tue Sep 15 00:33:58 PDT 2026
[ok] 005 Tue Sep 15 00:34:10 PDT 2026
[srt] Audios/AyatollahShojaee/Tazkiyeh/005/005_یقظه _ بحث تزکیه.srt cues=673
Billed duration : 2275 s (rounded up to nearest second)
Rate            : $0.22 / audio hour
Estimated cost  : $0.138992 USD
Transcript saved: Audios/AyatollahShojaee/Tazkiyeh/005/005_یقظه _ بحث تزکیه.txt
============================================================
[start] 017 Tue Sep 15 00:34:10 PDT 2026
[ok] 017 Tue Sep 15 00:35:41 PDT 2026
[srt] Audios/AyatollahShojaee/Tazkiyeh/017/017_مراقبه، ذکر ،جذبه _ بحث تزکیه.srt cues=407
Billed duration : 1410 s (rounded up to nearest second)
Rate            : $0.22 / audio hour
Estimated cost  : $0.086121 USD
Transcript saved: Audios/AyatollahShojaee/Tazkiyeh/017/017_مراقبه، ذکر ،جذبه _ بحث تزکیه.txt
============================================================
[start] 018 Tue Sep 15 00:35:42 PDT 2026
[ok] 016 Tue Sep 15 00:35:52 PDT 2026
[srt] Audios/AyatollahShojaee/Tazkiyeh/016/016_مراقبه ، ذکر _ بحث تزکیه.srt cues=425
Billed duration : 1508 s (rounded up to nearest second)
Rate            : $0.22 / audio hour
Estimated cost  : $0.092121 USD
Transcript saved: Audios/AyatollahShojaee/Tazkiyeh/016/016_مراقبه ، ذکر _ بحث تزکیه.txt
============================================================
[start] 019 Tue Sep 15 00:35:52 PDT 2026
[ok] 019 Tue Sep 15 00:37:09 PDT 2026
[srt] Audios/AyatollahShojaee/Tazkiyeh/019/019_مراقبه ، قصد و نیت سالک _ بحث تزکیه.srt cues=374
Billed duration : 1293 s (rounded up to nearest second)
Rate            : $0.22 / audio hour
Estimated cost  : $0.078993 USD
Transcript saved: Audios/AyatollahShojaee/Tazkiyeh/019/019_مراقبه ، قصد و نیت سالک _ بحث تزکیه.txt
============================================================
[start] 020 Tue Sep 15 00:37:09 PDT 2026
[ok] 018 Tue Sep 15 00:37:44 PDT 2026
[srt] Audios/AyatollahShojaee/Tazkiyeh/018/018_مراقبه ، عجب در ذکر _ بحث تزکیه.srt cues=526
Billed duration : 1778 s (rounded up to nearest second)
Rate            : $0.22 / audio hour
Estimated cost  : $0.108645 USD
Transcript saved: Audios/AyatollahShojaee/Tazkiyeh/018/018_مراقبه ، عجب در ذکر _ بحث تزکیه.txt
============================================================
[start] 021 Tue Sep 15 00:37:44 PDT 2026
[ok] 020 Tue Sep 15 00:38:48 PDT 2026
[srt] Audios/AyatollahShojaee/Tazkiyeh/020/020_نقش هوا در تثبیت حیات دنیوی- مراتب حیات بشر - موقعیت انسان در نظام وجود از دیدگاه قرآن و ... _ بحث تزکیه.srt cues=492
Billed duration : 1752 s (rounded up to nearest second)
Rate            : $0.22 / audio hour
Estimated cost  : $0.107012 USD
Transcript saved: Audios/AyatollahShojaee/Tazkiyeh/020/020_نقش هوا در تثبیت حیات دنیوی- مراتب حیات بشر - موقعیت انسان در نظام وجود از دیدگاه قرآن و ... _ بحث تزکیه.txt
============================================================
[start] 022 Tue Sep 15 00:38:48 PDT 2026
[ok] 021 Tue Sep 15 00:39:40 PDT 2026
[srt] Audios/AyatollahShojaee/Tazkiyeh/021/021_حیات دنیوی گسترده ترین مرتبه حیات _ بحث تزکیه.srt cues=450
Billed duration : 1511 s (rounded up to nearest second)
Rate            : $0.22 / audio hour
Estimated cost  : $0.092279 USD
Transcript saved: Audios/AyatollahShojaee/Tazkiyeh/021/021_حیات دنیوی گسترده ترین مرتبه حیات _ بحث تزکیه.txt
============================================================
[start] 023 Tue Sep 15 00:39:40 PDT 2026
[ok] 022 Tue Sep 15 00:40:06 PDT 2026
[srt] Audios/AyatollahShojaee/Tazkiyeh/022/022_مرز هوی کجاست محبت به انبیاء و نیکوکاران... _ بحث تزکیه.srt cues=531
Billed duration : 1738 s (rounded up to nearest second)
Rate            : $0.22 / audio hour
Estimated cost  : $0.106157 USD
Transcript saved: Audios/AyatollahShojaee/Tazkiyeh/022/022_مرز هوی کجاست محبت به انبیاء و نیکوکاران... _ بحث تزکیه.txt
============================================================
[start] 024 Tue Sep 15 00:40:06 PDT 2026
[ok] 023 Tue Sep 15 00:40:55 PDT 2026
[srt] Audios/AyatollahShojaee/Tazkiyeh/023/023_حب مال، بخل و قرض و طمع _ بحث تزکیه.srt cues=422
Billed duration : 1474 s (rounded up to nearest second)
Rate            : $0.22 / audio hour
Estimated cost  : $0.090033 USD
Transcript saved: Audios/AyatollahShojaee/Tazkiyeh/023/023_حب مال، بخل و قرض و طمع _ بحث تزکیه.txt
============================================================
[start] 025 Tue Sep 15 00:40:55 PDT 2026
[ok] 024 Tue Sep 15 00:41:44 PDT 2026
[srt] Audios/AyatollahShojaee/Tazkiyeh/024/024_اجتناب نکردن از حرام _ بحث تزکیه.srt cues=578
Billed duration : 1925 s (rounded up to nearest second)
Rate            : $0.22 / audio hour
Estimated cost  : $0.117583 USD
Transcript saved: Audios/AyatollahShojaee/Tazkiyeh/024/024_اجتناب نکردن از حرام _ بحث تزکیه.txt
============================================================
[start] 026 Tue Sep 15 00:41:44 PDT 2026
[ok] 025 Tue Sep 15 00:42:25 PDT 2026
[srt] Audios/AyatollahShojaee/Tazkiyeh/025/025_خیانت _ بحث تزکیه.srt cues=485
Billed duration : 1625 s (rounded up to nearest second)
Rate            : $0.22 / audio hour
Estimated cost  : $0.099293 USD
Transcript saved: Audios/AyatollahShojaee/Tazkiyeh/025/025_خیانت _ بحث تزکیه.txt
============================================================
[start] 027 Tue Sep 15 00:42:25 PDT 2026
[ok] 026 Tue Sep 15 00:43:14 PDT 2026
[srt] Audios/AyatollahShojaee/Tazkiyeh/026/026_بی جا صحبت کردن _ بحث تزکیه.srt cues=567
Billed duration : 1796 s (rounded up to nearest second)
Rate            : $0.22 / audio hour
Estimated cost  : $0.109743 USD
Transcript saved: Audios/AyatollahShojaee/Tazkiyeh/026/026_بی جا صحبت کردن _ بحث تزکیه.txt
============================================================
[skip] have txt 028
[srt] Audios/AyatollahShojaee/Tazkiyeh/028/028_حسد 2.srt cues=448
[skip] have txt 029
[srt] Audios/AyatollahShojaee/Tazkiyeh/029/029_غبطه.srt cues=489
[start] 030 Tue Sep 15 00:43:14 PDT 2026
[ok] 027 Tue Sep 15 00:43:49 PDT 2026
[srt] Audios/AyatollahShojaee/Tazkiyeh/027/027_حسد 1.srt cues=572
Billed duration : 1887 s (rounded up to nearest second)
Rate            : $0.22 / audio hour
Estimated cost  : $0.115302 USD
Transcript saved: Audios/AyatollahShojaee/Tazkiyeh/027/027_حسد 1.txt
============================================================
[start] 031 Tue Sep 15 00:43:49 PDT 2026
[ok] 030 Tue Sep 15 00:44:38 PDT 2026
[srt] Audios/AyatollahShojaee/Tazkiyeh/030/030_ناصح-بودن-1.srt cues=434
Billed duration : 1518 s (rounded up to nearest second)
Rate            : $0.22 / audio hour
Estimated cost  : $0.092712 USD
Transcript saved: Audios/AyatollahShojaee/Tazkiyeh/030/030_ناصح-بودن-1.txt
============================================================
[skip] have txt 032
[srt] Audios/AyatollahShojaee/Tazkiyeh/032/032_اذیت مؤمن1 _ بحث تزکیه.srt cues=454
[start] 033 Tue Sep 15 00:44:38 PDT 2026
[ok] 031 Tue Sep 15 00:45:02 PDT 2026
[srt] Audios/AyatollahShojaee/Tazkiyeh/031/031_ناصح-بودن-2.srt cues=545
Billed duration : 1871 s (rounded up to nearest second)
Rate            : $0.22 / audio hour
Estimated cost  : $0.114292 USD
Transcript saved: Audios/AyatollahShojaee/Tazkiyeh/031/031_ناصح-بودن-2.txt
============================================================
[start] 034 Tue Sep 15 00:45:02 PDT 2026
[ok] 033 Tue Sep 15 00:45:50 PDT 2026
[srt] Audios/AyatollahShojaee/Tazkiyeh/033/033_اذیت مؤمن2 _ بحث تزکیه.srt cues=467
Billed duration : 1582 s (rounded up to nearest second)
Rate            : $0.22 / audio hour
Estimated cost  : $0.096661 USD
Transcript saved: Audios/AyatollahShojaee/Tazkiyeh/033/033_اذیت مؤمن2 _ بحث تزکیه.txt
============================================================
[skip] have txt 035
[srt] Audios/AyatollahShojaee/Tazkiyeh/035/035_ايجاد اضطراب براي مومن _ بحث تزکیه.srt cues=395
[start] 036 Tue Sep 15 00:45:50 PDT 2026
[ok] 034 Tue Sep 15 00:45:52 PDT 2026
[srt] Audios/AyatollahShojaee/Tazkiyeh/034/034_اذيت مومن3 واکرام مومن _ بحث تزکیه.srt cues=394
Billed duration : 1350 s (rounded up to nearest second)
Rate            : $0.22 / audio hour
Estimated cost  : $0.082487 USD
Transcript saved: Audios/AyatollahShojaee/Tazkiyeh/034/034_اذيت مومن3 واکرام مومن _ بحث تزکیه.txt
============================================================
[start] 037 Tue Sep 15 00:45:52 PDT 2026
[ok] 037 Tue Sep 15 00:46:56 PDT 2026
[srt] Audios/AyatollahShojaee/Tazkiyeh/037/037_مداهنه وسستي درامربه معروف ونهي از منکر _ بحث تزکیه.srt cues=411
Billed duration : 1430 s (rounded up to nearest second)
Rate            : $0.22 / audio hour
Estimated cost  : $0.087373 USD
Transcript saved: Audios/AyatollahShojaee/Tazkiyeh/037/037_مداهنه وسستي درامربه معروف ونهي از منکر _ بحث تزکیه.txt
============================================================
[start] 038 Tue Sep 15 00:46:56 PDT 2026
[ok] 036 Tue Sep 15 00:46:59 PDT 2026
[srt] Audios/AyatollahShojaee/Tazkiyeh/036/036_ايجادسرور براي مومن _ بحث تزکیه.srt cues=521
Billed duration : 1745 s (rounded up to nearest second)
Rate            : $0.22 / audio hour
Estimated cost  : $0.106603 USD
Transcript saved: Audios/AyatollahShojaee/Tazkiyeh/036/036_ايجادسرور براي مومن _ بحث تزکیه.txt
============================================================
[start] 039 Tue Sep 15 00:46:59 PDT 2026
[ok] 038 Tue Sep 15 00:48:20 PDT 2026
[srt] Audios/AyatollahShojaee/Tazkiyeh/038/038_مداهنه وسستي درامربه معروف ونهي از منکر2 _ بحث تزکیه.srt cues=601
Billed duration : 1950 s (rounded up to nearest second)
Rate            : $0.22 / audio hour
Estimated cost  : $0.119141 USD
Transcript saved: Audios/AyatollahShojaee/Tazkiyeh/038/038_مداهنه وسستي درامربه معروف ونهي از منکر2 _ بحث تزکیه.txt
============================================================
[start] 040 Tue Sep 15 00:48:20 PDT 2026
[ok] 039 Tue Sep 15 00:48:50 PDT 2026
[srt] Audios/AyatollahShojaee/Tazkiyeh/039/039_مداهنه وسستي درامربه معروف ونهي از منکر3 _ بحث تزکیه.srt cues=742
Billed duration : 2527 s (rounded up to nearest second)
Rate            : $0.22 / audio hour
Estimated cost  : $0.154381 USD
Transcript saved: Audios/AyatollahShojaee/Tazkiyeh/039/039_مداهنه وسستي درامربه معروف ونهي از منکر3 _ بحث تزکیه.txt
============================================================
[start] 041 Tue Sep 15 00:48:50 PDT 2026
[ok] 040 Tue Sep 15 00:49:46 PDT 2026
[srt] Audios/AyatollahShojaee/Tazkiyeh/040/040_تباعد وتهاجر. _ بحث تزکیهmp3.srt cues=633
Billed duration : 2200 s (rounded up to nearest second)
Rate            : $0.22 / audio hour
Estimated cost  : $0.134427 USD
Transcript saved: Audios/AyatollahShojaee/Tazkiyeh/040/040_تباعد وتهاجر. _ بحث تزکیهmp3.txt
============================================================
[start] 042 Tue Sep 15 00:49:46 PDT 2026
[ok] 041 Tue Sep 15 00:50:02 PDT 2026
[srt] Audios/AyatollahShojaee/Tazkiyeh/041/041_قطع رحم _ بحث تزکیه.srt cues=591
Billed duration : 1945 s (rounded up to nearest second)
Rate            : $0.22 / audio hour
Estimated cost  : $0.118813 USD
Transcript saved: Audios/AyatollahShojaee/Tazkiyeh/041/041_قطع رحم _ بحث تزکیه.txt
============================================================
[start] 043 Tue Sep 15 00:50:02 PDT 2026
[ok] 042 Tue Sep 15 00:51:00 PDT 2026
[srt] Audios/AyatollahShojaee/Tazkiyeh/042/042_حقوق همسایه و تتبع دیگران و پیگیری خطاهای دیگران1 _ بحث تزکیه.srt cues=506
Billed duration : 1702 s (rounded up to nearest second)
Rate            : $0.22 / audio hour
Estimated cost  : $0.104007 USD
Transcript saved: Audios/AyatollahShojaee/Tazkiyeh/042/042_حقوق همسایه و تتبع دیگران و پیگیری خطاهای دیگران1 _ بحث تزکیه.txt
============================================================
[start] 044 Tue Sep 15 00:51:00 PDT 2026
[ok] 043 Tue Sep 15 00:51:30 PDT 2026
[srt] Audios/AyatollahShojaee/Tazkiyeh/043/043_حقوق همسایه و تتبع دیگران و پیگیری خطاهای دیگران2 _ بحث تزکیه.srt cues=530
Billed duration : 1719 s (rounded up to nearest second)
Rate            : $0.22 / audio hour
Estimated cost  : $0.105046 USD
Transcript saved: Audios/AyatollahShojaee/Tazkiyeh/043/043_حقوق همسایه و تتبع دیگران و پیگیری خطاهای دیگران2 _ بحث تزکیه.txt
============================================================
[start] 045 Tue Sep 15 00:51:30 PDT 2026
[ok] 044 Tue Sep 15 00:52:24 PDT 2026
[srt] Audios/AyatollahShojaee/Tazkiyeh/044/044_نمامي وفاش کردن اسرار ديگران _ بحث تزکیه.srt cues=468
Billed duration : 1569 s (rounded up to nearest second)
Rate            : $0.22 / audio hour
Estimated cost  : $0.095847 USD
Transcript saved: Audios/AyatollahShojaee/Tazkiyeh/044/044_نمامي وفاش کردن اسرار ديگران _ بحث تزکیه.txt
============================================================
[start] 046 Tue Sep 15 00:52:24 PDT 2026
[ok] 045 Tue Sep 15 00:52:49 PDT 2026
[srt] Audios/AyatollahShojaee/Tazkiyeh/045/045_نمامي 2 و شماتت _ بحث تزکیه.srt cues=535
Billed duration : 1703 s (rounded up to nearest second)
Rate            : $0.22 / audio hour
Estimated cost  : $0.104040 USD
Transcript saved: Audios/AyatollahShojaee/Tazkiyeh/045/045_نمامي 2 و شماتت _ بحث تزکیه.txt
============================================================
[start] 047 Tue Sep 15 00:52:49 PDT 2026
[ok] 046 Tue Sep 15 00:54:04 PDT 2026
[srt] Audios/AyatollahShojaee/Tazkiyeh/046/046_غيبت1 _ بحث تزکیه.srt cues=719
Billed duration : 2376 s (rounded up to nearest second)
Rate            : $0.22 / audio hour
Estimated cost  : $0.145156 USD
Transcript saved: Audios/AyatollahShojaee/Tazkiyeh/046/046_غيبت1 _ بحث تزکیه.txt
============================================================
[start] 048 Tue Sep 15 00:54:04 PDT 2026
[ok] 047 Tue Sep 15 00:54:10 PDT 2026
[srt] Audios/AyatollahShojaee/Tazkiyeh/047/047_غيبت 2 _ بحث تزکیه.srt cues=671
Billed duration : 2163 s (rounded up to nearest second)
Rate            : $0.22 / audio hour
Estimated cost  : $0.132123 USD
Transcript saved: Audios/AyatollahShojaee/Tazkiyeh/047/047_غيبت 2 _ بحث تزکیه.txt
============================================================
[skip] have txt 049
[srt] Audios/AyatollahShojaee/Tazkiyeh/049/049_دروغ واقسام آن _ بحث تزکیه.srt cues=751
[skip] have txt 050
[srt] Audios/AyatollahShojaee/Tazkiyeh/050/050_صدق ومراحل آن _ بحث تزکیه.srt cues=407
[start] 051 Tue Sep 15 00:54:10 PDT 2026
[ok] 048 Tue Sep 15 00:55:13 PDT 2026
[srt] Audios/AyatollahShojaee/Tazkiyeh/048/048_غيبت ودروغ _ بحث تزکیه.srt cues=505
Billed duration : 1755 s (rounded up to nearest second)
Rate            : $0.22 / audio hour
Estimated cost  : $0.107228 USD
Transcript saved: Audios/AyatollahShojaee/Tazkiyeh/048/048_غيبت ودروغ _ بحث تزکیه.txt
============================================================
[start] 052 Tue Sep 15 00:55:14 PDT 2026
[ok] 051 Tue Sep 15 00:55:18 PDT 2026
[srt] Audios/AyatollahShojaee/Tazkiyeh/051/051_صمت يا سکوت _ بحث تزکیه.srt cues=502
Billed duration : 1694 s (rounded up to nearest second)
Rate            : $0.22 / audio hour
Estimated cost  : $0.103466 USD
Transcript saved: Audios/AyatollahShojaee/Tazkiyeh/051/051_صمت يا سکوت _ بحث تزکیه.txt
============================================================
[start] 053 Tue Sep 15 00:55:18 PDT 2026
[ok] 053 Tue Sep 15 00:56:36 PDT 2026
[srt] Audios/AyatollahShojaee/Tazkiyeh/053/053_شهرت طلبي وجاه طلبي2 _ بحث تزکیه.srt cues=386
Billed duration : 1286 s (rounded up to nearest second)
Rate            : $0.22 / audio hour
Estimated cost  : $0.078533 USD
Transcript saved: Audios/AyatollahShojaee/Tazkiyeh/053/053_شهرت طلبي وجاه طلبي2 _ بحث تزکیه.txt
============================================================
[skip] have txt 054
[srt] Audios/AyatollahShojaee/Tazkiyeh/054/054_ريا1 _ بحث تزکیه.srt cues=483
[start] 055 Tue Sep 15 00:56:36 PDT 2026
[ok] 052 Tue Sep 15 00:57:07 PDT 2026
[srt] Audios/AyatollahShojaee/Tazkiyeh/052/052_شهرت طلبي و جاه طلبي1 _ بحث تزکیه.srt cues=500
Billed duration : 1737 s (rounded up to nearest second)
Rate            : $0.22 / audio hour
Estimated cost  : $0.106141 USD
Transcript saved: Audios/AyatollahShojaee/Tazkiyeh/052/052_شهرت طلبي و جاه طلبي1 _ بحث تزکیه.txt
============================================================
[skip] have txt 056
[srt] Audios/AyatollahShojaee/Tazkiyeh/056/056_مبحث اخلاص 1 _ بحث تزکیه.srt cues=439
[start] 057 Tue Sep 15 00:57:08 PDT 2026
[ok] 055 Tue Sep 15 00:57:49 PDT 2026
[srt] Audios/AyatollahShojaee/Tazkiyeh/055/055_ریا 2 _ بحث تزکیه.srt cues=430
Billed duration : 1456 s (rounded up to nearest second)
Rate            : $0.22 / audio hour
Estimated cost  : $0.088924 USD
Transcript saved: Audios/AyatollahShojaee/Tazkiyeh/055/055_ریا 2 _ بحث تزکیه.txt
============================================================
[start] 058 Tue Sep 15 00:57:49 PDT 2026
[ok] 057 Tue Sep 15 00:59:13 PDT 2026
[srt] Audios/AyatollahShojaee/Tazkiyeh/057/057_مبحث اخلاص 2 _ بحث تزکیه.srt cues=598
Billed duration : 1926 s (rounded up to nearest second)
Rate            : $0.22 / audio hour
Estimated cost  : $0.117645 USD
Transcript saved: Audios/AyatollahShojaee/Tazkiyeh/057/057_مبحث اخلاص 2 _ بحث تزکیه.txt
============================================================
[start] 059 Tue Sep 15 00:59:13 PDT 2026
[ok] 058 Tue Sep 15 00:59:27 PDT 2026
[srt] Audios/AyatollahShojaee/Tazkiyeh/058/058_نفاق 1 _ بحث تزکیه.srt cues=422
Billed duration : 1443 s (rounded up to nearest second)
Rate            : $0.22 / audio hour
Estimated cost  : $0.088139 USD
Transcript saved: Audios/AyatollahShojaee/Tazkiyeh/058/058_نفاق 1 _ بحث تزکیه.txt
============================================================
[start] 060 Tue Sep 15 00:59:27 PDT 2026
[ok] 059 Tue Sep 15 01:00:17 PDT 2026
[srt] Audios/AyatollahShojaee/Tazkiyeh/059/059_نفاق 2 _ بحث تزکیه.srt cues=354
Billed duration : 1239 s (rounded up to nearest second)
Rate            : $0.22 / audio hour
Estimated cost  : $0.075682 USD
Transcript saved: Audios/AyatollahShojaee/Tazkiyeh/059/059_نفاق 2 _ بحث تزکیه.txt
============================================================
[start] 061 Tue Sep 15 01:00:17 PDT 2026
[ok] 060 Tue Sep 15 01:01:49 PDT 2026
[srt] Audios/AyatollahShojaee/Tazkiyeh/060/060_نفاق3 _ بحث تزکیه.srt cues=608
Billed duration : 1895 s (rounded up to nearest second)
Rate            : $0.22 / audio hour
Estimated cost  : $0.115773 USD
Transcript saved: Audios/AyatollahShojaee/Tazkiyeh/060/060_نفاق3 _ بحث تزکیه.txt
============================================================
[start] 062 Tue Sep 15 01:01:49 PDT 2026
[ok] 061 Tue Sep 15 01:02:52 PDT 2026
[srt] Audios/AyatollahShojaee/Tazkiyeh/061/061_غرور1 _ بحث تزکیه.srt cues=704
Billed duration : 2453 s (rounded up to nearest second)
Rate            : $0.22 / audio hour
Estimated cost  : $0.149888 USD
Transcript saved: Audios/AyatollahShojaee/Tazkiyeh/061/061_غرور1 _ بحث تزکیه.txt
============================================================
[start] 063 Tue Sep 15 01:02:52 PDT 2026
[ok] 062 Tue Sep 15 01:03:56 PDT 2026
[srt] Audios/AyatollahShojaee/Tazkiyeh/062/062_غرور2 _ بحث تزکیه.srt cues=527
Billed duration : 1756 s (rounded up to nearest second)
Rate            : $0.22 / audio hour
Estimated cost  : $0.107287 USD
Transcript saved: Audios/AyatollahShojaee/Tazkiyeh/062/062_غرور2 _ بحث تزکیه.txt
============================================================
[start] 064 Tue Sep 15 01:03:56 PDT 2026
[ok] 064 Tue Sep 15 01:06:37 PDT 2026
[srt] Audios/AyatollahShojaee/Tazkiyeh/064/064_غرور4 _ بحث تزکیه.srt cues=706
Billed duration : 2365 s (rounded up to nearest second)
Rate            : $0.22 / audio hour
Estimated cost  : $0.144505 USD
Transcript saved: Audios/AyatollahShojaee/Tazkiyeh/064/064_غرور4 _ بحث تزکیه.txt
============================================================
[start] 065 Tue Sep 15 01:06:37 PDT 2026
[ok] 063 Tue Sep 15 01:06:44 PDT 2026
[srt] Audios/AyatollahShojaee/Tazkiyeh/063/063_غرور3 _ بحث تزکیه.srt cues=783
Billed duration : 2669 s (rounded up to nearest second)
Rate            : $0.22 / audio hour
Estimated cost  : $0.163084 USD
Transcript saved: Audios/AyatollahShojaee/Tazkiyeh/063/063_غرور3 _ بحث تزکیه.txt
============================================================
[start] 066 Tue Sep 15 01:06:44 PDT 2026
[ok] 065 Tue Sep 15 01:08:48 PDT 2026
[srt] Audios/AyatollahShojaee/Tazkiyeh/065/065_وقاحت و حيا1 _ بحث تزکیه.srt cues=621
Billed duration : 2141 s (rounded up to nearest second)
Rate            : $0.22 / audio hour
Estimated cost  : $0.130832 USD
Transcript saved: Audios/AyatollahShojaee/Tazkiyeh/065/065_وقاحت و حيا1 _ بحث تزکیه.txt
============================================================
[start] 067 Tue Sep 15 01:08:48 PDT 2026
[ok] 066 Tue Sep 15 01:09:10 PDT 2026
[srt] Audios/AyatollahShojaee/Tazkiyeh/066/066_وقاحت وحيا2 _ بحث تزکیه.srt cues=536
Billed duration : 1754 s (rounded up to nearest second)
Rate            : $0.22 / audio hour
Estimated cost  : $0.107162 USD
Transcript saved: Audios/AyatollahShojaee/Tazkiyeh/066/066_وقاحت وحيا2 _ بحث تزکیه.txt
============================================================
[skip] have txt 068
[srt] Audios/AyatollahShojaee/Tazkiyeh/068/068_طول امل 2 _ بحث تزکیه.srt cues=418
[start] 069 Tue Sep 15 01:09:10 PDT 2026
[ok] 067 Tue Sep 15 01:10:25 PDT 2026
[srt] Audios/AyatollahShojaee/Tazkiyeh/067/067_طول امل1 _ بحث تزکیه.srt cues=578
Billed duration : 1982 s (rounded up to nearest second)
Rate            : $0.22 / audio hour
Estimated cost  : $0.121114 USD
Transcript saved: Audios/AyatollahShojaee/Tazkiyeh/067/067_طول امل1 _ بحث تزکیه.txt
============================================================
[skip] have txt 070
[srt] Audios/AyatollahShojaee/Tazkiyeh/070/070_غضب1 _ بحث تزکیه.srt cues=492
[start] 071 Tue Sep 15 01:10:25 PDT 2026
[ok] 069 Tue Sep 15 01:10:33 PDT 2026
[srt] Audios/AyatollahShojaee/Tazkiyeh/069/069_طول امل3 _ بحث تزکیه.srt cues=461
Billed duration : 1499 s (rounded up to nearest second)
Rate            : $0.22 / audio hour
Estimated cost  : $0.091588 USD
Transcript saved: Audios/AyatollahShojaee/Tazkiyeh/069/069_طول امل3 _ بحث تزکیه.txt
============================================================
[skip] have txt 072
[srt] Audios/AyatollahShojaee/Tazkiyeh/072/072_معالجه غضب1 _ بحث تزکیه.srt cues=504
[start] 073 Tue Sep 15 01:10:33 PDT 2026
[ok] 071 Tue Sep 15 01:11:51 PDT 2026
[srt] Audios/AyatollahShojaee/Tazkiyeh/071/071_غضب 2 _ بحث تزکیه.srt cues=580
Billed duration : 1910 s (rounded up to nearest second)
Rate            : $0.22 / audio hour
Estimated cost  : $0.116695 USD
Transcript saved: Audios/AyatollahShojaee/Tazkiyeh/071/071_غضب 2 _ بحث تزکیه.txt
============================================================
[skip] have txt 074
[srt] Audios/AyatollahShojaee/Tazkiyeh/074/074_انتقام _ بحث تزکیه.srt cues=395
[skip] have txt 075
[srt] Audios/AyatollahShojaee/Tazkiyeh/075/075_سوء خلق _ بحث تزکیه.srt cues=783
[start] 076 Tue Sep 15 01:11:52 PDT 2026
[ok] 073 Tue Sep 15 01:12:14 PDT 2026
[srt] Audios/AyatollahShojaee/Tazkiyeh/073/073_معالجه غضب2 _ بحث تزکیه.srt cues=741
Billed duration : 2440 s (rounded up to nearest second)
Rate            : $0.22 / audio hour
Estimated cost  : $0.149072 USD
Transcript saved: Audios/AyatollahShojaee/Tazkiyeh/073/073_معالجه غضب2 _ بحث تزکیه.txt
============================================================
[skip] have txt 077
[srt] Audios/AyatollahShojaee/Tazkiyeh/077/077_عجب ومعالجه آن _ بحث تزکیه.srt cues=863
[start] 078 Tue Sep 15 01:12:14 PDT 2026
[ok] 076 Tue Sep 15 01:13:09 PDT 2026
[srt] Audios/AyatollahShojaee/Tazkiyeh/076/076_عجب 1 _ بحث تزکیه.srt cues=622
Billed duration : 2152 s (rounded up to nearest second)
Rate            : $0.22 / audio hour
Estimated cost  : $0.131479 USD
Transcript saved: Audios/AyatollahShojaee/Tazkiyeh/076/076_عجب 1 _ بحث تزکیه.txt
============================================================
[start] 079 Tue Sep 15 01:13:09 PDT 2026
[ok] 078 Tue Sep 15 01:13:53 PDT 2026
[srt] Audios/AyatollahShojaee/Tazkiyeh/078/078_تهور وترس در راه سلوک _ بحث تزکیه.srt cues=608
Billed duration : 2823 s (rounded up to nearest second)
Rate            : $0.22 / audio hour
Estimated cost  : $0.172509 USD
Transcript saved: Audios/AyatollahShojaee/Tazkiyeh/078/078_تهور وترس در راه سلوک _ بحث تزکیه.txt
============================================================
[start] 080 Tue Sep 15 01:13:53 PDT 2026
[ok] 079 Tue Sep 15 01:14:45 PDT 2026
[srt] Audios/AyatollahShojaee/Tazkiyeh/079/079_سوء ظن به خالق و مخلوق وراه حل آن _ بحث تزکیه.srt cues=846
Billed duration : 2697 s (rounded up to nearest second)
Rate            : $0.22 / audio hour
Estimated cost  : $0.164758 USD
Transcript saved: Audios/AyatollahShojaee/Tazkiyeh/079/079_سوء ظن به خالق و مخلوق وراه حل آن _ بحث تزکیه.txt
============================================================
[skip] have txt 081
[srt] Audios/AyatollahShojaee/Tazkiyeh/081/081_غيرت نسبت به همسر و اولاد _ بحث تزکیه.srt cues=633
[start] 082 Tue Sep 15 01:14:45 PDT 2026
[ok] 080 Tue Sep 15 01:15:10 PDT 2026
[srt] Audios/AyatollahShojaee/Tazkiyeh/080/080_عصبيت و غيرت _ بحث تزکیه.srt cues=602
Billed duration : 1972 s (rounded up to nearest second)
Rate            : $0.22 / audio hour
Estimated cost  : $0.120498 USD
Transcript saved: Audios/AyatollahShojaee/Tazkiyeh/080/080_عصبيت و غيرت _ بحث تزکیه.txt
============================================================
[skip] have txt 083
[srt] Audios/AyatollahShojaee/Tazkiyeh/083/083_تواضع صفت ضد کبر وراه معالجه کبر _ بحث تزکیه.srt cues=427
[start] 084 Tue Sep 15 01:15:10 PDT 2026
[ok] 082 Tue Sep 15 01:15:55 PDT 2026
[srt] Audios/AyatollahShojaee/Tazkiyeh/082/082_کبر و لطمات آن _ بحث تزکیه.srt cues=609
Billed duration : 2004 s (rounded up to nearest second)
Rate            : $0.22 / audio hour
Estimated cost  : $0.122426 USD
Transcript saved: Audios/AyatollahShojaee/Tazkiyeh/082/082_کبر و لطمات آن _ بحث تزکیه.txt
============================================================
[start] 085 Tue Sep 15 01:15:55 PDT 2026
[ok] 084 Tue Sep 15 01:16:26 PDT 2026
[srt] Audios/AyatollahShojaee/Tazkiyeh/084/084_تواضع و حلاوت عبادت _ بحث تزکیه.srt cues=602
Billed duration : 1964 s (rounded up to nearest second)
Rate            : $0.22 / audio hour
Estimated cost  : $0.119997 USD
Transcript saved: Audios/AyatollahShojaee/Tazkiyeh/084/084_تواضع و حلاوت عبادت _ بحث تزکیه.txt
============================================================
[start] 086 Tue Sep 15 01:16:26 PDT 2026
[ok] 085 Tue Sep 15 01:17:32 PDT 2026
[srt] Audios/AyatollahShojaee/Tazkiyeh/085/085_رذيله مهلکه جهل 1 _ بحث تزکیه.srt cues=829
Billed duration : 2716 s (rounded up to nearest second)
Rate            : $0.22 / audio hour
Estimated cost  : $0.165946 USD
Transcript saved: Audios/AyatollahShojaee/Tazkiyeh/085/085_رذيله مهلکه جهل 1 _ بحث تزکیه.txt
============================================================
[start] 087 Tue Sep 15 01:17:32 PDT 2026
[ok] 086 Tue Sep 15 01:18:26 PDT 2026
[srt] Audios/AyatollahShojaee/Tazkiyeh/086/086_رذيله مهلکه جهل 2 _ بحث تزکیه.srt cues=798
Billed duration : 2590 s (rounded up to nearest second)
Rate            : $0.22 / audio hour
Estimated cost  : $0.158233 USD
Transcript saved: Audios/AyatollahShojaee/Tazkiyeh/086/086_رذيله مهلکه جهل 2 _ بحث تزکیه.txt
============================================================
[start] 088 Tue Sep 15 01:18:26 PDT 2026
[ok] 087 Tue Sep 15 01:18:51 PDT 2026
[srt] Audios/AyatollahShojaee/Tazkiyeh/087/087_فضيلت علم آگاهي سالک در طريق سلوک1_ بحث تزکیه.srt cues=454
Billed duration : 1547 s (rounded up to nearest second)
Rate            : $0.22 / audio hour
Estimated cost  : $0.094514 USD
Transcript saved: Audios/AyatollahShojaee/Tazkiyeh/087/087_فضيلت علم آگاهي سالک در طريق سلوک1_ بحث تزکیه.txt
============================================================
[start] 089 Tue Sep 15 01:18:51 PDT 2026
[ok] 088 Tue Sep 15 01:19:25 PDT 2026
[srt] Audios/AyatollahShojaee/Tazkiyeh/088/088_فضيلت علم آگاهي سالک در طريق سلوک2_ بحث تزکیه.srt cues=391
Billed duration : 1310 s (rounded up to nearest second)
Rate            : $0.22 / audio hour
Estimated cost  : $0.080054 USD
Transcript saved: Audios/AyatollahShojaee/Tazkiyeh/088/088_فضيلت علم آگاهي سالک در طريق سلوک2_ بحث تزکیه.txt
============================================================
[skip] have txt 090
[srt] Audios/AyatollahShojaee/Tazkiyeh/090/090_مراتب يقين2 _ بحث تزکیه.srt cues=593
[start] 091 Tue Sep 15 01:19:25 PDT 2026
[ok] 089 Tue Sep 15 01:20:19 PDT 2026
[srt] Audios/AyatollahShojaee/Tazkiyeh/089/089_مراتب يقين _ بحث تزکیه.srt cues=469
Billed duration : 1504 s (rounded up to nearest second)
Rate            : $0.22 / audio hour
Estimated cost  : $0.091879 USD
Transcript saved: Audios/AyatollahShojaee/Tazkiyeh/089/089_مراتب يقين _ بحث تزکیه.txt
============================================================
[start] 092 Tue Sep 15 01:20:19 PDT 2026
[ok] 091 Tue Sep 15 01:20:50 PDT 2026
[srt] Audios/AyatollahShojaee/Tazkiyeh/091/091_مرتبه عالی یقین - حق الیقین _ بحث تزکیه.srt cues=624
Billed duration : 2086 s (rounded up to nearest second)
Rate            : $0.22 / audio hour
Estimated cost  : $0.127428 USD
Transcript saved: Audios/AyatollahShojaee/Tazkiyeh/091/091_مرتبه عالی یقین - حق الیقین _ بحث تزکیه.txt
============================================================
[start] 093 Tue Sep 15 01:20:50 PDT 2026
[ok] 092 Tue Sep 15 01:22:24 PDT 2026
[srt] Audios/AyatollahShojaee/Tazkiyeh/092/092_آثاريقين1 _ بحث تزکیه.srt cues=693
Billed duration : 2441 s (rounded up to nearest second)
Rate            : $0.22 / audio hour
Estimated cost  : $0.149149 USD
Transcript saved: Audios/AyatollahShojaee/Tazkiyeh/092/092_آثاريقين1 _ بحث تزکیه.txt
============================================================
[start] 094 Tue Sep 15 01:22:24 PDT 2026
[ok] 093 Tue Sep 15 01:22:27 PDT 2026
[srt] Audios/AyatollahShojaee/Tazkiyeh/093/093_آثاريقين 2 _ بحث تزکیه.srt cues=579
Billed duration : 1953 s (rounded up to nearest second)
Rate            : $0.22 / audio hour
Estimated cost  : $0.119330 USD
Transcript saved: Audios/AyatollahShojaee/Tazkiyeh/093/093_آثاريقين 2 _ بحث تزکیه.txt
============================================================
[skip] have txt 095
[srt] Audios/AyatollahShojaee/Tazkiyeh/095/095_رذيله شرک خفي مرحله 4 _ بحث تزکیه.srt cues=553
[start] 096 Tue Sep 15 01:22:27 PDT 2026
[ok] 094 Tue Sep 15 01:23:54 PDT 2026
[srt] Audios/AyatollahShojaee/Tazkiyeh/094/094_رذیله شرک جلی و خفی _ بحث تزکیه.srt cues=568
Billed duration : 1907 s (rounded up to nearest second)
Rate            : $0.22 / audio hour
Estimated cost  : $0.116530 USD
Transcript saved: Audios/AyatollahShojaee/Tazkiyeh/094/094_رذیله شرک جلی و خفی _ بحث تزکیه.txt
============================================================
[start] 097 Tue Sep 15 01:23:54 PDT 2026
[ok] 096 Tue Sep 15 01:24:09 PDT 2026
[srt] Audios/AyatollahShojaee/Tazkiyeh/096/096_مضرات شرک خفي _ بحث تزکیه.srt cues=516
Billed duration : 1761 s (rounded up to nearest second)
Rate            : $0.22 / audio hour
Estimated cost  : $0.107571 USD
Transcript saved: Audios/AyatollahShojaee/Tazkiyeh/096/096_مضرات شرک خفي _ بحث تزکیه.txt
============================================================
[start] 098 Tue Sep 15 01:24:09 PDT 2026
[ok] 097 Tue Sep 15 01:25:21 PDT 2026
[srt] Audios/AyatollahShojaee/Tazkiyeh/097/097_معني صحيح عبوديت وشرح معني نفس و خودیت _ بحث تزکیه.srt cues=730
Billed duration : 2404 s (rounded up to nearest second)
Rate            : $0.22 / audio hour
Estimated cost  : $0.146863 USD
Transcript saved: Audios/AyatollahShojaee/Tazkiyeh/097/097_معني صحيح عبوديت وشرح معني نفس و خودیت _ بحث تزکیه.txt
============================================================
[start] 099 Tue Sep 15 01:25:21 PDT 2026
[ok] 098 Tue Sep 15 01:25:45 PDT 2026
[srt] Audios/AyatollahShojaee/Tazkiyeh/098/098_مراتب شرک وراه نجات آن _ بحث تزکیه.srt cues=714
Billed duration : 2638 s (rounded up to nearest second)
Rate            : $0.22 / audio hour
Estimated cost  : $0.161157 USD
Transcript saved: Audios/AyatollahShojaee/Tazkiyeh/098/098_مراتب شرک وراه نجات آن _ بحث تزکیه.txt
============================================================
[start] 100 Tue Sep 15 01:25:45 PDT 2026
[ok] 099 Tue Sep 15 01:26:28 PDT 2026
[srt] Audios/AyatollahShojaee/Tazkiyeh/099/099_شرک در محبت و طريقه نجات از آن _ بحث تزکیه.srt cues=448
Billed duration : 1489 s (rounded up to nearest second)
Rate            : $0.22 / audio hour
Estimated cost  : $0.090985 USD
Transcript saved: Audios/AyatollahShojaee/Tazkiyeh/099/099_شرک در محبت و طريقه نجات از آن _ بحث تزکیه.txt
============================================================
[skip] have txt 101
[srt] Audios/AyatollahShojaee/Tazkiyeh/101/101_شرک در ذات 2 _ بحث تزکیه.srt cues=540
[skip] have txt 102
[srt] Audios/AyatollahShojaee/Tazkiyeh/102/102_شرک در ذات 3 (توحيد صفاتی) _ بحث تزکیه.srt cues=655
[start] 103 Tue Sep 15 01:26:29 PDT 2026
[ok] 100 Tue Sep 15 01:26:42 PDT 2026
[srt] Audios/AyatollahShojaee/Tazkiyeh/100/100_شرک در ذات 1 _ بحث تزکیه.srt cues=441
Billed duration : 1495 s (rounded up to nearest second)
Rate            : $0.22 / audio hour
Estimated cost  : $0.091322 USD
Transcript saved: Audios/AyatollahShojaee/Tazkiyeh/100/100_شرک در ذات 1 _ بحث تزکیه.txt
============================================================
[start] 104 Tue Sep 15 01:26:42 PDT 2026
[ok] 103 Tue Sep 15 01:27:44 PDT 2026
[srt] Audios/AyatollahShojaee/Tazkiyeh/103/103_خواطر نفساني _ بحث تزکیه.srt cues=535
Billed duration : 1802 s (rounded up to nearest second)
Rate            : $0.22 / audio hour
Estimated cost  : $0.110121 USD
Transcript saved: Audios/AyatollahShojaee/Tazkiyeh/103/103_خواطر نفساني _ بحث تزکیه.txt
============================================================
[start] 105 Tue Sep 15 01:27:44 PDT 2026
[ok] 104 Tue Sep 15 01:28:08 PDT 2026
[srt] Audios/AyatollahShojaee/Tazkiyeh/104/104_حديث نفس1 _ بحث تزکیه.srt cues=595
Billed duration : 1963 s (rounded up to nearest second)
Rate            : $0.22 / audio hour
Estimated cost  : $0.119907 USD
Transcript saved: Audios/AyatollahShojaee/Tazkiyeh/104/104_حديث نفس1 _ بحث تزکیه.txt
============================================================
[skip] have txt 106
[srt] Audios/AyatollahShojaee/Tazkiyeh/106/106_خطورات شيطاني1 _ بحث تزکیه.srt cues=590
[start] 107 Tue Sep 15 01:28:08 PDT 2026
[ok] 105 Tue Sep 15 01:28:59 PDT 2026
[srt] Audios/AyatollahShojaee/Tazkiyeh/105/105_حديث نفس 2 _ بحث تزکیه.srt cues=523
Billed duration : 1961 s (rounded up to nearest second)
Rate            : $0.22 / audio hour
Estimated cost  : $0.119836 USD
Transcript saved: Audios/AyatollahShojaee/Tazkiyeh/105/105_حديث نفس 2 _ بحث تزکیه.txt
============================================================
[start] 108 Tue Sep 15 01:28:59 PDT 2026
[ok] 107 Tue Sep 15 01:29:42 PDT 2026
[srt] Audios/AyatollahShojaee/Tazkiyeh/107/107_خطورات شيطاني 2 _ بحث تزکیه.srt cues=592
Billed duration : 1955 s (rounded up to nearest second)
Rate            : $0.22 / audio hour
Estimated cost  : $0.119449 USD
Transcript saved: Audios/AyatollahShojaee/Tazkiyeh/107/107_خطورات شيطاني 2 _ بحث تزکیه.txt
============================================================
[start] 109 Tue Sep 15 01:29:42 PDT 2026
[ok] 108 Tue Sep 15 01:30:21 PDT 2026
[srt] Audios/AyatollahShojaee/Tazkiyeh/108/108_ادامه خطورات شيطان3 _ بحث تزکیه.srt cues=507
Billed duration : 1760 s (rounded up to nearest second)
Rate            : $0.22 / audio hour
Estimated cost  : $0.107496 USD
Transcript saved: Audios/AyatollahShojaee/Tazkiyeh/108/108_ادامه خطورات شيطان3 _ بحث تزکیه.txt
============================================================
[start] 110 Tue Sep 15 01:30:21 PDT 2026
[ok] 109 Tue Sep 15 01:31:02 PDT 2026
[srt] Audios/AyatollahShojaee/Tazkiyeh/109/109_خطورات شيطاني4 _ بحث تزکیه.srt cues=398
Billed duration : 1428 s (rounded up to nearest second)
Rate            : $0.22 / audio hour
Estimated cost  : $0.087230 USD
Transcript saved: Audios/AyatollahShojaee/Tazkiyeh/109/109_خطورات شيطاني4 _ بحث تزکیه.txt
============================================================
[start] 111 Tue Sep 15 01:31:02 PDT 2026
[ok] 110 Tue Sep 15 01:32:00 PDT 2026
[srt] Audios/AyatollahShojaee/Tazkiyeh/110/110_راه حل رهايي از خواطر شيطاني _ بحث تزکیه.srt cues=534
Billed duration : 1840 s (rounded up to nearest second)
Rate            : $0.22 / audio hour
Estimated cost  : $0.112438 USD
Transcript saved: Audios/AyatollahShojaee/Tazkiyeh/110/110_راه حل رهايي از خواطر شيطاني _ بحث تزکیه.txt
============================================================
[start] 112 Tue Sep 15 01:32:00 PDT 2026
[ok] 111 Tue Sep 15 01:32:20 PDT 2026
[srt] Audios/AyatollahShojaee/Tazkiyeh/111/111_راه حل رهايي از خواطر شيطاني2 _ بحث تزکیه.srt cues=443
Billed duration : 1522 s (rounded up to nearest second)
Rate            : $0.22 / audio hour
Estimated cost  : $0.092992 USD
Transcript saved: Audios/AyatollahShojaee/Tazkiyeh/111/111_راه حل رهايي از خواطر شيطاني2 _ بحث تزکیه.txt
============================================================
[start] 113 Tue Sep 15 01:32:20 PDT 2026
[ok] 113 Tue Sep 15 01:33:20 PDT 2026
[srt] Audios/AyatollahShojaee/Tazkiyeh/113/113_ربوبیت حق چگونه با اسماء جلال برای سالک تجلی میگردد _ بحث تزکیه.srt cues=373
Billed duration : 1246 s (rounded up to nearest second)
Rate            : $0.22 / audio hour
Estimated cost  : $0.076098 USD
Transcript saved: Audios/AyatollahShojaee/Tazkiyeh/113/113_ربوبیت حق چگونه با اسماء جلال برای سالک تجلی میگردد _ بحث تزکیه.txt
============================================================
[skip] have txt 114
[srt] Audios/AyatollahShojaee/Tazkiyeh/114/114_تجلي اسم يا تواب _ بحث تزکیه.srt cues=541
[start] 115 Tue Sep 15 01:33:20 PDT 2026
[ok] 112 Tue Sep 15 01:33:28 PDT 2026
[srt] Audios/AyatollahShojaee/Tazkiyeh/112/112_شرح در طریق سلوک حالت سالک و تجلیاتی که بر او رخ میدهد _ بحث تزکیه.srt cues=477
Billed duration : 1720 s (rounded up to nearest second)
Rate            : $0.22 / audio hour
Estimated cost  : $0.105079 USD
Transcript saved: Audios/AyatollahShojaee/Tazkiyeh/112/112_شرح در طریق سلوک حالت سالک و تجلیاتی که بر او رخ میدهد _ بحث تزکیه.txt
============================================================
[start] 116 Tue Sep 15 01:33:28 PDT 2026
[ok] 116 Tue Sep 15 01:34:50 PDT 2026
[srt] Audios/AyatollahShojaee/Tazkiyeh/116/116_تجلی اسم غفور در سالک و اثر تجلی اسم غفور _ بحث تزکیه.srt cues=424
Billed duration : 1401 s (rounded up to nearest second)
Rate            : $0.22 / audio hour
Estimated cost  : $0.085602 USD
Transcript saved: Audios/AyatollahShojaee/Tazkiyeh/116/116_تجلی اسم غفور در سالک و اثر تجلی اسم غفور _ بحث تزکیه.txt
============================================================
[start] 117 Tue Sep 15 01:34:50 PDT 2026
[ok] 115 Tue Sep 15 01:34:59 PDT 2026
[srt] Audios/AyatollahShojaee/Tazkiyeh/115/115_تجلي اسم عفو در سالک _ بحث تزکیه.srt cues=501
Billed duration : 1740 s (rounded up to nearest second)
Rate            : $0.22 / audio hour
Estimated cost  : $0.106282 USD
Transcript saved: Audios/AyatollahShojaee/Tazkiyeh/115/115_تجلي اسم عفو در سالک _ بحث تزکیه.txt
============================================================
[start] 118 Tue Sep 15 01:34:59 PDT 2026
[ok] 117 Tue Sep 15 01:36:02 PDT 2026
[srt] Audios/AyatollahShojaee/Tazkiyeh/117/117_ادامه اثرات تجلی اسم غفور _ بحث تزکیه.srt cues=386
[ok] 118 Tue Sep 15 01:36:02 PDT 2026
Billed duration : 1302 s (rounded up to nearest second)
Rate            : $0.22 / audio hour
Estimated cost  : $0.079541 USD
Transcript saved: Audios/AyatollahShojaee/Tazkiyeh/117/117_ادامه اثرات تجلی اسم غفور _ بحث تزکیه.txt
============================================================
[start] 119 Tue Sep 15 01:36:02 PDT 2026
[srt] Audios/AyatollahShojaee/Tazkiyeh/118/118_تجليات اسماء جمال بر سالک _ بحث تزکیه.srt cues=322
Billed duration : 1042 s (rounded up to nearest second)
Rate            : $0.22 / audio hour
Estimated cost  : $0.063622 USD
Transcript saved: Audios/AyatollahShojaee/Tazkiyeh/118/118_تجليات اسماء جمال بر سالک _ بحث تزکیه.txt
============================================================
[skip] have txt 120
[srt] Audios/AyatollahShojaee/Tazkiyeh/120/120_مسئله اول در باب تجليات تجلي نور در قلب _ بحث تزکیه.srt cues=494
[start] 121 Tue Sep 15 01:36:02 PDT 2026
[ok] 119 Tue Sep 15 01:36:54 PDT 2026
[srt] Audios/AyatollahShojaee/Tazkiyeh/119/119_تجلی اسم غفور در عالم هستی _ بحث تزکیه.srt cues=255
Billed duration : 873 s (rounded up to nearest second)
Rate            : $0.22 / audio hour
Estimated cost  : $0.053326 USD
Transcript saved: Audios/AyatollahShojaee/Tazkiyeh/119/119_تجلی اسم غفور در عالم هستی _ بحث تزکیه.txt
============================================================
[skip] have txt 122
[srt] Audios/AyatollahShojaee/Tazkiyeh/122/122_تجلي انوار ربوبي در قلب سالک2 _ بحث تزکیه.srt cues=323
[start] 123 Tue Sep 15 01:36:54 PDT 2026
[ok] 121 Tue Sep 15 01:37:07 PDT 2026
[srt] Audios/AyatollahShojaee/Tazkiyeh/121/121_تجلي انوار ربوبي در قلب سالک _ بحث تزکیه.srt cues=407
Billed duration : 1314 s (rounded up to nearest second)
Rate            : $0.22 / audio hour
Estimated cost  : $0.080285 USD
Transcript saved: Audios/AyatollahShojaee/Tazkiyeh/121/121_تجلي انوار ربوبي در قلب سالک _ بحث تزکیه.txt
============================================================
[start] 124 Tue Sep 15 01:37:07 PDT 2026
[ok] 124 Tue Sep 15 01:38:11 PDT 2026
[srt] Audios/AyatollahShojaee/Tazkiyeh/124/124_تجليات اسماءوصفات حق در وجود سالک به تناسب برطرف شدن حجاب _ بحث تزکیه.srt cues=382
Billed duration : 1320 s (rounded up to nearest second)
Rate            : $0.22 / audio hour
Estimated cost  : $0.080628 USD
Transcript saved: Audios/AyatollahShojaee/Tazkiyeh/124/124_تجليات اسماءوصفات حق در وجود سالک به تناسب برطرف شدن حجاب _ بحث تزکیه.txt
============================================================
[start] 125 Tue Sep 15 01:38:11 PDT 2026
[ok] 123 Tue Sep 15 01:38:13 PDT 2026
[srt] Audios/AyatollahShojaee/Tazkiyeh/123/123_تجليات اسماء در انبياء _ بحث تزکیه.srt cues=628
Billed duration : 2082 s (rounded up to nearest second)
Rate            : $0.22 / audio hour
Estimated cost  : $0.127191 USD
Transcript saved: Audios/AyatollahShojaee/Tazkiyeh/123/123_تجليات اسماء در انبياء _ بحث تزکیه.txt
============================================================
[start] 126 Tue Sep 15 01:38:13 PDT 2026
[ok] 125 Tue Sep 15 01:39:21 PDT 2026
[srt] Audios/AyatollahShojaee/Tazkiyeh/125/125_مراحل ديگري از کشف ابصاري _ بحث تزکیه.srt cues=329
Billed duration : 1174 s (rounded up to nearest second)
Rate            : $0.22 / audio hour
Estimated cost  : $0.071698 USD
Transcript saved: Audios/AyatollahShojaee/Tazkiyeh/125/125_مراحل ديگري از کشف ابصاري _ بحث تزکیه.txt
============================================================
[start] 127 Tue Sep 15 01:39:21 PDT 2026
[ok] 126 Tue Sep 15 01:40:05 PDT 2026
[srt] Audios/AyatollahShojaee/Tazkiyeh/126/126_مراحل ديگري از کشف ابصاري 2 _ بحث تزکیه.srt cues=547
Billed duration : 1886 s (rounded up to nearest second)
Rate            : $0.22 / audio hour
Estimated cost  : $0.115199 USD
Transcript saved: Audios/AyatollahShojaee/Tazkiyeh/126/126_مراحل ديگري از کشف ابصاري 2 _ بحث تزکیه.txt
============================================================
[start] 128 Tue Sep 15 01:40:05 PDT 2026
[ok] 127 Tue Sep 15 01:40:49 PDT 2026
[srt] Audios/AyatollahShojaee/Tazkiyeh/127/127_مراحل ديگري از کشف ابصاري3 _ بحث تزکیه.srt cues=414
Billed duration : 1383 s (rounded up to nearest second)
Rate            : $0.22 / audio hour
Estimated cost  : $0.084491 USD
Transcript saved: Audios/AyatollahShojaee/Tazkiyeh/127/127_مراحل ديگري از کشف ابصاري3 _ بحث تزکیه.txt
============================================================
[start] 129 Tue Sep 15 01:40:49 PDT 2026
[ok] 128 Tue Sep 15 01:41:29 PDT 2026
[srt] Audios/AyatollahShojaee/Tazkiyeh/128/128_تجلیات ربوبیت با اسماء و صفات در وجود سالک - جایگاه انسان _ بحث تزکیه.srt cues=444
Billed duration : 1476 s (rounded up to nearest second)
Rate            : $0.22 / audio hour
Estimated cost  : $0.090191 USD
Transcript saved: Audios/AyatollahShojaee/Tazkiyeh/128/128_تجلیات ربوبیت با اسماء و صفات در وجود سالک - جایگاه انسان _ بحث تزکیه.txt
============================================================
[start] 130 Tue Sep 15 01:41:29 PDT 2026
[ok] 130 Tue Sep 15 01:42:20 PDT 2026
[srt] Audios/AyatollahShojaee/Tazkiyeh/130/130_اشتباهات وضلالتها در کشف ابصاري _ بحث تزکیه.srt cues=327
Billed duration : 1157 s (rounded up to nearest second)
Rate            : $0.22 / audio hour
Estimated cost  : $0.070699 USD
Transcript saved: Audios/AyatollahShojaee/Tazkiyeh/130/130_اشتباهات وضلالتها در کشف ابصاري _ بحث تزکیه.txt
============================================================
[start] 131 Tue Sep 15 01:42:20 PDT 2026
[ok] 129 Tue Sep 15 01:42:26 PDT 2026
[srt] Audios/AyatollahShojaee/Tazkiyeh/129/129_مراحل ديگري از کشف ابصاري-کشف ابصاري براي برخي از سالکين _ بحث تزکیه.srt cues=442
Billed duration : 1462 s (rounded up to nearest second)
Rate            : $0.22 / audio hour
Estimated cost  : $0.089296 USD
Transcript saved: Audios/AyatollahShojaee/Tazkiyeh/129/129_مراحل ديگري از کشف ابصاري-کشف ابصاري براي برخي از سالکين _ بحث تزکیه.txt
============================================================
[start] 132 Tue Sep 15 01:42:26 PDT 2026
[ok] 131 Tue Sep 15 01:43:20 PDT 2026
[srt] Audios/AyatollahShojaee/Tazkiyeh/131/131_نقش خيال و وهم در خطاهاي کشف ابصاري _ بحث تزکیه.srt cues=240
Billed duration : 836 s (rounded up to nearest second)
Rate            : $0.22 / audio hour
Estimated cost  : $0.051069 USD
Transcript saved: Audios/AyatollahShojaee/Tazkiyeh/131/131_نقش خيال و وهم در خطاهاي کشف ابصاري _ بحث تزکیه.txt
============================================================
[start] 133 Tue Sep 15 01:43:20 PDT 2026
[ok] 132 Tue Sep 15 01:43:26 PDT 2026
[srt] Audios/AyatollahShojaee/Tazkiyeh/132/132_نقش وسیع دخالتهای شیطان و اغوائات آن در بعضی مکاشفات در مورد احضار روح _ بحث تزکیه.srt cues=308
Billed duration : 1017 s (rounded up to nearest second)
Rate            : $0.22 / audio hour
Estimated cost  : $0.062126 USD
Transcript saved: Audios/AyatollahShojaee/Tazkiyeh/132/132_نقش وسیع دخالتهای شیطان و اغوائات آن در بعضی مکاشفات در مورد احضار روح _ بحث تزکیه.txt
============================================================
[skip] have txt 134
[srt] Audios/AyatollahShojaee/Tazkiyeh/134/134_ادامه کشف ابصاری4 _ بحث تزکیه.srt cues=602
[start] 135 Tue Sep 15 01:43:26 PDT 2026
[ok] 133 Tue Sep 15 01:43:58 PDT 2026
[srt] Audios/AyatollahShojaee/Tazkiyeh/133/133_کشف ابصاري(ميثم تمار)در مورد اسرار کشف ابصاري _ بحث تزکیه.srt cues=281
Billed duration : 1053 s (rounded up to nearest second)
Rate            : $0.22 / audio hour
Estimated cost  : $0.064321 USD
Transcript saved: Audios/AyatollahShojaee/Tazkiyeh/133/133_کشف ابصاري(ميثم تمار)در مورد اسرار کشف ابصاري _ بحث تزکیه.txt
============================================================
[start] 136 Tue Sep 15 01:43:58 PDT 2026
[ok] 135 Tue Sep 15 01:45:02 PDT 2026
[srt] Audios/AyatollahShojaee/Tazkiyeh/135/135_کشف سمائي _ بحث تزکیه.srt cues=432
Billed duration : 1497 s (rounded up to nearest second)
Rate            : $0.22 / audio hour
Estimated cost  : $0.091478 USD
Transcript saved: Audios/AyatollahShojaee/Tazkiyeh/135/135_کشف سمائي _ بحث تزکیه.txt
============================================================
[start] 137 Tue Sep 15 01:45:03 PDT 2026
[ok] 136 Tue Sep 15 01:45:07 PDT 2026
[srt] Audios/AyatollahShojaee/Tazkiyeh/136/136_مراحل بالاي کشف سمائي کشف از عالم برزخ وقيامت _ بحث تزکیه.srt cues=322
Billed duration : 1076 s (rounded up to nearest second)
Rate            : $0.22 / audio hour
Estimated cost  : $0.065740 USD
Transcript saved: Audios/AyatollahShojaee/Tazkiyeh/136/136_مراحل بالاي کشف سمائي کشف از عالم برزخ وقيامت _ بحث تزکیه.txt
============================================================
[start] 138 Tue Sep 15 01:45:07 PDT 2026
[ok] 138 Tue Sep 15 01:46:03 PDT 2026
[srt] Audios/AyatollahShojaee/Tazkiyeh/138/138_کشف شمي ولمسي _ بحث تزکیه.srt cues=367
Billed duration : 1259 s (rounded up to nearest second)
Rate            : $0.22 / audio hour
Estimated cost  : $0.076921 USD
Transcript saved: Audios/AyatollahShojaee/Tazkiyeh/138/138_کشف شمي ولمسي _ بحث تزکیه.txt
============================================================
[start] 139 Tue Sep 15 01:46:03 PDT 2026
[ok] 137 Tue Sep 15 01:46:43 PDT 2026
[srt] Audios/AyatollahShojaee/Tazkiyeh/137/137_كشف ذوقي _ بحث تزکیه.srt cues=476
Billed duration : 1681 s (rounded up to nearest second)
Rate            : $0.22 / audio hour
Estimated cost  : $0.102703 USD
Transcript saved: Audios/AyatollahShojaee/Tazkiyeh/137/137_كشف ذوقي _ بحث تزکیه.txt
============================================================
[start] 140 Tue Sep 15 01:46:43 PDT 2026
[ok] 139 Tue Sep 15 01:46:50 PDT 2026
[srt] Audios/AyatollahShojaee/Tazkiyeh/139/139_کشف شمي2 _ بحث تزکیه.srt cues=297
Billed duration : 1011 s (rounded up to nearest second)
Rate            : $0.22 / audio hour
Estimated cost  : $0.061776 USD
Transcript saved: Audios/AyatollahShojaee/Tazkiyeh/139/139_کشف شمي2 _ بحث تزکیه.txt
============================================================
[skip] have txt 141
[srt] Audios/AyatollahShojaee/Tazkiyeh/141/141_قسمت پایانی _ بحث تزکیه.srt cues=61
[ok] 140 Tue Sep 15 01:47:56 PDT 2026
[srt] Audios/AyatollahShojaee/Tazkiyeh/140/140_کشف لمسي-يکي از کشفهاي اصحاب ائمه _ بحث تزکیه.srt cues=521
Billed duration : 1767 s (rounded up to nearest second)
Rate            : $0.22 / audio hour
Estimated cost  : $0.107939 USD
Transcript saved: Audios/AyatollahShojaee/Tazkiyeh/140/140_کشف لمسي-يکي از کشفهاي اصحاب ائمه _ بحث تزکیه.txt
============================================================
=== PARALLEL DONE 1-141 Tue Sep 15 01:47:56 PDT 2026 ===
