=== PARALLEL ASR 3-141 jobs=6 Tue Sep 15 00:21:06 PDT 2026 ===
[skip] have txt 003
[skip] have txt 004
[start] 005 Tue Sep 15 00:21:06 PDT 2026
[start] 007 Tue Sep 15 00:21:06 PDT 2026
[skip] have txt 006
[start] 008 Tue Sep 15 00:21:06 PDT 2026
[skip] have txt 010
[start] 009 Tue Sep 15 00:21:06 PDT 2026
[start] 011 Tue Sep 15 00:21:06 PDT 2026
[skip] have txt 012
[skip] have txt 013
[skip] have txt 014
[start] 015 Tue Sep 15 00:21:06 PDT 2026
[FAIL] 005 Tue Sep 15 00:21:18 PDT 2026
[start] 016 Tue Sep 15 00:21:18 PDT 2026
[FAIL] 009 Tue Sep 15 00:21:20 PDT 2026
[start] 017 Tue Sep 15 00:21:20 PDT 2026
[FAIL] 016 Tue Sep 15 00:21:25 PDT 2026
[start] 018 Tue Sep 15 00:21:25 PDT 2026
[FAIL] 017 Tue Sep 15 00:21:27 PDT 2026
[start] 019 Tue Sep 15 00:21:27 PDT 2026
[FAIL] 018 Tue Sep 15 00:21:34 PDT 2026
[start] 020 Tue Sep 15 00:21:34 PDT 2026
[FAIL] 019 Tue Sep 15 00:21:34 PDT 2026
[start] 021 Tue Sep 15 00:21:34 PDT 2026
[FAIL] 020 Tue Sep 15 00:21:43 PDT 2026
[start] 022 Tue Sep 15 00:21:43 PDT 2026
[FAIL] 021 Tue Sep 15 00:21:43 PDT 2026
[start] 023 Tue Sep 15 00:21:43 PDT 2026
[FAIL] 023 Tue Sep 15 00:21:51 PDT 2026
[FAIL] 022 Tue Sep 15 00:21:51 PDT 2026
[start] 024 Tue Sep 15 00:21:51 PDT 2026
[start] 025 Tue Sep 15 00:21:51 PDT 2026
[FAIL] 025 Tue Sep 15 00:21:59 PDT 2026
[start] 026 Tue Sep 15 00:21:59 PDT 2026
[FAIL] 024 Tue Sep 15 00:22:01 PDT 2026
[start] 027 Tue Sep 15 00:22:01 PDT 2026
[FAIL] 026 Tue Sep 15 00:22:07 PDT 2026
[start] 028 Tue Sep 15 00:22:07 PDT 2026
[FAIL] 027 Tue Sep 15 00:22:09 PDT 2026
[start] 029 Tue Sep 15 00:22:09 PDT 2026
[ok] 007 Tue Sep 15 00:22:10 PDT 2026
[start] 030 Tue Sep 15 00:22:10 PDT 2026
[ok] 008 Tue Sep 15 00:22:12 PDT 2026
[start] 031 Tue Sep 15 00:22:12 PDT 2026
[FAIL] 030 Tue Sep 15 00:22:17 PDT 2026
[start] 032 Tue Sep 15 00:22:18 PDT 2026
[ok] 011 Tue Sep 15 00:22:18 PDT 2026
[start] 033 Tue Sep 15 00:22:18 PDT 2026
[FAIL] 031 Tue Sep 15 00:22:20 PDT 2026
[start] 034 Tue Sep 15 00:22:20 PDT 2026
[FAIL] 033 Tue Sep 15 00:22:26 PDT 2026
[start] 035 Tue Sep 15 00:22:26 PDT 2026
[FAIL] 034 Tue Sep 15 00:22:27 PDT 2026
[start] 036 Tue Sep 15 00:22:27 PDT 2026
[ok] 015 Tue Sep 15 00:22:31 PDT 2026
[start] 037 Tue Sep 15 00:22:31 PDT 2026
[FAIL] 036 Tue Sep 15 00:22:35 PDT 2026
[start] 038 Tue Sep 15 00:22:35 PDT 2026
[FAIL] 037 Tue Sep 15 00:22:38 PDT 2026
[start] 039 Tue Sep 15 00:22:38 PDT 2026
[FAIL] 038 Tue Sep 15 00:22:43 PDT 2026
[start] 040 Tue Sep 15 00:22:43 PDT 2026
[FAIL] 039 Tue Sep 15 00:22:49 PDT 2026
[start] 041 Tue Sep 15 00:22:49 PDT 2026
[FAIL] 040 Tue Sep 15 00:22:52 PDT 2026
[start] 042 Tue Sep 15 00:22:53 PDT 2026
[FAIL] 041 Tue Sep 15 00:22:57 PDT 2026
[start] 043 Tue Sep 15 00:22:57 PDT 2026
[FAIL] 042 Tue Sep 15 00:23:00 PDT 2026
[start] 044 Tue Sep 15 00:23:00 PDT 2026
[FAIL] 043 Tue Sep 15 00:23:05 PDT 2026
[start] 045 Tue Sep 15 00:23:05 PDT 2026
[FAIL] 044 Tue Sep 15 00:23:08 PDT 2026
[start] 046 Tue Sep 15 00:23:08 PDT 2026
[FAIL] 045 Tue Sep 15 00:23:13 PDT 2026
[start] 047 Tue Sep 15 00:23:13 PDT 2026
[FAIL] 046 Tue Sep 15 00:23:17 PDT 2026
[start] 048 Tue Sep 15 00:23:17 PDT 2026
[FAIL] 047 Tue Sep 15 00:23:22 PDT 2026
[start] 049 Tue Sep 15 00:23:22 PDT 2026
[FAIL] 048 Tue Sep 15 00:23:24 PDT 2026
[start] 050 Tue Sep 15 00:23:24 PDT 2026
[ok] 029 Tue Sep 15 00:23:26 PDT 2026
[start] 051 Tue Sep 15 00:23:26 PDT 2026
[ok] 035 Tue Sep 15 00:23:27 PDT 2026
[start] 052 Tue Sep 15 00:23:27 PDT 2026
[FAIL] 051 Tue Sep 15 00:23:33 PDT 2026
[start] 053 Tue Sep 15 00:23:33 PDT 2026
[FAIL] 052 Tue Sep 15 00:23:35 PDT 2026
[start] 054 Tue Sep 15 00:23:35 PDT 2026
[ok] 028 Tue Sep 15 00:23:39 PDT 2026
[start] 055 Tue Sep 15 00:23:39 PDT 2026
[FAIL] 053 Tue Sep 15 00:23:40 PDT 2026
[start] 056 Tue Sep 15 00:23:40 PDT 2026
[ok] 032 Tue Sep 15 00:23:44 PDT 2026
[start] 057 Tue Sep 15 00:23:44 PDT 2026
[FAIL] 055 Tue Sep 15 00:23:46 PDT 2026
[start] 058 Tue Sep 15 00:23:46 PDT 2026
[FAIL] 057 Tue Sep 15 00:23:52 PDT 2026
[start] 059 Tue Sep 15 00:23:52 PDT 2026
[FAIL] 058 Tue Sep 15 00:23:52 PDT 2026
[start] 060 Tue Sep 15 00:23:52 PDT 2026
[FAIL] 059 Tue Sep 15 00:23:58 PDT 2026
[start] 061 Tue Sep 15 00:23:58 PDT 2026
[FAIL] 060 Tue Sep 15 00:24:00 PDT 2026
[start] 062 Tue Sep 15 00:24:00 PDT 2026
[FAIL] 061 Tue Sep 15 00:24:07 PDT 2026
[start] 063 Tue Sep 15 00:24:07 PDT 2026
[FAIL] 062 Tue Sep 15 00:24:08 PDT 2026
[start] 064 Tue Sep 15 00:24:08 PDT 2026
[FAIL] 063 Tue Sep 15 00:24:17 PDT 2026
[start] 065 Tue Sep 15 00:24:17 PDT 2026
[FAIL] 064 Tue Sep 15 00:24:20 PDT 2026
[start] 066 Tue Sep 15 00:24:20 PDT 2026
[FAIL] 065 Tue Sep 15 00:24:26 PDT 2026
[start] 067 Tue Sep 15 00:24:26 PDT 2026
[FAIL] 066 Tue Sep 15 00:24:27 PDT 2026
[start] 068 Tue Sep 15 00:24:27 PDT 2026
[ok] 050 Tue Sep 15 00:24:30 PDT 2026
[start] 069 Tue Sep 15 00:24:30 PDT 2026
[FAIL] 069 Tue Sep 15 00:24:37 PDT 2026
[skip] have txt 070
[start] 071 Tue Sep 15 00:24:37 PDT 2026
[FAIL] 067 Tue Sep 15 00:24:37 PDT 2026
[skip] have txt 072
[start] 073 Tue Sep 15 00:24:37 PDT 2026
[FAIL] 071 Tue Sep 15 00:24:45 PDT 2026
[start] 074 Tue Sep 15 00:24:45 PDT 2026
[FAIL] 073 Tue Sep 15 00:24:46 PDT 2026
[start] 075 Tue Sep 15 00:24:46 PDT 2026
[ok] 054 Tue Sep 15 00:24:48 PDT 2026
[ok] 056 Tue Sep 15 00:24:48 PDT 2026
[start] 076 Tue Sep 15 00:24:48 PDT 2026
[start] 077 Tue Sep 15 00:24:48 PDT 2026
[FAIL] 076 Tue Sep 15 00:24:57 PDT 2026
[start] 078 Tue Sep 15 00:24:57 PDT 2026
[ok] 049 Tue Sep 15 00:24:59 PDT 2026
[start] 079 Tue Sep 15 00:24:59 PDT 2026
[FAIL] 078 Tue Sep 15 00:25:08 PDT 2026
[start] 080 Tue Sep 15 00:25:08 PDT 2026
[FAIL] 079 Tue Sep 15 00:25:09 PDT 2026
[skip] have txt 081
[start] 082 Tue Sep 15 00:25:09 PDT 2026
[FAIL] 080 Tue Sep 15 00:25:16 PDT 2026
[skip] have txt 083
[start] 084 Tue Sep 15 00:25:16 PDT 2026
[FAIL] 082 Tue Sep 15 00:25:17 PDT 2026
[start] 085 Tue Sep 15 00:25:17 PDT 2026
[FAIL] 084 Tue Sep 15 00:25:25 PDT 2026
[start] 086 Tue Sep 15 00:25:25 PDT 2026
[FAIL] 085 Tue Sep 15 00:25:27 PDT 2026
[start] 087 Tue Sep 15 00:25:27 PDT 2026
[FAIL] 087 Tue Sep 15 00:25:35 PDT 2026
[start] 088 Tue Sep 15 00:25:35 PDT 2026
[FAIL] 086 Tue Sep 15 00:25:35 PDT 2026
[start] 089 Tue Sep 15 00:25:35 PDT 2026
[FAIL] 088 Tue Sep 15 00:25:42 PDT 2026
[start] 090 Tue Sep 15 00:25:42 PDT 2026
[FAIL] 089 Tue Sep 15 00:25:42 PDT 2026
[start] 091 Tue Sep 15 00:25:42 PDT 2026
[ok] 068 Tue Sep 15 00:25:43 PDT 2026
[start] 092 Tue Sep 15 00:25:43 PDT 2026
[FAIL] 091 Tue Sep 15 00:25:51 PDT 2026
[start] 093 Tue Sep 15 00:25:51 PDT 2026
[FAIL] 092 Tue Sep 15 00:25:53 PDT 2026
[start] 094 Tue Sep 15 00:25:53 PDT 2026
[FAIL] 093 Tue Sep 15 00:25:59 PDT 2026
[start] 095 Tue Sep 15 00:25:59 PDT 2026
[ok] 074 Tue Sep 15 00:25:59 PDT 2026
[start] 096 Tue Sep 15 00:25:59 PDT 2026
[FAIL] 094 Tue Sep 15 00:26:00 PDT 2026
[start] 097 Tue Sep 15 00:26:00 PDT 2026
[FAIL] 096 Tue Sep 15 00:26:07 PDT 2026
[start] 098 Tue Sep 15 00:26:07 PDT 2026
[FAIL] 097 Tue Sep 15 00:26:10 PDT 2026
[start] 099 Tue Sep 15 00:26:10 PDT 2026
[FAIL] 099 Tue Sep 15 00:26:17 PDT 2026
[start] 100 Tue Sep 15 00:26:17 PDT 2026
[FAIL] 098 Tue Sep 15 00:26:18 PDT 2026
[start] 101 Tue Sep 15 00:26:18 PDT 2026
[FAIL] 100 Tue Sep 15 00:26:24 PDT 2026
[start] 102 Tue Sep 15 00:26:24 PDT 2026
[ok] 075 Tue Sep 15 00:26:46 PDT 2026
[start] 103 Tue Sep 15 00:26:46 PDT 2026
[FAIL] 103 Tue Sep 15 00:26:54 PDT 2026
[start] 104 Tue Sep 15 00:26:54 PDT 2026
[ok] 077 Tue Sep 15 00:26:58 PDT 2026
[start] 105 Tue Sep 15 00:26:58 PDT 2026
[FAIL] 104 Tue Sep 15 00:27:02 PDT 2026
[start] 106 Tue Sep 15 00:27:02 PDT 2026
[FAIL] 105 Tue Sep 15 00:27:07 PDT 2026
[start] 107 Tue Sep 15 00:27:07 PDT 2026
[ok] 090 Tue Sep 15 00:27:07 PDT 2026
[start] 108 Tue Sep 15 00:27:07 PDT 2026
[FAIL] 107 Tue Sep 15 00:27:15 PDT 2026
[start] 109 Tue Sep 15 00:27:15 PDT 2026
[FAIL] 108 Tue Sep 15 00:27:16 PDT 2026
[start] 110 Tue Sep 15 00:27:16 PDT 2026
[FAIL] 109 Tue Sep 15 00:27:22 PDT 2026
[start] 111 Tue Sep 15 00:27:22 PDT 2026
[FAIL] 110 Tue Sep 15 00:27:23 PDT 2026
[start] 112 Tue Sep 15 00:27:23 PDT 2026
[FAIL] 111 Tue Sep 15 00:27:29 PDT 2026
[start] 113 Tue Sep 15 00:27:29 PDT 2026
[FAIL] 112 Tue Sep 15 00:27:31 PDT 2026
[start] 114 Tue Sep 15 00:27:31 PDT 2026
[ok] 095 Tue Sep 15 00:27:34 PDT 2026
[start] 115 Tue Sep 15 00:27:34 PDT 2026
[FAIL] 113 Tue Sep 15 00:27:35 PDT 2026
[start] 116 Tue Sep 15 00:27:35 PDT 2026
[FAIL] 115 Tue Sep 15 00:27:42 PDT 2026
[start] 117 Tue Sep 15 00:27:42 PDT 2026
[FAIL] 116 Tue Sep 15 00:27:42 PDT 2026
[start] 118 Tue Sep 15 00:27:42 PDT 2026
[FAIL] 117 Tue Sep 15 00:27:48 PDT 2026
[start] 119 Tue Sep 15 00:27:48 PDT 2026
[FAIL] 118 Tue Sep 15 00:27:48 PDT 2026
[start] 120 Tue Sep 15 00:27:48 PDT 2026
[FAIL] 119 Tue Sep 15 00:27:53 PDT 2026
[start] 121 Tue Sep 15 00:27:53 PDT 2026
[ok] 101 Tue Sep 15 00:27:54 PDT 2026
[start] 122 Tue Sep 15 00:27:54 PDT 2026
[ok] 102 Tue Sep 15 00:27:59 PDT 2026
[start] 123 Tue Sep 15 00:27:59 PDT 2026
[FAIL] 121 Tue Sep 15 00:27:59 PDT 2026
[start] 124 Tue Sep 15 00:27:59 PDT 2026
[FAIL] 124 Tue Sep 15 00:28:06 PDT 2026
[start] 125 Tue Sep 15 00:28:06 PDT 2026
[FAIL] 123 Tue Sep 15 00:28:08 PDT 2026
[start] 126 Tue Sep 15 00:28:08 PDT 2026
[FAIL] 125 Tue Sep 15 00:28:12 PDT 2026
[start] 127 Tue Sep 15 00:28:12 PDT 2026
[FAIL] 126 Tue Sep 15 00:28:15 PDT 2026
[start] 128 Tue Sep 15 00:28:15 PDT 2026
[FAIL] 127 Tue Sep 15 00:28:18 PDT 2026
[start] 129 Tue Sep 15 00:28:18 PDT 2026
[FAIL] 128 Tue Sep 15 00:28:22 PDT 2026
[start] 130 Tue Sep 15 00:28:22 PDT 2026
[FAIL] 129 Tue Sep 15 00:28:25 PDT 2026
[start] 131 Tue Sep 15 00:28:25 PDT 2026
[FAIL] 130 Tue Sep 15 00:28:28 PDT 2026
[start] 132 Tue Sep 15 00:28:28 PDT 2026
[FAIL] 131 Tue Sep 15 00:28:30 PDT 2026
[start] 133 Tue Sep 15 00:28:30 PDT 2026
[FAIL] 132 Tue Sep 15 00:28:33 PDT 2026
[start] 134 Tue Sep 15 00:28:33 PDT 2026
[FAIL] 133 Tue Sep 15 00:28:36 PDT 2026
[start] 135 Tue Sep 15 00:28:36 PDT 2026
[ok] 106 Tue Sep 15 00:28:36 PDT 2026
[start] 136 Tue Sep 15 00:28:36 PDT 2026
[FAIL] 136 Tue Sep 15 00:28:42 PDT 2026
[start] 137 Tue Sep 15 00:28:42 PDT 2026
[FAIL] 135 Tue Sep 15 00:28:45 PDT 2026
[start] 138 Tue Sep 15 00:28:45 PDT 2026
[FAIL] 137 Tue Sep 15 00:28:50 PDT 2026
[start] 139 Tue Sep 15 00:28:50 PDT 2026
[ok] 122 Tue Sep 15 00:28:51 PDT 2026
[FAIL] 138 Tue Sep 15 00:28:51 PDT 2026
[start] 140 Tue Sep 15 00:28:51 PDT 2026
[start] 141 Tue Sep 15 00:28:51 PDT 2026
[FAIL] 139 Tue Sep 15 00:28:55 PDT 2026
[FAIL] 140 Tue Sep 15 00:28:58 PDT 2026
[ok] 120 Tue Sep 15 00:29:12 PDT 2026
[ok] 114 Tue Sep 15 00:29:12 PDT 2026
[ok] 141 Tue Sep 15 00:29:15 PDT 2026
[ok] 134 Tue Sep 15 00:30:12 PDT 2026
