=== overnight ASR start Tue Sep 15 00:31:55 PDT 2026 ===
=== overnight ASR start Tue Sep 15 00:31:55 PDT 2026 ===
[Tue Sep 15 00:31:55 PDT 2026] missing=102 round=0
[Tue Sep 15 00:31:55 PDT 2026] missing=102 round=0
=== PARALLEL ASR 1-141 jobs=2 Tue Sep 15 00:31:55 PDT 2026 ===
[skip] have txt 001
[skip] have txt 002
[skip] have txt 003
[skip] have txt 004
[skip] have txt 006
[start] 005 Tue Sep 15 00:31:56 PDT 2026
[skip] have txt 007
[skip] have txt 008
[start] 009 Tue Sep 15 00:31:56 PDT 2026
[ok] 009 Tue Sep 15 00:33:58 PDT 2026
[skip] have txt 010
[skip] have txt 011
[skip] have txt 012
[skip] have txt 013
[skip] have txt 014
[skip] have txt 015
[start] 016 Tue Sep 15 00:33:58 PDT 2026
[ok] 005 Tue Sep 15 00:34:10 PDT 2026
[start] 017 Tue Sep 15 00:34:10 PDT 2026
[ok] 017 Tue Sep 15 00:35:41 PDT 2026
[start] 018 Tue Sep 15 00:35:42 PDT 2026
[ok] 016 Tue Sep 15 00:35:52 PDT 2026
[start] 019 Tue Sep 15 00:35:52 PDT 2026
[ok] 019 Tue Sep 15 00:37:09 PDT 2026
[start] 020 Tue Sep 15 00:37:09 PDT 2026
[ok] 018 Tue Sep 15 00:37:44 PDT 2026
[start] 021 Tue Sep 15 00:37:44 PDT 2026
[ok] 020 Tue Sep 15 00:38:48 PDT 2026
[start] 022 Tue Sep 15 00:38:48 PDT 2026
[ok] 021 Tue Sep 15 00:39:40 PDT 2026
[start] 023 Tue Sep 15 00:39:40 PDT 2026
[ok] 022 Tue Sep 15 00:40:06 PDT 2026
[start] 024 Tue Sep 15 00:40:06 PDT 2026
[ok] 023 Tue Sep 15 00:40:55 PDT 2026
[start] 025 Tue Sep 15 00:40:55 PDT 2026
[ok] 024 Tue Sep 15 00:41:44 PDT 2026
[start] 026 Tue Sep 15 00:41:44 PDT 2026
[ok] 025 Tue Sep 15 00:42:25 PDT 2026
[start] 027 Tue Sep 15 00:42:25 PDT 2026
[ok] 026 Tue Sep 15 00:43:14 PDT 2026
[skip] have txt 028
[skip] have txt 029
[start] 030 Tue Sep 15 00:43:14 PDT 2026
[ok] 027 Tue Sep 15 00:43:49 PDT 2026
[start] 031 Tue Sep 15 00:43:49 PDT 2026
[ok] 030 Tue Sep 15 00:44:38 PDT 2026
[skip] have txt 032
[start] 033 Tue Sep 15 00:44:38 PDT 2026
[ok] 031 Tue Sep 15 00:45:02 PDT 2026
[start] 034 Tue Sep 15 00:45:02 PDT 2026
[ok] 033 Tue Sep 15 00:45:50 PDT 2026
[skip] have txt 035
[start] 036 Tue Sep 15 00:45:50 PDT 2026
[ok] 034 Tue Sep 15 00:45:52 PDT 2026
[start] 037 Tue Sep 15 00:45:52 PDT 2026
[ok] 037 Tue Sep 15 00:46:56 PDT 2026
[start] 038 Tue Sep 15 00:46:56 PDT 2026
[ok] 036 Tue Sep 15 00:46:59 PDT 2026
[start] 039 Tue Sep 15 00:46:59 PDT 2026
[ok] 038 Tue Sep 15 00:48:20 PDT 2026
[start] 040 Tue Sep 15 00:48:20 PDT 2026
[ok] 039 Tue Sep 15 00:48:50 PDT 2026
[start] 041 Tue Sep 15 00:48:50 PDT 2026
[ok] 040 Tue Sep 15 00:49:46 PDT 2026
[start] 042 Tue Sep 15 00:49:46 PDT 2026
[ok] 041 Tue Sep 15 00:50:02 PDT 2026
[start] 043 Tue Sep 15 00:50:02 PDT 2026
[ok] 042 Tue Sep 15 00:51:00 PDT 2026
[start] 044 Tue Sep 15 00:51:00 PDT 2026
[ok] 043 Tue Sep 15 00:51:30 PDT 2026
[start] 045 Tue Sep 15 00:51:30 PDT 2026
[ok] 044 Tue Sep 15 00:52:24 PDT 2026
[start] 046 Tue Sep 15 00:52:24 PDT 2026
[ok] 045 Tue Sep 15 00:52:49 PDT 2026
[start] 047 Tue Sep 15 00:52:49 PDT 2026
[ok] 046 Tue Sep 15 00:54:04 PDT 2026
[start] 048 Tue Sep 15 00:54:04 PDT 2026
[ok] 047 Tue Sep 15 00:54:10 PDT 2026
[skip] have txt 049
[skip] have txt 050
[start] 051 Tue Sep 15 00:54:10 PDT 2026
[ok] 048 Tue Sep 15 00:55:13 PDT 2026
[start] 052 Tue Sep 15 00:55:14 PDT 2026
[ok] 051 Tue Sep 15 00:55:18 PDT 2026
[start] 053 Tue Sep 15 00:55:18 PDT 2026
[ok] 053 Tue Sep 15 00:56:36 PDT 2026
[skip] have txt 054
[start] 055 Tue Sep 15 00:56:36 PDT 2026
[ok] 052 Tue Sep 15 00:57:07 PDT 2026
[skip] have txt 056
[start] 057 Tue Sep 15 00:57:08 PDT 2026
[ok] 055 Tue Sep 15 00:57:49 PDT 2026
[start] 058 Tue Sep 15 00:57:49 PDT 2026
[ok] 057 Tue Sep 15 00:59:13 PDT 2026
[start] 059 Tue Sep 15 00:59:13 PDT 2026
[ok] 058 Tue Sep 15 00:59:27 PDT 2026
[start] 060 Tue Sep 15 00:59:27 PDT 2026
[ok] 059 Tue Sep 15 01:00:17 PDT 2026
[start] 061 Tue Sep 15 01:00:17 PDT 2026
[ok] 060 Tue Sep 15 01:01:49 PDT 2026
[start] 062 Tue Sep 15 01:01:49 PDT 2026
[ok] 061 Tue Sep 15 01:02:52 PDT 2026
[start] 063 Tue Sep 15 01:02:52 PDT 2026
[ok] 062 Tue Sep 15 01:03:56 PDT 2026
[start] 064 Tue Sep 15 01:03:56 PDT 2026
[ok] 064 Tue Sep 15 01:06:37 PDT 2026
[start] 065 Tue Sep 15 01:06:37 PDT 2026
[ok] 063 Tue Sep 15 01:06:44 PDT 2026
[start] 066 Tue Sep 15 01:06:44 PDT 2026
[ok] 065 Tue Sep 15 01:08:48 PDT 2026
[start] 067 Tue Sep 15 01:08:48 PDT 2026
[ok] 066 Tue Sep 15 01:09:10 PDT 2026
[skip] have txt 068
[start] 069 Tue Sep 15 01:09:10 PDT 2026
[ok] 067 Tue Sep 15 01:10:25 PDT 2026
[skip] have txt 070
[start] 071 Tue Sep 15 01:10:25 PDT 2026
[ok] 069 Tue Sep 15 01:10:33 PDT 2026
[skip] have txt 072
[start] 073 Tue Sep 15 01:10:33 PDT 2026
[ok] 071 Tue Sep 15 01:11:51 PDT 2026
[skip] have txt 074
[skip] have txt 075
[start] 076 Tue Sep 15 01:11:52 PDT 2026
[ok] 073 Tue Sep 15 01:12:14 PDT 2026
[skip] have txt 077
[start] 078 Tue Sep 15 01:12:14 PDT 2026
[ok] 076 Tue Sep 15 01:13:09 PDT 2026
[start] 079 Tue Sep 15 01:13:09 PDT 2026
[ok] 078 Tue Sep 15 01:13:53 PDT 2026
[start] 080 Tue Sep 15 01:13:53 PDT 2026
[ok] 079 Tue Sep 15 01:14:45 PDT 2026
[skip] have txt 081
[start] 082 Tue Sep 15 01:14:45 PDT 2026
[ok] 080 Tue Sep 15 01:15:10 PDT 2026
[skip] have txt 083
[start] 084 Tue Sep 15 01:15:10 PDT 2026
[ok] 082 Tue Sep 15 01:15:55 PDT 2026
[start] 085 Tue Sep 15 01:15:55 PDT 2026
[ok] 084 Tue Sep 15 01:16:26 PDT 2026
[start] 086 Tue Sep 15 01:16:26 PDT 2026
[ok] 085 Tue Sep 15 01:17:32 PDT 2026
[start] 087 Tue Sep 15 01:17:32 PDT 2026
[ok] 086 Tue Sep 15 01:18:26 PDT 2026
[start] 088 Tue Sep 15 01:18:26 PDT 2026
[ok] 087 Tue Sep 15 01:18:51 PDT 2026
[start] 089 Tue Sep 15 01:18:51 PDT 2026
[ok] 088 Tue Sep 15 01:19:25 PDT 2026
[skip] have txt 090
[start] 091 Tue Sep 15 01:19:25 PDT 2026
[ok] 089 Tue Sep 15 01:20:19 PDT 2026
[start] 092 Tue Sep 15 01:20:19 PDT 2026
[ok] 091 Tue Sep 15 01:20:50 PDT 2026
[start] 093 Tue Sep 15 01:20:50 PDT 2026
[ok] 092 Tue Sep 15 01:22:24 PDT 2026
[start] 094 Tue Sep 15 01:22:24 PDT 2026
[ok] 093 Tue Sep 15 01:22:27 PDT 2026
[skip] have txt 095
[start] 096 Tue Sep 15 01:22:27 PDT 2026
[ok] 094 Tue Sep 15 01:23:54 PDT 2026
[start] 097 Tue Sep 15 01:23:54 PDT 2026
[ok] 096 Tue Sep 15 01:24:09 PDT 2026
[start] 098 Tue Sep 15 01:24:09 PDT 2026
[ok] 097 Tue Sep 15 01:25:21 PDT 2026
[start] 099 Tue Sep 15 01:25:21 PDT 2026
[ok] 098 Tue Sep 15 01:25:45 PDT 2026
[start] 100 Tue Sep 15 01:25:45 PDT 2026
[ok] 099 Tue Sep 15 01:26:28 PDT 2026
[skip] have txt 101
[skip] have txt 102
[start] 103 Tue Sep 15 01:26:29 PDT 2026
[ok] 100 Tue Sep 15 01:26:42 PDT 2026
[start] 104 Tue Sep 15 01:26:42 PDT 2026
[ok] 103 Tue Sep 15 01:27:44 PDT 2026
[start] 105 Tue Sep 15 01:27:44 PDT 2026
[ok] 104 Tue Sep 15 01:28:08 PDT 2026
[skip] have txt 106
[start] 107 Tue Sep 15 01:28:08 PDT 2026
[ok] 105 Tue Sep 15 01:28:59 PDT 2026
[start] 108 Tue Sep 15 01:28:59 PDT 2026
[ok] 107 Tue Sep 15 01:29:42 PDT 2026
[start] 109 Tue Sep 15 01:29:42 PDT 2026
[ok] 108 Tue Sep 15 01:30:21 PDT 2026
[start] 110 Tue Sep 15 01:30:21 PDT 2026
[ok] 109 Tue Sep 15 01:31:02 PDT 2026
[start] 111 Tue Sep 15 01:31:02 PDT 2026
[ok] 110 Tue Sep 15 01:32:00 PDT 2026
[start] 112 Tue Sep 15 01:32:00 PDT 2026
[ok] 111 Tue Sep 15 01:32:20 PDT 2026
[start] 113 Tue Sep 15 01:32:20 PDT 2026
[ok] 113 Tue Sep 15 01:33:20 PDT 2026
[skip] have txt 114
[start] 115 Tue Sep 15 01:33:20 PDT 2026
[ok] 112 Tue Sep 15 01:33:28 PDT 2026
[start] 116 Tue Sep 15 01:33:28 PDT 2026
[ok] 116 Tue Sep 15 01:34:50 PDT 2026
[start] 117 Tue Sep 15 01:34:50 PDT 2026
[ok] 115 Tue Sep 15 01:34:59 PDT 2026
[start] 118 Tue Sep 15 01:34:59 PDT 2026
[ok] 117 Tue Sep 15 01:36:02 PDT 2026
[ok] 118 Tue Sep 15 01:36:02 PDT 2026
[start] 119 Tue Sep 15 01:36:02 PDT 2026
[skip] have txt 120
[start] 121 Tue Sep 15 01:36:02 PDT 2026
[ok] 119 Tue Sep 15 01:36:54 PDT 2026
[skip] have txt 122
[start] 123 Tue Sep 15 01:36:54 PDT 2026
[ok] 121 Tue Sep 15 01:37:07 PDT 2026
[start] 124 Tue Sep 15 01:37:07 PDT 2026
[ok] 124 Tue Sep 15 01:38:11 PDT 2026
[start] 125 Tue Sep 15 01:38:11 PDT 2026
[ok] 123 Tue Sep 15 01:38:13 PDT 2026
[start] 126 Tue Sep 15 01:38:13 PDT 2026
[ok] 125 Tue Sep 15 01:39:21 PDT 2026
[start] 127 Tue Sep 15 01:39:21 PDT 2026
[ok] 126 Tue Sep 15 01:40:05 PDT 2026
[start] 128 Tue Sep 15 01:40:05 PDT 2026
[ok] 127 Tue Sep 15 01:40:49 PDT 2026
[start] 129 Tue Sep 15 01:40:49 PDT 2026
[ok] 128 Tue Sep 15 01:41:29 PDT 2026
[start] 130 Tue Sep 15 01:41:29 PDT 2026
[ok] 130 Tue Sep 15 01:42:20 PDT 2026
[start] 131 Tue Sep 15 01:42:20 PDT 2026
[ok] 129 Tue Sep 15 01:42:26 PDT 2026
[start] 132 Tue Sep 15 01:42:26 PDT 2026
[ok] 131 Tue Sep 15 01:43:20 PDT 2026
[start] 133 Tue Sep 15 01:43:20 PDT 2026
[ok] 132 Tue Sep 15 01:43:26 PDT 2026
[skip] have txt 134
[start] 135 Tue Sep 15 01:43:26 PDT 2026
[ok] 133 Tue Sep 15 01:43:58 PDT 2026
[start] 136 Tue Sep 15 01:43:58 PDT 2026
[ok] 135 Tue Sep 15 01:45:02 PDT 2026
[start] 137 Tue Sep 15 01:45:03 PDT 2026
[ok] 136 Tue Sep 15 01:45:07 PDT 2026
[start] 138 Tue Sep 15 01:45:07 PDT 2026
[ok] 138 Tue Sep 15 01:46:03 PDT 2026
[start] 139 Tue Sep 15 01:46:03 PDT 2026
[ok] 137 Tue Sep 15 01:46:43 PDT 2026
[start] 140 Tue Sep 15 01:46:43 PDT 2026
[ok] 139 Tue Sep 15 01:46:50 PDT 2026
[skip] have txt 141
[ok] 140 Tue Sep 15 01:47:56 PDT 2026
=== PARALLEL DONE 1-141 Tue Sep 15 01:47:56 PDT 2026 ===
[Tue Sep 15 01:48:31 PDT 2026] missing=0 round=1
[Tue Sep 15 01:48:31 PDT 2026] missing=0 round=1
ASR_ALL_DONE Tue Sep 15 01:48:31 PDT 2026
ASR_ALL_DONE Tue Sep 15 01:48:31 PDT 2026
