Provider: ElevenLabs Scribe (scribe_v2)
Progress file (updated after each chunk): /Users/mohammadreza/IslamASR/Audios/AyatollahShojaee/CheraghHedayat/016/016_درخصوص حضرت اباعبدالله (ع) (چراغ هدایت) 16_.partial.txt
  preparing audio (016_درخصوص حضرت اباعبدالله (ع) (چراغ هدایت) 16_.mp3)...
  24:42 → 1 request(s)
  progress file: /Users/mohammadreza/IslamASR/Audios/AyatollahShojaee/CheraghHedayat/016/016_درخصوص حضرت اباعبدالله (ع) (چراغ هدایت) 16_.partial.txt
  [1/1] 0:00–24:42 (8686 KB)...
      → 13973 chars: حسین، حسین، حسین، حسین. حسین، حسین، حسین، حسین. شهیدِ chiar خروسان، حسین. حسین، حسین، حسین، حسین. غریب بن علی نهان، حسین. حسین، حسین، حسین- السلام علیک یا أبا عبدالله الحسین- حسین،…

============================================================
TRANSCRIPTION (preview)
============================================================
حسین، حسین، حسین، حسین. حسین، حسین، حسین، حسین. شهیدِ chiar خروسان، حسین. حسین، حسین، حسین، حسین. غریب بن علی نهان، حسین. حسین، حسین، حسین- السلام علیک یا أبا عبدالله الحسین- حسین، حسین- وعلی الارواح التي حلت بفنائک- حسین، حسین. غریب بن علی نهان، حسین. حسین، حسین- چراغ هدایت. چراغُ مصباح هدايت تويي. چراغُ مصباح هدايت تويي. سفينه‌ی غوص در آن يَم كُن. سفينه‌ی غوص در آن- بسم الله الرحمن الرحيم. وَهُوَ رَبُّ الحُسَيْنِ الَّذِي قُتِلَ مَظْلُومًا. بسم الله الرحمن الرحيم. يَا أَيَّتُهَا النَّفْسُ الْمُطْمَئِنَّةُ ارْجِعِي إِلَى رَبِّكِ رَاضِيَةً مَرْضِيَّةً. الله- سلام بر حسین و بر یاران حسین و سلام بر شما دوستداران مکتب حسین علیه السلام. شانزدهمین برنامه چراغ هدایت را می‌شنوید که اختصاص دارد به بحث‌های حکیم وارسته آیت الله محمد شجاعی. در برنامه قبل استاد بزرگوار به گریه آسمان و زمین بر حضرت سید الشهدا علیه السلام مستند به روایات اشاراتی داشتند. در این برنامه استاد ثارالله بودن حضرت سید الشهدا علیه السلام را از زوایای دیگری توضیح می‌دهند و اینکه حضرتش موجود منحصر به فرد نظام وجود است و غضب الهی با قتل آن بزرگوار برانگیخته شد و مصائب بعدی و حتی غیبت امام معصوم علیه السلام نیز منبعث از همین خون ریخته شده است. این بحث را با هم می‌شنویم. بسم الله الرحمن الرحيم. الحمد لله رب العالمين وصلى الله على محمد و آله الطاهرين. گریه آسمان و زمین بر حضرت سید الشهدا سلام الله عليه به همین حساب بود که ثارالله هست. به همین حساب بود که بترف الله هست. به همین حساب بود که ما این کلمات را به زبان نمی‌آوردیم و توضیح بدون اشاره می‌گفتیم که وجود آن حضرت وجود چیه؟ وجود اسرارآمیز است. چیزی است که در خلقت، در نظام وجود گرچه در نظام وجود، در نظام هستی، انبیا، اولیا زیاد داریم. خوب دقت کنید. در چه زیاد داریم؟ یعنی از انبیا و از اولیا و ائمه زیادند، متعدد‌اند و برای هر کدومشان منزلتی ایندالله و بعضی‌ها هم فضیلت بر بعضی دیگر دارند در کل و رسول اکرم صلی الله علیه و آله و سلم هم بر همه فضیلت دارد. الا اینکه خصوصیات که سید الشهدا سلام الله عليه دارد یکی‌اش نیست. بترف الله الموتور و ثارالله هم که گفتیم و به همین حساب هم باز هست. من می‌خوام شما در عین حال که من اسم برنامه که ثارالله را معنی می‌کنم خوب بیابید چ
… (truncated; see saved file for full transcript)

============================================================
SUMMARY
============================================================
Input file      : 016_درخصوص حضرت اباعبدالله (ع) (چراغ هدایت) 16_.mp3
Provider        : ElevenLabs Scribe (scribe_v2)
Audio duration  : 24:42 (1482.37 s)
Requests        : 1
Billed duration : 1483 s (rounded up to nearest second)
Rate            : $0.22 / audio hour
Estimated cost  : $0.090589 USD
Transcript saved: /Users/mohammadreza/IslamASR/Audios/AyatollahShojaee/CheraghHedayat/016/016_درخصوص حضرت اباعبدالله (ع) (چراغ هدایت) 16_.txt
============================================================
