Provider: ElevenLabs Scribe (scribe_v2)
Progress file (updated after each chunk): /Users/mohammadreza/IslamASR/Audios/AyatollahShojaee/CheraghHedayat/003/003_درخصوص حضرت اباعبدالله (ع) (چراغ هدایت) 3_.partial.txt
  preparing audio (003_درخصوص حضرت اباعبدالله (ع) (چراغ هدایت) 3_.mp3)...
  23:43 → 1 request(s)
  progress file: /Users/mohammadreza/IslamASR/Audios/AyatollahShojaee/CheraghHedayat/003/003_درخصوص حضرت اباعبدالله (ع) (چراغ هدایت) 3_.partial.txt
  [1/1] 0:00–23:43 (8337 KB)...
      → 13754 chars: [شعر] حسین، حسین، حسین، حسین. حسین، حسین، حسین، حسین. شهید شد در کربلا حسین. حسین، حسین، حسین، حسین. غریب در نهان و آرا حسین. حسین، حسین، حسین- السلام علیک یا أبا عبدالله الحسین- ح…

============================================================
TRANSCRIPTION (preview)
============================================================
[شعر] حسین، حسین، حسین، حسین. حسین، حسین، حسین، حسین. شهید شد در کربلا حسین. حسین، حسین، حسین، حسین. غریب در نهان و آرا حسین. حسین، حسین، حسین- السلام علیک یا أبا عبدالله الحسین- حسین، حسین- وعلی الأرواح التي حلت بفنائك- حسین، حسین، حسین، حسین. غریب در نهان و آرا حسین. حسین، حسین- چراغ هدایت چراغ مصباح هدایت تویی. چراغ مصباح هدایت تویی. سفینه‌ی غرق در ام‌یمکن. بسم الله الرحمن الرحیم و هو الغفور الرحیم. السلام علی الحسین و علی ابن الحسین و علی اولاد الحسین و علی اصحاب الحسین. سلام بر شما دوستداران خاندان اهلبیت علیهم‌السلام و عزاداران حسینی. دوستان با سومین برنامه چراغ هدایت در خدمت شما هستیم و بخش دیگری از صحبت‌های استاد فرزانه آیت‌الله محمد شجاعی را در باب شخصیت حضرت سید الشهدا علیه‌السلام تقدیم حضورتان می‌کنیم. در دو برنامه گذشته شنیدیم که استاد به شرح جایگاه حضرت سید الشهدا علیه‌السلام به عنوان فرد یگانه نظام هستی پرداختند و عبارت وتر الله الموتور را توضیح دادند. استاد در برنامه قبل بخش‌هایی از این زیارات را با قرآن کریم مقابله نمودند و نکات مهمی را در باب شخصیت حضرت سید الشهدا علیه‌السلام بیان داشتند و نیز اشاراتی به شهدای کربلا و جایگاه آنها داشتند. در این برنامه استاد مستند به روایاتی توضیح می‌دهند که این افراد یعنی شهدای کربلا همگی افرادی از قبل معرفی شده بودند و این نکته حاوی اسرار و اشاراتی است برای اهل نظر و تأمل. بشنویم. بسم الله الرحمن الرحیم. الحمد لله رب العالمین و صلی الله علی محمد و آله الطاهرین. این‌ها افراد مخصوص بودند. اول این روایت را بگم. ابن عباس میگه که من در زیگار به خدمت حضرت رسیدم، حضرت امیرالمؤمنین رسیدم صلوات الله علیه. در زیگار جایی است به خدمت امیرالمؤمنین رسیدم. ابن عباس معروف بود. اونجا امیرالمؤمنین در خدمتش بودند. صحیفه‌ای بیرون آورد از اون صحیفه جملاتی خوند. جملاتی که خوند مربوط بود به شهادت سید الشهدا صلوات الله علیه قبل از جریان اصلاً. توجه کنید قبل از اینکه جریان کربلا پیش بیاد، ابن عباس در محضر امیرالمؤمنین در زیگار میگه اون صحیفه را، صحیفه‌ای بود جملاتی خوند که قبل از وقوع جریان و بعد این صحیفه را ابن عباس میگه صحیفه‌ای بود که رسول الله املا کرده بود. کی نوشته بود؟ امیرالمؤمنین نوشته بود. در اون صحیفه خوند برای من که فرزندش ابا
… (truncated; see saved file for full transcript)

============================================================
SUMMARY
============================================================
Input file      : 003_درخصوص حضرت اباعبدالله (ع) (چراغ هدایت) 3_.mp3
Provider        : ElevenLabs Scribe (scribe_v2)
Audio duration  : 23:43 (1422.76 s)
Requests        : 1
Billed duration : 1423 s (rounded up to nearest second)
Rate            : $0.22 / audio hour
Estimated cost  : $0.086946 USD
Transcript saved: /Users/mohammadreza/IslamASR/Audios/AyatollahShojaee/CheraghHedayat/003/003_درخصوص حضرت اباعبدالله (ع) (چراغ هدایت) 3_.txt
============================================================
