Provider: ElevenLabs Scribe (scribe_v2)
Progress file (updated after each chunk): Audios/AyatollahShojaee/Tazkiyeh/095/095_رذيله شرک خفي مرحله 4 _ بحث تزکیه.partial.txt
  preparing audio (095_رذيله شرک خفي مرحله 4 _ بحث تزکیه.mp3)...
  29:38 → 1 request(s)
  progress file: Audios/AyatollahShojaee/Tazkiyeh/095/095_رذيله شرک خفي مرحله 4 _ بحث تزکیه.partial.txt
  [1/1] 0:00–29:38 (10419 KB)...
      → 19061 chars: اعوذ بالله السميع العليم من الشيطان الرجيم. بسم الله الرحمن الرحيم. [نفس عمیق] مرتبه چهارم از شرک خفی این است که کسی که از فرمود از شرک جلی که پاک است از شرک خفی هم از اطاعت یک طاغ…

============================================================
TRANSCRIPTION (preview)
============================================================
اعوذ بالله السميع العليم من الشيطان الرجيم. بسم الله الرحمن الرحيم. [نفس عمیق] مرتبه چهارم از شرک خفی این است که کسی که از فرمود از شرک جلی که پاک است از شرک خفی هم از اطاعت یک طاغوت یا کسی که در برابر خدا از اون هم پاک است، از اطاعت نفسش هم پاک است، از اطاعت شیطان هم چیه؟ پاک است. این نوع شرک را از جلیش تا این مراحل خفی ندارد اما به مرتبه خفی‌تری از شرک مبتلا است به عنوان اینکه [مکث] اصلاً مسئله یک چیزی را مؤثر بداند، عبادت بکند یا چیزی را ازش در مقابل خدا اطاعت بکند، اینا هیچ‌کدومش نیست. از اینا همش بریه. اما بالاخره در دیدش در نظام وجود [مکث] مؤثری غیر خدا می‌بیند. اسباب و علل را می‌بیند. مطرح است برایش در مسائل معمولی و زندگی معمولی‌ش. خلاصه توجه دارد به اسباب و علل. توجه دارد به اسباب و علل یک نوع به نحو مستقل. این شرک خفی‌تر از همه این‌هاست که [مکث] برای به‌اصطلاح اکثر سالکین دیگه از این نجات پیدا کردن حالا به این آسانی نیست. اگر سالکی باشد از اول در شرک جلی دوباره تکرار می‌کنم خوب دقت کنید تغییر بحث فراموش نشود. یه مقدار گفتم دقیق‌تر بحث امروز از شرک جلی که گفت از اول خلاص بوده، از شرک خفی هم از اطاعتی که بکند از موجودی در برابر خدا نمی‌کند، اطاعت از نفس هم نمی‌کند، اطاعت از شیطان هم چیه؟ نمی‌کند. از این مراحل شرک جلین و خفین در سرود خودش را نجات داده و پاک شده. اما نظرش دوخته است در نظام وجود به اسباب و علل به عنوان مؤثر، به عنوان مؤثر. این اسباب و علل را نمی‌تواند نادیده بگیرد. بالاخره اسباب و علل را می‌بیند. موجودی را می‌بیند، موجوداتی را می‌بیند به عنوان اینکه صاحب اثرند. حسابش با آنهاست. حساب باز می‌کند، نگران می‌شود، خوش می‌شود، دست به اسباب و علل می‌زند، با اسباب و علل دردش می‌کند. اینجور حساب باز می‌کند دیگه. این هم شرک چیه؟ شرک خفی‌تر از اون مراحل. یعنی غیر خدا را در نظام وجود صاحب اثر دانستن به عنوان مستقل و به سوی او توجه کردن، این خودش شرک خفی است. ولو از کسی نه از نفس، نه از کسی، نه از اون موجود تبعیت نیست، اطاعت نیست، عبادت هم نیست. اما مسئله این است که همین قدر را موجود را به عنوان اینکه یک چیزی است مستقلاً صاحب اثر می‌داند، نظر او دوخته بر اونه. این شرک خفی‌تر است. دیگه از این خلاص شدن کار هرکسی [مکث] نیست. از این خلاص شدن بدون این یعنی چی میش
… (truncated; see saved file for full transcript)

============================================================
SUMMARY
============================================================
Input file      : 095_رذيله شرک خفي مرحله 4 _ بحث تزکیه.mp3
Provider        : ElevenLabs Scribe (scribe_v2)
Audio duration  : 29:38 (1778.15 s)
Requests        : 1
Billed duration : 1779 s (rounded up to nearest second)
Rate            : $0.22 / audio hour
Estimated cost  : $0.108665 USD
Transcript saved: Audios/AyatollahShojaee/Tazkiyeh/095/095_رذيله شرک خفي مرحله 4 _ بحث تزکیه.txt
============================================================
