=== Term5 pipeline start 2026-09-23 00:15:03 ===
ROOT=/workspace/IslamASR_mirror COURSE=/workspace/IslamASR_mirror/Audios/Tadabor_Sobohi/Manaee/Term5
loaded map 31 from /workspace/IslamASR_mirror/Audios/Tadabor_Sobohi/Manaee/Term5_shenoto_map.json
[001] shenoto 191263 → 001_توصیه های آموزشی آغاز سطح پنج فایل۱ از سطح۵ سال۱۴۰۱ - علی.mp3
[002] shenoto 191264 → 002_آموزش تدبر در سوره نجم - بخش اول فایل۲ از سطح۵ سال۱۴۰۱ - علی.mp3[003] shenoto 191265 → 003_آموزش تدبر در سوره نجم - بخش دوم فایل۳ از سطح۵ سال۱۴۰۱ - علی.mp3

[004] shenoto 191266 → 004_آموزش تدبر در سوره نجم - بخش سوم فایل۴ از سطح۵ سال۱۴۰۱ - علی.mp3
[005] shenoto 191267 → 005_آموزش تدبر در سوره نجم - بخش چهارم فایل۵ از سطح۵ سال۱۴۰۱ - علی.mp3[006] shenoto 191268 → 006_آموزش تدبر در سوره نجم - بخش پنجم فایل۶ از سطح۵ سال۱۴۰۱ - علی.mp3

  [003] cdn https://cdn-arch.shenoto.com/shenoto-media/iO1jCylj1o4B4n4ZnI44N0weNplmuW.mpeg
  [004] cdn https://cdn-arch.shenoto.com/shenoto-media/FHNjRFXdrKnHGhRcabDj2rP9F9qVyB.mpeg
  [002] cdn https://cdn-arch.shenoto.com/shenoto-media/s2XPQtH46wGHd0KezkoaPydkKSPWjy.mpeg
  [006] cdn https://cdn-arch.shenoto.com/shenoto-media/58kE1FqNzdPKNrKPVhwaAXouyQ0u0K.mpeg
  [005] cdn https://cdn-arch.shenoto.com/shenoto-media/dDmf8bU8xvCmlYb3m4KwrfdOMp8vM5.mpeg
  [001] cdn https://cdn-arch.shenoto.com/shenoto-media/wmkGG7lNt9q2wlEUFYOceaYson24Ln.mpeg
  [003] ok (38.6 MB)
[007] shenoto 191269 → 007_آموزش تدبر در سوره قمر - بخش اول فایل۷ از سطح۵ سال۱۴۰۱ - علی.mp3
  [002] ok (26.8 MB)
[008] shenoto 191270 → 008_آموزش تدبر در سوره قمر - بخش دوم فایل۸ از سطح۵ سال۱۴۰۱ - علی.mp3
  [006] ok (31.5 MB)
[009] shenoto 191271 → 009_آموزش تدبر در سوره قمر - بخش سوم فایل۹ از سطح۵ سال۱۴۰۱ - علی.mp3
  [007] cdn https://cdn-arch.shenoto.com/shenoto-media/OOX1FiZJ7UNnpgJjjmTuTVdlvdHdmk.mpeg
  [008] cdn https://cdn-arch.shenoto.com/shenoto-media/tWio9xsViQIJ548WPY8WyiJ6hF9kL7.mpeg
  [001] ok (13.4 MB)
[010] shenoto 191272 → 010_آموزش تدبر در سوره قمر - بخش چهارم فایل۱۰ از سطح۵ سال۱۴۰۱ - علی.mp
  [009] cdn https://cdn-arch.shenoto.com/shenoto-media/zZV754pzhaMoilv0QRwZd4GHTakG62.mpeg
  [004] ok (41.3 MB)
[011] shenoto 191273 → 011_آموزش تدبر در سوره رحمن - بخش اول فایل۱۱ از سطح۵ سال۱۴۰۱ - علی.mp3
  [005] ok (40.3 MB)
[012] shenoto 191275 → 012_آموزش تدبر در سوره رحمن - بخش دوم فایل۱۲ از سطح۵ سال۱۴۰۱ - علی.mp3
  [010] cdn https://cdn-arch.shenoto.com/shenoto-media/AxejSlCcEX9Zbjl3SYXxqokhiWriDd.mp3
  [009] Shenoto failed: CDN 404: https://cdn-arch.shenoto.com/shenoto-media/zZV754pzhaMoilv0QRwZd4GHTakG62.mpeg; trying fallbacks
  [012] cdn https://cdn-arch.shenoto.com/shenoto-media/XfVjdhuq8u8PW47xWZ2hwNMkj90y7T.mp3
  [011] cdn https://cdn-arch.shenoto.com/shenoto-media/xN0vBqT5IKWa3dfVvHXRLh6lXHALCb.mp3
  [007] ok (35.5 MB)
[013] shenoto 191286 → 013_آموزش تدبر در سوره رحمن - بخش سوم فایل۱۳ از سطح۵ سال۱۴۰۱ - علی.mp3
  [013] cdn https://cdn-arch.shenoto.com/shenoto-media/ZNLWNwd9LqMpXdh8iyR08iChoH6A2r.mp3
  [008] ok (40.0 MB)
[014] shenoto 191287 → 014_آموزش تدبر در سوره رحمن - بخش چهارم فایل۱۴ از سطح۵ سال۱۴۰۱ - علی.m
  [009] bayanbox
  [010] ok (41.2 MB)
[015] shenoto 191288 → 015_آموزش تدبر در سوره رحمن - بخش پنجم فایل۱۵ از سطح۵ سال۱۴۰۱ - علی.mp
  [014] cdn https://cdn-arch.shenoto.com/shenoto-media/lfWpbDjvCug2QXvrFGmunhu0X8TH9D.mp3
  [015] cdn https://cdn-arch.shenoto.com/shenoto-media/i9bcynkuJAgkm13zUfKug2JcIu3wzF.mpeg
  [011] ok (41.5 MB)
[016] shenoto 191289 → 016_آموزش تدبر در سوره واقعه - بخش اول فایل۱۶ از سطح۵ سال۱۴۰۱ - علی.mp
  [013] ok (36.9 MB)
[017] shenoto 191290 → 017_پاسخ به سوالات سوره قمر و رحمن فایل۱۷ از سطح۵ سال۱۴۰۱ - علی.mp3
  [016] cdn https://cdn-arch.shenoto.com/shenoto-media/IROuVhP3zgPkBATxYJkNgvUN2g7I8F.mpeg
  [017] cdn https://cdn-arch.shenoto.com/shenoto-media/sIvpYFcWn5GWHCkhVaqSHOBujKmtQ3.mpeg
  [015] ok (31.7 MB)
[018] shenoto 191292 → 018_آموزش تدبر در سوره واقعه - بخش دوم فایل۱۸ از سطح۵ سال۱۴۰۱ - علی.mp
  [017] ok (14.6 MB)
[019] shenoto 191294 → 019_فرازهایی از خطبه منای امام حسین ع فایل ۱۹ از سطح ۵ سال ۱۴۰۱ - علی.
  [016] ok (5.2 MB)
[020] shenoto 191293 → 020_آموزش تدبر در سوره واقعه - بخش سوم فایل۲۰ از سطح۵ سال۱۴۰۱ - علی.mp
  [018] cdn https://cdn-arch.shenoto.com/shenoto-media/ol09NVXsfJoWEh9t1rzrXHhrwG8jL6.mpeg
  [019] cdn https://cdn-arch.shenoto.com/shenoto-media/ohng0Isk9sondYZvzVIKwrg4WvDxj3.mpeg
  [020] cdn https://cdn-arch.shenoto.com/shenoto-media/h6RTtmkHjzh42Qe3BcnKMnYaFJjwau.mpeg
  [014] ok (46.5 MB)
[021] shenoto 191295 → 021_آموزش تدبر در سوره واقعه - بخش چهارم فایل۲۱ از سطح۵ سال۱۴۰۱ - علی.
  [012] ok (37.6 MB)
[022] shenoto 191296 → 022_آموزش تدبر در سوره واقعه - بخش پنجم فایل۲۲ از سطح۵ سال۱۴۰۱ - علی.m
  [021] cdn https://cdn-arch.shenoto.com/shenoto-media/GsGrc7Ua16qVczc01DzjhlXZiaZ4iX.mpeg
  [022] cdn https://cdn-arch.shenoto.com/shenoto-media/Vw6sqsNMi9NTF90Q6XmhymCQc9wTbi.mpeg
  [018] ok (19.4 MB)
[023] shenoto 191297 → 023_آموزش تدبر در سوره واقعه - بخش ششم فایل۲۳ از سطح۵ سال۱۴۰۱ - علی.mp
  [019] ok (11.2 MB)
[024] shenoto 191298 → 024_آسیبشناسی قرآنی جایگاه اربعین در نظام دین فایل ۲۴ از سطح ۵ سال ۱۴۰
  [023] cdn https://cdn-arch.shenoto.com/shenoto-media/NdjrsMkVSsvOPlSncDLeZGuOHjzWKb.mpeg
  [020] ok (27.5 MB)
[025] shenoto 191300 → 025_مانع بزرگ ترویج قرآن فایل ۲۵ از سطح ۵ سال ۱۴۰۱ - علی.mp3
  [024] cdn https://cdn-arch.shenoto.com/shenoto-media/Adgz9nUmo7LLuO11McylZNKghRv8E9.mpeg
  [025] cdn https://cdn-arch.shenoto.com/shenoto-media/OAuKksilSvRXCTFIopfQspWEcbsRTb.mpeg
  [021] ok (36.9 MB)
[026] shenoto 191301 → 026_پاسخ به یک سؤال: آیا قتل سلمان رشدی مصداق ترور است؟ فایل ۲۶ از سطح
  [024] ok (12.7 MB)
[027] shenoto 191302 → 027_آموزش تدبر در سوره حدید - بخش اول فایل۲۷ از سطح۵ سال۱۴۰۱ - علی.mp3
  [023] ok (31.3 MB)
[028] shenoto 191304 → 028_آموزش تدبر در سوره حدید - بخش دوم فایل۲۸ از سطح۵ سال۱۴۰۱ - علی.mp3
  [022] ok (43.4 MB)
[029] shenoto 191305 → 029_آموزش تدبر در سوره حدید - بخش سوم فایل۲۹ از سطح۵ سال۱۴۰۱ - علی.mp3
  [026] cdn https://cdn-arch.shenoto.com/shenoto-media/4OfC5bhGQocWQWUiVFY04aYD6Oipp9.mpeg
  [025] ok (6.1 MB)
[030] shenoto 191306 → 030_آموزش تدبر در سوره حدید - بخش چهارم فایل۳۰ از سطح۵ سال۱۴۰۱ - علی.m
  [027] cdn https://cdn-arch.shenoto.com/shenoto-media/2tPeUFTaxKEtfLgdeQDsRh4mUD5OTM.mpeg
  [028] cdn https://cdn-arch.shenoto.com/shenoto-media/fUSFAcSUewqplzE3xVcUqcRbeE3E42.mp3
  [029] cdn https://cdn-arch.shenoto.com/shenoto-media/T4WSOuWiozUqY7C9Wqz0lrzFixczTM.mpeg
  [030] cdn https://cdn-arch.shenoto.com/shenoto-media/P7f16CbLnWv9oMsFIbTauln5vhxURS.mpeg
  [026] ok (6.6 MB)
[031] shenoto 191307 → 031_آموزش تدبر در سوره حدید - بخش پنجم فایل۳۱ از سطح۵ سال۱۴۰۱ - علی.mp
  [031] cdn https://cdn-arch.shenoto.com/shenoto-media/D150eRCy7m3SHdnwB67LwwYEA7jPJT.mp3
  [027] ok (20.7 MB)
  [029] ok (34.6 MB)
  [030] ok (53.8 MB)
  [028] ok (57.3 MB)
  [031] ok (54.0 MB)
  [009] bayanbox fail: HTTPSConnectionPool(host='bayanbox.ir', port=443): Max retries exceeded with url: /download/7605897820031492520/09-%D8%AA%D8%AF%D8%A8%D8%B1-%D8%AF%D8%B1-%D8%B3%D9%88%D8%B1%D9%87-%D9%82%D9%85%D8%B1-%DB%B3.mp3 (Caused by NameResolutionError("HTTPSConnection(host='bayanbox.ir', port=443): Failed to resolve 'bayanbox.ir' ([Errno -3] Temporary failure in name resolution)"))
  [009] aparat wKapt
  [009] aparat fail: HTTPSConnectionPool(host='caspian4.cdn.asset.aparat.com', port=443): Max retries exceeded with url: /aparat-video/37a4614f47deaa014b3878838b5b657546221864-144p.mp4?wmsAuthSign=eyJhbGciOiJIUzI1NiIsInR5cCI6IkpXVCJ9.eyJ0b2tlbiI6IjFjNTQwOTA2NWY1ZGYxYTRlODE3MjdjOTgzNzg5MWVlIiwiZXhwIjoxNzkwMTU0OTcwLCJpc3MiOiJTYWJhIElkZWEgR1NJRyJ9.Qno32vVBzvDuRdvooAj1xVBGypQ6_xzHyD2-OgeT3Zc (Caused by SSLError(SSLEOFError(8, '[SSL: UNEXPECTED_EOF_WHILE_READING] EOF occurred in violation of protocol (_ssl.c:1029)')))
[009] ERROR: all sources failed for 009: CDN 404: https://cdn-arch.shenoto.com/shenoto-media/zZV754pzhaMoilv0QRwZd4GHTakG62.mpeg
Download done: ok=30 skip=0 fail=1 failed=[9]
mp3 present: 30/31
SKIP remux: not all mp3 present
=== ElevenLabs ASR ===
[001] ASR → 001_توصیه های آموزشی آغاز سطح پنج فایل۱ از سطح۵ سال۱۴۰۱ - عل
صیه های آموزشی آغاز سطح پنج فایل۱ از سطح۵ سال۱۴۰۱ - علی.mp3
Provider        : ElevenLabs Scribe (scribe_v2)
Audio duration  : 27:42 (1661.65 s)
Requests        : 1
Billed duration : 1662 s (rounded up to nearest second)
Rate            : $0.22 / audio hour
Estimated cost  : $0.101545 USD
Transcript saved: /workspace/IslamASR_mirror/Audios/Tadabor_Sobohi/Manaee/Term5/001/001_توصیه های آموزشی آغاز سطح پنج فایل۱ از سطح۵ سال۱۴۰۱ - علی.txt
============================================================

[001] ASR ok (152530 bytes)
[002] ASR → 002_آموزش تدبر در سوره نجم - بخش اول فایل۲ از سطح۵ سال۱۴۰۱ -
بر در سوره نجم - بخش اول فایل۲ از سطح۵ سال۱۴۰۱ - علی.mp3
Provider        : ElevenLabs Scribe (scribe_v2)
Audio duration  : 55:26 (3326.26 s)
Requests        : 1
Billed duration : 3327 s (rounded up to nearest second)
Rate            : $0.22 / audio hour
Estimated cost  : $0.203271 USD
Transcript saved: /workspace/IslamASR_mirror/Audios/Tadabor_Sobohi/Manaee/Term5/002/002_آموزش تدبر در سوره نجم - بخش اول فایل۲ از سطح۵ سال۱۴۰۱ - علی.txt
============================================================

[002] ASR ok (263254 bytes)
[003] ASR → 003_آموزش تدبر در سوره نجم - بخش دوم فایل۳ از سطح۵ سال۱۴۰۱ -
 در سوره نجم - بخش دوم فایل۳ از سطح۵ سال۱۴۰۱ - علی.mp3
Provider        : ElevenLabs Scribe (scribe_v2)
Audio duration  : 1:19:46 (4786.13 s)
Requests        : 1
Billed duration : 4787 s (rounded up to nearest second)
Rate            : $0.22 / audio hour
Estimated cost  : $0.292486 USD
Transcript saved: /workspace/IslamASR_mirror/Audios/Tadabor_Sobohi/Manaee/Term5/003/003_آموزش تدبر در سوره نجم - بخش دوم فایل۳ از سطح۵ سال۱۴۰۱ - علی.txt
============================================================

[003] ASR ok (380100 bytes)
[004] ASR → 004_آموزش تدبر در سوره نجم - بخش سوم فایل۴ از سطح۵ سال۱۴۰۱ -
 در سوره نجم - بخش سوم فایل۴ از سطح۵ سال۱۴۰۱ - علی.mp3
Provider        : ElevenLabs Scribe (scribe_v2)
Audio duration  : 1:23:53 (5033.45 s)
Requests        : 1
Billed duration : 5034 s (rounded up to nearest second)
Rate            : $0.22 / audio hour
Estimated cost  : $0.307600 USD
Transcript saved: /workspace/IslamASR_mirror/Audios/Tadabor_Sobohi/Manaee/Term5/004/004_آموزش تدبر در سوره نجم - بخش سوم فایل۴ از سطح۵ سال۱۴۰۱ - علی.txt
============================================================

[004] ASR ok (415945 bytes)
[005] ASR → 005_آموزش تدبر در سوره نجم - بخش چهارم فایل۵ از سطح۵ سال۱۴۰۱
سوره نجم - بخش چهارم فایل۵ از سطح۵ سال۱۴۰۱ - علی.mp3
Provider        : ElevenLabs Scribe (scribe_v2)
Audio duration  : 1:22:30 (4950.25 s)
Requests        : 1
Billed duration : 4951 s (rounded up to nearest second)
Rate            : $0.22 / audio hour
Estimated cost  : $0.302515 USD
Transcript saved: /workspace/IslamASR_mirror/Audios/Tadabor_Sobohi/Manaee/Term5/005/005_آموزش تدبر در سوره نجم - بخش چهارم فایل۵ از سطح۵ سال۱۴۰۱ - علی.txt
============================================================

[005] ASR ok (426997 bytes)
[006] ASR → 006_آموزش تدبر در سوره نجم - بخش پنجم فایل۶ از سطح۵ سال۱۴۰۱ 
ر سوره نجم - بخش پنجم فایل۶ از سطح۵ سال۱۴۰۱ - علی.mp3
Provider        : ElevenLabs Scribe (scribe_v2)
Audio duration  : 1:25:17 (5117.00 s)
Requests        : 1
Billed duration : 5118 s (rounded up to nearest second)
Rate            : $0.22 / audio hour
Estimated cost  : $0.312706 USD
Transcript saved: /workspace/IslamASR_mirror/Audios/Tadabor_Sobohi/Manaee/Term5/006/006_آموزش تدبر در سوره نجم - بخش پنجم فایل۶ از سطح۵ سال۱۴۰۱ - علی.txt
============================================================

[006] ASR ok (442357 bytes)
[007] ASR → 007_آموزش تدبر در سوره قمر - بخش اول فایل۷ از سطح۵ سال۱۴۰۱ -
 در سوره قمر - بخش اول فایل۷ از سطح۵ سال۱۴۰۱ - علی.mp3
Provider        : ElevenLabs Scribe (scribe_v2)
Audio duration  : 1:12:21 (4341.38 s)
Requests        : 1
Billed duration : 4342 s (rounded up to nearest second)
Rate            : $0.22 / audio hour
Estimated cost  : $0.265307 USD
Transcript saved: /workspace/IslamASR_mirror/Audios/Tadabor_Sobohi/Manaee/Term5/007/007_آموزش تدبر در سوره قمر - بخش اول فایل۷ از سطح۵ سال۱۴۰۱ - علی.txt
============================================================

[007] ASR ok (346702 bytes)
[008] ASR → 008_آموزش تدبر در سوره قمر - بخش دوم فایل۸ از سطح۵ سال۱۴۰۱ -
 در سوره قمر - بخش دوم فایل۸ از سطح۵ سال۱۴۰۱ - علی.mp3
Provider        : ElevenLabs Scribe (scribe_v2)
Audio duration  : 1:21:48 (4907.77 s)
Requests        : 1
Billed duration : 4908 s (rounded up to nearest second)
Rate            : $0.22 / audio hour
Estimated cost  : $0.299919 USD
Transcript saved: /workspace/IslamASR_mirror/Audios/Tadabor_Sobohi/Manaee/Term5/008/008_آموزش تدبر در سوره قمر - بخش دوم فایل۸ از سطح۵ سال۱۴۰۱ - علی.txt
============================================================

[008] ASR ok (404058 bytes)
[009] ASR → 009_آموزش تدبر در سوره قمر - بخش سوم فایل۹ از سطح۵ سال۱۴۰۱ -
بر در سوره قمر - بخش سوم فایل۹ از سطح۵ سال۱۴۰۱ - علی.mp3
Provider        : ElevenLabs Scribe (scribe_v2)
Audio duration  : 27:24 (1643.98 s)
Requests        : 1
Billed duration : 1644 s (rounded up to nearest second)
Rate            : $0.22 / audio hour
Estimated cost  : $0.100465 USD
Transcript saved: /workspace/IslamASR_mirror/Audios/Tadabor_Sobohi/Manaee/Term5/009/009_آموزش تدبر در سوره قمر - بخش سوم فایل۹ از سطح۵ سال۱۴۰۱ - علی.txt
============================================================

[009] ASR ok (142708 bytes)
[010] ASR → 010_آموزش تدبر در سوره قمر - بخش چهارم فایل۱۰ از سطح۵ سال۱۴۰
ره قمر - بخش چهارم فایل۱۰ از سطح۵ سال۱۴۰۱ - علی.mp3
Provider        : ElevenLabs Scribe (scribe_v2)
Audio duration  : 1:23:04 (4983.80 s)
Requests        : 1
Billed duration : 4984 s (rounded up to nearest second)
Rate            : $0.22 / audio hour
Estimated cost  : $0.304566 USD
Transcript saved: /workspace/IslamASR_mirror/Audios/Tadabor_Sobohi/Manaee/Term5/010/010_آموزش تدبر در سوره قمر - بخش چهارم فایل۱۰ از سطح۵ سال۱۴۰۱ - علی.txt
============================================================

[010] ASR ok (389386 bytes)
[011] ASR → 011_آموزش تدبر در سوره رحمن - بخش اول فایل۱۱ از سطح۵ سال۱۴۰۱
سوره رحمن - بخش اول فایل۱۱ از سطح۵ سال۱۴۰۱ - علی.mp3
Provider        : ElevenLabs Scribe (scribe_v2)
Audio duration  : 1:24:09 (5048.64 s)
Requests        : 1
Billed duration : 5049 s (rounded up to nearest second)
Rate            : $0.22 / audio hour
Estimated cost  : $0.308528 USD
Transcript saved: /workspace/IslamASR_mirror/Audios/Tadabor_Sobohi/Manaee/Term5/011/011_آموزش تدبر در سوره رحمن - بخش اول فایل۱۱ از سطح۵ سال۱۴۰۱ - علی.txt
============================================================

[011] ASR ok (419655 bytes)
[012] ASR → 012_آموزش تدبر در سوره رحمن - بخش دوم فایل۱۲ از سطح۵ سال۱۴۰۱
سوره رحمن - بخش دوم فایل۱۲ از سطح۵ سال۱۴۰۱ - علی.mp3
Provider        : ElevenLabs Scribe (scribe_v2)
Audio duration  : 1:15:54 (4554.36 s)
Requests        : 1
Billed duration : 4555 s (rounded up to nearest second)
Rate            : $0.22 / audio hour
Estimated cost  : $0.278322 USD
Transcript saved: /workspace/IslamASR_mirror/Audios/Tadabor_Sobohi/Manaee/Term5/012/012_آموزش تدبر در سوره رحمن - بخش دوم فایل۱۲ از سطح۵ سال۱۴۰۱ - علی.txt
============================================================

[012] ASR ok (372706 bytes)
[013] ASR → 013_آموزش تدبر در سوره رحمن - بخش سوم فایل۱۳ از سطح۵ سال۱۴۰۱
سوره رحمن - بخش سوم فایل۱۳ از سطح۵ سال۱۴۰۱ - علی.mp3
Provider        : ElevenLabs Scribe (scribe_v2)
Audio duration  : 1:14:16 (4455.76 s)
Requests        : 1
Billed duration : 4456 s (rounded up to nearest second)
Rate            : $0.22 / audio hour
Estimated cost  : $0.272296 USD
Transcript saved: /workspace/IslamASR_mirror/Audios/Tadabor_Sobohi/Manaee/Term5/013/013_آموزش تدبر در سوره رحمن - بخش سوم فایل۱۳ از سطح۵ سال۱۴۰۱ - علی.txt
============================================================

[013] ASR ok (358220 bytes)
[014] ASR → 014_آموزش تدبر در سوره رحمن - بخش چهارم فایل۱۴ از سطح۵ سال۱۴
 رحمن - بخش چهارم فایل۱۴ از سطح۵ سال۱۴۰۱ - علی.mp3
Provider        : ElevenLabs Scribe (scribe_v2)
Audio duration  : 1:34:32 (5671.73 s)
Requests        : 1
Billed duration : 5672 s (rounded up to nearest second)
Rate            : $0.22 / audio hour
Estimated cost  : $0.346606 USD
Transcript saved: /workspace/IslamASR_mirror/Audios/Tadabor_Sobohi/Manaee/Term5/014/014_آموزش تدبر در سوره رحمن - بخش چهارم فایل۱۴ از سطح۵ سال۱۴۰۱ - علی.txt
============================================================

[014] ASR ok (465064 bytes)
[015] ASR → 015_آموزش تدبر در سوره رحمن - بخش پنجم فایل۱۵ از سطح۵ سال۱۴۰
ss file (updated after each chunk): /workspace/IslamASR_mirror/Audios/Tadabor_Sobohi/Manaee/Term5/015/015_آموزش تدبر در سوره رحمن - بخش پنجم فایل۱۵ از سطح۵ سال۱۴۰۱ - علی.partial.txt
  preparing audio (015_آموزش تدبر در سوره رحمن - بخش پنجم فایل۱۵ از سطح۵ سال۱۴۰۱ - علی.mp3)...
  1:04:40 → 1 request(s)
  progress file: /workspace/IslamASR_mirror/Audios/Tadabor_Sobohi/Manaee/Term5/015/015_آموزش تدبر در سوره رحمن - بخش پنجم فایل۱۵ از سطح۵ سال۱۴۰۱ - علی.partial.txt
  [1/1] 0:00–1:04:40 (23377 KB)...

[015] ASR FAIL rc=1: Transcription failed: ElevenLabs Scribe: HTTP 400: {"detail":{"type":"invalid_request","code":"bad_request","message":"The uploaded file is empty or corrupted.","status":"empty_file","request_id":"86e8a038284f8aac314788386cea8d3a","param":"file"}}

[016] ASR → 016_آموزش تدبر در سوره واقعه - بخش اول فایل۱۶ از سطح۵ سال۱۴۰
ر سوره واقعه - بخش اول فایل۱۶ از سطح۵ سال۱۴۰۱ - علی.mp3
Provider        : ElevenLabs Scribe (scribe_v2)
Audio duration  : 10:29 (628.63 s)
Requests        : 1
Billed duration : 629 s (rounded up to nearest second)
Rate            : $0.22 / audio hour
Estimated cost  : $0.038416 USD
Transcript saved: /workspace/IslamASR_mirror/Audios/Tadabor_Sobohi/Manaee/Term5/016/016_آموزش تدبر در سوره واقعه - بخش اول فایل۱۶ از سطح۵ سال۱۴۰۱ - علی.txt
============================================================

[016] ASR ok (50610 bytes)
[017] ASR → 017_پاسخ به سوالات سوره قمر و رحمن فایل۱۷ از سطح۵ سال۱۴۰۱ - 
ه سوالات سوره قمر و رحمن فایل۱۷ از سطح۵ سال۱۴۰۱ - علی.mp3
Provider        : ElevenLabs Scribe (scribe_v2)
Audio duration  : 29:54 (1794.38 s)
Requests        : 1
Billed duration : 1795 s (rounded up to nearest second)
Rate            : $0.22 / audio hour
Estimated cost  : $0.109657 USD
Transcript saved: /workspace/IslamASR_mirror/Audios/Tadabor_Sobohi/Manaee/Term5/017/017_پاسخ به سوالات سوره قمر و رحمن فایل۱۷ از سطح۵ سال۱۴۰۱ - علی.txt
============================================================

[017] ASR ok (151731 bytes)
[018] ASR → 018_آموزش تدبر در سوره واقعه - بخش دوم فایل۱۸ از سطح۵ سال۱۴۰
سوره واقعه - بخش دوم فایل۱۸ از سطح۵ سال۱۴۰۱ - علی.mp3
Provider        : ElevenLabs Scribe (scribe_v2)
Audio duration  : 39:33 (2373.34 s)
Requests        : 1
Billed duration : 2374 s (rounded up to nearest second)
Rate            : $0.22 / audio hour
Estimated cost  : $0.145037 USD
Transcript saved: /workspace/IslamASR_mirror/Audios/Tadabor_Sobohi/Manaee/Term5/018/018_آموزش تدبر در سوره واقعه - بخش دوم فایل۱۸ از سطح۵ سال۱۴۰۱ - علی.txt
============================================================

[018] ASR ok (203579 bytes)
[019] ASR → 019_فرازهایی از خطبه منای امام حسین ع فایل ۱۹ از سطح ۵ سال ۱
نای امام حسین ع فایل ۱۹ از سطح ۵ سال ۱۴۰۱ - علی.mp3
Provider        : ElevenLabs Scribe (scribe_v2)
Audio duration  : 23:05 (1385.42 s)
Requests        : 1
Billed duration : 1386 s (rounded up to nearest second)
Rate            : $0.22 / audio hour
Estimated cost  : $0.084665 USD
Transcript saved: /workspace/IslamASR_mirror/Audios/Tadabor_Sobohi/Manaee/Term5/019/019_فرازهایی از خطبه منای امام حسین ع فایل ۱۹ از سطح ۵ سال ۱۴۰۱ - علی.txt
============================================================

[019] ASR ok (112749 bytes)
[020] ASR → 020_آموزش تدبر در سوره واقعه - بخش سوم فایل۲۰ از سطح۵ سال۱۴۰
سوره واقعه - بخش سوم فایل۲۰ از سطح۵ سال۱۴۰۱ - علی.mp3
Provider        : ElevenLabs Scribe (scribe_v2)
Audio duration  : 56:11 (3371.47 s)
Requests        : 1
Billed duration : 3372 s (rounded up to nearest second)
Rate            : $0.22 / audio hour
Estimated cost  : $0.206034 USD
Transcript saved: /workspace/IslamASR_mirror/Audios/Tadabor_Sobohi/Manaee/Term5/020/020_آموزش تدبر در سوره واقعه - بخش سوم فایل۲۰ از سطح۵ سال۱۴۰۱ - علی.txt
============================================================

[020] ASR ok (284905 bytes)
[021] ASR → 021_آموزش تدبر در سوره واقعه - بخش چهارم فایل۲۱ از سطح۵ سال۱
اقعه - بخش چهارم فایل۲۱ از سطح۵ سال۱۴۰۱ - علی.mp3
Provider        : ElevenLabs Scribe (scribe_v2)
Audio duration  : 1:14:53 (4492.76 s)
Requests        : 1
Billed duration : 4493 s (rounded up to nearest second)
Rate            : $0.22 / audio hour
Estimated cost  : $0.274558 USD
Transcript saved: /workspace/IslamASR_mirror/Audios/Tadabor_Sobohi/Manaee/Term5/021/021_آموزش تدبر در سوره واقعه - بخش چهارم فایل۲۱ از سطح۵ سال۱۴۰۱ - علی.txt
============================================================

[021] ASR ok (374512 bytes)
[022] ASR → 022_آموزش تدبر در سوره واقعه - بخش پنجم فایل۲۲ از سطح۵ سال۱۴
 واقعه - بخش پنجم فایل۲۲ از سطح۵ سال۱۴۰۱ - علی.mp3
Provider        : ElevenLabs Scribe (scribe_v2)
Audio duration  : 1:28:33 (5313.31 s)
Requests        : 1
Billed duration : 5314 s (rounded up to nearest second)
Rate            : $0.22 / audio hour
Estimated cost  : $0.324702 USD
Transcript saved: /workspace/IslamASR_mirror/Audios/Tadabor_Sobohi/Manaee/Term5/022/022_آموزش تدبر در سوره واقعه - بخش پنجم فایل۲۲ از سطح۵ سال۱۴۰۱ - علی.txt
============================================================

[022] ASR ok (444988 bytes)
[023] ASR → 023_آموزش تدبر در سوره واقعه - بخش ششم فایل۲۳ از سطح۵ سال۱۴۰
ره واقعه - بخش ششم فایل۲۳ از سطح۵ سال۱۴۰۱ - علی.mp3
Provider        : ElevenLabs Scribe (scribe_v2)
Audio duration  : 1:04:06 (3845.59 s)
Requests        : 1
Billed duration : 3846 s (rounded up to nearest second)
Rate            : $0.22 / audio hour
Estimated cost  : $0.235008 USD
Transcript saved: /workspace/IslamASR_mirror/Audios/Tadabor_Sobohi/Manaee/Term5/023/023_آموزش تدبر در سوره واقعه - بخش ششم فایل۲۳ از سطح۵ سال۱۴۰۱ - علی.txt
============================================================

[023] ASR ok (303418 bytes)
[024] ASR → 024_آسیبشناسی قرآنی جایگاه اربعین در نظام دین فایل ۲۴ از سطح
ظام دین فایل ۲۴ از سطح ۵ سال ۱۴۰۱ - علی.mp3
Provider        : ElevenLabs Scribe (scribe_v2)
Audio duration  : 26:04 (1564.45 s)
Requests        : 1
Billed duration : 1565 s (rounded up to nearest second)
Rate            : $0.22 / audio hour
Estimated cost  : $0.095605 USD
Transcript saved: /workspace/IslamASR_mirror/Audios/Tadabor_Sobohi/Manaee/Term5/024/024_آسیبشناسی قرآنی جایگاه اربعین در نظام دین فایل ۲۴ از سطح ۵ سال ۱۴۰۱ - علی.txt
============================================================

[024] ASR ok (128789 bytes)
[025] ASR → 025_مانع بزرگ ترویج قرآن فایل ۲۵ از سطح ۵ سال ۱۴۰۱ - علی.txt
    : 025_مانع بزرگ ترویج قرآن فایل ۲۵ از سطح ۵ سال ۱۴۰۱ - علی.mp3
Provider        : ElevenLabs Scribe (scribe_v2)
Audio duration  : 12:32 (752.04 s)
Requests        : 1
Billed duration : 753 s (rounded up to nearest second)
Rate            : $0.22 / audio hour
Estimated cost  : $0.045958 USD
Transcript saved: /workspace/IslamASR_mirror/Audios/Tadabor_Sobohi/Manaee/Term5/025/025_مانع بزرگ ترویج قرآن فایل ۲۵ از سطح ۵ سال ۱۴۰۱ - علی.txt
============================================================

[025] ASR ok (70057 bytes)
[026] ASR → 026_پاسخ به یک سؤال: آیا قتل سلمان رشدی مصداق ترور است؟ فایل
فایل ۲۶ از سطح ۵ سال ۱۴۰۱ - علی.mp3
Provider        : ElevenLabs Scribe (scribe_v2)
Audio duration  : 13:33 (812.92 s)
Requests        : 1
Billed duration : 813 s (rounded up to nearest second)
Rate            : $0.22 / audio hour
Estimated cost  : $0.049678 USD
Transcript saved: /workspace/IslamASR_mirror/Audios/Tadabor_Sobohi/Manaee/Term5/026/026_پاسخ به یک سؤال: آیا قتل سلمان رشدی مصداق ترور است؟ فایل ۲۶ از سطح ۵ سال ۱۴۰۱ - علی.txt
============================================================

[026] ASR ok (73604 bytes)
[027] ASR → 027_آموزش تدبر در سوره حدید - بخش اول فایل۲۷ از سطح۵ سال۱۴۰۱
ر سوره حدید - بخش اول فایل۲۷ از سطح۵ سال۱۴۰۱ - علی.mp3
Provider        : ElevenLabs Scribe (scribe_v2)
Audio duration  : 42:37 (2557.12 s)
Requests        : 1
Billed duration : 2558 s (rounded up to nearest second)
Rate            : $0.22 / audio hour
Estimated cost  : $0.156268 USD
Transcript saved: /workspace/IslamASR_mirror/Audios/Tadabor_Sobohi/Manaee/Term5/027/027_آموزش تدبر در سوره حدید - بخش اول فایل۲۷ از سطح۵ سال۱۴۰۱ - علی.txt
============================================================

[027] ASR ok (200943 bytes)
[028] ASR → 028_آموزش تدبر در سوره حدید - بخش دوم فایل۲۸ از سطح۵ سال۱۴۰۱
سوره حدید - بخش دوم فایل۲۸ از سطح۵ سال۱۴۰۱ - علی.mp3
Provider        : ElevenLabs Scribe (scribe_v2)
Audio duration  : 1:18:03 (4682.74 s)
Requests        : 1
Billed duration : 4683 s (rounded up to nearest second)
Rate            : $0.22 / audio hour
Estimated cost  : $0.286167 USD
Transcript saved: /workspace/IslamASR_mirror/Audios/Tadabor_Sobohi/Manaee/Term5/028/028_آموزش تدبر در سوره حدید - بخش دوم فایل۲۸ از سطح۵ سال۱۴۰۱ - علی.txt
============================================================

[028] ASR ok (344308 bytes)
[029] ASR → 029_آموزش تدبر در سوره حدید - بخش سوم فایل۲۹ از سطح۵ سال۱۴۰۱
سوره حدید - بخش سوم فایل۲۹ از سطح۵ سال۱۴۰۱ - علی.mp3
Provider        : ElevenLabs Scribe (scribe_v2)
Audio duration  : 1:09:58 (4197.74 s)
Requests        : 1
Billed duration : 4198 s (rounded up to nearest second)
Rate            : $0.22 / audio hour
Estimated cost  : $0.256529 USD
Transcript saved: /workspace/IslamASR_mirror/Audios/Tadabor_Sobohi/Manaee/Term5/029/029_آموزش تدبر در سوره حدید - بخش سوم فایل۲۹ از سطح۵ سال۱۴۰۱ - علی.txt
============================================================

[029] ASR ok (289493 bytes)
[030] ASR → 030_آموزش تدبر در سوره حدید - بخش چهارم فایل۳۰ از سطح۵ سال۱۴
 حدید - بخش چهارم فایل۳۰ از سطح۵ سال۱۴۰۱ - علی.mp3
Provider        : ElevenLabs Scribe (scribe_v2)
Audio duration  : 1:13:23 (4402.51 s)
Requests        : 1
Billed duration : 4403 s (rounded up to nearest second)
Rate            : $0.22 / audio hour
Estimated cost  : $0.269042 USD
Transcript saved: /workspace/IslamASR_mirror/Audios/Tadabor_Sobohi/Manaee/Term5/030/030_آموزش تدبر در سوره حدید - بخش چهارم فایل۳۰ از سطح۵ سال۱۴۰۱ - علی.txt
============================================================

[030] ASR ok (340517 bytes)
[031] ASR → 031_آموزش تدبر در سوره حدید - بخش پنجم فایل۳۱ از سطح۵ سال۱۴۰
ره حدید - بخش پنجم فایل۳۱ از سطح۵ سال۱۴۰۱ - علی.mp3
Provider        : ElevenLabs Scribe (scribe_v2)
Audio duration  : 1:28:15 (5295.38 s)
Requests        : 1
Billed duration : 5296 s (rounded up to nearest second)
Rate            : $0.22 / audio hour
Estimated cost  : $0.323607 USD
Transcript saved: /workspace/IslamASR_mirror/Audios/Tadabor_Sobohi/Manaee/Term5/031/031_آموزش تدبر در سوره حدید - بخش پنجم فایل۳۱ از سطح۵ سال۱۴۰۱ - علی.txt
============================================================

[031] ASR ok (427226 bytes)
ASR done: ok=30 skip=0 fail=1
INVENTORY: {"folders": 31, "mp3": 31, "m4a": 31, "txt": 30, "missing": ["015:txt"]}
ALL DONE WITH GAPS missing=['015:txt']
Provider: ElevenLabs Scribe (scribe_v2)
Progress file (updated after each chunk): /workspace/IslamASR_mirror/Audios/Tadabor_Sobohi/Manaee/Term5/015/015_آموزش تدبر در سوره رحمن - بخش پنجم فایل۱۵ از سطح۵ سال۱۴۰۱ - علی.partial.txt
  preparing audio (015_آموزش تدبر در سوره رحمن - بخش پنجم فایل۱۵ از سطح۵ سال۱۴۰۱ - علی.mp3)...
  1:04:40 → 1 request(s)
  progress file: /workspace/IslamASR_mirror/Audios/Tadabor_Sobohi/Manaee/Term5/015/015_آموزش تدبر در سوره رحمن - بخش پنجم فایل۱۵ از سطح۵ سال۱۴۰۱ - علی.partial.txt
  [1/1] 0:00–1:04:40 (23377 KB)...
      → 39181 chars: [موسیقی] أعوذ بالله من الشيطان الرجيم. بسم الله الرحمن الرحيم. عرض سلام و احترام مجدداً خدمت خواهران و برادران گرامی. ما رسیدیم به سیاق، سیاق چهارم surه مبارکه الرحمن. سیاق چهارم د…

============================================================
TRANSCRIPTION (preview)
============================================================
[موسیقی] أعوذ بالله من الشيطان الرجيم. بسم الله الرحمن الرحيم. عرض سلام و احترام مجدداً خدمت خواهران و برادران گرامی. ما رسیدیم به سیاق، سیاق چهارم surه مبارکه الرحمن. سیاق چهارم دیگه درباره قیامته. یک-- اولا فضای سخنش که همون فضای سخن تکذیبه منتها به علاوه مجرمون. تکذیب و جرم. این یعنی لذا تو اصل محور فضای سخن تغییر خاصی نسبت به دو-- سه سیاق قبلی نداره. محور فضای سخن همچنان تکذیبه. به سیر هدایتی نگاه کنید بعد از اینکه در سیاق دوم نظام ربوبی این عالم را، این دنیا را خدا توضیح داد، در سیاق سوم اون اراده قاطعانه به برپایی قیامت را توضیح داد. حالا در سیاق چهارم شرح برپایی قیامته. ابتدا اصل برپایی قیامت. "فَإِذَا انْشَقَّتِ السَّمَاءُ فَكَانَتْ وَرْدَةً كَالدِّهَانِ". "وَيَوْمَئِذٍ لَا يُسْأَلُ عَنْ ذَنْبِهِ إِنْسٌ وَلَا جَانٌّ". "يُعْرَفُ الْمُجْرِمُونَ بِسِيمَاهُمْ فَيُؤْخَذُ بِ". در واقع تا اینجا، تا اینجا اصل برپایی قیامته. بعد راجع به جهنم و مجرمان در جهنم. "يُعْرَفُ الْمُجْرِمُونَ بِسِيمَاهُمْ فَيُؤْخَذُ بِالنَّوَاصِي وَالْأَقْدَامِ". "هَٰذِهِ جَهَنَّمُ الَّتِي يُكَذِّبُ بِهَا الْمُجْرِمُونَ". "يَطُوفُونَ بَيْنَهَا وَبَيْنَ حَمِيمٍ آنٌ". در واقع در این قسمت از اصل اینکه قیامت برپا می‌شود و قطعاً مجرمان در جهنم گرفتار خواهند شد، از این مسئله پرده برداشته میشه. بعد در قسمت بعدی و بعدی دو طبقه جنت توضیح داده میشه. طبقه اول برای کسانی که خوف مقام پروردگار دارن و اهل احسان هستن. ببینید این خوف مقام رب می‌نشیند به جای تکذیب جهنم. یکی تکذیب جهنم میکنه اون دیگری خوف از مقام رب داره، حساب می‌بره. نه فقط منکر مجازات نیست بلکه از پروردگار حساب می‌بره. حساب بردن رتبه‌ش بالاتر از تصدیق جهنمه. ببینید من مثال بخوام بزنم برای حساب بردن شما توی خونه می‌تونید مثالشو ببینید. ممکنه یه کسی باشه، یه پدری باشه که دائماً بچه رو تنبیه می‌کنه. بچه‌ها هم از کتک زدن این پدر بترسن اما لزوماً ازش حساب نبرن. کتکش هم می‌خورن. خیلی هم ازش حساب نمی‌برن. اما تو یه خونه دیگری می‌بینید که پدر ای بسا خیلی هم اهل تنبیه کردن نیست ولی یه ابهتی داره که ازش حساب می‌برن. بابا که میاد تو خونه بچه‌ها دیگه آرومن. بابا اومده دیگه کسی جرات نمی‌کنه. با اینکه حالا این بابائه مثلاً داره می‌زنه نه، صبح تا شب کتک می‌
… (truncated; see saved file for full transcript)

============================================================
SUMMARY
============================================================
Input file      : 015_آموزش تدبر در سوره رحمن - بخش پنجم فایل۱۵ از سطح۵ سال۱۴۰۱ - علی.mp3
Provider        : ElevenLabs Scribe (scribe_v2)
Audio duration  : 1:04:40 (3879.97 s)
Requests        : 1
Billed duration : 3880 s (rounded up to nearest second)
Rate            : $0.22 / audio hour
Estimated cost  : $0.237109 USD
Transcript saved: /workspace/IslamASR_mirror/Audios/Tadabor_Sobohi/Manaee/Term5/015/015_آموزش تدبر در سوره رحمن - بخش پنجم فایل۱۵ از سطح۵ سال۱۴۰۱ - علی.txt
============================================================

===== FINAL INVENTORY 2026-09-22 22:17:50 PDT =====
mp3=31 m4a>50k=31 txt>=500=31
missing_folders: none
main_ASR_exit: clean with gaps then 015 retried ok
015_retry: success (ElevenLabs empty_file was transient)
===== END FINAL INVENTORY =====
ALL_DONE marker written at 2026-09-23 01:17:56 EDT (America/New_York)
