Found 32 Term3 lectures (files 001–032)
[001] آموزش تدبر در قرآن - سطح۳ - توصیه های آموزشی فایل۱ از سطح۳ سال۱۳۹۹
  page: https://alisaboohi.com/2020/07/08/آموزش-تدبر-در-قرآن-سطح-3-توصیه-های-آموزش/
[002] آموزش تدبر در سوره طلاق - بخش اول فایل۲ از سطح۳ سال۱۳۹۹
  page: https://alisaboohi.com/2020/07/08/تدبر-در-سوره-طلاق-بخش-اول-فایل-2-از-سطح-3/
[003] آموزش تدبر در سوره طلاق - بخش دوم فایل۳ از سطح۳ سال۱۳۹۹
  page: https://alisaboohi.com/2020/07/22/تدبر-در-سوره-طلاق-بخش-دوم-فایل-3-از-سطح-3/
  [001] aparat XxY7w (360p)
  [002] aparat cFzdD (360p)
  [003] aparat k7RbM (360p)
Found 32 Term3 lectures (files 001–032)
[001] آموزش تدبر در قرآن - سطح۳ - توصیه های آموزشی فایل۱ از سطح۳ سال۱۳۹۹
[002] آموزش تدبر در سوره طلاق - بخش اول فایل۲ از سطح۳ سال۱۳۹۹  page: https://alisaboohi.com/2020/07/08/آموزش-تدبر-در-قرآن-سطح-3-توصیه-های-آموزش/[003] آموزش تدبر در سوره طلاق - بخش دوم فایل۳ از سطح۳ سال۱۳۹۹


  page: https://alisaboohi.com/2020/07/22/تدبر-در-سوره-طلاق-بخش-دوم-فایل-3-از-سطح-3/  page: https://alisaboohi.com/2020/07/08/تدبر-در-سوره-طلاق-بخش-اول-فایل-2-از-سطح-3/

  [002] aparat cFzdD (360p)
  [001] aparat XxY7w (360p)
  [003] aparat k7RbM (360p)
  [003] extract audio → 003_آموزش تدبر در سوره طلاق - بخش دوم فایل۳ از سطح۳ سال۱۳۹۹ - علی.mp3
  [002] extract audio → 002_آموزش تدبر در سوره طلاق - بخش اول فایل۲ از سطح۳ سال۱۳۹۹ - علی.mp3
  [003] done (71.1 MB)
  [002] done (84.4 MB)
  [001] extract audio → 001_آموزش تدبر در قرآن - سطح۳ - توصیه های آموزشی فایل۱ از سطح۳ سال۱۳۹۹ - علی.mp3
  [001] done (15.5 MB)
  [001] remux → 001_play.m4a (13.0 MB)
[004] آموزش تدبر در سوره طلاق - بخش سوم فایل۴ از سطح۳ سال۱۳۹۹
  page: https://alisaboohi.com/2020/07/22/تدبر-در-سوره-طلاق-بخش-سوم-فایل-4-از-سطح-3/
  [004] aparat wrHj1 (360p)
  [003] remux → 003_play.m4a (56.7 MB)
[005] آموزش تدبر در سوره تحریم - بخش اول فایل۵ از سطح۳ سال۱۳۹۹
  page: https://alisaboohi.com/2020/07/29/تدبر-در-سوره-تحریم-بخش-اول-فایل-5-از-سطح-3/
  [004] extract audio → 004_آموزش تدبر در سوره طلاق - بخش سوم فایل۴ از سطح۳ سال۱۳۹۹ - علی.mp3
  [005] aparat 0fXbr (360p)
  [005] extract audio → 005_آموزش تدبر در سوره تحریم - بخش اول فایل۵ از سطح۳ سال۱۳۹۹ - علی.mp3
  [002] remux → 002_play.m4a (72.6 MB)
[006] آموزش تدبر در سوره تحریم - بخش دوم فایل۶ از سطح۳ سال۱۳۹۹
  page: https://alisaboohi.com/2020/07/29/تدبر-در-سوره-تحریم-بخش-دوم-فایل-6-از-سطح-3/
  [006] aparat zE2QD (360p)
