=== Term4 pipeline start 2026-09-17 13:20:13 ===
ROOT=/Users/mohammadreza/IslamASR COURSE=/Users/mohammadreza/IslamASR/Audios/Tadabor_Sobohi/Manaee/Term4
loaded map 24 from /Users/mohammadreza/IslamASR/Audios/Tadabor_Sobohi/Manaee/Term4_shenoto_map.json
[001] shenoto 189744 → 001_آموزش تدبر در سوره مجادله - بخش اول فایل۱ از سطح۴ سال۱۴۰۰ - علی.mp[002] shenoto 189745 → 002_آموزش تدبر در سوره مجادله - بخش دوم فایل۲ از سطح۴ سال۱۴۰۰ - علی.mp
[003] shenoto 189746 → 003_آموزش تدبر در سوره مجادله - بخش سوم فایل۳ از سطح۴ سال۱۴۰۰ - علی.mp
[005] shenoto 189755 → 005_آموزش تدبر در سوره مجادله - بخش پنجم فایل۵ از سطح۴ سال۱۴۰۰ - علی.m[004] shenoto 189748 → 004_آموزش تدبر در سوره مجادله - بخش چهارم فایل۴ از سطح۴ سال۱۴۰۰ - علی.[006] shenoto 189756 → 006_آموزش تدبر در سوره مجادله - بخش ششم فایل۶ از سطح۴ سال۱۴۰۰ - علی.mp



  [004] cdn https://cdn-arch.shenoto.com/shenoto-media/S2sdMPEbCsR18wNw2bEbg3tDXLkNgt.mpeg
  [003] cdn https://cdn-arch.shenoto.com/shenoto-media/hECYX99PmYjnorqtqery7aDXotzxOH.mpeg
  [002] cdn https://cdn-arch.shenoto.com/shenoto-media/xdTk3lRZ2fnEWmzTWGcbpIlONMf6oL.mpeg
  [006] cdn https://cdn-arch.shenoto.com/shenoto-media/lipMRE4Ok9r2U6tFuwJPtc664OqJFs.mpeg
  [005] cdn https://cdn-arch.shenoto.com/shenoto-media/NftlbHjX6kv68BeyKiszwgJaj9IoqZ.mpeg  [001] cdn https://cdn-arch.shenoto.com/shenoto-media/Eqzz35Zg8RCBZB76XzzL7NmXCd4KTa.mp3

  [002] Shenoto failed: CDN 404: https://cdn-arch.shenoto.com/shenoto-media/xdTk3lRZ2fnEWmzTWGcbpIlONMf6oL.mpeg; trying fallbacks
  [002] bayanbox
  [003] ok (20.6 MB)
[007] shenoto 189757 → 007_آموزش تدبر در سوره مجادله - بخش هفتم فایل۷ از سطح۴ سال۱۴۰۰ - علی.m
  [007] cdn https://cdn-arch.shenoto.com/shenoto-media/4XXPva4hSKfokOlDH7VXnq9JQfUYu6.mpeg
  [004] ok (40.5 MB)
[008] shenoto 189758 → 008_آموزش تدبر در سوره حشر - بخش اول فایل۸ از سطح۴ سال۱۴۰۰ - علی.mp3
  [008] cdn https://cdn-arch.shenoto.com/shenoto-media/0h3O85xxzisJOrRQsnIH4517XJsegv.mpeg
  [006] ok (40.6 MB)
[009] shenoto 189759 → 009_آموزش تدبر در سوره حشر - بخش دوم فایل۹ از سطح۴ سال۱۴۰۰ - علی.mp3
  [009] cdn https://cdn-arch.shenoto.com/shenoto-media/HOoy02K03bWnIqZrli5j2XBzQvaad0.mpeg
  [008] ok (11.7 MB)
[010] shenoto 191234 → 010_آموزش تدبر در سوره حشر - بخش سوم فایل۱۰ از سطح۴ سال۱۴۰۰ - علی.mp3
  [001] ok (34.3 MB)
[011] shenoto 191239 → 011_آموزش تدبر در سوره حشر - بخش چهارم فایل۱۱ از سطح۴ سال۱۴۰۰ - علی.mp
  [010] cdn https://cdn-arch.shenoto.com/shenoto-media/vVQpyE13wcwBq65FTUNmbBND0e9DEv.mpeg
  [011] cdn https://cdn-arch.shenoto.com/shenoto-media/YwQvrtW9VqPRlIywUHzxTX92LmR3rW.mpeg
  [007] ok (31.1 MB)
[012] shenoto 191241 → 012_آموزش تدبر در سوره ممتحنه - بخش اول فایل۱۲ از سطح۴ سال۱۴۰۰ - علی.m
  [012] cdn https://cdn-arch.shenoto.com/shenoto-media/PgGfkITDjYNFZRUsjaoYJo8I6GZA50.mpeg
  [009] ok (40.3 MB)
[013] shenoto 191242 → 013_آموزش تدبر در سوره ممتحنه - بخش دوم فایل۱۳ از سطح۴ سال۱۴۰۰ - علی.m
  [013] cdn https://cdn-arch.shenoto.com/shenoto-media/SDbdaikL7YqlRrYMWIwJzKPDgT9G0v.mpeg
  [012] ok (39.8 MB)
[014] shenoto 191243 → 014_آموزش تدبر در سوره ممتحنه - بخش سوم فایل۱۴ از سطح۴ سال۱۴۰۰ - علی.m
  [011] ok (44.9 MB)
[015] shenoto 191247 → 015_نمایی از سوره حدید به مناسبت ایام فاطمیه و سالروز شهادت سردار اسلا
  [014] cdn https://cdn-arch.shenoto.com/shenoto-media/lqKoGNOXjLoZPwkc2S9ddSOklDI6en.mpeg
  [015] cdn https://cdn-arch.shenoto.com/shenoto-media/8XsX0jUiaq4pLX9oZRnjdfTlpubz4X.mpeg
  [010] ok (41.3 MB)
[016] shenoto 191249 → 016_آموزش تدبر در سوره ممتحنه - بخش چهارم فایل۱۶ از سطح۴ سال۱۴۰۰ - علی
  [016] cdn https://cdn-arch.shenoto.com/shenoto-media/jH1SPOcFomt24KYemexAzgIYFE8gXM.mpeg
  [015] ok (10.8 MB)
[017] shenoto 191250 → 017_آموزش تدبر در سوره صفّ - بخش اول فایل۱۷ از سطح۴ سال۱۴۰۰ - علی.mp3
  [017] cdn https://cdn-arch.shenoto.com/shenoto-media/vsBD8DcmMVdzqsLJRD3MRbnSzDGZ1f.mpeg
  [014] ok (18.9 MB)
[018] shenoto 191252 → 018_آموزش تدبر در سوره صفّ - بخش دوم فایل۱۸ از سطح۴ سال۱۴۰۰ - علی.mp3
  [018] cdn https://cdn-arch.shenoto.com/shenoto-media/tuslppIP9JO0BqrKxDrUmV0ZBbONQx.mpeg
  [016] ok (11.5 MB)
[019] shenoto 191255 → 019_آموزش تدبر در سوره جمعه - بخش اول فایل۱۹ از سطح۴ سال۱۴۰۰ - علی.mp3
  [019] cdn https://cdn-arch.shenoto.com/shenoto-media/etkLISeekQCjG5D8NHuFytw0WOCaAY.mpeg
  [005] ok (44.2 MB)
[020] shenoto 191256 → 020_آموزش تدبر در سوره جمعه - بخش دوم فایل۲۰ از سطح۴ سال۱۴۰۰ - علی.mp3
  [020] cdn https://cdn-arch.shenoto.com/shenoto-media/q3ci748iGoUMekV3nX1Gyrl6lXWOrd.mpeg
  [013] ok (42.3 MB)
[021] shenoto 191257 → 021_آموزش تدبر در سوره منافقون - بخش اول فایل۲۱ از سطح۴ سال۱۴۰۰ - علی.
  [021] cdn https://cdn-arch.shenoto.com/shenoto-media/LdlxuMF4Qkk4THqfUQciITjwpO0RuF.mpeg
  [017] ok (33.0 MB)
[022] shenoto 191258 → 022_آموزش تدبر در سوره منافقون - بخش دوم فایل۲۲ از سطح۴ سال۱۴۰۰ - علی.
  [022] cdn https://cdn-arch.shenoto.com/shenoto-media/sX4sXuFozrAOaUMopizGivsB85xK7q.mpeg
  [018] ok (40.4 MB)
[023] shenoto 191259 → 023_آموزش تدبر در سوره تغابن - بخش اول فایل۲۳ از سطح۴ سال۱۴۰۰ - علی.mp
  [023] cdn https://cdn-arch.shenoto.com/shenoto-media/tYbjIhlthzGPgYrPYcxZzavQE7LZH6.mpeg
  [021] ok (46.1 MB)
[024] shenoto 191261 → 024_آموزش تدبر در سوره تغابن - بخش دوم فایل۲۴ از سطح۴ سال۱۴۰۰ - علی.mp
  [019] ok (41.5 MB)
  [024] cdn https://cdn-arch.shenoto.com/shenoto-media/HhPTqQ490f4ne9bDiZy0jGG9ewaNwE.mpeg
  [022] ok (30.5 MB)
  [024] ok (35.0 MB)
  [023] ok (52.6 MB)
  [020] ok (40.0 MB)
  [002] bayanbox fail: HTTPSConnectionPool(host='bayanbox.ir', port=443): Max retries exceeded with url: /download/6583364653513865610/02-%D8%AA%D8%AF%D8%A8%D8%B1-%D8%AF%D8%B1-%D8%B3%D9%88%D8%B1%D9%87-%D9%85%D8%AC%D8%A7%D8%AF%D9%84%D9%87-%DB%B2.mp3 (Caused by NameResolutionError("HTTPSConnection(host='bayanbox.ir', port=443): Failed to resolve 'bayanbox.ir' ([Errno 8] nodename nor servname provided, or not known)"))
  [002] aparat Htr3F
  [002] aparat ok (18.8 MB)
Download done: ok=24 skip=0 fail=0 failed=[]
mp3 present: 24/24
=== remux prepare_playback --force ===
running: /Users/mohammadreza/IslamASR/.venv/bin/python /Users/mohammadreza/IslamASR/website/tools/prepare_playback.py --course /Users/mohammadreza/IslamASR/Audios/Tadabor_Sobohi/Manaee/Term4 --force
  001_آموزش تدبر در سوره مجادله - بخش اول فایل۱ از سطح۴ سال۱۴۰۰ - علی.mp3  container=4131.21s  decoded=0.00s  → 001_play.m4a (4131.19s)
  002_آموزش تدبر در سوره مجادله - بخش دوم فایل۲ از سطح۴ سال۱۴۰۰ - علی.mp3  container=2989.58s  decoded=2989.52s  → 002_play.m4a (2989.52s)
  003_آموزش تدبر در سوره مجادله - بخش سوم فایل۳ از سطح۴ سال۱۴۰۰ - علی.mp3  container=2516.94s  decoded=0.00s  → 003_play.m4a (2516.93s)
  004_آموزش تدبر در سوره مجادله - بخش چهارم فایل۴ از سطح۴ سال۱۴۰۰ - علی.mp3  container=4980.33s  decoded=0.00s  → 004_play.m4a (4980.31s)
  005_آموزش تدبر در سوره مجادله - بخش پنجم فایل۵ از سطح۴ سال۱۴۰۰ - علی.mp3  container=5436.42s  decoded=0.00s  → 005_play.m4a (5436.41s)
  006_آموزش تدبر در سوره مجادله - بخش ششم فایل۶ از سطح۴ سال۱۴۰۰ - علی.mp3  container=5000.58s  decoded=0.00s  → 006_play.m4a (5000.57s)
  007_آموزش تدبر در سوره مجادله - بخش هفتم فایل۷ از سطح۴ سال۱۴۰۰ - علی.mp3  container=3836.42s  decoded=0.00s  → 007_play.m4a (3836.40s)
  008_آموزش تدبر در سوره حشر - بخش اول فایل۸ از سطح۴ سال۱۴۰۰ - علی.mp3  container=1443.21s  decoded=1443.19s  → 008_play.m4a (1443.19s)
  009_آموزش تدبر در سوره حشر - بخش دوم فایل۹ از سطح۴ سال۱۴۰۰ - علی.mp3  container=4972.46s  decoded=0.00s  → 009_play.m4a (4972.44s)
  010_آموزش تدبر در سوره حشر - بخش سوم فایل۱۰ از سطح۴ سال۱۴۰۰ - علی.mp3  container=5069.42s  decoded=0.00s  → 010_play.m4a (5069.40s)
  011_آموزش تدبر در سوره حشر - بخش چهارم فایل۱۱ از سطح۴ سال۱۴۰۰ - علی.mp3  container=5543.85s  decoded=0.00s  → 011_play.m4a (5543.83s)
  012_آموزش تدبر در سوره ممتحنه - بخش اول فایل۱۲ از سطح۴ سال۱۴۰۰ - علی.mp3  container=4886.85s  decoded=0.00s  → 012_play.m4a (4886.83s)
  013_آموزش تدبر در سوره ممتحنه - بخش دوم فایل۱۳ از سطح۴ سال۱۴۰۰ - علی.mp3  container=5206.53s  decoded=0.00s  → 013_play.m4a (5206.51s)
  014_آموزش تدبر در سوره ممتحنه - بخش سوم فایل۱۴ از سطح۴ سال۱۴۰۰ - علی.mp3  container=2312.42s  decoded=0.00s  → 014_play.m4a (2312.40s)
  015_نمایی از سوره حدید به مناسبت ایام فاطمیه و سالروز شهادت سردار اسلام فایل۱۵ از سطح۴ سال۱۴۰۰ - علی.mp3  container=1329.90s  decoded=1329.88s  → 015_play.m4a (1329.89s)
  016_آموزش تدبر در سوره ممتحنه - بخش چهارم فایل۱۶ از سطح۴ سال۱۴۰۰ - علی.mp3  container=1424.58s  decoded=1424.56s  → 016_play.m4a (1424.57s)
  017_آموزش تدبر در سوره صفّ - بخش اول فایل۱۷ از سطح۴ سال۱۴۰۰ - علی.mp3  container=4059.98s  decoded=0.00s  → 017_play.m4a (4059.96s)
  018_آموزش تدبر در سوره صفّ - بخش دوم فایل۱۸ از سطح۴ سال۱۴۰۰ - علی.mp3  container=4977.02s  decoded=0.00s  → 018_play.m4a (4977.00s)
  019_آموزش تدبر در سوره جمعه - بخش اول فایل۱۹ از سطح۴ سال۱۴۰۰ - علی.mp3  container=5076.09s  decoded=0.00s  → 019_play.m4a (5076.07s)
  020_آموزش تدبر در سوره جمعه - بخش دوم فایل۲۰ از سطح۴ سال۱۴۰۰ - علی.mp3  container=4938.90s  decoded=0.00s  → 020_play.m4a (4938.89s)
  021_آموزش تدبر در سوره منافقون - بخش اول فایل۲۱ از سطح۴ سال۱۴۰۰ - علی.mp3  container=5678.54s  decoded=5678.52s  → 021_play.m4a (5678.52s)
  022_آموزش تدبر در سوره منافقون - بخش دوم فایل۲۲ از سطح۴ سال۱۴۰۰ - علی.mp3  container=3776.30s  decoded=3776.28s  → 022_play.m4a (3776.28s)
  023_آموزش تدبر در سوره تغابن - بخش اول فایل۲۳ از سطح۴ سال۱۴۰۰ - علی.mp3  container=6516.81s  decoded=6516.79s  → 023_play.m4a (6516.79s)
  024_آموزش تدبر در سوره تغابن - بخش دوم فایل۲۴ از سطح۴ سال۱۴۰۰ - علی.mp3  container=4325.42s  decoded=4325.40s  → 024_play.m4a (4325.40s)
done: 24 file(s)
prepare_playback ok
=== ElevenLabs ASR ===
[001] skip ASR (txt 311049 bytes)
[002] skip ASR (txt 244214 bytes)
[003] skip ASR (txt 196811 bytes)
[004] skip ASR (txt 415370 bytes)
[005] skip ASR (txt 458320 bytes)
[006] skip ASR (txt 417390 bytes)
[007] skip ASR (txt 348254 bytes)
[008] skip ASR (txt 122333 bytes)
[009] skip ASR (txt 403252 bytes)
[010] skip ASR (txt 421551 bytes)
[011] skip ASR (txt 410240 bytes)
[012] skip ASR (txt 385688 bytes)
[013] skip ASR (txt 422550 bytes)
[014] skip ASR (txt 190464 bytes)
[015] skip ASR (txt 103450 bytes)
[016] skip ASR (txt 111316 bytes)
[017] skip ASR (txt 317430 bytes)
[018] skip ASR (txt 391770 bytes)
[019] skip ASR (txt 414101 bytes)
[020] skip ASR (txt 388330 bytes)
[021] skip ASR (txt 434469 bytes)
[022] skip ASR (txt 283776 bytes)
[023] skip ASR (txt 505138 bytes)
[024] skip ASR (txt 366827 bytes)
ASR done: ok=0 skip=24 fail=0
INVENTORY: {"folders": 24, "mp3": 24, "m4a": 24, "txt": 24, "missing": []}
ALL DONE mp3=24 m4a=24 txt=24
EXIT=0
