Found 36 Term2 lectures (files 001–036)
[001] توصیه های آموزشی دوره سطح دو تدبر فایل۱ از سطح۲ سال۱۳۹۸
  page: https://alisaboohi.com/2019/11/13/توصیه-های-آغازین-سطح-دو-تدبر/
[002] آموزش تدبر در سوره مزّمّل - بخش اول فایل۲ از سطح۲ سال۱۳۹۸
  page: https://alisaboohi.com/2019/11/13/تدبر-در-سوره-مزّمّل-بخش-اول-فایل-2-از-سطح/
[003] آموزش تدبر در سوره مزّمّل - بخش دوم فایل۳ از سطح۲ سال۱۳۹۸
  page: https://alisaboohi.com/2019/11/13/تدبر-در-سوره-مزّمّل-بخش-دوم-فایل-3-از-سطح/
  [001] aparat HUA1n (360p)
  [002] aparat lZGPE (360p)
  [003] aparat EFpNj (360p)
  [001] extract audio → 001_توصیه های آموزشی دوره سطح دو تدبر فایل۱ از سطح۲ سال۱۳۹۸ - علی.mp3
  [001] done (12.4 MB)
  [003] extract audio → 003_آموزش تدبر در سوره مزّمّل - بخش دوم فایل۳ از سطح۲ سال۱۳۹۸ - علی.mp3
  [001] remux → 001_play.m4a (10.0 MB)
[004] آموزش تدبر در سوره مزّمّل - بخش سوم فایل۴ از سطح۲ سال۱۳۹۸
  page: https://alisaboohi.com/2019/11/13/تدبر-در-سوره-مزّمّل-بخش-سوم-فایل-4-از-سطح/
  [004] aparat P1MdN (360p)
  [003] done (54.7 MB)
  [004] extract audio → 004_آموزش تدبر در سوره مزّمّل - بخش سوم فایل۴ از سطح۲ سال۱۳۹۸ - علی.mp3
  [004] done (54.0 MB)
  [003] remux → 003_play.m4a (43.6 MB)
[005] آموزش تدبر در سوره مزّمّل - بخش چهارم فایل۵ از سطح۲ سال۱۳۹۸
  page: https://alisaboohi.com/2019/11/20/تدبر-در-سوره-مزّمّل-بخش-چهارم-فایل-5-از-س/
  [005] aparat tSZXB (360p)
  [005] extract audio → 005_آموزش تدبر در سوره مزّمّل - بخش چهارم فایل۵ از سطح۲ سال۱۳۹۸ - علی.mp3
  [005] done (14.6 MB)
  [004] remux → 004_play.m4a (44.7 MB)
[006] آموزش تدبر در سوره مدّثّر - بخش اول فایل۶ از سطح۲ سال۱۳۹۸
  page: https://alisaboohi.com/2019/11/20/تدبر-در-سوره-مدّثّر-بخش-اول-فایل-6-از-سطح/
  [005] remux → 005_play.m4a (11.9 MB)
[007] آموزش تدبر در سوره مدّثّر - بخش دوم فایل۷ از سطح۲ سال۱۳۹۸
  page: https://alisaboohi.com/2019/11/20/تدبر-در-سوره-مدّثّر-بخش-دوم-فایل-7-از-سطح/
  [006] aparat v8R6V (360p)
  [007] aparat X93gB (360p)
  [006] extract audio → 006_آموزش تدبر در سوره مدّثّر - بخش اول فایل۶ از سطح۲ سال۱۳۹۸ - علی.mp3
  [007] extract audio → 007_آموزش تدبر در سوره مدّثّر - بخش دوم فایل۷ از سطح۲ سال۱۳۹۸ - علی.mp3
  [006] done (42.8 MB)
  [007] done (56.2 MB)
  [006] remux → 006_play.m4a (34.9 MB)
[008] آموزش تدبر در سوره مدّثّر - بخش سوم فایل۸ از سطح۲ سال۱۳۹۸
  page: https://alisaboohi.com/2019/11/20/تدبر-در-سوره-مدّثّر-بخش-سوم-فایل-8-از-سطح/
  [008] aparat eEkUx (360p)
  [007] remux → 007_play.m4a (44.4 MB)
[009] آموزش تدبر در سوره مدّثّر - بخش چهارم فایل۹ از سطح۲ سال۱۳۹۸
  page: https://alisaboohi.com/2019/12/04/تدبر-در-سوره-مدّثّر-بخش-چهارم-فایل-9-از-س/
  [009] aparat SxZVl (360p)
  [008] extract audio → 008_آموزش تدبر در سوره مدّثّر - بخش سوم فایل۸ از سطح۲ سال۱۳۹۸ - علی.mp3
  [009] extract audio → 009_آموزش تدبر در سوره مدّثّر - بخش چهارم فایل۹ از سطح۲ سال۱۳۹۸ - علی.mp3
  [008] done (64.9 MB)
  [009] done (61.5 MB)
  [002] extract audio → 002_آموزش تدبر در سوره مزّمّل - بخش اول فایل۲ از سطح۲ سال۱۳۹۸ - علی.mp3
  [008] remux → 008_play.m4a (52.8 MB)
[010] آموزش تدبر در سوره مدّثّر- بخش پنجم فایل۱۰ از سطح۲ سال۱۳۹۸
  page: https://alisaboohi.com/2019/12/04/تدبر-در-سوره-مدّثّر-بخش-پنجم-فایل-10-از-سط/
  [009] remux → 009_play.m4a (48.5 MB)
[011] آموزش تدبر در سوره قیامت - بخش اول فایل۱۱ از سطح۲ سال۱۳۹۸
  page: https://alisaboohi.com/2019/12/04/تدبر-در-سوره-قیامت-بخش-اول-فایل-11-از-سطح/
  [010] aparat VgdxZ (360p)
  [011] aparat lnIfF (360p)
  [002] done (44.9 MB)
  [010] extract audio → 010_آموزش تدبر در سوره مدّثّر- بخش پنجم فایل۱۰ از سطح۲ سال۱۳۹۸ - علی.mp3
  [011] extract audio → 011_آموزش تدبر در سوره قیامت - بخش اول فایل۱۱ از سطح۲ سال۱۳۹۸ - علی.mp3
  [002] remux → 002_play.m4a (36.9 MB)
[012] آموزش تدبر در سوره قیامت - بخش دوم فایل۱۲ از سطح۲ سال۱۳۹۸
  page: https://alisaboohi.com/2019/12/04/تدبر-در-سوره-قیامت-بخش-دوم-فایل-12-از-سطح/
  [012] aparat 4uZOP (360p)
  [010] done (63.2 MB)
  [011] done (62.4 MB)
  [012] extract audio → 012_آموزش تدبر در سوره قیامت - بخش دوم فایل۱۲ از سطح۲ سال۱۳۹۸ - علی.mp3
  [012] done (60.1 MB)
  [010] remux → 010_play.m4a (49.3 MB)
[013] آموزش تدبر در سوره قیامت - بخش سوم فایل۱۳ از سطح۲ سال۱۳۹۸
  page: https://alisaboohi.com/2019/12/18/تدبر-در-سوره-قیامت-بخش-سوم-فایل-13-از-سطح/
  [013] aparat Rnly2 (360p)
  [011] remux → 011_play.m4a (49.8 MB)
[014] آموزش تدبر در سوره قیامت - بخش چهارم فایل۱۴ از سطح۲ سال۱۳۹۸
  page: https://alisaboohi.com/2019/12/18/تدبر-در-سوره-قیامت-بخش-چهارم-فایل-14-از-سط/
  [014] aparat hwRpj (360p)
  [014] extract audio → 014_آموزش تدبر در سوره قیامت - بخش چهارم فایل۱۴ از سطح۲ سال۱۳۹۸ - علی.mp3
  [014] done (19.3 MB)
  [013] extract audio → 013_آموزش تدبر در سوره قیامت - بخش سوم فایل۱۳ از سطح۲ سال۱۳۹۸ - علی.mp3
  [012] remux → 012_play.m4a (46.7 MB)
[015] آموزش تدبر در سوره انسان - بخش اول فایل۱۵ از سطح۲ سال۱۳۹۸
  page: https://alisaboohi.com/2019/12/18/تدبر-در-سوره-انسان-بخش-اول-فایل-15-از-سطح/
  [015] aparat tNnlv (360p)
  [014] remux → 014_play.m4a (15.4 MB)
[016] آموزش تدبر در سوره انسان - بخش دوم فایل۱۶ از سطح۲ سال۱۳۹۸
  page: https://alisaboohi.com/2019/12/25/تدبر-در-سوره-انسان-بخش-دوم-فایل-16-از-سطح/
  [016] aparat 0FlDZ (360p)
  [015] 360p failed (502 Server Error: Bad Gateway for url: https://aspb13.cdn.asset.aparat.com/aparat-video/6e1d5ba717185f58d4a97c605f43dc1722600298-360p.mp4?wmsAuthSign=eyJhbGciOiJIUzI1NiIsInR5cCI6IkpXVCJ9.eyJ0b2tlbiI6IjlhMjFhYWFjZDhlNTU2YmE1OGVlMTJjOGRiYTQzZTMyIiwiZXhwIjoxNzg4OTE0NzAzLCJpc3MiOiJTYWJhIElkZWEgR1NJRyJ9.nn9p1zzFVqpfYcyZf4qp5f3h37N_MbWny9EZQFWOoMM)
  [015] aparat tNnlv (480p)
  [013] done (69.1 MB)
  [015] 480p failed (502 Server Error: Bad Gateway for url: https://aspb13.cdn.asset.aparat.com/aparat-video/6e1d5ba717185f58d4a97c605f43dc1722600298-480p.mp4?wmsAuthSign=eyJhbGciOiJIUzI1NiIsInR5cCI6IkpXVCJ9.eyJ0b2tlbiI6IjlhMjFhYWFjZDhlNTU2YmE1OGVlMTJjOGRiYTQzZTMyIiwiZXhwIjoxNzg4OTE0NzAzLCJpc3MiOiJTYWJhIElkZWEgR1NJRyJ9.nn9p1zzFVqpfYcyZf4qp5f3h37N_MbWny9EZQFWOoMM)
  [015] aparat tNnlv (240p)
  [016] extract audio → 016_آموزش تدبر در سوره انسان - بخش دوم فایل۱۶ از سطح۲ سال۱۳۹۸ - علی.mp3
  [015] 240p failed (502 Server Error: Bad Gateway for url: https://aspb13.cdn.asset.aparat.com/aparat-video/6e1d5ba717185f58d4a97c605f43dc1722600298-240p.mp4?wmsAuthSign=eyJhbGciOiJIUzI1NiIsInR5cCI6IkpXVCJ9.eyJ0b2tlbiI6IjlhMjFhYWFjZDhlNTU2YmE1OGVlMTJjOGRiYTQzZTMyIiwiZXhwIjoxNzg4OTE0NzAzLCJpc3MiOiJTYWJhIElkZWEgR1NJRyJ9.nn9p1zzFVqpfYcyZf4qp5f3h37N_MbWny9EZQFWOoMM)
  [015] aparat tNnlv (720p)
  [015] 720p failed (502 Server Error: Bad Gateway for url: https://aspb13.cdn.asset.aparat.com/aparat-video/6e1d5ba717185f58d4a97c605f43dc1722600298-720p.mp4?wmsAuthSign=eyJhbGciOiJIUzI1NiIsInR5cCI6IkpXVCJ9.eyJ0b2tlbiI6IjlhMjFhYWFjZDhlNTU2YmE1OGVlMTJjOGRiYTQzZTMyIiwiZXhwIjoxNzg4OTE0NzAzLCJpc3MiOiJTYWJhIElkZWEgR1NJRyJ9.nn9p1zzFVqpfYcyZf4qp5f3h37N_MbWny9EZQFWOoMM)
  [015] aparat tNnlv (144p)
  [016] done (64.5 MB)
  [015] 144p failed (502 Server Error: Bad Gateway for url: https://aspb13.cdn.asset.aparat.com/aparat-video/6e1d5ba717185f58d4a97c605f43dc1722600298-144p.mp4?wmsAuthSign=eyJhbGciOiJIUzI1NiIsInR5cCI6IkpXVCJ9.eyJ0b2tlbiI6IjlhMjFhYWFjZDhlNTU2YmE1OGVlMTJjOGRiYTQzZTMyIiwiZXhwIjoxNzg4OTE0NzAzLCJpc3MiOiJTYWJhIElkZWEgR1NJRyJ9.nn9p1zzFVqpfYcyZf4qp5f3h37N_MbWny9EZQFWOoMM)
  [015] aparat tNnlv (1080p)
  [015] 1080p failed (502 Server Error: Bad Gateway for url: https://aspb13.cdn.asset.aparat.com/aparat-video/6e1d5ba717185f58d4a97c605f43dc1722600298-1080p.mp4?wmsAuthSign=eyJhbGciOiJIUzI1NiIsInR5cCI6IkpXVCJ9.eyJ0b2tlbiI6IjlhMjFhYWFjZDhlNTU2YmE1OGVlMTJjOGRiYTQzZTMyIiwiZXhwIjoxNzg4OTE0NzAzLCJpc3MiOiJTYWJhIElkZWEgR1NJRyJ9.nn9p1zzFVqpfYcyZf4qp5f3h37N_MbWny9EZQFWOoMM)
  [015] aparat HLS fallback
  [013] remux → 013_play.m4a (53.0 MB)
[017] آموزش تدبر در سوره انسان - بخش سوم فایل۱۷ از سطح۲ سال۱۳۹۸
  page: https://alisaboohi.com/2019/12/25/تدبر-در-سوره-انسان-بخش-سوم-فایل-17-از-سطح/
[017] ERROR: ('Connection aborted.', RemoteDisconnected('Remote end closed connection without response'))
[018] آموزش تدبر در سوره انسان - بخش چهارم فایل۱۸ از سطح۲ سال۱۳۹۸
  page: https://alisaboohi.com/2020/01/01/تدبر-در-سوره-انسان-بخش-چهارم-فایل-18-از-سط/
  [018] aparat ix4od (360p)
  [018] extract audio → 018_آموزش تدبر در سوره انسان - بخش چهارم فایل۱۸ از سطح۲ سال۱۳۹۸ - علی.mp3
  [016] remux → 016_play.m4a (47.9 MB)
[019] آموزش تدبر در سوره انسان - بخش پنجم فایل۱۹ از سطح۲ سال۱۳۹۸
  page: https://alisaboohi.com/2020/01/01/تدبر-در-سوره-انسان-بخش-پنجم-فایل-19-از-سطح/
  [019] aparat aqL5j (360p)
  [019] extract audio → 019_آموزش تدبر در سوره انسان - بخش پنجم فایل۱۹ از سطح۲ سال۱۳۹۸ - علی.mp3
  [018] done (71.1 MB)
  [019] done (52.2 MB)
  [019] remux → 019_play.m4a (43.3 MB)
[020] آموزش تدبر در سوره مرسلات - بخش اول فایل۲۰ از سطح۲ سال۱۳۹۸
  page: https://alisaboohi.com/2020/01/01/تدبر-در-سوره-مرسلات-بخش-اول-فایل-20-از-سطح/
  [020] aparat Ti4ty (360p)
  [018] remux → 018_play.m4a (58.6 MB)
[021] آموزش تدبر در سوره مرسلات - بخش دوم فایل۲۱ از سطح۲ سال۱۳۹۸
  page: https://alisaboohi.com/2020/01/08/تدبر-در-سوره-مرسلات-بخش-دوم-فایل-21-از-سطح/
  [021] aparat iJ41a (360p)
  [020] extract audio → 020_آموزش تدبر در سوره مرسلات - بخش اول فایل۲۰ از سطح۲ سال۱۳۹۸ - علی.mp3
  [015] done (45.8 MB)
  [020] done (30.6 MB)
  [021] extract audio → 021_آموزش تدبر در سوره مرسلات - بخش دوم فایل۲۱ از سطح۲ سال۱۳۹۸ - علی.mp3
  [020] remux → 020_play.m4a (25.0 MB)
[022] آموزش تدبر در سوره مرسلات - بخش سوم فایل۲۲ از سطح۲ سال۱۳۹۸
  page: https://alisaboohi.com/2020/01/08/تدبر-در-سوره-مرسلات-بخش-سوم-فایل-22-از-سطح/
  [022] aparat tMoIN (360p)
  [015] remux → 015_play.m4a (35.3 MB)
[023] آموزش تدبر در سوره مرسلات - بخش چهارم فایل۲۳ از سطح۲ سال۱۳۹۸
  page: https://alisaboohi.com/2020/01/15/تدبر-در-سوره-مرسلات-بخش-چهارم-فایل-23-از-س/
  [023] aparat kBDOR (360p)
  [022] 360p failed (502 Server Error: Bad Gateway for url: https://aspb13.cdn.asset.aparat.com/aparat-video/e09f90a3c9221c5f1101ef643c7d4ed822607103-360p.mp4?wmsAuthSign=eyJhbGciOiJIUzI1NiIsInR5cCI6IkpXVCJ9.eyJ0b2tlbiI6IjRkY2MzMmJhZGNlNmIxZTFhMjJiZDI4YzY5MjgzNmUwIiwiZXhwIjoxNzg4OTE0OTI4LCJpc3MiOiJTYWJhIElkZWEgR1NJRyJ9.eEYa9sV7Vi2U6iJi6uvdoYamaFvW5yhTOwwapLOszkU)
  [022] aparat tMoIN (480p)
  [021] done (52.2 MB)
  [023] extract audio → 023_آموزش تدبر در سوره مرسلات - بخش چهارم فایل۲۳ از سطح۲ سال۱۳۹۸ - علی.mp3
  [023] done (34.1 MB)
  [022] extract audio → 022_آموزش تدبر در سوره مرسلات - بخش سوم فایل۲۲ از سطح۲ سال۱۳۹۸ - علی.mp3
  [023] remux → 023_play.m4a (26.6 MB)
[024] آموزش تدبر در سوره نبأ - بخش اول فایل۲۴ از سطح۲ سال۱۳۹۸
  page: https://alisaboohi.com/2020/01/15/تدبر-در-سوره-نبأ-بخش-اول-فایل-24-از-سطح-دو/
  [021] remux → 021_play.m4a (43.3 MB)
[025] آموزش تدبر در سوره نبأ - بخش دوم فایل۲۵ از سطح۲ سال۱۳۹۸
  page: https://alisaboohi.com/2020/01/22/تدبر-در-سوره-نبأ-بخش-دوم-فایل-25-از-سطح-دو/
  [024] aparat H7V4r (360p)
  [025] aparat 2WsuV (360p)
  [024] extract audio → 024_آموزش تدبر در سوره نبأ - بخش اول فایل۲۴ از سطح۲ سال۱۳۹۸ - علی.mp3
  [022] done (59.6 MB)
  [024] done (15.3 MB)
  [025] extract audio → 025_آموزش تدبر در سوره نبأ - بخش دوم فایل۲۵ از سطح۲ سال۱۳۹۸ - علی.mp3
  [024] remux → 024_play.m4a (11.7 MB)
[026] آموزش تدبر در سوره نبأ - بخش سوم فایل۲۶ از سطح۲ سال۱۳۹۸
  page: https://alisaboohi.com/2020/01/22/تدبر-در-سوره-نبأ-بخش-سوم-فایل-26-از-سطح-دو/
  [026] aparat 3Bq7W (360p)
  [026] extract audio → 026_آموزش تدبر در سوره نبأ - بخش سوم فایل۲۶ از سطح۲ سال۱۳۹۸ - علی.mp3
  [025] done (69.7 MB)
  [022] remux → 022_play.m4a (45.1 MB)
[027] آموزش تدبر در سوره نازعات - بخش اول فایل۲۷ از سطح۲ سال۱۳۹۸
  page: https://alisaboohi.com/2020/02/05/تدبر-در-سوره-نازعات-بخش-اول-فایل-27-از-سطح/
  [027] aparat wNOxS (360p)
  [026] done (61.2 MB)
  [027] extract audio → 027_آموزش تدبر در سوره نازعات - بخش اول فایل۲۷ از سطح۲ سال۱۳۹۸ - علی.mp3
  [025] remux → 025_play.m4a (54.4 MB)
[028] آموزش تدبر در سوره نازعات - بخش دوم فایل۲۸ از سطح۲ سال۱۳۹۸
  page: https://alisaboohi.com/2020/02/05/تدبر-در-سوره-نازعات-بخش-دوم-فایل-28-از-سطح/
  [028] aparat F2JPz (360p)
  [026] remux → 026_play.m4a (48.2 MB)
[029] آموزش تدبر در سوره عبس - بخش اول فایل۲۹ از سطح۲ سال۱۳۹۸
  page: https://alisaboohi.com/2020/02/12/تدبر-در-سوره-عبس-بخش-اول-فایل-29-از-سطح-دو/
  [029] aparat mgwMo (360p)
  [027] done (88.2 MB)
  [028] extract audio → 028_آموزش تدبر در سوره نازعات - بخش دوم فایل۲۸ از سطح۲ سال۱۳۹۸ - علی.mp3
  [029] extract audio → 029_آموزش تدبر در سوره عبس - بخش اول فایل۲۹ از سطح۲ سال۱۳۹۸ - علی.mp3
  [028] done (50.1 MB)
  [029] done (63.8 MB)
  [028] remux → 028_play.m4a (38.4 MB)
[030] آموزش تدبر در سوره عبس - بخش دوم فایل۳۰ از سطح۲ سال۱۳۹۸
  page: https://alisaboohi.com/2020/02/12/تدبر-در-سوره-عبس-بخش-دوم-فایل-30-از-سطح-دو/
  [030] aparat 1ZwFi (360p)
  [027] remux → 027_play.m4a (68.6 MB)
[031] آموزش تدبر در سوره تکویر - بخش اول فایل۳۱ از سطح۲ سال۱۳۹۸
  page: https://alisaboohi.com/2020/02/19/تدبر-در-سوره-تکویر-بخش-اول-فایل-31-از-سطح/
  [031] aparat CY8J4 (360p)
  [030] extract audio → 030_آموزش تدبر در سوره عبس - بخش دوم فایل۳۰ از سطح۲ سال۱۳۹۸ - علی.mp3
  [029] remux → 029_play.m4a (48.8 MB)
[032] آموزش تدبر در سوره تکویر - بخش دوم فایل۳۲ از سطح۲ سال۱۳۹۸
  page: https://alisaboohi.com/2020/02/19/تدبر-در-سوره-تکویر-بخش-دوم-فایل-32-از-سطح/
  [032] aparat aUnk2 (360p)
  [032] extract audio → 032_آموزش تدبر در سوره تکویر - بخش دوم فایل۳۲ از سطح۲ سال۱۳۹۸ - علی.mp3
  [032] done (16.0 MB)
  [030] done (60.7 MB)
  [032] remux → 032_play.m4a (12.4 MB)
[033] آموزش تدبر در سوره انفطار - بخش اول فایل۳۳ از سطح۲ سال۱۳۹۸
  page: https://alisaboohi.com/2020/06/10/تدبر-در-سوره-انفطار-بخش-اول-فایل-33-از-سطح/
  [031] extract audio → 031_آموزش تدبر در سوره تکویر - بخش اول فایل۳۱ از سطح۲ سال۱۳۹۸ - علی.mp3
  [033] aparat WmnbO (360p)
  [033] extract audio → 033_آموزش تدبر در سوره انفطار - بخش اول فایل۳۳ از سطح۲ سال۱۳۹۸ - علی.mp3
  [031] done (68.8 MB)
  [033] done (50.3 MB)
  [030] remux → 030_play.m4a (45.7 MB)
[034] آموزش تدبر در سوره انفطار - بخش دوم فایل۳۴ از سطح۲ سال۱۳۹۸
  page: https://alisaboohi.com/2020/06/10/تدبر-در-سوره-انفطار-بخش-دوم-فایل-34-از-سطح/
  [034] aparat kShXl (360p)
  [034] 360p failed (502 Server Error: Bad Gateway for url: https://aspb13.cdn.asset.aparat.com/aparat-video/1b9f9667285887683f0bbf62b99dd71723150841-360p.mp4?wmsAuthSign=eyJhbGciOiJIUzI1NiIsInR5cCI6IkpXVCJ9.eyJ0b2tlbiI6IjVkYThkY2NlMmVlMzg0YTQwYmM3ZmNjZDAzNTQ3NGE2IiwiZXhwIjoxNzg4OTE1MjYxLCJpc3MiOiJTYWJhIElkZWEgR1NJRyJ9.V1tL0oSPH3qCtDuvHef489-PcaPnRV27iRo4eUxwwEc)
  [034] aparat kShXl (480p)
  [034] 480p failed (502 Server Error: Bad Gateway for url: https://aspb13.cdn.asset.aparat.com/aparat-video/1b9f9667285887683f0bbf62b99dd71723150841-480p.mp4?wmsAuthSign=eyJhbGciOiJIUzI1NiIsInR5cCI6IkpXVCJ9.eyJ0b2tlbiI6IjVkYThkY2NlMmVlMzg0YTQwYmM3ZmNjZDAzNTQ3NGE2IiwiZXhwIjoxNzg4OTE1MjYxLCJpc3MiOiJTYWJhIElkZWEgR1NJRyJ9.V1tL0oSPH3qCtDuvHef489-PcaPnRV27iRo4eUxwwEc)
  [034] aparat kShXl (240p)
  [034] 240p failed (502 Server Error: Bad Gateway for url: https://aspb13.cdn.asset.aparat.com/aparat-video/1b9f9667285887683f0bbf62b99dd71723150841-240p.mp4?wmsAuthSign=eyJhbGciOiJIUzI1NiIsInR5cCI6IkpXVCJ9.eyJ0b2tlbiI6IjVkYThkY2NlMmVlMzg0YTQwYmM3ZmNjZDAzNTQ3NGE2IiwiZXhwIjoxNzg4OTE1MjYxLCJpc3MiOiJTYWJhIElkZWEgR1NJRyJ9.V1tL0oSPH3qCtDuvHef489-PcaPnRV27iRo4eUxwwEc)
  [034] aparat kShXl (720p)
  [033] remux → 033_play.m4a (40.7 MB)
[035] آموزش تدبر در سوره مطفّفین - بخش اول فایل۳۵ از سطح۲ سال۱۳۹۸
  page: https://alisaboohi.com/2020/06/17/تدبر-در-سوره-مطففین-بخش-اول-فایل-35-از-سطح/
  [034] 720p failed (502 Server Error: Bad Gateway for url: https://aspb13.cdn.asset.aparat.com/aparat-video/1b9f9667285887683f0bbf62b99dd71723150841-720p.mp4?wmsAuthSign=eyJhbGciOiJIUzI1NiIsInR5cCI6IkpXVCJ9.eyJ0b2tlbiI6IjVkYThkY2NlMmVlMzg0YTQwYmM3ZmNjZDAzNTQ3NGE2IiwiZXhwIjoxNzg4OTE1MjYxLCJpc3MiOiJTYWJhIElkZWEgR1NJRyJ9.V1tL0oSPH3qCtDuvHef489-PcaPnRV27iRo4eUxwwEc)
  [034] aparat kShXl (144p)
  [035] aparat 4S0K8 (360p)
  [031] remux → 031_play.m4a (54.3 MB)
[036] آموزش تدبر در سوره مطفّفین - بخش دوم فایل۳۶ از سطح۲ سال۱۳۹۸
  page: https://alisaboohi.com/2020/06/17/تدبر-در-سوره-مطفّفین-بخش-دوم-فایل-36-از/
  [036] aparat QWSkm (360p)
  [035] 360p failed (502 Server Error: Bad Gateway for url: https://aspb13.cdn.asset.aparat.com/aparat-video/b0adca0121fcd6ea8a0b1325b2297aad23293597-360p.mp4?wmsAuthSign=eyJhbGciOiJIUzI1NiIsInR5cCI6IkpXVCJ9.eyJ0b2tlbiI6ImNmZWQwY2VmZmEyNTU3ZmJiNzUyMTdlMjdlOWJiMjYyIiwiZXhwIjoxNzg4OTE1MzAwLCJpc3MiOiJTYWJhIElkZWEgR1NJRyJ9.WnqUFgFMauV-EDTG12rF0avucwyLLHEptx2cz-KVdyI)
  [034] 144p failed (502 Server Error: Bad Gateway for url: https://aspb13.cdn.asset.aparat.com/aparat-video/1b9f9667285887683f0bbf62b99dd71723150841-144p.mp4?wmsAuthSign=eyJhbGciOiJIUzI1NiIsInR5cCI6IkpXVCJ9.eyJ0b2tlbiI6IjVkYThkY2NlMmVlMzg0YTQwYmM3ZmNjZDAzNTQ3NGE2IiwiZXhwIjoxNzg4OTE1MjYxLCJpc3MiOiJTYWJhIElkZWEgR1NJRyJ9.V1tL0oSPH3qCtDuvHef489-PcaPnRV27iRo4eUxwwEc)
  [035] aparat 4S0K8 (480p)
  [034] aparat kShXl (1080p)
  [034] 1080p failed (502 Server Error: Bad Gateway for url: https://aspb13.cdn.asset.aparat.com/aparat-video/1b9f9667285887683f0bbf62b99dd71723150841-1080p.mp4?wmsAuthSign=eyJhbGciOiJIUzI1NiIsInR5cCI6IkpXVCJ9.eyJ0b2tlbiI6IjVkYThkY2NlMmVlMzg0YTQwYmM3ZmNjZDAzNTQ3NGE2IiwiZXhwIjoxNzg4OTE1MjYxLCJpc3MiOiJTYWJhIElkZWEgR1NJRyJ9.V1tL0oSPH3qCtDuvHef489-PcaPnRV27iRo4eUxwwEc)
  [034] aparat HLS fallback
  [035] 480p failed (502 Server Error: Bad Gateway for url: https://aspb13.cdn.asset.aparat.com/aparat-video/b0adca0121fcd6ea8a0b1325b2297aad23293597-480p.mp4?wmsAuthSign=eyJhbGciOiJIUzI1NiIsInR5cCI6IkpXVCJ9.eyJ0b2tlbiI6ImNmZWQwY2VmZmEyNTU3ZmJiNzUyMTdlMjdlOWJiMjYyIiwiZXhwIjoxNzg4OTE1MzAwLCJpc3MiOiJTYWJhIElkZWEgR1NJRyJ9.WnqUFgFMauV-EDTG12rF0avucwyLLHEptx2cz-KVdyI)
  [035] aparat 4S0K8 (240p)
  [035] extract audio → 035_آموزش تدبر در سوره مطفّفین - بخش اول فایل۳۵ از سطح۲ سال۱۳۹۸ - علی.mp3
  [036] extract audio → 036_آموزش تدبر در سوره مطفّفین - بخش دوم فایل۳۶ از سطح۲ سال۱۳۹۸ - علی.mp3
  [035] done (43.5 MB)
  [036] done (69.7 MB)
  [035] remux → 035_play.m4a (58.2 MB)
  [036] remux → 036_play.m4a (58.5 MB)
  [034] done (46.6 MB)
  [034] remux → 034_play.m4a (37.2 MB)

Finished: 35 downloaded, 0 skipped, 1 failed
Found 1 Term2 lectures (files 017–017)
[017] آموزش تدبر در سوره انسان - بخش سوم فایل۱۷ از سطح۲ سال۱۳۹۸
  page: https://alisaboohi.com/2019/12/25/تدبر-در-سوره-انسان-بخش-سوم-فایل-17-از-سطح/
  [017] aparat RPv2F (360p)
  [017] extract audio → 017_آموزش تدبر در سوره انسان - بخش سوم فایل۱۷ از سطح۲ سال۱۳۹۸ - علی.mp3
  [017] done (69.1 MB)
  [017] remux → 017_play.m4a (53.8 MB)
done: 36 file(s)

Finished: 1 downloaded, 0 skipped, 0 failed

Running prepare_playback.py for Term2…
