Provider: ElevenLabs Scribe (scribe_v2)
Progress file (updated after each chunk): Audios/AyatollahShojaee/Tazkiyeh/111/111_راه حل رهايي از خواطر شيطاني2 _ بحث تزکیه.partial.txt
  preparing audio (111_راه حل رهايي از خواطر شيطاني2 _ بحث تزکیه.mp3)...
  25:22 → 1 request(s)
  progress file: Audios/AyatollahShojaee/Tazkiyeh/111/111_راه حل رهايي از خواطر شيطاني2 _ بحث تزکیه.partial.txt
  [1/1] 0:00–25:22 (8917 KB)...
      → 16185 chars: اعوذ بالله السميع العليم من الشيطان الرجيم. بسم الله الرحمن الرحيم. خب اینجا ممکن است که به نظر دوستان یک مسئله هم باید من در اینجا بگم. به نظر دوستان این مسئله بیاد که خب با تخلیه…

============================================================
TRANSCRIPTION (preview)
============================================================
اعوذ بالله السميع العليم من الشيطان الرجيم. بسم الله الرحمن الرحيم. خب اینجا ممکن است که به نظر دوستان یک مسئله هم باید من در اینجا بگم. به نظر دوستان این مسئله بیاد که خب با تخلیه درون است البته مشکل ما همان اولی است ها. هیچ تعارفی هم نداشتیم گفتیم این تاریخ ما در کجا؟ سر همان مسئله اول است. مسئله اول حل نشده کار نزدیک به محال است. نمیشود. توضیح هم تا حالا روشن شد. اما با این همه اگر کس این سه شرط را تحصيل کرد، قلب تخلیه شد و قلب با شرائط اوصاف متصف شد، به ذکر دائم هم پرداخت، خب در این صورت او از قبیل ذکر دائم بر رد خواطر میشود و به سلوک موفق است و حالات منازل را طی خواهد کرد. آیا در اینجا که الان در وسط حرفم صحبت کردم یک کمی توضیح بدم. آیا در اینجا کناره گیری، اعتزال، عزلت انتخاب کردن، گوشه گیری و خلاصه منقطع شدن از بیرون و امثال اینها هم یک ضرورت است یا نه؟ ضرورت نه. دقت میکنید؟ اینجا باید مطرح بشه. چون اگر کسی خواست جداً به طریق سلوک قدم بگذارد این براش سؤال میشه. چون با داشتن کار و بودن در محیط اجتماع و در محیط‌های کار و بودن با زن و بچه و با این و اون و به هر صورت با این مسائل باز با اینکه اگر قلب را از اوصاف بد تخلیه کنیم، متصف به شرائط اوصاف باشیم، به ذکر هم بپردازیم، خواطر را به نحوی که گفتیم کنار بزنیم، بالاخره با حشر و نشر داشتن یه مقدار این کار چی خواهد بود؟ این مقدار این کار سخت خواهد بود. سخت خواهد بود. آیا باید عزلت انتخاب کرد؟ باید گوشه گیری کرد که اسلام از گوشه گیری به اون معنا که انسان احساس مسئولیت نکند و اون وظایف اجتماعی را برای خودش وظایف نداند مخالف است. پس چه باید کرد؟ خب روحانیت، گوشه گیری، اعتزال، عزلت در اسلام محکوم است. چه باید کرد؟ وقتی با حشر و نشر است مسئله سخت است. خیلی از بچه آگاهی صحبت میکنیم که میدونن که سخت میشه. البته سخت میشه اما اشتباه نشود. سخت غیر از این است که نمیشود. توجه بکنید. چه گفته بود که سلوک سخت نیست؟ اگر سلوک آسان بود که این همه مردم که ذوقش را دارند صاحبان ما همه کار فرمی شد. خیلی سخت است. سختی کار درش شوهه‌ای نیست. خود این مسئله که الان امروز من براتون توضیح دادم، خود این مسئله با مقدمات و شرائط اصل متنش سخت‌ترین کار است. خیلی سخت است. آنچنان سخت است که هرچه انسان بگوید و قبل از اینکه وارد عمل بشه بخواهد تصویر بکن
… (truncated; see saved file for full transcript)

============================================================
SUMMARY
============================================================
Input file      : 111_راه حل رهايي از خواطر شيطاني2 _ بحث تزکیه.mp3
Provider        : ElevenLabs Scribe (scribe_v2)
Audio duration  : 25:22 (1521.68 s)
Requests        : 1
Billed duration : 1522 s (rounded up to nearest second)
Rate            : $0.22 / audio hour
Estimated cost  : $0.092992 USD
Transcript saved: Audios/AyatollahShojaee/Tazkiyeh/111/111_راه حل رهايي از خواطر شيطاني2 _ بحث تزکیه.txt
============================================================
