=== wait download Thu Sep 17 11:48:40 2026 ===
=== wait download Thu Sep 17 11:48:40 2026 ===
download ready
download ready
=== remux Thu Sep 17 11:49:25 2026 ===
=== remux Thu Sep 17 11:49:25 2026 ===
 ودرجات يقين.mp3  container=1180.82s  decoded=0.00s  → 046_play.m4a (1180.79s)
  047_47- حيات و ممات دل.mp3  container=1367.39s  decoded=0.00s  → 047_play.m4a (1367.35s)
  048_48- هرچه انسان از نفسانيات دور شود از مرتبه مرگ صعود ميکند.mp3  container=1403.96s  decoded=0.00s  → 048_play.m4a (1403.93s)
  049_49- ترس پيامبر از عذاب روز قيامت.mp3  container=1332.49s  decoded=0.00s  → 049_play.m4a (1332.45s)
  050_50- اشاره به شخصیت والای پیامبر و اتفاقات هنگام تولد ایشان.mp3  container=1251.24s  decoded=0.00s  → 050_play.m4a (1251.21s)
  051_51- فطرت و دین فطری.mp3  container=1958.33s  decoded=0.00s  → 051_play.m4a (1958.30s)
  052_52- اشاره به ذکرخدا.mp3  container=1510.33s  decoded=0.00s  → 052_play.m4a (1510.30s)
  053_53- محبت وخوف خدا 1.mp3  container=1334.16s  decoded=0.00s  → 053_play.m4a (1334.13s)
  054_54- محبت وخوف خدا2.mp3  container=1488.28s  decoded=0.00s  → 054_play.m4a (1488.25s)
  055_55- محبت و خوف خدا3.mp3  container=1317.70s  decoded=0.00s  → 055_play.m4a (1317.67s)
  056_56- عبودیت یعنی کمال انسان و حیات ابدی او.mp3  container=1365.03s  decoded=0.00s  → 056_play.m4a (1365.00s)
  057_57- خلق عظيم حضرت رسول(ص) 1.mp3  container=1605.94s  decoded=0.00s  → 057_play.m4a (1605.90s)
  058_58- خلق عظيم حضرت رسول(ص) 2.mp3  container=1283.64s  decoded=0.00s  → 058_play.m4a (1283.61s)
  059_59- خصوصيات امام زمان و نقاط ضعف شيعيان پس ظهور ايشان 1.mp3  container=1825.10s  decoded=0.00s  → 059_play.m4a (1825.07s)
  060_60- خصوصيات امام زمان و نقاط ضعف شيعيان پس ظهور ايشان 2.mp3  container=1340.01s  decoded=0.00s  → 060_play.m4a (1339.98s)
  061_61- درباره علل بي ذوقي ما در عبادت.mp3  container=1918.41s  decoded=0.00s  → 061_play.m4a (1918.38s)
  062_62- درباره عبادت پروردگار متعال.mp3  container=1924.79s  decoded=0.00s  → 062_play.m4a (1924.75s)
  063_63- داشتن ديد توحيدي در تمامي امور.mp3  container=1341.89s  decoded=0.00s  → 063_play.m4a (1341.86s)
  064_64- ادامه داشتن ديد توحيدي.mp3  container=1120.48s  decoded=0.00s  → 064_play.m4a (1120.44s)
done: 64 file(s)

 ودرجات يقين.mp3  container=1180.82s  decoded=0.00s  → 046_play.m4a (1180.79s)
  047_47- حيات و ممات دل.mp3  container=1367.39s  decoded=0.00s  → 047_play.m4a (1367.35s)
  048_48- هرچه انسان از نفسانيات دور شود از مرتبه مرگ صعود ميکند.mp3  container=1403.96s  decoded=0.00s  → 048_play.m4a (1403.93s)
  049_49- ترس پيامبر از عذاب روز قيامت.mp3  container=1332.49s  decoded=0.00s  → 049_play.m4a (1332.45s)
  050_50- اشاره به شخصیت والای پیامبر و اتفاقات هنگام تولد ایشان.mp3  container=1251.24s  decoded=0.00s  → 050_play.m4a (1251.21s)
  051_51- فطرت و دین فطری.mp3  container=1958.33s  decoded=0.00s  → 051_play.m4a (1958.30s)
  052_52- اشاره به ذکرخدا.mp3  container=1510.33s  decoded=0.00s  → 052_play.m4a (1510.30s)
  053_53- محبت وخوف خدا 1.mp3  container=1334.16s  decoded=0.00s  → 053_play.m4a (1334.13s)
  054_54- محبت وخوف خدا2.mp3  container=1488.28s  decoded=0.00s  → 054_play.m4a (1488.25s)
  055_55- محبت و خوف خدا3.mp3  container=1317.70s  decoded=0.00s  → 055_play.m4a (1317.67s)
  056_56- عبودیت یعنی کمال انسان و حیات ابدی او.mp3  container=1365.03s  decoded=0.00s  → 056_play.m4a (1365.00s)
  057_57- خلق عظيم حضرت رسول(ص) 1.mp3  container=1605.94s  decoded=0.00s  → 057_play.m4a (1605.90s)
  058_58- خلق عظيم حضرت رسول(ص) 2.mp3  container=1283.64s  decoded=0.00s  → 058_play.m4a (1283.61s)
  059_59- خصوصيات امام زمان و نقاط ضعف شيعيان پس ظهور ايشان 1.mp3  container=1825.10s  decoded=0.00s  → 059_play.m4a (1825.07s)
  060_60- خصوصيات امام زمان و نقاط ضعف شيعيان پس ظهور ايشان 2.mp3  container=1340.01s  decoded=0.00s  → 060_play.m4a (1339.98s)
  061_61- درباره علل بي ذوقي ما در عبادت.mp3  container=1918.41s  decoded=0.00s  → 061_play.m4a (1918.38s)
  062_62- درباره عبادت پروردگار متعال.mp3  container=1924.79s  decoded=0.00s  → 062_play.m4a (1924.75s)
  063_63- داشتن ديد توحيدي در تمامي امور.mp3  container=1341.89s  decoded=0.00s  → 063_play.m4a (1341.86s)
  064_64- ادامه داشتن ديد توحيدي.mp3  container=1120.48s  decoded=0.00s  → 064_play.m4a (1120.44s)
done: 64 file(s)

remux exit=0
remux exit=0
=== ASR start Thu Sep 17 12:16:42 2026 N=64 jobs=2 ===
=== ASR start Thu Sep 17 12:16:42 2026 N=64 jobs=2 ===
[Thu Sep 17 12:16:42 2026] missing=64 round=0
[Thu Sep 17 12:16:42 2026] missing=64 round=0
[start] 001 Thu Sep 17 12:16:42 2026
[start] 002 Thu Sep 17 12:16:42 2026
[start] 001 Thu Sep 17 12:16:42 2026[start] 002 Thu Sep 17 12:16:42 2026

[ok] 001 Thu Sep 17 12:17:40 2026
[ok] 001 Thu Sep 17 12:17:40 2026
[srt] /Users/mohammadreza/IslamASR/Audios/AyatollahShojaee/Mabohas_Mozui/001/001_1- در خصوص ماه مبارک رمضان 1.srt cues=500
[start] 003 Thu Sep 17 12:17:40 2026
[start] 003 Thu Sep 17 12:17:40 2026
[ok] 002 Thu Sep 17 12:17:53 2026
[ok] 002 Thu Sep 17 12:17:53 2026
[srt] /Users/mohammadreza/IslamASR/Audios/AyatollahShojaee/Mabohas_Mozui/002/002_2- در خصوص ماه مبارک رمضان 2.srt cues=559
[start] 004 Thu Sep 17 12:17:53 2026
[start] 004 Thu Sep 17 12:17:53 2026
[ok] 003 Thu Sep 17 12:18:30 2026
[ok] 003 Thu Sep 17 12:18:30 2026
[srt] /Users/mohammadreza/IslamASR/Audios/AyatollahShojaee/Mabohas_Mozui/003/003_3- اسرار ولايت خداوند بر مؤمنين.srt cues=400
[start] 005 Thu Sep 17 12:18:30 2026
[start] 005 Thu Sep 17 12:18:30 2026
[ok] 004 Thu Sep 17 12:18:47 2026
[ok] 004 Thu Sep 17 12:18:47 2026
[srt] /Users/mohammadreza/IslamASR/Audios/AyatollahShojaee/Mabohas_Mozui/004/004_4- ادامه اسرار ولايت خداوند بر مؤمنين.srt cues=415
[start] 006 Thu Sep 17 12:18:47 2026
[start] 006 Thu Sep 17 12:18:47 2026
[ok] 005 Thu Sep 17 12:19:12 2026
[ok] 005 Thu Sep 17 12:19:12 2026
[srt] /Users/mohammadreza/IslamASR/Audios/AyatollahShojaee/Mabohas_Mozui/005/005_5- نقطه ارتباط ما باعالم وجود دل است حول مطلع و جهنم و اثرات نيت بد.srt cues=407
[start] 007 Thu Sep 17 12:19:12 2026
[start] 007 Thu Sep 17 12:19:12 2026
[ok] 006 Thu Sep 17 12:19:42 2026
[ok] 006 Thu Sep 17 12:19:42 2026
[srt] /Users/mohammadreza/IslamASR/Audios/AyatollahShojaee/Mabohas_Mozui/006/006_6- چرا کلام شرع و معارفی که ريشه در وحي دارند قابل فهم برای عقل نیست؟.srt cues=409
[start] 008 Thu Sep 17 12:19:42 2026
[start] 008 Thu Sep 17 12:19:42 2026
[ok] 007 Thu Sep 17 12:19:57 2026
[ok] 007 Thu Sep 17 12:19:57 2026
[srt] /Users/mohammadreza/IslamASR/Audios/AyatollahShojaee/Mabohas_Mozui/007/007_7- درک آنچه از طریق وحی می رسد شعور بالاتری میخواهد که ما نداريم.srt cues=374
[start] 009 Thu Sep 17 12:19:57 2026
[start] 009 Thu Sep 17 12:19:57 2026
[ok] 009 Thu Sep 17 12:20:37 2026
[ok] 009 Thu Sep 17 12:20:37 2026
[srt] /Users/mohammadreza/IslamASR/Audios/AyatollahShojaee/Mabohas_Mozui/009/009_9- چگونگی ارتباط عالم دنيا با عوالم بالاتر .srt cues=398
[start] 010 Thu Sep 17 12:20:37 2026
[start] 010 Thu Sep 17 12:20:37 2026
[ok] 008 Thu Sep 17 12:20:52 2026
[ok] 008 Thu Sep 17 12:20:52 2026
[srt] /Users/mohammadreza/IslamASR/Audios/AyatollahShojaee/Mabohas_Mozui/008/008_8- کسب معرفت و اثر آن بر سلوک.srt cues=495
[start] 011 Thu Sep 17 12:20:52 2026
[start] 011 Thu Sep 17 12:20:52 2026
[ok] 010 Thu Sep 17 12:21:19 2026
[ok] 010 Thu Sep 17 12:21:19 2026
[srt] /Users/mohammadreza/IslamASR/Audios/AyatollahShojaee/Mabohas_Mozui/010/010_10- شرح صدر 1.srt cues=382
[start] 012 Thu Sep 17 12:21:19 2026
[start] 012 Thu Sep 17 12:21:19 2026
[ok] 011 Thu Sep 17 12:22:03 2026
[ok] 011 Thu Sep 17 12:22:03 2026
[srt] /Users/mohammadreza/IslamASR/Audios/AyatollahShojaee/Mabohas_Mozui/011/011_11- شرح صدر 2.srt cues=499
[start] 013 Thu Sep 17 12:22:03 2026
[start] 013 Thu Sep 17 12:22:03 2026
[ok] 012 Thu Sep 17 12:22:09 2026
[ok] 012 Thu Sep 17 12:22:09 2026
[srt] /Users/mohammadreza/IslamASR/Audios/AyatollahShojaee/Mabohas_Mozui/012/012_12- اهميت دل 1.srt cues=465
[start] 014 Thu Sep 17 12:22:09 2026
[start] 014 Thu Sep 17 12:22:09 2026
[ok] 013 Thu Sep 17 12:23:26 2026
[ok] 013 Thu Sep 17 12:23:26 2026
[srt] /Users/mohammadreza/IslamASR/Audios/AyatollahShojaee/Mabohas_Mozui/013/013_13- اهميت دل 2.srt cues=455
[start] 015 Thu Sep 17 12:23:26 2026
[start] 015 Thu Sep 17 12:23:26 2026
[ok] 014 Thu Sep 17 12:23:58 2026
[ok] 014 Thu Sep 17 12:23:58 2026
[srt] /Users/mohammadreza/IslamASR/Audios/AyatollahShojaee/Mabohas_Mozui/014/014_14- سنت استدراج.srt cues=811
[start] 016 Thu Sep 17 12:23:58 2026
[start] 016 Thu Sep 17 12:23:58 2026
[ok] 015 Thu Sep 17 12:24:41 2026
[ok] 015 Thu Sep 17 12:24:41 2026
[srt] /Users/mohammadreza/IslamASR/Audios/AyatollahShojaee/Mabohas_Mozui/015/015_15- پيرامون خشيت از پروردگار.srt cues=611
[start] 017 Thu Sep 17 12:24:41 2026
[start] 017 Thu Sep 17 12:24:41 2026
[ok] 016 Thu Sep 17 12:24:55 2026
[ok] 016 Thu Sep 17 12:24:55 2026
[srt] /Users/mohammadreza/IslamASR/Audios/AyatollahShojaee/Mabohas_Mozui/016/016_16- در مورد خصوصيات اهل بهشت.srt cues=399
[start] 018 Thu Sep 17 12:24:55 2026
[start] 018 Thu Sep 17 12:24:55 2026
[ok] 017 Thu Sep 17 12:25:57 2026
[ok] 017 Thu Sep 17 12:25:57 2026
[srt] /Users/mohammadreza/IslamASR/Audios/AyatollahShojaee/Mabohas_Mozui/017/017_17- آمادگي سفر سلوک عبودي در حيات دنيوي.srt cues=635
[start] 019 Thu Sep 17 12:25:57 2026
[start] 019 Thu Sep 17 12:25:57 2026
[ok] 018 Thu Sep 17 12:26:36 2026
[ok] 018 Thu Sep 17 12:26:36 2026
[srt] /Users/mohammadreza/IslamASR/Audios/AyatollahShojaee/Mabohas_Mozui/018/018_18- چرادر مسير سلوک موفق نميشويم؟10علت از موانع سلوک حقيقي.srt cues=792
[start] 020 Thu Sep 17 12:26:36 2026
[start] 020 Thu Sep 17 12:26:36 2026
[ok] 019 Thu Sep 17 12:27:03 2026
[ok] 019 Thu Sep 17 12:27:03 2026
[srt] /Users/mohammadreza/IslamASR/Audios/AyatollahShojaee/Mabohas_Mozui/019/019_19- قساوت دل اهل ايمان.srt cues=565
[start] 021 Thu Sep 17 12:27:03 2026
[start] 021 Thu Sep 17 12:27:03 2026
[ok] 020 Thu Sep 17 12:27:35 2026
[ok] 020 Thu Sep 17 12:27:35 2026
[srt] /Users/mohammadreza/IslamASR/Audios/AyatollahShojaee/Mabohas_Mozui/020/020_20- در مورد رفع قساوت قلب.srt cues=494
[start] 022 Thu Sep 17 12:27:35 2026
[start] 022 Thu Sep 17 12:27:35 2026
[ok] 021 Thu Sep 17 12:28:17 2026
[ok] 021 Thu Sep 17 12:28:17 2026
[srt] /Users/mohammadreza/IslamASR/Audios/AyatollahShojaee/Mabohas_Mozui/021/021_21- صدق در عبوديت.srt cues=468
[start] 023 Thu Sep 17 12:28:17 2026
[start] 023 Thu Sep 17 12:28:17 2026
[ok] 022 Thu Sep 17 12:28:44 2026
[ok] 022 Thu Sep 17 12:28:44 2026
[srt] /Users/mohammadreza/IslamASR/Audios/AyatollahShojaee/Mabohas_Mozui/022/022_22- توضيح درمورد اثرات صدق.srt cues=499
[start] 024 Thu Sep 17 12:28:44 2026
[start] 024 Thu Sep 17 12:28:44 2026
[ok] 023 Thu Sep 17 12:29:21 2026
[ok] 023 Thu Sep 17 12:29:21 2026
[srt] /Users/mohammadreza/IslamASR/Audios/AyatollahShojaee/Mabohas_Mozui/023/023_23- عالم غیب و شهاده.srt cues=438
[start] 025 Thu Sep 17 12:29:21 2026
[start] 025 Thu Sep 17 12:29:21 2026
[ok] 024 Thu Sep 17 12:29:38 2026
[ok] 024 Thu Sep 17 12:29:38 2026
[srt] /Users/mohammadreza/IslamASR/Audios/AyatollahShojaee/Mabohas_Mozui/024/024_24- عالم غیب و شهاده 2.srt cues=449
[start] 026 Thu Sep 17 12:29:38 2026
[start] 026 Thu Sep 17 12:29:38 2026
[ok] 025 Thu Sep 17 12:30:43 2026
[ok] 025 Thu Sep 17 12:30:43 2026
[srt] /Users/mohammadreza/IslamASR/Audios/AyatollahShojaee/Mabohas_Mozui/025/025_25- تجريد ايمان از ظلم وشرک به خداوند متعال.srt cues=597
[start] 027 Thu Sep 17 12:30:43 2026
[start] 027 Thu Sep 17 12:30:43 2026
[ok] 026 Thu Sep 17 12:30:55 2026
[ok] 026 Thu Sep 17 12:30:55 2026
[srt] /Users/mohammadreza/IslamASR/Audios/AyatollahShojaee/Mabohas_Mozui/026/026_26- دوام واستمراردرذکرحضرت حق درمقام اطاعت از او.srt cues=568
[start] 028 Thu Sep 17 12:30:55 2026
[start] 028 Thu Sep 17 12:30:55 2026
[ok] 027 Thu Sep 17 12:31:49 2026
[ok] 027 Thu Sep 17 12:31:49 2026
[srt] /Users/mohammadreza/IslamASR/Audios/AyatollahShojaee/Mabohas_Mozui/027/027_27- اشاره به آيه 12سوره طه.srt cues=502
[start] 029 Thu Sep 17 12:31:49 2026
[start] 029 Thu Sep 17 12:31:49 2026
[FAIL] 028 Thu Sep 17 12:32:58 2026
[FAIL] 028 Thu Sep 17 12:32:58 2026
[start] 030 Thu Sep 17 12:32:58 2026
[start] 030 Thu Sep 17 12:32:58 2026
[ok] 029 Thu Sep 17 12:33:29 2026
[ok] 029 Thu Sep 17 12:33:29 2026
[srt] /Users/mohammadreza/IslamASR/Audios/AyatollahShojaee/Mabohas_Mozui/029/029_29- خطرات وموانعی که برسرراه بندگان در مسير عبوديت وجود دارد.srt cues=428
[start] 031 Thu Sep 17 12:33:29 2026
[start] 031 Thu Sep 17 12:33:29 2026
[ok] 030 Thu Sep 17 12:33:56 2026
[ok] 030 Thu Sep 17 12:33:56 2026
[srt] /Users/mohammadreza/IslamASR/Audios/AyatollahShojaee/Mabohas_Mozui/030/030_30- طمع.srt cues=319
[start] 032 Thu Sep 17 12:33:56 2026
[start] 032 Thu Sep 17 12:33:56 2026
[ok] 031 Thu Sep 17 12:34:23 2026
[ok] 031 Thu Sep 17 12:34:23 2026
[srt] /Users/mohammadreza/IslamASR/Audios/AyatollahShojaee/Mabohas_Mozui/031/031_31- فنا شدن در غير خدا-بامجاهدت به يقين ومحبت رسيدن.srt cues=338
[start] 033 Thu Sep 17 12:34:23 2026
[start] 033 Thu Sep 17 12:34:23 2026
[ok] 032 Thu Sep 17 12:35:00 2026
[ok] 032 Thu Sep 17 12:35:00 2026
[srt] /Users/mohammadreza/IslamASR/Audios/AyatollahShojaee/Mabohas_Mozui/032/032_32- عشق ومحبت به خداانسان را از فناشدن در غيرخدا بازميدارد.srt cues=424
[start] 034 Thu Sep 17 12:35:00 2026
[start] 034 Thu Sep 17 12:35:00 2026
[ok] 034 Thu Sep 17 12:36:24 2026
[ok] 034 Thu Sep 17 12:36:24 2026
[srt] /Users/mohammadreza/IslamASR/Audios/AyatollahShojaee/Mabohas_Mozui/034/034_34- تشکیک شیطان.srt cues=441
[start] 035 Thu Sep 17 12:36:24 2026
[start] 035 Thu Sep 17 12:36:24 2026
[ok] 033 Thu Sep 17 12:36:29 2026
[ok] 033 Thu Sep 17 12:36:29 2026
[srt] /Users/mohammadreza/IslamASR/Audios/AyatollahShojaee/Mabohas_Mozui/033/033_33- متقين و خصوصيات آنها.srt cues=681
[start] 036 Thu Sep 17 12:36:29 2026
[start] 036 Thu Sep 17 12:36:29 2026
[ok] 035 Thu Sep 17 12:37:56 2026
[ok] 035 Thu Sep 17 12:37:56 2026
[srt] /Users/mohammadreza/IslamASR/Audios/AyatollahShojaee/Mabohas_Mozui/035/035_35- دروجودخود جزخودکسي را نمي بينيم.srt cues=619
[start] 037 Thu Sep 17 12:37:56 2026
[start] 037 Thu Sep 17 12:37:56 2026
[ok] 036 Thu Sep 17 12:37:58 2026
[ok] 036 Thu Sep 17 12:37:58 2026
[srt] /Users/mohammadreza/IslamASR/Audios/AyatollahShojaee/Mabohas_Mozui/036/036_36- شيطان اعمال بندگان را تزئين ميکند مگرمخلصين.srt cues=547
[start] 038 Thu Sep 17 12:37:58 2026
[start] 038 Thu Sep 17 12:37:58 2026
[ok] 038 Thu Sep 17 12:39:22 2026
[ok] 038 Thu Sep 17 12:39:22 2026
[srt] /Users/mohammadreza/IslamASR/Audios/AyatollahShojaee/Mabohas_Mozui/038/038_38- حريص بودن انسان به خير مطلق که همانا خداوند متعال است.srt cues=515
[start] 039 Thu Sep 17 12:39:22 2026
[start] 039 Thu Sep 17 12:39:22 2026
[ok] 037 Thu Sep 17 12:39:24 2026
[ok] 037 Thu Sep 17 12:39:24 2026
[srt] /Users/mohammadreza/IslamASR/Audios/AyatollahShojaee/Mabohas_Mozui/037/037_37- موارد ديگر از تزئين شيطان.srt cues=454
[start] 040 Thu Sep 17 12:39:24 2026
[start] 040 Thu Sep 17 12:39:24 2026
[ok] 040 Thu Sep 17 12:40:42 2026
[ok] 040 Thu Sep 17 12:40:42 2026
[srt] /Users/mohammadreza/IslamASR/Audios/AyatollahShojaee/Mabohas_Mozui/040/040_40- یکی از اسماء الهی(مومن) که باید خود را تحت آن قرار داد.srt cues=532
[start] 041 Thu Sep 17 12:40:42 2026
[start] 041 Thu Sep 17 12:40:42 2026
[ok] 039 Thu Sep 17 12:40:48 2026
[ok] 039 Thu Sep 17 12:40:48 2026
[srt] /Users/mohammadreza/IslamASR/Audios/AyatollahShojaee/Mabohas_Mozui/039/039_39- درباب حالات بندگان صالح.srt cues=634
[start] 042 Thu Sep 17 12:40:48 2026
[start] 042 Thu Sep 17 12:40:48 2026
[ok] 042 Thu Sep 17 12:41:51 2026
[ok] 042 Thu Sep 17 12:41:51 2026
[srt] /Users/mohammadreza/IslamASR/Audios/AyatollahShojaee/Mabohas_Mozui/042/042_42- چگونگي غلبه شيطان بر انسان.srt cues=426
[start] 043 Thu Sep 17 12:41:51 2026
[start] 043 Thu Sep 17 12:41:51 2026
[ok] 041 Thu Sep 17 12:42:03 2026
[ok] 041 Thu Sep 17 12:42:03 2026
[srt] /Users/mohammadreza/IslamASR/Audios/AyatollahShojaee/Mabohas_Mozui/041/041_41- تنبلي وسستي در عبادت.srt cues=608
[start] 044 Thu Sep 17 12:42:03 2026
[start] 044 Thu Sep 17 12:42:03 2026
[ok] 043 Thu Sep 17 12:42:58 2026
[ok] 043 Thu Sep 17 12:42:58 2026
[srt] /Users/mohammadreza/IslamASR/Audios/AyatollahShojaee/Mabohas_Mozui/043/043_43- سپردن ولايت مسلمانان به حضرت علي(ع) .srt cues=549
[start] 045 Thu Sep 17 12:42:58 2026
[start] 045 Thu Sep 17 12:42:58 2026
[ok] 044 Thu Sep 17 12:43:22 2026
[ok] 044 Thu Sep 17 12:43:22 2026
[srt] /Users/mohammadreza/IslamASR/Audios/AyatollahShojaee/Mabohas_Mozui/044/044_44- چگونگی دور کردن انسان از امام علی علیه السلام.srt cues=740
[start] 046 Thu Sep 17 12:43:22 2026
[start] 046 Thu Sep 17 12:43:22 2026
[ok] 045 Thu Sep 17 12:43:47 2026
[ok] 045 Thu Sep 17 12:43:47 2026
[srt] /Users/mohammadreza/IslamASR/Audios/AyatollahShojaee/Mabohas_Mozui/045/045_45- چگونه می توان به یقین برسیم و ایمان به دل ما راه پیدا کن.srt cues=384
[start] 047 Thu Sep 17 12:43:47 2026
[start] 047 Thu Sep 17 12:43:47 2026
[ok] 046 Thu Sep 17 12:44:27 2026
[ok] 046 Thu Sep 17 12:44:27 2026
[srt] /Users/mohammadreza/IslamASR/Audios/AyatollahShojaee/Mabohas_Mozui/046/046_46- مراتب ودرجات يقين.srt cues=385
[start] 048 Thu Sep 17 12:44:27 2026
[start] 048 Thu Sep 17 12:44:27 2026
[ok] 047 Thu Sep 17 12:44:44 2026
[ok] 047 Thu Sep 17 12:44:44 2026
[srt] /Users/mohammadreza/IslamASR/Audios/AyatollahShojaee/Mabohas_Mozui/047/047_47- حيات و ممات دل.srt cues=409
[start] 049 Thu Sep 17 12:44:44 2026
[start] 049 Thu Sep 17 12:44:44 2026
[ok] 048 Thu Sep 17 12:45:33 2026
[ok] 048 Thu Sep 17 12:45:33 2026
[srt] /Users/mohammadreza/IslamASR/Audios/AyatollahShojaee/Mabohas_Mozui/048/048_48- هرچه انسان از نفسانيات دور شود از مرتبه مرگ صعود ميکند.srt cues=437
[start] 050 Thu Sep 17 12:45:33 2026
[start] 050 Thu Sep 17 12:45:33 2026
[ok] 049 Thu Sep 17 12:45:47 2026
[ok] 049 Thu Sep 17 12:45:47 2026
[srt] /Users/mohammadreza/IslamASR/Audios/AyatollahShojaee/Mabohas_Mozui/049/049_49- ترس پيامبر از عذاب روز قيامت.srt cues=396
[start] 051 Thu Sep 17 12:45:47 2026
[start] 051 Thu Sep 17 12:45:47 2026
[ok] 050 Thu Sep 17 12:46:26 2026
[ok] 050 Thu Sep 17 12:46:26 2026
[srt] /Users/mohammadreza/IslamASR/Audios/AyatollahShojaee/Mabohas_Mozui/050/050_50- اشاره به شخصیت والای پیامبر و اتفاقات هنگام تولد ایشان.srt cues=375
[start] 052 Thu Sep 17 12:46:26 2026
[start] 052 Thu Sep 17 12:46:26 2026
[ok] 051 Thu Sep 17 12:47:33 2026
[ok] 051 Thu Sep 17 12:47:33 2026
[srt] /Users/mohammadreza/IslamASR/Audios/AyatollahShojaee/Mabohas_Mozui/051/051_51- فطرت و دین فطری.srt cues=614
[start] 053 Thu Sep 17 12:47:33 2026
[start] 053 Thu Sep 17 12:47:33 2026
[ok] 052 Thu Sep 17 12:48:24 2026
[ok] 052 Thu Sep 17 12:48:24 2026
[srt] /Users/mohammadreza/IslamASR/Audios/AyatollahShojaee/Mabohas_Mozui/052/052_52- اشاره به ذکرخدا.srt cues=453
[start] 054 Thu Sep 17 12:48:24 2026
[start] 054 Thu Sep 17 12:48:24 2026
[ok] 053 Thu Sep 17 12:48:35 2026
[ok] 053 Thu Sep 17 12:48:35 2026
[srt] /Users/mohammadreza/IslamASR/Audios/AyatollahShojaee/Mabohas_Mozui/053/053_53- محبت وخوف خدا 1.srt cues=393
[start] 055 Thu Sep 17 12:48:35 2026
[start] 055 Thu Sep 17 12:48:35 2026
[ok] 054 Thu Sep 17 12:49:42 2026
[ok] 054 Thu Sep 17 12:49:42 2026
[srt] /Users/mohammadreza/IslamASR/Audios/AyatollahShojaee/Mabohas_Mozui/054/054_54- محبت وخوف خدا2.srt cues=459
[start] 056 Thu Sep 17 12:49:42 2026
[start] 056 Thu Sep 17 12:49:42 2026
[ok] 055 Thu Sep 17 12:49:45 2026
[ok] 055 Thu Sep 17 12:49:45 2026
[srt] /Users/mohammadreza/IslamASR/Audios/AyatollahShojaee/Mabohas_Mozui/055/055_55- محبت و خوف خدا3.srt cues=391
[start] 057 Thu Sep 17 12:49:46 2026
[start] 057 Thu Sep 17 12:49:46 2026
[ok] 056 Thu Sep 17 12:50:55 2026
[ok] 056 Thu Sep 17 12:50:55 2026
[srt] /Users/mohammadreza/IslamASR/Audios/AyatollahShojaee/Mabohas_Mozui/056/056_56- عبودیت یعنی کمال انسان و حیات ابدی او.srt cues=412
[start] 058 Thu Sep 17 12:50:55 2026
[start] 058 Thu Sep 17 12:50:55 2026
[ok] 057 Thu Sep 17 12:51:09 2026
[ok] 057 Thu Sep 17 12:51:09 2026
[srt] /Users/mohammadreza/IslamASR/Audios/AyatollahShojaee/Mabohas_Mozui/057/057_57- خلق عظيم حضرت رسول(ص) 1.srt cues=501
[start] 059 Thu Sep 17 12:51:09 2026
[start] 059 Thu Sep 17 12:51:09 2026
[ok] 058 Thu Sep 17 12:51:42 2026
[ok] 058 Thu Sep 17 12:51:42 2026
[srt] /Users/mohammadreza/IslamASR/Audios/AyatollahShojaee/Mabohas_Mozui/058/058_58- خلق عظيم حضرت رسول(ص) 2.srt cues=410
[start] 060 Thu Sep 17 12:51:42 2026
[start] 060 Thu Sep 17 12:51:42 2026
[ok] 059 Thu Sep 17 12:52:32 2026
[ok] 059 Thu Sep 17 12:52:32 2026
[srt] /Users/mohammadreza/IslamASR/Audios/AyatollahShojaee/Mabohas_Mozui/059/059_59- خصوصيات امام زمان و نقاط ضعف شيعيان پس ظهور ايشان 1.srt cues=544
[start] 061 Thu Sep 17 12:52:32 2026
[start] 061 Thu Sep 17 12:52:32 2026
[ok] 060 Thu Sep 17 12:52:36 2026
[ok] 060 Thu Sep 17 12:52:36 2026
[srt] /Users/mohammadreza/IslamASR/Audios/AyatollahShojaee/Mabohas_Mozui/060/060_60- خصوصيات امام زمان و نقاط ضعف شيعيان پس ظهور ايشان 2.srt cues=435
[start] 062 Thu Sep 17 12:52:36 2026
[start] 062 Thu Sep 17 12:52:36 2026
[ok] 061 Thu Sep 17 12:54:01 2026
[ok] 061 Thu Sep 17 12:54:01 2026
[srt] /Users/mohammadreza/IslamASR/Audios/AyatollahShojaee/Mabohas_Mozui/061/061_61- درباره علل بي ذوقي ما در عبادت.srt cues=591
[start] 063 Thu Sep 17 12:54:01 2026
[start] 063 Thu Sep 17 12:54:01 2026
[ok] 062 Thu Sep 17 12:54:14 2026
[ok] 062 Thu Sep 17 12:54:14 2026
[srt] /Users/mohammadreza/IslamASR/Audios/AyatollahShojaee/Mabohas_Mozui/062/062_62- درباره عبادت پروردگار متعال.srt cues=571
[start] 064 Thu Sep 17 12:54:14 2026
[start] 064 Thu Sep 17 12:54:14 2026
[ok] 063 Thu Sep 17 12:54:53 2026
[ok] 063 Thu Sep 17 12:54:53 2026
[srt] /Users/mohammadreza/IslamASR/Audios/AyatollahShojaee/Mabohas_Mozui/063/063_63- داشتن ديد توحيدي در تمامي امور.srt cues=377
[ok] 064 Thu Sep 17 12:55:04 2026
[ok] 064 Thu Sep 17 12:55:04 2026
[srt] /Users/mohammadreza/IslamASR/Audios/AyatollahShojaee/Mabohas_Mozui/064/064_64- ادامه داشتن ديد توحيدي.srt cues=354
[Thu Sep 17 12:55:19 2026] missing=1 round=1
[Thu Sep 17 12:55:19 2026] missing=1 round=1
[start] 028 Thu Sep 17 12:55:19 2026
[start] 028 Thu Sep 17 12:55:19 2026
[ok] 028 Thu Sep 17 12:56:56 2026
[ok] 028 Thu Sep 17 12:56:56 2026
[srt] /Users/mohammadreza/IslamASR/Audios/AyatollahShojaee/Mabohas_Mozui/028/028_28- نکاتی در مورد چگونگی حضور مرگ در موقف مرگ.srt cues=649
[Thu Sep 17 12:57:11 2026] missing=0 round=2
[Thu Sep 17 12:57:11 2026] missing=0 round=2
ASR_ALL_DONE Thu Sep 17 12:57:11 2026
ASR_ALL_DONE Thu Sep 17 12:57:11 2026
PIPELINE_DONE Thu Sep 17 12:57:11 2026
PIPELINE_DONE Thu Sep 17 12:57:11 2026
