Provider: ElevenLabs Scribe (scribe_v2)
Progress file (updated after each chunk): Audios/AyatollahShojaee/Tazkiyeh/090/090_مراتب يقين2 _ بحث تزکیه.partial.txt
  preparing audio (090_مراتب يقين2 _ بحث تزکیه.mp3)...
  34:28 → 1 request(s)
  progress file: Audios/AyatollahShojaee/Tazkiyeh/090/090_مراتب يقين2 _ بحث تزکیه.partial.txt
  [1/1] 0:00–34:28 (12119 KB)...
      → 21635 chars: اعوذ بالله السميع العليم من الشيطان الرجيم. بسم الله الرحمن الرحيم. در جلسه گذشته به این معنا اشاره کردیم که علاوه بر تحصیل علم و اطلاع از طرق معمولی، وقتی سالک به حرکت و سلوک شروع…

============================================================
TRANSCRIPTION (preview)
============================================================
اعوذ بالله السميع العليم من الشيطان الرجيم. بسم الله الرحمن الرحيم. در جلسه گذشته به این معنا اشاره کردیم که علاوه بر تحصیل علم و اطلاع از طرق معمولی، وقتی سالک به حرکت و سلوک شروع کرد، سیر را شروع کرد از علم بالاتر یا از علوم بالاتر در، در ابعاد مختلف هم برخوردار می‌شود. و این قسمت از علم، علمیست که از طریق عمل پیش می‌آید و دیگه از طریق معمول یا از طرق معمول که عبارت است از مطالعه، فکر، یاد گرفتن و درس خواندن و ساله‌ها این قسمت از علم به دست نمیاد. در این زمینه هم بحثی کردیم در جلسه گذشته و بعد از توضیح مسئله در آخر اینطور نتیجه گرفتیم که اون قسمت از علوم که از طریق عمل به دست می‌آید، نه اون علومی که از طریق معمول مطالعه و بررسی و به اصطلاح درس خواندن و از استاد یاد گرفتن، نه اون قسمت از علوم، اون علومی که در ابعاد مختلف که در رابطه با اسرار سلوک و اسرار راه یعنی طریق الی الله و ش-- در مسائل دیگر، این قسمت از علوم که از طریق عمل پیش می‌آید، اینها غیر از اون علمیست که از طریق معمول به دست می‌آید و با سلوک، حرکت عودی تحصیل می‌شود. در اینجا گفتیم این علم یا این علوم که با عمل پیش می‌آید، این همون چیزیست که در اصطلاح قرآن و در اصطلاح روایات به نام یقین یا مراتب یقین نامیده می‌شود. در مرحله اول انسان از طریق معمول کسب علم می‌کند. در ابعاد مختلف، مخصوصاً در رابطه با سلوک. اون وقت وقتی شروع به حرکت کرد و سلوک را شروع کرد، بر اساس تصفیه باطن و تجرید باطن، تزکیه و تزریق و صفای باطن با توضیحی که دادیم از علوم بالاتر با تعلیم الهی برخوردار می‌شود. این علوم بالاتر که طبعا مراتب دارد ناظر بر همان مراتب یقین است یا عبارت است از همان مراتب یقین که معمولا شنیده‌ایم. در جلسه گذشته مسئله که به اینجا رسید، من عرض کردم که اگر صلاح باشد و اگر خدا خواست در جلسه آینده در خصوص این مسئله یعنی یقین و مراتب یقین توضیح بیشتری عرض می‌کنم. و حالا در این جلسه این توضیح را انشاالله عرض می‌کنم. نظرتون هست در جلسه گذشته با گفتن چند مثال این حقیقت را توضیح دادیم اولا. مثلا ما عقیده داریم که خدا در همه جا حاضر است و خدا از همه چیز ظاهرتر است. هو الاول والآخر والظاهر والباطن. این عقیده است. علم به این مسئله داریم. هرچی تحقیقات معمولی در این باب بکنیم، هرچی مطالعه می‌کنیم، هرچی بررسی بکنیم و این مسئله 
… (truncated; see saved file for full transcript)

============================================================
SUMMARY
============================================================
Input file      : 090_مراتب يقين2 _ بحث تزکیه.mp3
Provider        : ElevenLabs Scribe (scribe_v2)
Audio duration  : 34:28 (2068.27 s)
Requests        : 1
Billed duration : 2069 s (rounded up to nearest second)
Rate            : $0.22 / audio hour
Estimated cost  : $0.126394 USD
Transcript saved: Audios/AyatollahShojaee/Tazkiyeh/090/090_مراتب يقين2 _ بحث تزکیه.txt
============================================================
