Provider: ElevenLabs Scribe (scribe_v2)
Progress file (updated after each chunk): /Users/mohammadreza/IslamASR/Audios/AyatollahShojaee/Mabahese_Tohidi/014/014_مباحث-توحیدی-14.partial.txt
  preparing audio (014_مباحث-توحیدی-14.mp3)...
  25:04 → 1 request(s)
  progress file: /Users/mohammadreza/IslamASR/Audios/AyatollahShojaee/Mabahese_Tohidi/014/014_مباحث-توحیدی-14.partial.txt
  [1/1] 0:00–25:04 (8816 KB)...
      → 13095 chars: بسم الله الرحمن الرحیم. قل هو الله أحد. به نام خداوند بخشایشگر مهربان. بگو خدا یکی است. [موسیقی] توحیدنامه. با بیانات حضرت آیت الله محمد شجاعی. [موسیقی] مقصود از بحث توحید، بحث از …

============================================================
TRANSCRIPTION (preview)
============================================================
بسم الله الرحمن الرحیم. قل هو الله أحد. به نام خداوند بخشایشگر مهربان. بگو خدا یکی است. [موسیقی] توحیدنامه. با بیانات حضرت آیت الله محمد شجاعی. [موسیقی] مقصود از بحث توحید، بحث از معرفت خدای متعال، صفات خدای متعال و افعال خدای متعال، پیش بیان دیگر به اصطلاح معرفت وحدانیت ذات مقدس حق و اینکه جز ذات او ذاتی نیست و جز صفات او صفاتی نیست و جز افعال او افعالی نیست. [موسیقی] بسم الله الرحمن الرحیم. ستایش خدایی را که اول است بی‌آنکه پیش از او اولی باشد و آخر است بی‌آنکه پس از او آخری باشد. او که دیده‌ بینندگان از دیدنش بروماند و اندیشه وصف کنندگان ستودنش نتواند. آفریدگان را به قدرت خود آفریده و به خاص خویش بر آنان جامع اصلی پوشانده. دوستان قرآنی سلام. ویژه برنامه توحیدنامه را از شبکه رادیویی قرآن می‌شنوید و بهره‌مند می‌شوید از بیانات ارزشمند عالم فرزانه حضرت آیت الله شجاعی. با ما همراه باشید. [موسیقی] یا حنان یا منان یا ذی جان یا ابهائ. یا اعظم من کل عظيم. يا أكرم من كل كريم. يا أرحم من كل رحيم. يا أعظم من كل عظيم. يا أكرم من كل كريم. يا أرحم من كل رحيم. يا حنان يا منان. دوستان همراه، حضرت آیت الله شجاعی در برنامه گذشته فرمودند: امام صادق علیه السلام می‌فرماید صورت بالا و نمونه آنچه خداوند در عالم شهود خلق کرده است در عرش که از عوالم خلقت است می‌بینیم. هرچه خداوند در دریا و خشکی خلق کرده است امثالش در عرش موجود است و این است تأوید آنچه خدا می‌فرماید هرچه در اینجا دارید خزائنش نزد ماست. بنابراین صورت بالا همه هوایق و خوبی‌ها و کمالات در عرش خداوند است که خود عرش از مخلوقات است و تابشی است از صفات کمال خداوند در مرتبه بالاتتر. هرچه کمالات در وجود است همه صفات کمالی تابش‌هایی هستند که مالک آنها خداوند است. چنانکه در دعای شریف جوشن کبیر می‌خوانیم: ای خدایی که هرچه عزت است از آنست. هرچه جمال و زیباییست از آن اوست. هرچه قدرت است از آن اوست. هرچه کمال است تابش کمال اوست. این عزت جزئی که در انسان است برای خداست. این جمال بسیار ناظر و محدود در او از جمال مطلق و بی‌نهایت خداست. تابش بسیار ناظر و محدودیست از جمال بی‌نهایت خداوند. خب دوستان اکنون توجه شما را جلب می‌کنیم به ادامه بیانات ارزشمند حضرت آیت الله شجاعی درباره سیر عبودی یا توحیدی. با ما همراه باشید. در این جلسه مطلبی را که ه
… (truncated; see saved file for full transcript)

============================================================
SUMMARY
============================================================
Input file      : 014_مباحث-توحیدی-14.mp3
Provider        : ElevenLabs Scribe (scribe_v2)
Audio duration  : 25:04 (1504.48 s)
Requests        : 1
Billed duration : 1505 s (rounded up to nearest second)
Rate            : $0.22 / audio hour
Estimated cost  : $0.091940 USD
Transcript saved: /Users/mohammadreza/IslamASR/Audios/AyatollahShojaee/Mabahese_Tohidi/014/014_مباحث-توحیدی-14.txt
============================================================
