Provider: ElevenLabs Scribe (scribe_v2)
Progress file (updated after each chunk): Audios/AyatollahShojaee/Tazkiyeh/125/125_مراحل ديگري از کشف ابصاري _ بحث تزکیه.partial.txt
  preparing audio (125_مراحل ديگري از کشف ابصاري _ بحث تزکیه.mp3)...
  19:33 → 1 request(s)
  progress file: Audios/AyatollahShojaee/Tazkiyeh/125/125_مراحل ديگري از کشف ابصاري _ بحث تزکیه.partial.txt
  [1/1] 0:00–19:33 (6875 KB)...
      → 12527 chars: اعوذ بالله السميع العليم من الشيطان الرجيم. بسم الله الرحمن الرحيم. منظورم که البته مسائل که در جلسه گذشته و در جلسات قبل گفته بودم در ارتباط با مرحله کشف اون‌ها را لابد در نظر دار…

============================================================
TRANSCRIPTION (preview)
============================================================
اعوذ بالله السميع العليم من الشيطان الرجيم. بسم الله الرحمن الرحيم. منظورم که البته مسائل که در جلسه گذشته و در جلسات قبل گفته بودم در ارتباط با مرحله کشف اون‌ها را لابد در نظر دارید که در روشن شدن مقصد امروز ما کاملاً لزوم دارد و مؤثر است. کشف سرّی که اصل معنیش این بود که برای سالک آنچه که برای عامه مردم دیده نمی‌شود، دیده بشود. بعضی از مخفيات یعنی ابعادی که دیدنی‌ست ولی نمی‌بینند عامه مردم، سالک ببیند. این دیدن، دیدن پشت پرده، دیدن دیدنی‌های پشت پرده، حکم کشف سرّی‌ست و اما این مراتب دارد. مراتبش را تا حدودی من در این جلسه صحبت می‌کنم که تقریباً با چه ترتیب شروع می‌کند و به چه صورت پیش می‌رود. یه تصویری عرض می‌کنم. تصویر کلی‌ست، یک بیان کلی‌ست. البته حقیقت است اما این که عرض می‌کنم کلی‌ست منظورم این است که جزئیات و ابعاد مختلف قضیه و همچنین خصوصیات که در برای هر کدام از سالکین هست، این‌ها یک مسائل جداگانه‌ست و نمی‌شود در صحبت و گفت‌وگو اون‌ها را تمام کرد یا نمی‌شود اصلاً به گفتار بیاد. سلام ورحمت الله. در خیلی جاها الفاظ ناقص است و خود مسئله اصلاً مفصل است. اما این تصویری که عرض می‌کنم یعنی این بیان کلی که عرض می‌کنم به جای خود حقیقت است. برای بعضی‌ها به این ترتیب که الان توضیح خواهم داد به صورت کلی باز عرض می‌کنم کشف سرّی پیش می‌آید. منظور روشن شدن مراتب کشف سرّی‌ست. در مراحل اولیه‌ اولیه یعنی اونجا که انوار در قلب سالک تجلی کرده کمتر منتها خیلی کم و این انوار در عدد بسیار محدودی که در قلب سالک متجلی شده در بصر سالک هم به ظهور رسیده باشد و از بصر بالاتر برخوردار باشد که طبعا کشف شروع می‌شود. در مراحل ابتدایی اولیه‌ کاملاً سالکین بعضی از قطعات نوری را می‌بینند، انوار می‌بینند. این انوار را همین طور هفته گذشته مسئله چشم ماده و مسئله بصر بالاتر و همچنین حواس بالاتر را توضیح دادم که این‌ها چگونه وحدت پیدا می‌کند در مراتب پایین‌تر با همین حواس یا غالب بر این حواس می‌شود. این‌ها را توضیح دادم و طبعا اون‌ها را هم به نظر بیارید. سالکی که در مراحل اولیه انوار می‌بیند، نورها می‌بیند یعنی در همین عالم به ظاهر این در دید خودش اینجوری‌ست. در حالت بیداری انواری می‌بیند در شکل‌های مختلف. گاهی در قطعه مثلاً دایره‌ای می‌بیند، گاهی به صورت نقطه‌های روشن می‌بیند یعنی مانند ستاره‌ها.
… (truncated; see saved file for full transcript)

============================================================
SUMMARY
============================================================
Input file      : 125_مراحل ديگري از کشف ابصاري _ بحث تزکیه.mp3
Provider        : ElevenLabs Scribe (scribe_v2)
Audio duration  : 19:33 (1173.24 s)
Requests        : 1
Billed duration : 1174 s (rounded up to nearest second)
Rate            : $0.22 / audio hour
Estimated cost  : $0.071698 USD
Transcript saved: Audios/AyatollahShojaee/Tazkiyeh/125/125_مراحل ديگري از کشف ابصاري _ بحث تزکیه.txt
============================================================
