Provider: ElevenLabs Scribe (scribe_v2)
Progress file (updated after each chunk): Audios/AyatollahShojaee/Tazkiyeh/108/108_ادامه خطورات شيطان3 _ بحث تزکیه.partial.txt
  preparing audio (108_ادامه خطورات شيطان3 _ بحث تزکیه.mp3)...
  29:19 → 1 request(s)
  progress file: Audios/AyatollahShojaee/Tazkiyeh/108/108_ادامه خطورات شيطان3 _ بحث تزکیه.partial.txt
  [1/1] 0:00–29:19 (10307 KB)...
      → 18572 chars: بسم الله الرحمن الرحیم. نظرتون هست که بحثی داشته باشیم در خصوص مدت‌هامون در خصوص مبلغان. چیزهایی که مبلغ در طریق است. ما حالا صحبت می‌کردیم. قسمت‌هایی از خواطر را گفتیم که به عنوان…

============================================================
TRANSCRIPTION (preview)
============================================================
بسم الله الرحمن الرحیم. نظرتون هست که بحثی داشته باشیم در خصوص مدت‌هامون در خصوص مبلغان. چیزهایی که مبلغ در طریق است. ما حالا صحبت می‌کردیم. قسمت‌هایی از خواطر را گفتیم که به عنوان مبلغ و صورت دیگری از خواطر که باز از مبلغان است در مقام سلوک و نظرتون هست، عرض کردم که این گرفتاری‌ش برای همه بیشتر از همه خواطر دیگر است به یک لحاظ و به یک اعتبار. خواتری است که غیر از اون‌هاست که ذکر کردیم قبلاً در دو سه جلسه گذشته و خواتری است که شیطانی است و وسوسه نفسانی است، خواطر شیطانی است و انسان را و قلب انسان را مشغول می‌کند. مخصوصاً در مقام سلوک وقتی انسان به مرحله سلوک قدم گذاشته و به ذکر و اذات و بنا شد که همیشه یاد خدا باشد و قلب از او غفلت نکند. در این مرحله که در اول سلوک شروع می‌شود و خیلی هم سخت است و سختی‌ش به همین قسم از خواطر که امروز می‌خواهم عرض کنم مربوط می‌شود. این قسم از خواطر عبارت است از اون چیزها که مرتب قلب انسان را مشغول می‌کند. مرتب و گو اینکه قلب انسان در اختیار خود انسان نیست و بی‌اختيار این خواطر به قلب می‌آید. شبیه غیر اختیاره. هرچه انسان سعی می‌کند که قلبش متوجه حضرت حق باشد و ادامه بدهد به یاد حق و قلبش را مانع باشد از اینکه پراکنده بشود به این سو و آن سو. هرچه این تصمیم را انسان می‌گیرد و سعی را می‌کند مکرر، همین که تصمیم را گرفت شروع به ذکر کرد، یک دفعه می‌بیند که لغزید. لغزید یعنی پوشاندن خواطر قلب را و واضح‌ترین دلیل این نوع از خواطر که چگونه برای انسان مبلغ است و در مقام سلوک چگونه شدیداً مانع سالک است، حالت ما در نماز است که تکرار-- این مکرر قبلاً هم گفتم ولی اینجا برای اینکه روشن بشود این خواطر این شکلی که قلب را می‌گیرد و مشغول می‌کند به عمل مربوط نیست فقط قلب می‌رود به این سو و آن سو. برای اینکه اهمیت این موضوع معلوم باشد شما هرکدامتون یعنی ما همه تک تک در اون وضع خودمون را در نماز و در حال نماز دقت بکنید با تصمیم‌هایی که می‌گیریم، با سعی‌هایی که می‌کنیم، با تضرع‌ها، دعاهایی که می‌خوانیم، با ض Cای که می‌کنیم، ناراحتی‌هایی که می‌کشیم از اینکه ما فرق نمی‌شویم، با این همه موفق نمی‌شویم. در مدت نماز که چندان مدت طولانی نیست از این خواطر در امان باشیم. این خواطر، خواطر شیطانی است و وسوسه نفسانی است. به عمل هم مربوط نیست غیر از اون‌ها که قبلاً شمرد
… (truncated; see saved file for full transcript)

============================================================
SUMMARY
============================================================
Input file      : 108_ادامه خطورات شيطان3 _ بحث تزکیه.mp3
Provider        : ElevenLabs Scribe (scribe_v2)
Audio duration  : 29:19 (1759.03 s)
Requests        : 1
Billed duration : 1760 s (rounded up to nearest second)
Rate            : $0.22 / audio hour
Estimated cost  : $0.107496 USD
Transcript saved: Audios/AyatollahShojaee/Tazkiyeh/108/108_ادامه خطورات شيطان3 _ بحث تزکیه.txt
============================================================
