Provider: ElevenLabs Scribe (scribe_v2)
Progress file (updated after each chunk): /Users/mohammadreza/IslamASR/Audios/AyatollahShojaee/Asma_hosna/012/012_اسماء حُسنی 12.partial.txt
  preparing audio (012_اسماء حُسنی 12.mp3)...
  21:59 → 1 request(s)
  progress file: /Users/mohammadreza/IslamASR/Audios/AyatollahShojaee/Asma_hosna/012/012_اسماء حُسنی 12.partial.txt
  [1/1] 0:00–21:59 (7728 KB)...
      → 12955 chars: الله. و ما الله بالظالمين. و الله الخالق الصادق البارئ المصور له الأسماء الحسنى. أسماء الحسنى. الكريم الرحيم المجيب الواسع الحكيم الرؤوف المجيب الباعث الشهيد. مباحث عرفانی آیت الله…

============================================================
TRANSCRIPTION (preview)
============================================================
الله. و ما الله بالظالمين. و الله الخالق الصادق البارئ المصور له الأسماء الحسنى. أسماء الحسنى. الكريم الرحيم المجيب الواسع الحكيم الرؤوف المجيب الباعث الشهيد. مباحث عرفانی آیت الله محمد شجاعی در باب اسماء الهی. جلال اسماء الحسنی. هر اسمی که بیچاره از کمال میکنه اسم خداست. الواجد الماجد الواحد الصمد القادر المقتدر المقدم المؤخر الأول الآخر. أسماء الحسنى. المغيث الجامع الغنی المنی المانع القاظم النافع النور الهادی البدیع الباخي. الوارث الرشيد الصبور اللطيف. ليس كمثله شيء وهو السميع البصير. بسم الله الرحمن الرحيم. به نام حضرت باصف جل و علا که له الأسماء الحسنی. شنوندگان فرهیخته رادیو قرآن سلام و درود بر شما. چنانکه مستحضرید در این برنامه یعنی اسماء الحسنی مباحث عرفانی حکیم وارسته آیت الله محمد شجاعی تقدیم شما می‌شود در باب اسماء و صفات الهی. در برنامه امروز دوازدهمین بحث را خواهید شنید. فرض بفرمید که این معنی‌ش چیه؟ معنی یک دقت بفرمایید بعداً ین که сейчас مثلا روشن بشه. جلال نقش‌ش این است وجه الخالق خلاصه‌اش. به چه معنا؟ به این معنا وقتی که بر اساس واحد کلی که می‌گیم هر موجودی را در خدمت ما پیدا بود از همون لحظه به وجود میاد جلوه‌ای است از یک یا چند اسم از اسماء خدا. خدا با وصف ربوبی البته. خدا با وصف ربوبی. هر به وجودی از اونجا که به وجود میاد جلوه گاه جلوه چیه؟ جلوه اسم یا اسمایی از خداست. هم جلوه اسم اسمایی از خداست و هم جنبه وجه الخلقی که دارد اونجا به وجود پیدا می‌کند. بنابراین هر موجود هم از اول از اول به وجود میاد هم جلوه‌ای است از یک اسم مشخص چند اسم از اسماء خدا و و هم جنبه خلقی دارد. از اول مجلا و مظهر یک اسم مشخص و چند اسم از اسماء خدا بوده و هست. منتها جنبه وجه الخلقی هم دارد که خدا را با اون شدتی که در این موجود جلوه کرده این جنبه وجه الخلقیش چی میکنه؟ میپوشانه. دقت می‌کنید؟ مگر از اول حرف ما این نیست که همه شدת جلوه‌هایی که هستند همین الان هر موجود به وجود میاد جلوه‌ای از اسم از اسماء خداست و چند اسم از اسماء خداست. پس از اول همه این موجودات قبل از اینکه جنبه وجه الله پیدا بکنند بعد سیق قبل سیق قبل از ارتداد همونجا که به وجود میان از اول که به وجود میان بالاخره جلوه‌ای از اسماء خدا هستند یا نه؟ یعنی خدا با فلان شدت و اسمش جلوه‌ش این موجوده. اینجا این اندا
… (truncated; see saved file for full transcript)

============================================================
SUMMARY
============================================================
Input file      : 012_اسماء حُسنی 12.mp3
Provider        : ElevenLabs Scribe (scribe_v2)
Audio duration  : 21:59 (1318.86 s)
Requests        : 1
Billed duration : 1319 s (rounded up to nearest second)
Rate            : $0.22 / audio hour
Estimated cost  : $0.080597 USD
Transcript saved: /Users/mohammadreza/IslamASR/Audios/AyatollahShojaee/Asma_hosna/012/012_اسماء حُسنی 12.txt
============================================================
