Provider: ElevenLabs Scribe (scribe_v2)
Progress file (updated after each chunk): /Users/mohammadreza/IslamASR/Audios/AyatollahShojaee/Mabohas_Mozui/022/022_22- توضيح درمورد اثرات صدق.partial.txt
  preparing audio (022_22- توضيح درمورد اثرات صدق.mp3)...
  26:11 → 1 request(s)
  progress file: /Users/mohammadreza/IslamASR/Audios/AyatollahShojaee/Mabohas_Mozui/022/022_22- توضيح درمورد اثرات صدق.partial.txt
  [1/1] 0:00–26:11 (9203 KB)...
      → 16750 chars: اعوذ بالله السميع العليم من الشيطان الرجيم. بسم الله الرحمن الرحيم. اگر خواستید ایمان‌تون روز به روز حقیقت پیدا بکند، در مسیر توحید پیش بروید، در مسیر عبودیت موفق باشید، بدانید که …

============================================================
TRANSCRIPTION (preview)
============================================================
اعوذ بالله السميع العليم من الشيطان الرجيم. بسم الله الرحمن الرحيم. اگر خواستید ایمان‌تون روز به روز حقیقت پیدا بکند، در مسیر توحید پیش بروید، در مسیر عبودیت موفق باشید، بدانید که باید شما یکی از کارهاتون مرتب این باشد علی الاتصال چون از اون طرف علی الاتصال است. علی الاتصال خدا با صدق آزمایش می‌کند و مرتب، مرتب حساب می‌کند. شما و ما اگر بخواهیم در توحید و عبودیت و عذر بخواهم ایمان اگر بخواهیم واقعاً پیش برویم باید علی الاتصال با معیار صدق خودمون را بسنجیم. ما خودمون باید بسنجیم. متصل باید نه یک بار دو بار. متصل باید ما ببینیم که ایمان ما صادقانه است یا نه؟ توحیدمون صادقانه است یا نه؟ عبودیت و بندگی‌مون صادقانه است یا نه؟ ببینیم این حرف‌ها که ما می‌زنیم صادقانه است یا نه؟ این که ما می‌گوییم که لا اله الا الله این صادقانه است؟ این درست است؟ خودمون حساب بکنیم‌ها. خودمون. توجه داشته باشید هر کسی در مقام صدق خواست خودش را بسنجد به باطنش مراجعه می‌کند. خودش را چه می‌کند؟ همه گفتید؟ بررسی می‌کند. خودش و وضع خودش را، حال خودش را، خصوصیات خودش را بررسی می‌کند. یک چیزی هم در اینجا هست. آن این که هر که خواست به این مقام بیاید و با مرآت صدق خودش را بسنجد و با معیار صدق به باطنش که مراجعه کرد در مقام محاسبه و بررسی در برابر نور صدق قرار می‌گیرد و نور صدق وضع او را برای او چه می‌کند؟ معلوم. این یکی از عنایات خداست و این یکی از اسرار است. حالا دیگه من اینجا دلم می‌خواهد حرف‌ها بزنم اما زبان بسته است و نباید گفت. عنایتی است از خدا. من و شما هر چه بد باشیم به باطن برگشتیم که بدانیم صادقیم یا نه، یک عنایت عجیبی در اینجا از خدا هست. یک آفتاب صدقی در باطن بر باطن می‌تابد. خود را می‌بریم برابر اون آفتاب و در برابر آن آفتاب صدق، آفتاب صدق خوب دقت کنید قرار گرفتیم. در موقع بررسی‌ها. هرچه از خودمان را آوردیم در آن آفتاب اسلام مورد قرار دادیم، خوب برای ما می‌گوید که این، دقت می‌کنید؟ که این چیست؟ شما خواستید صدق خودتان را به این نکته دقت-- گفتم این از اسرار است. البته به روایتش اشاره می‌کنم که بفهمید که از خودمون نیست اما اسراری است که در روایت بهش اشاره شده و اسراری درش هست که نمی‌گوییم و نباید گفت. اینجا اشتباه نیست. شما خواستید بفهمید لا اله الا الله را. اما دردمندانه بخواهید، نه اون‌ها 
… (truncated; see saved file for full transcript)

============================================================
SUMMARY
============================================================
Input file      : 022_22- توضيح درمورد اثرات صدق.mp3
Provider        : ElevenLabs Scribe (scribe_v2)
Audio duration  : 26:11 (1570.54 s)
Requests        : 1
Billed duration : 1571 s (rounded up to nearest second)
Rate            : $0.22 / audio hour
Estimated cost  : $0.095977 USD
Transcript saved: /Users/mohammadreza/IslamASR/Audios/AyatollahShojaee/Mabohas_Mozui/022/022_22- توضيح درمورد اثرات صدق.txt
============================================================
