=== wait download Wed Sep 16 11:34:10 2026 ===
=== wait download Wed Sep 16 11:34:10 2026 ===
download ready
download ready
=== remux Wed Sep 16 11:34:30 2026 ===
=== remux Wed Sep 16 11:34:30 2026 ===
y.m4a (1422.68s)
  004_درخصوص حضرت اباعبدالله (ع) (چراغ هدایت) 4_.mp3  container=1204.12s  decoded=0.00s  → 004_play.m4a (1204.09s)
  005_درخصوص حضرت اباعبدالله (ع) (چراغ هدایت) 5_.mp3  container=1335.72s  decoded=0.00s  → 005_play.m4a (1335.69s)
  006_درخصوص حضرت اباعبدالله (ع) (چراغ هدایت) 6_.mp3  container=1060.26s  decoded=0.00s  → 006_play.m4a (1060.23s)
  007_درخصوص حضرت اباعبدالله (ع) (چراغ هدایت) 7_.mp3  container=1441.89s  decoded=0.00s  → 007_play.m4a (1441.85s)
  008_درخصوص حضرت اباعبدالله (ع) (چراغ هدایت) 8_.mp3  container=1371.33s  decoded=0.00s  → 008_play.m4a (1371.30s)
  009_درخصوص حضرت اباعبدالله (ع) (چراغ هدایت) 9_.mp3  container=1278.65s  decoded=0.00s  → 009_play.m4a (1278.62s)
  010_درخصوص حضرت اباعبدالله (ع) (چراغ هدایت) 10_.mp3  container=1753.84s  decoded=0.00s  → 010_play.m4a (1753.81s)
  011_درخصوص حضرت اباعبدالله (ع) (چراغ هدایت) 11_.mp3  container=1416.23s  decoded=0.00s  → 011_play.m4a (1416.20s)
  012_درخصوص حضرت اباعبدالله (ع) (چراغ هدایت) 12_.mp3  container=1689.68s  decoded=0.00s  → 012_play.m4a (1689.65s)
  013_درخصوص حضرت اباعبدالله (ع) (چراغ هدایت) 13_.mp3  container=1623.96s  decoded=0.00s  → 013_play.m4a (1623.93s)
  014_درخصوص حضرت اباعبدالله (ع) (چراغ هدایت) 14_.mp3  container=1782.89s  decoded=0.00s  → 014_play.m4a (1782.86s)
  015_درخصوص حضرت اباعبدالله (ع) (چراغ هدایت) 15_.mp3  container=1488.15s  decoded=0.00s  → 015_play.m4a (1488.12s)
  016_درخصوص حضرت اباعبدالله (ع) (چراغ هدایت) 16_.mp3  container=1482.32s  decoded=0.00s  → 016_play.m4a (1482.29s)
  017_درخصوص حضرت اباعبدالله (ع) (چراغ هدایت) 17_.mp3  container=1653.69s  decoded=0.00s  → 017_play.m4a (1653.66s)
  018_درخصوص حضرت اباعبدالله (ع) (چراغ هدایت) 18_.mp3  container=1521.95s  decoded=0.00s  → 018_play.m4a (1521.92s)
  019_درخصوص حضرت اباعبدالله (ع) (چراغ هدایت) 19_.mp3  container=1264.10s  decoded=0.00s  → 019_play.m4a (1264.07s)
  020_درخصوص حضرت اباعبدالله (ع) (چراغ هدایت) 20_.mp3  container=1761.86s  decoded=0.00s  → 020_play.m4a (1761.83s)
done: 20 file(s)

y.m4a (1422.68s)
  004_درخصوص حضرت اباعبدالله (ع) (چراغ هدایت) 4_.mp3  container=1204.12s  decoded=0.00s  → 004_play.m4a (1204.09s)
  005_درخصوص حضرت اباعبدالله (ع) (چراغ هدایت) 5_.mp3  container=1335.72s  decoded=0.00s  → 005_play.m4a (1335.69s)
  006_درخصوص حضرت اباعبدالله (ع) (چراغ هدایت) 6_.mp3  container=1060.26s  decoded=0.00s  → 006_play.m4a (1060.23s)
  007_درخصوص حضرت اباعبدالله (ع) (چراغ هدایت) 7_.mp3  container=1441.89s  decoded=0.00s  → 007_play.m4a (1441.85s)
  008_درخصوص حضرت اباعبدالله (ع) (چراغ هدایت) 8_.mp3  container=1371.33s  decoded=0.00s  → 008_play.m4a (1371.30s)
  009_درخصوص حضرت اباعبدالله (ع) (چراغ هدایت) 9_.mp3  container=1278.65s  decoded=0.00s  → 009_play.m4a (1278.62s)
  010_درخصوص حضرت اباعبدالله (ع) (چراغ هدایت) 10_.mp3  container=1753.84s  decoded=0.00s  → 010_play.m4a (1753.81s)
  011_درخصوص حضرت اباعبدالله (ع) (چراغ هدایت) 11_.mp3  container=1416.23s  decoded=0.00s  → 011_play.m4a (1416.20s)
  012_درخصوص حضرت اباعبدالله (ع) (چراغ هدایت) 12_.mp3  container=1689.68s  decoded=0.00s  → 012_play.m4a (1689.65s)
  013_درخصوص حضرت اباعبدالله (ع) (چراغ هدایت) 13_.mp3  container=1623.96s  decoded=0.00s  → 013_play.m4a (1623.93s)
  014_درخصوص حضرت اباعبدالله (ع) (چراغ هدایت) 14_.mp3  container=1782.89s  decoded=0.00s  → 014_play.m4a (1782.86s)
  015_درخصوص حضرت اباعبدالله (ع) (چراغ هدایت) 15_.mp3  container=1488.15s  decoded=0.00s  → 015_play.m4a (1488.12s)
  016_درخصوص حضرت اباعبدالله (ع) (چراغ هدایت) 16_.mp3  container=1482.32s  decoded=0.00s  → 016_play.m4a (1482.29s)
  017_درخصوص حضرت اباعبدالله (ع) (چراغ هدایت) 17_.mp3  container=1653.69s  decoded=0.00s  → 017_play.m4a (1653.66s)
  018_درخصوص حضرت اباعبدالله (ع) (چراغ هدایت) 18_.mp3  container=1521.95s  decoded=0.00s  → 018_play.m4a (1521.92s)
  019_درخصوص حضرت اباعبدالله (ع) (چراغ هدایت) 19_.mp3  container=1264.10s  decoded=0.00s  → 019_play.m4a (1264.07s)
  020_درخصوص حضرت اباعبدالله (ع) (چراغ هدایت) 20_.mp3  container=1761.86s  decoded=0.00s  → 020_play.m4a (1761.83s)
done: 20 file(s)

remux exit=0
remux exit=0
=== ASR start Wed Sep 16 11:41:42 2026 N=20 jobs=2 ===
=== ASR start Wed Sep 16 11:41:42 2026 N=20 jobs=2 ===
[Wed Sep 16 11:41:42 2026] missing=20 round=0
[Wed Sep 16 11:41:42 2026] missing=20 round=0
[start] 001 Wed Sep 16 11:41:42 2026
[start] 002 Wed Sep 16 11:41:42 2026
[start] 001 Wed Sep 16 11:41:42 2026[start] 002 Wed Sep 16 11:41:42 2026

[ok] 002 Wed Sep 16 11:42:20 2026
[ok] 002 Wed Sep 16 11:42:20 2026
[srt] /Users/mohammadreza/IslamASR/Audios/AyatollahShojaee/CheraghHedayat/002/002_درخصوص حضرت اباعبدالله (ع) (چراغ هدایت) 2_.srt cues=314
[start] 003 Wed Sep 16 11:42:20 2026
[start] 003 Wed Sep 16 11:42:20 2026
[ok] 001 Wed Sep 16 11:42:32 2026
[ok] 001 Wed Sep 16 11:42:32 2026
[srt] /Users/mohammadreza/IslamASR/Audios/AyatollahShojaee/CheraghHedayat/001/001_درخصوص حضرت اباعبدالله (ع) (چراغ هدایت) 1_.srt cues=421
[start] 004 Wed Sep 16 11:42:33 2026
[start] 004 Wed Sep 16 11:42:33 2026
[ok] 003 Wed Sep 16 11:43:16 2026
[ok] 003 Wed Sep 16 11:43:16 2026
[srt] /Users/mohammadreza/IslamASR/Audios/AyatollahShojaee/CheraghHedayat/003/003_درخصوص حضرت اباعبدالله (ع) (چراغ هدایت) 3_.srt cues=417
[start] 005 Wed Sep 16 11:43:16 2026
[start] 005 Wed Sep 16 11:43:16 2026
[ok] 004 Wed Sep 16 11:43:23 2026
[ok] 004 Wed Sep 16 11:43:23 2026
[srt] /Users/mohammadreza/IslamASR/Audios/AyatollahShojaee/CheraghHedayat/004/004_درخصوص حضرت اباعبدالله (ع) (چراغ هدایت) 4_.srt cues=335
[start] 006 Wed Sep 16 11:43:23 2026
[start] 006 Wed Sep 16 11:43:23 2026
[ok] 006 Wed Sep 16 11:43:59 2026
[ok] 006 Wed Sep 16 11:43:59 2026
[srt] /Users/mohammadreza/IslamASR/Audios/AyatollahShojaee/CheraghHedayat/006/006_درخصوص حضرت اباعبدالله (ع) (چراغ هدایت) 6_.srt cues=309
[start] 007 Wed Sep 16 11:43:59 2026
[start] 007 Wed Sep 16 11:43:59 2026
[ok] 005 Wed Sep 16 11:44:06 2026
[ok] 005 Wed Sep 16 11:44:06 2026
[srt] /Users/mohammadreza/IslamASR/Audios/AyatollahShojaee/CheraghHedayat/005/005_درخصوص حضرت اباعبدالله (ع) (چراغ هدایت) 5_.srt cues=394
[start] 008 Wed Sep 16 11:44:06 2026
[start] 008 Wed Sep 16 11:44:06 2026
[ok] 007 Wed Sep 16 11:44:38 2026
[ok] 007 Wed Sep 16 11:44:38 2026
[srt] /Users/mohammadreza/IslamASR/Audios/AyatollahShojaee/CheraghHedayat/007/007_درخصوص حضرت اباعبدالله (ع) (چراغ هدایت) 7_.srt cues=399
[start] 009 Wed Sep 16 11:44:38 2026
[start] 009 Wed Sep 16 11:44:38 2026
[ok] 008 Wed Sep 16 11:44:55 2026
[ok] 008 Wed Sep 16 11:44:55 2026
[srt] /Users/mohammadreza/IslamASR/Audios/AyatollahShojaee/CheraghHedayat/008/008_درخصوص حضرت اباعبدالله (ع) (چراغ هدایت) 8_.srt cues=395
[start] 010 Wed Sep 16 11:44:55 2026
[start] 010 Wed Sep 16 11:44:55 2026
[ok] 009 Wed Sep 16 11:45:17 2026
[ok] 009 Wed Sep 16 11:45:17 2026
[srt] /Users/mohammadreza/IslamASR/Audios/AyatollahShojaee/CheraghHedayat/009/009_درخصوص حضرت اباعبدالله (ع) (چراغ هدایت) 9_.srt cues=351
[start] 011 Wed Sep 16 11:45:17 2026
[start] 011 Wed Sep 16 11:45:17 2026
[ok] 010 Wed Sep 16 11:46:01 2026
[ok] 010 Wed Sep 16 11:46:01 2026
[srt] /Users/mohammadreza/IslamASR/Audios/AyatollahShojaee/CheraghHedayat/010/010_درخصوص حضرت اباعبدالله (ع) (چراغ هدایت) 10_.srt cues=489
[start] 012 Wed Sep 16 11:46:01 2026
[start] 012 Wed Sep 16 11:46:01 2026
[ok] 011 Wed Sep 16 11:46:12 2026
[ok] 011 Wed Sep 16 11:46:12 2026
[srt] /Users/mohammadreza/IslamASR/Audios/AyatollahShojaee/CheraghHedayat/011/011_درخصوص حضرت اباعبدالله (ع) (چراغ هدایت) 11_.srt cues=405
[start] 013 Wed Sep 16 11:46:13 2026
[start] 013 Wed Sep 16 11:46:13 2026
[ok] 012 Wed Sep 16 11:47:02 2026
[ok] 012 Wed Sep 16 11:47:02 2026
[srt] /Users/mohammadreza/IslamASR/Audios/AyatollahShojaee/CheraghHedayat/012/012_درخصوص حضرت اباعبدالله (ع) (چراغ هدایت) 12_.srt cues=504
[start] 014 Wed Sep 16 11:47:02 2026
[start] 014 Wed Sep 16 11:47:02 2026
[ok] 013 Wed Sep 16 11:47:04 2026
[ok] 013 Wed Sep 16 11:47:04 2026
[srt] /Users/mohammadreza/IslamASR/Audios/AyatollahShojaee/CheraghHedayat/013/013_درخصوص حضرت اباعبدالله (ع) (چراغ هدایت) 13_.srt cues=467
[start] 015 Wed Sep 16 11:47:04 2026
[start] 015 Wed Sep 16 11:47:04 2026
[ok] 015 Wed Sep 16 11:47:55 2026
[ok] 015 Wed Sep 16 11:47:55 2026
[srt] /Users/mohammadreza/IslamASR/Audios/AyatollahShojaee/CheraghHedayat/015/015_درخصوص حضرت اباعبدالله (ع) (چراغ هدایت) 15_.srt cues=396
[start] 016 Wed Sep 16 11:47:55 2026
[start] 016 Wed Sep 16 11:47:55 2026
[ok] 014 Wed Sep 16 11:47:55 2026
[ok] 014 Wed Sep 16 11:47:55 2026
[srt] /Users/mohammadreza/IslamASR/Audios/AyatollahShojaee/CheraghHedayat/014/014_درخصوص حضرت اباعبدالله (ع) (چراغ هدایت) 14_.srt cues=493
[start] 017 Wed Sep 16 11:47:55 2026
[start] 017 Wed Sep 16 11:47:55 2026
[ok] 016 Wed Sep 16 11:48:50 2026
[ok] 016 Wed Sep 16 11:48:50 2026
[srt] /Users/mohammadreza/IslamASR/Audios/AyatollahShojaee/CheraghHedayat/016/016_درخصوص حضرت اباعبدالله (ع) (چراغ هدایت) 16_.srt cues=431
[start] 018 Wed Sep 16 11:48:50 2026
[start] 018 Wed Sep 16 11:48:50 2026
[ok] 017 Wed Sep 16 11:49:01 2026
[ok] 017 Wed Sep 16 11:49:01 2026
[srt] /Users/mohammadreza/IslamASR/Audios/AyatollahShojaee/CheraghHedayat/017/017_درخصوص حضرت اباعبدالله (ع) (چراغ هدایت) 17_.srt cues=479
[start] 019 Wed Sep 16 11:49:01 2026
[start] 019 Wed Sep 16 11:49:01 2026
[ok] 019 Wed Sep 16 11:49:37 2026
[ok] 019 Wed Sep 16 11:49:37 2026
[srt] /Users/mohammadreza/IslamASR/Audios/AyatollahShojaee/CheraghHedayat/019/019_درخصوص حضرت اباعبدالله (ع) (چراغ هدایت) 19_.srt cues=346
[start] 020 Wed Sep 16 11:49:37 2026
[start] 020 Wed Sep 16 11:49:37 2026
[ok] 018 Wed Sep 16 11:49:46 2026
[ok] 018 Wed Sep 16 11:49:46 2026
[srt] /Users/mohammadreza/IslamASR/Audios/AyatollahShojaee/CheraghHedayat/018/018_درخصوص حضرت اباعبدالله (ع) (چراغ هدایت) 18_.srt cues=431
[ok] 020 Wed Sep 16 11:50:41 2026
[ok] 020 Wed Sep 16 11:50:41 2026
[srt] /Users/mohammadreza/IslamASR/Audios/AyatollahShojaee/CheraghHedayat/020/020_درخصوص حضرت اباعبدالله (ع) (چراغ هدایت) 20_.srt cues=512
[Wed Sep 16 11:50:57 2026] missing=0 round=1
[Wed Sep 16 11:50:57 2026] missing=0 round=1
ASR_ALL_DONE Wed Sep 16 11:50:57 2026
ASR_ALL_DONE Wed Sep 16 11:50:57 2026
PIPELINE_DONE Wed Sep 16 11:50:57 2026
PIPELINE_DONE Wed Sep 16 11:50:57 2026
