Provider: ElevenLabs Scribe (scribe_v2)
Progress file (updated after each chunk): /Users/mohammadreza/IslamASR/Audios/AyatollahShojaee/Asma_hosna/006/006_اسماء حُسنی 6.partial.txt
  preparing audio (006_اسماء حُسنی 6.mp3)...
  35:12 → 1 request(s)
  progress file: /Users/mohammadreza/IslamASR/Audios/AyatollahShojaee/Asma_hosna/006/006_اسماء حُسنی 6.partial.txt
  [1/1] 0:00–35:12 (12376 KB)...
      → 21200 chars: [صدای زمزمه] هوالله. هو الله الخالق. هو الله الخالق. الخالق البارئ المصور. له الأسماء الحسنى. أسماء الحسنى. الكريم الرحيم المجيب الواسع الحكيم الذو المجيد الباعث الشهيد. مباحث عرفا…

============================================================
TRANSCRIPTION (preview)
============================================================
[صدای زمزمه] هوالله. هو الله الخالق. هو الله الخالق. الخالق البارئ المصور. له الأسماء الحسنى. أسماء الحسنى. الكريم الرحيم المجيب الواسع الحكيم الذو المجيد الباعث الشهيد. مباحث عرفانی عارف وارسته، آیت الله محمد شجاعی در باب اسماء الهی. لله الأسماء الحسنی. هر اسمی که اشاره به کمال بکنه اسم خداست. الواجد الماجد الواحد الصمد القادر المقتدر المقدم المؤخر الأول الآخر. أسماء الحسنى. المقصب الجامع الغنی المبنی المعطی الطاح النافع النور الهادی البدیع الباقی. الوارث الرشید الصبور الذي. ليس كمثله شيء وهو السميع البصير. بسم الله الرحمن الرحيم. به نام حضرت علیم که له الأسماء الحسنی. دوستان عرفان دوست سلام و درود بر شما. این ششمین برنامه اسماء الحسنی است که میشنوید. چنانکه میدانید در این سلسله برنامه‌ها درس‌های عارف وارسته حضرت آیت الله محمد شجاعی در باب اسماء حسنی الهی تقدیم شما میشود. در برنامه‌های پیشین استاد گرانقدر پس از بیان مقدماتی در باب نسبت اسماء و صفات با ذات غیب الغیوب به اسماء مذکور در آیات کریمه قرآن و روایات و ادعیه شریفه اشارتی کوتاه کردند. سپس به توضیح اولین مرتبه تجلی ذات پرداختند که تعین در نام احد است و در مرتبه بعد تجلی با نام واحد. در مرتبe پایین‌تر تجلی تک تک اسماء و صفات است. در این مرتبه آن ذات واحد در قالب هر اسمی و صفتی جلوه‌ای خاص می‌کند. این جلوات تکثر دارد. این مرتبه از تجلیات را عالم اسماء گویند که عالم جلوه ذات است در آینه اسماء. هر جلوه با هر صفت و اسمی آثار و مخلوقاتی دارد. آنچه موجود است چه مدرک ما باشد یا نباشد، همه آثار و جلوات اسماء خداست. برای فهم بهتر این نکته استاد مثال‌های متعددی نیز بیان فرمودند. در برنامه امروز که ششمین بحث از سلسله بحث‌های اسماء الهی است، استاد وارسته آیت الله محمد شجاعی به توضیح جلوات متکثر ذات در اسماء مختلف می‌پردازد. ذات طوری تجلی می‌کند که بیننده آن را علیم می‌یابد. اما خود این علیم هم جلوه‌هایی دارد و ظهورات مختلفی. سميع، بصیر، حفیظ، حسیب از انشعابات همان اسم علیم است. این اسماء همه تجلیات ذات‌اند. برای مثال چشم و گوش ما ابزار قوه باصره و سامعه ما هستند. این دو قوه دو تجلی و دو تعین از خود ما هستند و البته جدا از ما هم نیستند. دیگر قوه‌های ما نیز چنین‌اند. توضیح این مثال به فرموده استاد اگرچه دقیقاً حقیقت مطلب را
… (truncated; see saved file for full transcript)

============================================================
SUMMARY
============================================================
Input file      : 006_اسماء حُسنی 6.mp3
Provider        : ElevenLabs Scribe (scribe_v2)
Audio duration  : 35:12 (2112.16 s)
Requests        : 1
Billed duration : 2113 s (rounded up to nearest second)
Rate            : $0.22 / audio hour
Estimated cost  : $0.129076 USD
Transcript saved: /Users/mohammadreza/IslamASR/Audios/AyatollahShojaee/Asma_hosna/006/006_اسماء حُسنی 6.txt
============================================================
