Provider: ElevenLabs Scribe (scribe_v2)
Progress file (updated after each chunk): /Users/mohammadreza/IslamASR/Audios/AyatollahShojaee/Mabohas_Mozui/032/032_32- عشق ومحبت به خداانسان را از فناشدن در غيرخدا بازميدارد.partial.txt
  preparing audio (032_32- عشق ومحبت به خداانسان را از فناشدن در غيرخدا بازميدارد.mp3)...
  22:59 → 1 request(s)
  progress file: /Users/mohammadreza/IslamASR/Audios/AyatollahShojaee/Mabohas_Mozui/032/032_32- عشق ومحبت به خداانسان را از فناشدن در غيرخدا بازميدارد.partial.txt
  [1/1] 0:00–22:59 (8082 KB)...
      → 14359 chars: [آوازه] اعوذ بالله السميع العليم من الشيطان الرجيم. بسم الله الرحمن الرحيم. به یقین انسان رسید از طریق مجاهدت به چی می‌رسد؟ به محبت می‌رسد. محبت یعنی مقام محبت. به محبت رسید، به رض…

============================================================
TRANSCRIPTION (preview)
============================================================
[آوازه] اعوذ بالله السميع العليم من الشيطان الرجيم. بسم الله الرحمن الرحيم. به یقین انسان رسید از طریق مجاهدت به چی می‌رسد؟ به محبت می‌رسد. محبت یعنی مقام محبت. به محبت رسید، به رضا می‌رسد؛ یعنی مقام رضا. و این محبت و رضا یکی از آثار و برکاتش این است که انسان دیگه چشمش ببیند آنچه را که قبلاً نمی‌دید، گوشش بشنود آنچه را که قبلاً نمی‌شنید. شما حساب کنید کسی خدا را دوست داشت، درست نقطه مقابل اون فانی در دنیاست این آدم که اول از کردم. کسی که فانی در دنیاست از اطرافش بود، غافل بود. کسی که محب به خدا باشد، اما محب نه اون-- حالا اشتباه نشود از حدیث مولوی که فکر نکنید که مولوی یک شعری دارد اینجا یعنی تحلیل خوبی دارد، البته همه‌ش استفاده از آیات و روایات است آنچه که مولوی هم گفتن است. اشتباه نکنید فکر بکنید که من و شما محب بحث می‌کنیم. همه فکر می‌کنند خب خدا را دوست داریم. خدا بعدمون نمیاد از خدا. دقت می‌کنید؟ چیست پس؟ خدا به خدا مفتقر باشد از خدا بعدش بیاید. این بعدمون نمیاد را اولاً به جای محبت گذاشتیم ما، این یک اشتباه. این محبت نیست و ثانیاً اگر ما خدا را محبت داریم و دوست داریم می‌دانیم برای چی؟ برای اینکه خداست یا برای اینکه به ما بهشت بده؟ به ما خوب منزل بده؟ به ما فرض بکنیم که پول بده، شهرت بده، سلامتی بده، آنچه می‌خواهیم بده، این بده، دوستش می‌داریم. این دوست داشتن است؟ ها؟ دوست داشتن تحلیلش رو گفتم. دوست داشتن است که پس مولوی می‌گوید «پس محب حق به او امید و بترس، پس محب حق به او امید و بترس». خدا را دوست داریم به ما این‌ها را بده و ما را به جهنم هم بفرسته؟ نه برادر. دوست داریم در دنیا چنین و چنان بدهد و چنین و چنان را ندهد. در آخرت هم چنین و چنان را بدهد، چنین و چنان را به ما ندهد. «پس محب حق به او امید و بترس، دفتر تقلیع می‌داند به دست». خودشو برای محب‌ها تشبیه کرده. «دفتر تقلیع می‌خواند به دست. آن محب حق ز بحر حق کجاست/ که از اغراض و ز علل‌تا جداست». دقت می‌کنید؟ آن محب حق ز بحر چی؟ «آن محب حق ز بحر حق کجاست/ که از اغراض و ز علل‌تا جداست». اشتباه نکنید. ما خدا را دوست داریم برای نعمت‌هایش، برای اینکه به ما از عقوباتش در دنیا و آخرت از عذاب‌ها و رنج‌ها ندهد. این دوست داشتن نیست. این می‌دانید در حقیقت دوست داشتن چیست؟ خودمون به یه ة ساده و روشن‌تر، دوست داشتن اون ن
… (truncated; see saved file for full transcript)

============================================================
SUMMARY
============================================================
Input file      : 032_32- عشق ومحبت به خداانسان را از فناشدن در غيرخدا بازميدارد.mp3
Provider        : ElevenLabs Scribe (scribe_v2)
Audio duration  : 22:59 (1379.20 s)
Requests        : 1
Billed duration : 1380 s (rounded up to nearest second)
Rate            : $0.22 / audio hour
Estimated cost  : $0.084284 USD
Transcript saved: /Users/mohammadreza/IslamASR/Audios/AyatollahShojaee/Mabohas_Mozui/032/032_32- عشق ومحبت به خداانسان را از فناشدن در غيرخدا بازميدارد.txt
============================================================
