Provider: ElevenLabs Scribe (scribe_v2)
Progress file (updated after each chunk): /Users/mohammadreza/IslamASR/Audios/AyatollahShojaee/Mabohas_Mozui/037/037_37- موارد ديگر از تزئين شيطان.partial.txt
  preparing audio (037_37- موارد ديگر از تزئين شيطان.mp3)...
  24:39 → 1 request(s)
  progress file: /Users/mohammadreza/IslamASR/Audios/AyatollahShojaee/Mabohas_Mozui/037/037_37- موارد ديگر از تزئين شيطان.partial.txt
  [1/1] 0:00–24:39 (8665 KB)...
      → 15605 chars: اعوذ بالله السميع العليم من الشيطان الرجيم. بسم الله الرحمن الرحيم. مرحوم امام می‌فرمود که ما دو رکعت نماز مقبول نتوانستیم به خوانیم در شما بخوانیم. این که جمله‌ای که می‌گفت راست م…

============================================================
TRANSCRIPTION (preview)
============================================================
اعوذ بالله السميع العليم من الشيطان الرجيم. بسم الله الرحمن الرحيم. مرحوم امام می‌فرمود که ما دو رکعت نماز مقبول نتوانستیم به خوانیم در شما بخوانیم. این که جمله‌ای که می‌گفت راست می‌گفت در، در فکر خودش، در فکر خودش، در عالم خودش دو رکعت نماز قبول در فکر خودش از نظر اون. بله اون نماز رو می‌خوان حالا ما باید هفتاد، هشتاد سال عمر کنیم اگر توفیق خدا این عایت بکند زیافت بکشیم می‌شود بخوان. خب روایت برای این مورد از تزیین شیطان از حضرت امیرالمؤمنین صلوات الله عليه است. كونوا على قبول العمل أشد عناية منكم على العمل. كونوا على قبول العمل أشد عناية منكم على العمل. می‌فرماید که به قبول عمل عنایت‌تون بیشتر از اصل عمل باشد. توجه بیشتر به قبول عمل داشته باشید. كونوا على قبول العمل أشد عناية منكم على العمل. خب. اینم اینجوری. شما حالا اولین قدمی که خواستید، اولین قدمی که شرایط قبول برای نماز‌هاتون بردارید قبلاً گفتم ببینم اون درس‌های قبلتونو فراموش نکردید که شرایطش زیاد است‌ها. اما یک شرط اول برای قبول همه عبادات، شرط اول اساسی، شرط اساسی مسلمه است که نماز و روزه و هر عبادت و هر خیر دیگری، احسان باشد، انفاق باشد، روزه باشد، حج باشد، نماز باشد، هرچه باشد اولین شرط اساسی برای شروط دیگر هم دارد‌ها. اولین شرط اساسی گفتم براتون یادتون نرفته است چی بود؟ ترک گناه. ترک گناه اولین شرط اساسی قبول اعمال است. اولین شرط اساسی قبول اعمال، ترک گناه. روایت. یا دلیل المتحیّر. مورد سوم. کسانی هستند باز یه راه و روشی برای خودشان در مجموع از واجباتی انجام می‌دهند و گناهانی را ترک می‌کنند و مجموعاً یک روش عبادی برای خودشان عرض کنم در پیش گرفته‌اند. اما عرض کنم که بسیار اشکالات دارند، گناهانی دارند و خطاهایی دارند و لغزش‌هایی دارند و داشته‌اند و دارند. بعضی از واجبات را انجام می‌دهند. بعضی از گناهان را هم ترک می‌کنند اما از خطاها و لغزش‌ها و اشتباهات دور نیستند. از این طرف به همین روش خودشان همینطور ادامه می‌دهند و فکر می‌کنند از اهل نج-- نجات‌اند و روش درست است. به این اتکا خوب دقت کنید به این اتکا که ما محبت اهل بیت صلوات الله علیهم اجمعین را داریم و مطلب تمام است. اینم موردی است. کسان زیادی هم به این گرفتار هستند. دقت کردید؟ کسان زیادی. واجباتی انجام می‌دهند، گناهانشان را ترک می‌کنند ولی در مجموع رو
… (truncated; see saved file for full transcript)

============================================================
SUMMARY
============================================================
Input file      : 037_37- موارد ديگر از تزئين شيطان.mp3
Provider        : ElevenLabs Scribe (scribe_v2)
Audio duration  : 24:39 (1478.77 s)
Requests        : 1
Billed duration : 1479 s (rounded up to nearest second)
Rate            : $0.22 / audio hour
Estimated cost  : $0.090369 USD
Transcript saved: /Users/mohammadreza/IslamASR/Audios/AyatollahShojaee/Mabohas_Mozui/037/037_37- موارد ديگر از تزئين شيطان.txt
============================================================
