Provider: ElevenLabs Scribe (scribe_v2)
Progress file (updated after each chunk): Audios/AyatollahShojaee/Tazkiyeh/047/047_غيبت 2 _ بحث تزکیه.partial.txt
  preparing audio (047_غيبت 2 _ بحث تزکیه.mp3)...
  36:02 → 1 request(s)
  progress file: Audios/AyatollahShojaee/Tazkiyeh/047/047_غيبت 2 _ بحث تزکیه.partial.txt
  [1/1] 0:00–36:02 (12668 KB)...
      → 23880 chars: اما قبل از آن از شما بزرگواران به خاطر کیفیت نامطلوب صدا پوزش می‌طلبیم. بسم الله الرحمن الرحیم. گفتیم که غیبت به هر شکلی باشد غیبت است. هر کسی را به هر نحوی یاد کنیم، از هر نقصی‌اش…

============================================================
TRANSCRIPTION (preview)
============================================================
اما قبل از آن از شما بزرگواران به خاطر کیفیت نامطلوب صدا پوزش می‌طلبیم. بسم الله الرحمن الرحیم. گفتیم که غیبت به هر شکلی باشد غیبت است. هر کسی را به هر نحوی یاد کنیم، از هر نقصی‌اش بگوییم که او بشنود به هر شکلی باشد ناراحت می‌شود این غیبت است. این یاد ما از کسی، از نقصی‌اش به هر شکلی وقتی می‌شنود ناراحت می‌شود که می‌گیم غیبت است. این ممکن است گاهی به زبان باشد، گاهی ممکن است به اشاره باشد، به ایما باشد، به کتابت باشد. صورت‌هایی دارد که گاهی از صورت‌هاش ما ممکنه غفلت داشته باشیم. ممکن است انسان به عمل غیبت کسی را بکند یعنی حرکات کسی را تغییرش را در بیاورد. این می‌شود چی؟ این می‌شود غیبت. به قول مرحوم مراغه مثلاً کسی اعرج است مثلاً پاش میلنگد انسان اونطور راه برود. یا موقع صحبت کردن کسی طوری صحبت می‌کند انسان موقع صحبت به اصطلاح تغییر را در بیاورد، بدش میدهد. این همش غیبت. همش یعنی فرقی نمی‌کند به زبان انسان غیبت بکند یا به فعل یعنی با عمل به اصطلاح تقلید غیبت بکند. با ایما و اشاره که از آشفتی نعل کردن متوجه شدیم اونم ایما و اشاره که فرقی نمی‌کند و غیبت است. با غمز و رمز هم باز ممکنه غیبت باشد. با غمز و رمز معنیش چیه؟ که ما به این قسمتش فکر می‌کنم شما و من که به همش ضایع مبتلا هستیم حالا به این قسم مبتلا هستیم. شما هم فکر می‌کنم به این نوع غمز و رمزش مبتلا باشید. غمز و رمز چیه؟ غمز و رمز این است که انسان از کسی به نوعی یاد می‌کند که در واقع او گاه ناراحت می‌شود اگر بداند. اما نه به زبان است، نه با اشاره است، نه با کتابت است، نه با تقلید عملی است. هیچ‌کدام نیست، بلکه با یک نوع تعریض و غمز و رمز است. مثلاً چطور؟ مثلاً اینه که حالا خودت من مثال می‌زنم همینطور که ما می‌کنیم یا من به قول معروف تقلیدش را در اینجا برای شما در می‌آورم. تقلید همینی که می‌کنیم. مثلاً اینه که صحبت از کسی حالا اسم کسی آمد به میان. نشستیم دو نفر یا بیشتر اسم کسی آمد به میان. یهو هم میگن که به خدا پناه می‌برم از این غلبه حیا. خدا ما را از غلبه حیا چه بکند؟ از بی‌حیایی حفظ بکند. منظور چیه؟ بله؟ منظور این آدم چیه؟ این آدم بی‌حیاست میگه. اونی که صحبتش بودا. نگفتم اون آدم بی‌حیاست‌ها. فقط صحبت بود من یک حالا ضمیرها فرق می‌کنه دیگه. حالا صورت، صورت دعا هم دارد. معمولاً صورت دعا هم دارد اینجور چیزها، این
… (truncated; see saved file for full transcript)

============================================================
SUMMARY
============================================================
Input file      : 047_غيبت 2 _ بحث تزکیه.mp3
Provider        : ElevenLabs Scribe (scribe_v2)
Audio duration  : 36:02 (2162.02 s)
Requests        : 1
Billed duration : 2163 s (rounded up to nearest second)
Rate            : $0.22 / audio hour
Estimated cost  : $0.132123 USD
Transcript saved: Audios/AyatollahShojaee/Tazkiyeh/047/047_غيبت 2 _ بحث تزکیه.txt
============================================================
