Provider: ElevenLabs Scribe (scribe_v2)
Progress file (updated after each chunk): Audios/AyatollahShojaee/Tazkiyeh/009/009_مراتب توبه _ بحث تزکیه.partial.txt
  preparing audio (009_مراتب توبه _ بحث تزکیه.mp3)...
  31:19 → 1 request(s)
  progress file: Audios/AyatollahShojaee/Tazkiyeh/009/009_مراتب توبه _ بحث تزکیه.partial.txt
  [1/1] 0:00–31:19 (11012 KB)...
      → 20309 chars: اعوذ بالله السميع العليم من الشيطان الرجيم. بسم الله الرحمن الرحيم. توبه دارای مراتب است یعنی مراحل است و مراتب است. مرحله اول توبه، توبه از معاصی و گناهان بود. شرحش گذشت. بعد از م…

============================================================
TRANSCRIPTION (preview)
============================================================
اعوذ بالله السميع العليم من الشيطان الرجيم. بسم الله الرحمن الرحيم. توبه دارای مراتب است یعنی مراحل است و مراتب است. مرحله اول توبه، توبه از معاصی و گناهان بود. شرحش گذشت. بعد از مرحله اول از توبه، مراحل بعدی توبه پیش میاد. اگر خوب تأمل کنیم در مسئله سلوک و سیر و اینکه انسان در سیر و سلوکش با توجه بر مطالبی که قبلاً گفتیم منازلی طی می‌کند و مراحلی طی می‌کند و عوالمی را باید پشت سر بگذارد و برود به سوی حق و حرکت کند روی این حساب با توجه بر اصل مسئله سلوک و تزکیه و ماهیت سلوک، اولاً خودمان متوجه خواهیم بود که توبه خود مراحل دارد چون در هر منزلی و در هر مرحله‌ای که انسان در مقام وجودیت قبلاً بوده خواست نزدیک‌تر باشد و خواست به سوی خدا حرکت بیشتر بکند، مسلماً از منزل اول برگشته به سوی منزل بالاتر. مراحل بعدی توبه به مقتضای حرکت پیش میاد. یعنی سالک بعد از اینکه یک سالک جدی بود و از معاصی توبه کرد و با، در عین حال حرکتش را دارد ادامه می‌دهد. بعد از توبه از معاصی نوبت توبه‌های بعدی پیش میاد. توبه از مسائل بعدی. حالا این توبه از مسائل بعدی یا توبه‌های بعدی در تقسیم‌بندی ببینیم که به چند صورت تقسیم می‌شود. یعنی در مرحله‌بندی ببینیم که چند مرحله دارد توبه‌های بعدی. اینها را به یک نظر اهل سلوک و ارباب تزکیه با تحقیقی که دارند، با فکری که داشته‌اند، با برداشتی که از آیات و روایات و متون اسلامی داشته‌اند و با تجربه‌ای که احیاناً اهل عمل از اینها خود داشته‌اند، با مرحله، مرحله‌بندی که اینها داشته‌اند، یک مراحلی معین کرده‌اند. قدم دوم از توبه یا مرحله دوم از توبه، توبه از طب اون تقسیم‌بندی کلی توبه از تعلقات است. توبه از تعلقات معنیش که به طور که اشاره کردم، آزاد کردن دل با فکر و تلقین و مراقبت، آزاد کردن دل از اسارت‌ها، علاقه‌ها، محبت‌ها، خوشی‌ها، ناخوشی‌ها و اشتغال به غیر خدا. با فکر و تلقین و مراقبت، دل را از اسارت تکرار می‌کنم، از اسارت، علاقه‌ها، محبت‌ها، خوشی‌ها و ناخوشی‌ها و در یک کلمه از اشتغال به غیر خدا پاک کردن. چطور؟ حالا توضیح میدم خوب ضبط کنید. سالک در قدم دوم توبه باید در این مسئله کار بکنه، خود را بسازد. ولی یک یک میگم شما خودتان تأمل کنید. ناخوش نکند آنچه ز قلب او را. ما اینچنین هستیم دیگه. الآن ما ببینید اسارت ما این است. یک چیزم نیست‌ها، بی‌شمار اشیا هست. هر چیز
… (truncated; see saved file for full transcript)

============================================================
SUMMARY
============================================================
Input file      : 009_مراتب توبه _ بحث تزکیه.mp3
Provider        : ElevenLabs Scribe (scribe_v2)
Audio duration  : 31:19 (1879.34 s)
Requests        : 1
Billed duration : 1880 s (rounded up to nearest second)
Rate            : $0.22 / audio hour
Estimated cost  : $0.114849 USD
Transcript saved: Audios/AyatollahShojaee/Tazkiyeh/009/009_مراتب توبه _ بحث تزکیه.txt
============================================================
