Provider: ElevenLabs Scribe (scribe_v2)
Progress file (updated after each chunk): Audios/AyatollahShojaee/Tazkiyeh/024/024_اجتناب نکردن از حرام _ بحث تزکیه.partial.txt
  preparing audio (024_اجتناب نکردن از حرام _ بحث تزکیه.mp3)...
  32:04 → 1 request(s)
  progress file: Audios/AyatollahShojaee/Tazkiyeh/024/024_اجتناب نکردن از حرام _ بحث تزکیه.partial.txt
  [1/1] 0:00–32:04 (11274 KB)...
      → 21058 chars: بسم الله الرحمن الرحیم. مسئله دوم، جلوه دوم یا جلوه دیگر و بروز دیگری از بروزات هوای نفس که باز مهلک است و کاملاً مهلک است از اون مهلکات کاملاً خطرناک است اجتناب نکردن از اموال حرا…

============================================================
TRANSCRIPTION (preview)
============================================================
بسم الله الرحمن الرحیم. مسئله دوم، جلوه دوم یا جلوه دیگر و بروز دیگری از بروزات هوای نفس که باز مهلک است و کاملاً مهلک است از اون مهلکات کاملاً خطرناک است اجتناب نکردن از اموال حرام است. هوای نفس از جلواتش در وجود انسان عدم اجتناب از حرام و مشتبه است. وقتی هوای نفس در وجود انسان جلوه کرد، انسان دیگه حلال و حرام را به هم آمیخته می‌کند. از حرام اجتناب نمی‌کند، از مشتبه اجتناب نمی‌کند. دیگه راهی به سوی خدا ندارد. توجه می‌کنید؟ راهی به سوی خدا ندارد. متأسفانه خیلی‌ها دیده شده است. شاید شما هم ببینید که اینها دم از معنا و اینها می‌زنند. دلشون هم می‌خواد و از کار و اورادی هم دست-- شروع می‌کنند از کار و اورادی بعضی از مستحبات را هم انجام می‌دهند. اما چون از اصل مبارزه با هوای نفس نکرده‌اند و با شاخه‌های هوا مقابله نکرده‌اند و هوا در وجودشان حاکم است، از جمله از حرام هم اجتناب نمی‌کنند و از مشتبهات هم اجتناب نمی‌کنند، قهرًا فقط یک لقلقه زبان است و راه به جایی نمی‌برند. خیلی از اینها هم ما دیده‌ایم، شما هم لابد دیده‌اید. اجتناب نکردن از حرام، هرچه آمد صرف کردن، هرچه آمد جمع کردن، به هر منزلی وارد شدن، از هر غذایی خوردن، از هر مالی استفاده کردن، هرچه رو آورد شد را جمع کردن؛ امثال اینها. حرام باشد، مشتبه باشد. دیگه فکر نکردن از کجا آمده؟ مالکیه‌ست؟ چگونه به دست آمده؟ اینها که عدم اجتناب از حرام است و عدم اجتناب از مشتبهات است، این از جلوات هواست خودتون دقت کنید چون هوا غالب است انسان اینطور نمی‌کند یعنی اجتناب نمی‌کند. اگر هوا در وجود انسان غالب نباشد، انسان از حرام اجتناب می‌کند، از اموال حرام و نه تنها از حرام اجتناب می‌کند، از مشتبهات هم اجتناب می‌کند. از آنچه که مورد شبهه است اجتناب می‌کند. اینکه می‌بینید خیلی‌ها از حرام اجتناب نمی‌کنند. حتی گفتم بعضی از، از کار و اوراد هم می‌پردازند، از مشتبهات اجتناب نمی‌کنند. اینها گرفتار سخت هوای نفس هستند. هوای نفس وقتی گرفتارش زیاد شود انسان اینچنینی می‌شود. می‌بینید نماز شب هم می‌خواند اما دیگه فکری ندارد در اینکه در کسب و کارش آنچه به دست می‌آورد چگونه است؟ چطور است؟ آیا واقعاً حلال است؟ فکر نمی‌کند در اینکه آیا این شبهه‌ای درش هست یا نیست؟ از هر غذایی که می‌خورد هرچه پیش آمد می‌خورد. دیگه فکر نمی‌کند که ببینیم این غذا از کجا به دس
… (truncated; see saved file for full transcript)

============================================================
SUMMARY
============================================================
Input file      : 024_اجتناب نکردن از حرام _ بحث تزکیه.mp3
Provider        : ElevenLabs Scribe (scribe_v2)
Audio duration  : 32:04 (1924.09 s)
Requests        : 1
Billed duration : 1925 s (rounded up to nearest second)
Rate            : $0.22 / audio hour
Estimated cost  : $0.117583 USD
Transcript saved: Audios/AyatollahShojaee/Tazkiyeh/024/024_اجتناب نکردن از حرام _ بحث تزکیه.txt
============================================================
