Provider: ElevenLabs Scribe (scribe_v2)
Progress file (updated after each chunk): /Users/mohammadreza/IslamASR/Audios/AyatollahShojaee/CheraghHedayat/011/011_درخصوص حضرت اباعبدالله (ع) (چراغ هدایت) 11_.partial.txt
  preparing audio (011_درخصوص حضرت اباعبدالله (ع) (چراغ هدایت) 11_.mp3)...
  23:36 → 1 request(s)
  progress file: /Users/mohammadreza/IslamASR/Audios/AyatollahShojaee/CheraghHedayat/011/011_درخصوص حضرت اباعبدالله (ع) (چراغ هدایت) 11_.partial.txt
  [1/1] 0:00–23:36 (8299 KB)...
      → 13440 chars: [شعر] حسین، حسین، حسین، حسین. حسین، حسین، حسین، حسین. شهید کربلا حسین. حسین، حسین، حسین، حسین. غریب بنه جرا حسین. حسین، حسین، حسین- السلام علیک یا أبا عبدالله الحسین- حسین، حسین- و…

============================================================
TRANSCRIPTION (preview)
============================================================
[شعر] حسین، حسین، حسین، حسین. حسین، حسین، حسین، حسین. شهید کربلا حسین. حسین، حسین، حسین، حسین. غریب بنه جرا حسین. حسین، حسین، حسین- السلام علیک یا أبا عبدالله الحسین- حسین، حسین- وعلی الأرواح التي حلت بحرایك- حسین، حسین، حسین. غریب بنه جرا حسین. حسین، حسین- چراغ هدایت چراغ مصباح هدایت تویی. چراغ مصباح هدایت تویی. سفینه‌ای غصه‌ را یم کند. سفینه‌ای غصه‌ را یم کند. بسم الله الرحمن الرحیم و هو رب الحسین الذي قتل مظلوما. بسم الله الرحمن الرحیم. يا أيتُهَ النَّفْسُ المُطْمَئِنَّةُ ارْجِعِي إِلَىٰ رَبِّكِ رَاضِيَةً مَرْضِيَّةً. الله. سلام بر حسین و سلام بر عاشقان حسین و سلام بر شما دوستداران کوی حسین. دوستان ارجمند یازدهمین برنامه چراغ هدایت را می‌شنوید که شامل بخش دیگری از صحبت‌های استاد آیت الله محمد شجاعی است درباره شخصیت و جایگاه حضرت سید و شهدا علیه السلام. در برنامه قبل شنیدیم که استاد بزرگوار به برکات زیارت امام حسین علیه السلام اشاره داشتند و مکاشفاتی از مؤمنین را در رابطه با زیارت آن بزرگوار بیان کردند و تأکید داشتند که غفلت از این مسئله برای عالم پس از مرگ مایه ندامت و پشیمانی عمیق است. در این برنامه استاد بحث اهمیت زیارت امام حسین علیه السلام را ادامه می‌دهند و به یکی از مصائب حضرت در واقعه کربلا به عنوان روضه پایانی اشاراتی دارند. با هم می‌شنویم. بسم الله الرحمن الرحیم. الحمد لله رب العالمین وصلی الله علی محمد و آله الطاهرین. نجل ابو حمزه ثمالی. ابو حمزه ثمالی که اسمش رو می‌شنوید مرد بزرگی بوده. نجل او نوه او به اصطلاح به نام حسین، حسین بن حسین بن بنت ابی حمزه ثمالی. این می‌گوید که برای این هم که کشفی پیش آمد، این یک کشف بوده ظاهرا مردگی بوده یعنی این دیگه به صورت مثلا کسی باشد، شکاک باشد یا چیزی باشد مانند اون قضیه بعضی گفتند نه. این می‌گوید که من خود شیعه بوده، اهل کتاب بوده. می‌گوید من رفتم به حرم سید و شهدا سلام الله. می‌گوید من آمدم به بغداد و یه وقتی هم بالاخره رفتم مواقعی ترسم بود خطرناک بود. وقت آن اهل شام می‌دانستند که می‌کشتند. عرض کنم که آمدم می‌گوید شب آمدم شبانه می‌خواستم در وقت خلوت فرج بشوم و بروم زیارت و عرض کنم که و بی‌خطر یه زیارتی بکنم. رفتم غسل کردم در فرات. اینها در دستور زیارت هست که مخصوصا در فرات انسان غسل بکند. عرض کنم که می‌گوید رفتم ب
… (truncated; see saved file for full transcript)

============================================================
SUMMARY
============================================================
Input file      : 011_درخصوص حضرت اباعبدالله (ع) (چراغ هدایت) 11_.mp3
Provider        : ElevenLabs Scribe (scribe_v2)
Audio duration  : 23:36 (1416.28 s)
Requests        : 1
Billed duration : 1417 s (rounded up to nearest second)
Rate            : $0.22 / audio hour
Estimated cost  : $0.086550 USD
Transcript saved: /Users/mohammadreza/IslamASR/Audios/AyatollahShojaee/CheraghHedayat/011/011_درخصوص حضرت اباعبدالله (ع) (چراغ هدایت) 11_.txt
============================================================
