Provider: ElevenLabs Scribe (scribe_v2)
Progress file (updated after each chunk): /Users/mohammadreza/IslamASR/Audios/AyatollahShojaee/CheraghHedayat/018/018_درخصوص حضرت اباعبدالله (ع) (چراغ هدایت) 18_.partial.txt
  preparing audio (018_درخصوص حضرت اباعبدالله (ع) (چراغ هدایت) 18_.mp3)...
  25:22 → 1 request(s)
  progress file: /Users/mohammadreza/IslamASR/Audios/AyatollahShojaee/CheraghHedayat/018/018_درخصوص حضرت اباعبدالله (ع) (چراغ هدایت) 18_.partial.txt
  [1/1] 0:00–25:22 (8918 KB)...
      → 14201 chars: [شعر] حسین، حسین، حسین، حسین. حسین، حسین، حسین، حسین. شهیدِ راهِ سلام حسین. حسین، حسین، حسین، حسین. غریب بنِ نبو حسین. حسین، حسین، حسین- السلام علیک یا أبا عبدالله الحسین- حسین، حس…

============================================================
TRANSCRIPTION (preview)
============================================================
[شعر] حسین، حسین، حسین، حسین. حسین، حسین، حسین، حسین. شهیدِ راهِ سلام حسین. حسین، حسین، حسین، حسین. غریب بنِ نبو حسین. حسین، حسین، حسین- السلام علیک یا أبا عبدالله الحسین- حسین، حسین- وعلی الأرواح التي حلت- حسین، حسین- بفنائک- حسین، حسین. غریب بنِ نبو حسین. حسین، حسین- چراغ هدایت چراغ مصباح هدایت تویی. چراغ مصباح هدایت تویی. سفینه‌ای غصه‌ را می‌گم کند. سفینه‌ای غصه‌ را می‌گم کند. بسم الله الرحمن الرحيم. وَهُوَ رَبُّ الْحُسَيْنِ الَّذِي قُتِلَ مَظْلُومًا. بسم الله الرحمن الرحيم. يَا أَيَّتُهَا النَّفْسُ الْمُطْمَئِنَّةُ [ارباب] [صدای گریه]. ارْجِعِي إِلَىٰ رَبِّكِ رَاضِيَةً مَرْضِيَّةً. الله. سلام بر حسین و سلام بر اصحاب حسین و سلام بر شما دوستان مکتب حسین علیه السلام. عزیزان هجدهمین برنامه چراغ هدایت را می‌شنوید. در این برنامه ادامه صحبت‌های استاد وارسته آیت الله محمد شجاعی را در باب شخصیت حضرت سید الشهدا علیه السلام و نیز واقعه کربلا می‌شنوید. در برنامه‌های گذشته استاد مستند به زیارات حضرت جلوه‌هایی از وتر الله الموتور بودن حضرت سید الشهدا را توضیح دادند و به تناسب بحث اسراری از این واقعه و جلوه‌های استثنایی آن در نظام وجود را بیان کردند. از این برنامه استاد به جلوه دیگری از اسرار واقعه تف می‌پردازند و آن افرادی هستند که با انگیزه‌های متفاوت با این جریان درگیر شدند و عکس العمل‌های متفاوت و بعضاً متضادی داشتند. در این برنامه استاد به دو شخصیت بزرگوار یعنی حبیب بن مظاهر و قر بن یزید ریاحی اشاره می‌کنند. با هم می‌شنویم. بسم الله الرحمن الرحيم. الحمد لله رب العالمين وصلى الله على محمد وآله الطاهرين. سابقا هم من فکر می‌کردم باز همینطور الان هم باز اون فکر را می‌گیرتم. از جمله مسائلی که این مسئله کربلا و جریان سید الشهدا سلام الله علیه و مسائل اون حضرت را اسرارآمیز نشان می‌دهد این است که وقتی انسان به صورت کلی مطالعه می‌کند مسائل عجیبی به نظرش می‌رسد. راهی بعضی‌ها بودن در جریان کربلا در این مسئله و دیگه بهانه‌های مختلفی کشیده شدند به اینکه فدا بشوند به سید الشهدا سلام الله علیه و از اون باب که خدای متعال فرموده است به سوی اون مقصدی که همه خلقت برای اون خلق شده است وارد بشوند. به ظاهر به یک بهانه‌هایی. به ظاهر اینطور است. اما سر چیست؟ مسئله چه بوده؟ بعضی‌ها در عین اینکه د
… (truncated; see saved file for full transcript)

============================================================
SUMMARY
============================================================
Input file      : 018_درخصوص حضرت اباعبدالله (ع) (چراغ هدایت) 18_.mp3
Provider        : ElevenLabs Scribe (scribe_v2)
Audio duration  : 25:22 (1522.01 s)
Requests        : 1
Billed duration : 1523 s (rounded up to nearest second)
Rate            : $0.22 / audio hour
Estimated cost  : $0.093012 USD
Transcript saved: /Users/mohammadreza/IslamASR/Audios/AyatollahShojaee/CheraghHedayat/018/018_درخصوص حضرت اباعبدالله (ع) (چراغ هدایت) 18_.txt
============================================================
