Provider: ElevenLabs Scribe (scribe_v2)
Progress file (updated after each chunk): Audios/AyatollahShojaee/Tazkiyeh/051/051_صمت يا سکوت _ بحث تزکیه.partial.txt
  preparing audio (051_صمت يا سکوت _ بحث تزکیه.mp3)...
  28:13 → 1 request(s)
  progress file: Audios/AyatollahShojaee/Tazkiyeh/051/051_صمت يا سکوت _ بحث تزکیه.partial.txt
  [1/1] 0:00–28:13 (9921 KB)...
      → 17679 chars: بسم الله الرحمن الرحیم. قال امیرالمؤمنین علیه السلام به رجلاً يتكلم بفضول الكلام. پیش علی سلام الله علیه کسی اونجا مشغول بود صحبت می‌کرد از اینجا، اونجا همینطور صحبت می‌کرد. که بعد…

============================================================
TRANSCRIPTION (preview)
============================================================
بسم الله الرحمن الرحیم. قال امیرالمؤمنین علیه السلام به رجلاً يتكلم بفضول الكلام. پیش علی سلام الله علیه کسی اونجا مشغول بود صحبت می‌کرد از اینجا، اونجا همینطور صحبت می‌کرد. که بعد حضرت علی سلام الله علیه بهش فرمود که يا هذا دو گفت که، او خطاب کرد اون شخص گفت که إِنَّكَ تُمْلِي عَلَى حَافِظِكَ كِتَابًا إِلَى رَبِّكَ. می‌دانی هی مرتب املا می‌کنی به وسیله حافظین به سوی خدا نامه می‌فرستی؟ رجلاً خیلی پرمعنی روایت. گفت که توجه دار که هی تو داری املا می‌کنی، حافظین تو هم می‌نویسند و قطعا هی نامه‌ها به سوی کی می‌فرستی؟ به سوی خدا. واقعاً همینطوره. اونجا که من و شما صحبت می‌کنیم مرتب میگیم اونها می‌نویسم می‌فرستم به سوی کی؟ یا می‌برم به سوی خدا. إِنَّكَ تُمْلِي تو املا می‌کنی بر حافظینت كِتَابًا إِلَى رَبِّكَ هی کتاب می‌نویسی به سوی خدا، پروردگارت. فَتَكَلَّمْ بِمَا يَعْنِيكَ آنچه به دردت می‌خورد حرف بزن و ادع ما لا يعنيک آنچه که به دردت نمی‌خورد ترک کن. اینجاست که می‌بینیم که حالا اینا هم اشاراتی بوده، نمونه‌ها بود که زبان سرتاپا در این راه برای انسان خطر است. از اینجاست می‌بینیم در آثار وارد اولاً در مقام عمل بین علمای سلوک و ارباب سلوک ثانیاً مسئله صمت به عنوان یک مسئله، یه اساسی مطرح شده است. حالا در این باب من قبلاً هم توضیح، اشاره کرده بودم و به شما قول داده بودم که صحبت بکنیم اجمالاً در صحبتی که به اینجا کشید باید صحبت‌هایی داشته باشیم. روی این حساب است که اولاً روی روایات، روی سکوت، صمت اصلاً تکیه زیاد شد و صمت را برای یک سالک به عنوان یک فضیلت و یک وسیله و ابزار حرکت در طریق بیان کرده‌اند. و ثانیاً سالکین الی الله روی صمت خیلی عملاً تکیه می‌کرده‌اند. انسان بخواد بالاخره از شر این زبان در انواع مختلف و مراتب مختلف سالک صادق اگه بخواد محفوظ باشد باید چی بهتر؟ چیکار بکنه؟ چی بهتر که اصلاً حتی المقدور زبانشو به اصطلاح حفظ بکنه و سکوت را اختیار بکنه، صمت را. چی بهتر؟ راه سلامت همین سکوت و صمت است. توجه بکنید، راه سلامت فقط صمت و سکوت است. البته سکوت، صمت و قبل از اینکه به بیاناتی که هر کدام اشاراتی دارد اشاره بکنم، توجه داشته باشید که اون وقتی که انسان ساکت است علاوه بر اینکه از آفات زبان به انواع مختلف در امان است، خود حال سکوت، ساکت بودن، حرف نزدن، صمت به اصطلاح اخلاق
… (truncated; see saved file for full transcript)

============================================================
SUMMARY
============================================================
Input file      : 051_صمت يا سکوت _ بحث تزکیه.mp3
Provider        : ElevenLabs Scribe (scribe_v2)
Audio duration  : 28:13 (1693.08 s)
Requests        : 1
Billed duration : 1694 s (rounded up to nearest second)
Rate            : $0.22 / audio hour
Estimated cost  : $0.103466 USD
Transcript saved: Audios/AyatollahShojaee/Tazkiyeh/051/051_صمت يا سکوت _ بحث تزکیه.txt
============================================================
