Provider: ElevenLabs Scribe (scribe_v2)
Progress file (updated after each chunk): /Users/mohammadreza/IslamASR/Audios/AyatollahShojaee/Mabohas_Mozui/017/017_17- آمادگي سفر سلوک عبودي در حيات دنيوي.partial.txt
  preparing audio (017_17- آمادگي سفر سلوک عبودي در حيات دنيوي.mp3)...
  34:11 → 1 request(s)
  progress file: /Users/mohammadreza/IslamASR/Audios/AyatollahShojaee/Mabohas_Mozui/017/017_17- آمادگي سفر سلوک عبودي در حيات دنيوي.partial.txt
  [1/1] 0:00–34:11 (12017 KB)...
      → 19850 chars: اعوذ بالله السميع العليم من الشيطان الرجيم. بسم الله الرحمن الرحيم. [صدای ماشین] معرفتی متجسمه، راه بودن سقر که در پیش هر باشد مستعدش می‌شود. بفهمند چه در پیش هر است مستعدش می‌شوند…

============================================================
TRANSCRIPTION (preview)
============================================================
اعوذ بالله السميع العليم من الشيطان الرجيم. بسم الله الرحمن الرحيم. [صدای ماشین] معرفتی متجسمه، راه بودن سقر که در پیش هر باشد مستعدش می‌شود. بفهمند چه در پیش هر است مستعدش می‌شوند، نرفتن نمی‌شود. من در باب همین در خصوص همین موضوع به تعبیر دیگر در خصوص ایجاد آمادگی برای مختلف موضوعی از موضوعاتی بود که دائم بود که من این موضوع را رو باز می‌کنم. همیشه حال متضرر بود. پیانه سؤال می‌کنند که انسانی که فکر سیر عبودی و سلوک عبودی را دارند، چیزهایی فهمیده‌اند و سعی می‌کنند که گمان خودشان معمولاً این سؤال را دارند که هیچ پیشرفتی در مقام توحید و عبودیت در خودشان نمی‌بینند. این سؤال را دارند. برنامه‌هایی را از برنامه‌های عبودی یعنی از دعاها، تلاوت‌ها، ذکرها، نمازها و امثال اینها مستحبات اینجوری برای خودشان هم انتخاب می‌کنند، به آن‌ها مداومت هم می‌کنند. اما هرچه روزها می‌گذرد به خود می‌بر‌ می‌گردند، در وقت می‌بینند که در حقیقت حرکتی همانند که از منظور دارند داده است. به طبع این سؤال برایشان پیش می‌آید. به گمان اینکه به اون نحو که برنامه عبودی برای خودشان انتخاب کرده‌اند و چند تا از مستحبات اینجوری را در اوقات مختلف اجرا داده‌اند، این سلوک عبودی، این حرکت عبودی، این رو چون گمان می‌کنند این سؤال برایشان پیش میاد که ما حرکتی نکردیم یا این قدم نرفتیم یا آخر فهمیدیم که این گمان از سلوک عبودی نیست. اشتباه اینها هم متوجه با این موضوعه و برای خیلی‌ها هم همین سؤال باشد که سؤال نکرد و باشد ولی در وجود ما هست در وجود ما هست. سلوک عبودی این نیست. یه چیزی به عنوان سلوک عبودی به تعبیر دیگر حرکت عبودی هست و اصل مثلاً همان است که ما برای همان خلق شدیم. برای اون اینجا آمدیم. برای اون این فرصت را به ما داده‌اند و این طاق ها را، فرصت دنیا را داریم. اما این نیست که انسان چند تا از مستحباتی را به روش انجام می‌دهیم، همین دعا را، اون توسل را، اون نماز را، اون ذکر، اون تلاوت را در اوقات معینی به همان نحوی که ماها انجام می‌دهیم انجام بدهد. دیگه کار دیگر نداشته باشد و این انتظار را داشته باشد که مدارج عبودیت را طی کند، در منازل توحید پیش برود، درست می‌شود. این نیست. البته این‌ها کار خوبی است. این‌ها جزئی از آنچه که به نام سلوک عبودی اهلش می‌گویند و این‌ها با اون اصل که داخل در سلوک عبودی می‌شود و الا اون
… (truncated; see saved file for full transcript)

============================================================
SUMMARY
============================================================
Input file      : 017_17- آمادگي سفر سلوک عبودي در حيات دنيوي.mp3
Provider        : ElevenLabs Scribe (scribe_v2)
Audio duration  : 34:11 (2050.92 s)
Requests        : 1
Billed duration : 2051 s (rounded up to nearest second)
Rate            : $0.22 / audio hour
Estimated cost  : $0.125334 USD
Transcript saved: /Users/mohammadreza/IslamASR/Audios/AyatollahShojaee/Mabohas_Mozui/017/017_17- آمادگي سفر سلوک عبودي در حيات دنيوي.txt
============================================================
