Provider: ElevenLabs Scribe (scribe_v2)
Progress file (updated after each chunk): /Users/mohammadreza/IslamASR/Audios/AyatollahShojaee/Mabohas_Mozui/058/058_58- خلق عظيم حضرت رسول(ص) 2.partial.txt
  preparing audio (058_58- خلق عظيم حضرت رسول(ص) 2.mp3)...
  21:24 → 1 request(s)
  progress file: /Users/mohammadreza/IslamASR/Audios/AyatollahShojaee/Mabohas_Mozui/058/058_58- خلق عظيم حضرت رسول(ص) 2.partial.txt
  [1/1] 0:00–21:24 (7522 KB)...
      → 12956 chars: اعوذ بالله السميع العليم من الشيطان الرجيم. بسم الله الرحمن الرحيم. و انک لعلى خلق عظيم. من یک جمله در اینجا به شما بگم و خب تذکرآمیز هم هست ضمنا این قسمت برای خود شما از خلق عظیم …

============================================================
TRANSCRIPTION (preview)
============================================================
اعوذ بالله السميع العليم من الشيطان الرجيم. بسم الله الرحمن الرحيم. و انک لعلى خلق عظيم. من یک جمله در اینجا به شما بگم و خب تذکرآمیز هم هست ضمنا این قسمت برای خود شما از خلق عظیم رسول الله یک گوشه‌ای بگم برای تذکر شما. خلق عظیمش چه بود؟ خلق عظیمش محبت و عشق خدا بود که تمام وجودش را عشق او گرفته بود. اراده کرد خدا را و مقدم داشت خدا را. در همه دعاها اثار بسیار بالایی هست. این جمله را شما می‌خوانید. البته یکی از جملاتش این است که و انک لا تحتجب عن خلقک الا ان تحجبهم اعمالهم عنک. این بسیار پرمعنی است. و جمله بعدی که و قد علمت ان افضل زاد الراه الیک عزم ارادت یختار کبرهامه. اما خوب گوش‌هاتونو باز بکنید. من البته در خصوص رسول الله صحبت می‌کنم ولی برای تذکر به شما. و انک لعلى خلق عظيم. عشق خدای متعال خلق عظیم او بود. صلوات بر او بفرستید. قدم در میدان بودیت گذاشت، میدان عشق و محبت گذاشت. اراده کرد. او را و غیر او را فقط کنار گذاشت. بس و سلام. این بود. این خلق عظیم است. آثار خلق عظیم اوست. اثر عشق اوست. دعا چی میگوید؟ اول میگوید که خدایا من اینجا دانستم، فهمیدم، دانستم که تو از مخ، خلق خودت از بندگانت در حجاب نیستی مگر اینکه اعمالشون حجاب باشد. بسیار پرمعنی است. برای چی؟ از این بابت بسیار پرمعنی است. و انک لا تحتجب عن خلقک. دوباره تکرار می‌کنم که شماها هرکدوم انشاالله همتون اینجور هستید. اگر می‌خواهید، اگر می‌خواهید در مسیر بودیت توفقی به دست بیاورید، این دو جمله که می‌خوانم، این‌ها را خوب تذکر بدهید. یعنی چه؟ خدایا منظورم جمله دوم است. و انک لا تحتجب عن خلقک الا ان تحجبهم اعمالهم عنک. خدایا من اینجا دانستم روشن شده است که تو لا تحتجب عن خلقک. تو از خلق خودت در حجاب نیستی، مگر اینکه چی؟ ان تحجبهم اعمالهم عنک. مگر اینکه اعمالشون حجاب بشود بین تو و اون‌ها. حجابی نیست. مگر اینکه چی باشد حجاب؟ اعمالشون حجاب باشد. بعد، بعد جمله بعدی. جمله بعدی جمله اول را با این جمله اول زنگ می‌کنی راه را برای من و شما روشن می‌کند. همان راهی که رسول الله در پیش گرفت و رفت بر اساس اون خلق عظیم. که چی؟ و قد علمت. خیلی جمله عجیبی است. از اینجا اونجا از ما سؤال می‌شود. این سؤال مطرح می‌شود که چه باید کرد به خدا نزدیک شد؟ چه باید کرد سفر به سوی خدا کرد؟ چه باید کرد این سو کرد، سو موفق شد؟ چه باید کر
… (truncated; see saved file for full transcript)

============================================================
SUMMARY
============================================================
Input file      : 058_58- خلق عظيم حضرت رسول(ص) 2.mp3
Provider        : ElevenLabs Scribe (scribe_v2)
Audio duration  : 21:24 (1283.69 s)
Requests        : 1
Billed duration : 1284 s (rounded up to nearest second)
Rate            : $0.22 / audio hour
Estimated cost  : $0.078448 USD
Transcript saved: /Users/mohammadreza/IslamASR/Audios/AyatollahShojaee/Mabohas_Mozui/058/058_58- خلق عظيم حضرت رسول(ص) 2.txt
============================================================
