Provider: ElevenLabs Scribe (scribe_v2)
Progress file (updated after each chunk): /Users/mohammadreza/IslamASR/Audios/AyatollahShojaee/Mabohas_Mozui/038/038_38- حريص بودن انسان به خير مطلق که همانا خداوند متعال است.partial.txt
  preparing audio (038_38- حريص بودن انسان به خير مطلق که همانا خداوند متعال است.mp3)...
  27:53 → 1 request(s)
  progress file: /Users/mohammadreza/IslamASR/Audios/AyatollahShojaee/Mabohas_Mozui/038/038_38- حريص بودن انسان به خير مطلق که همانا خداوند متعال است.partial.txt
  [1/1] 0:00–27:53 (9803 KB)...
      → 17640 chars: اعوذ بالله السميع العليم من الشيطان الرجيم. بسم الله الرحمن الرحيم. إن الإنسان خلق هلوعا. هلوع معنی حریص و بی صبر و بی تاب. إن الإنسان خلق هلوعا ترجمه اش اینطور است که طبیعت نفس ان…

============================================================
TRANSCRIPTION (preview)
============================================================
اعوذ بالله السميع العليم من الشيطان الرجيم. بسم الله الرحمن الرحيم. إن الإنسان خلق هلوعا. هلوع معنی حریص و بی صبر و بی تاب. إن الإنسان خلق هلوعا ترجمه اش اینطور است که طبیعت نفس انسان حریص و بی صبر و بی تاب حریص خلق شده. حریص خیر است. یعنی فطرتا انسان از فطرت حریص دارد. بی تاب است. حرص دارد. بی صبر است نسبت به چی؟ نسبت به خیر. خیر مطلق خدای متعال است. آنچه در جمال خداست، خیر بالا است. انسان فطرت و به فطره حریص عل خیر است. فطرتا حریص خلق شده است برای این که خیر مطلق حرص دارد. بی تاب است. بی صبر است. حرص دارد. میخواهد خیر مطلق برسد. خب این تغییرش اکثرا تغییر اینجوری میشه به کمال مطلق خیر مطلق. در این آیه به اون فطرت اولیه انسان که فطرت بر حول مثبتان است که انسان همان جمال و جمال مطلق و خیر مطلق را میخواهد اشاره شده است. إن الإنسان خلق هلوعا. هلوع، هلوع به معنی دوباره تکرار میکنم حریص و بی صبر و بی تاب برای اون خیر مطلق خلق شده است. منتها اکثر انسان‌ها حال منتها را از آیات بعدی رد خواهیم کرد. منتها اکثر انسان‌ها بر اساس مکائد نفس و شیطان و قرار گرفتن در تحت سیطره نفس و شیطان یعنی حرص بر خیر مطلق را به مجرای دیگر می‌اندازند. حرص می‌ورزند بر آنچه در دنیا از متاع زودگذر می‌بینند. حرص‌شون را در این مجرا به کار می‌اندازند. با اغواء شیطان به کمک چی؟ به کمک این نفس. یعنی از مجرای صحیحش خارج می‌شود به مجرای باطل می‌آورد. دنیا و متاع اون حرص می‌ورزد. طبعا وقتی که به دنیا و متاع اون حرص ورزد از مجرای صحیح خارج شد. بر دنیا و متاع اون وقتی حرص ورزید، خب طبعا هر اندازه وقتی دنیا به دستش میاد، آنچه که در دنیا و متاع اون خوبی‌های اون هست وقتی به دست آورد خب راحت است. وقتی اما کمبودها، فقردانه‌ها، با فقردان‌های اینها مواجه شد، جزع می‌کند. إذا مسه الشر جزوعا. به مجرای انحرافی که افتاد وقتی شر باهاش مواجه شد، یعنی از دنیا متاع اون چیزهایی را فاقد شد، به دست نیاورد، خب جزع می‌افتد. وإذا مسه الخير اما اگر از خیر دنیا چیزی به دست آورد منوعا اون رو محکم نگه می‌داره. دیگه به فقرا و محرومین امثال این‌ها هیچ نمی‌رسونه. دقت کنید چون حریص است در فطرت به خیر مطلق. این فطرت به مجرای این حریص بودن به مجرای انحرافی می‌افتد با اغواء شیطان به کمک چی؟ به کمک نفس. و حرص را بر چی می‌ورزد؟ بر چی می‌ورزد؟ 
… (truncated; see saved file for full transcript)

============================================================
SUMMARY
============================================================
Input file      : 038_38- حريص بودن انسان به خير مطلق که همانا خداوند متعال است.mp3
Provider        : ElevenLabs Scribe (scribe_v2)
Audio duration  : 27:53 (1672.96 s)
Requests        : 1
Billed duration : 1673 s (rounded up to nearest second)
Rate            : $0.22 / audio hour
Estimated cost  : $0.102236 USD
Transcript saved: /Users/mohammadreza/IslamASR/Audios/AyatollahShojaee/Mabohas_Mozui/038/038_38- حريص بودن انسان به خير مطلق که همانا خداوند متعال است.txt
============================================================
