Provider: ElevenLabs Scribe (scribe_v2)
Progress file (updated after each chunk): Audios/AyatollahShojaee/Tazkiyeh/057/057_مبحث اخلاص 2 _ بحث تزکیه.partial.txt
  preparing audio (057_مبحث اخلاص 2 _ بحث تزکیه.mp3)...
  32:05 → 1 request(s)
  progress file: Audios/AyatollahShojaee/Tazkiyeh/057/057_مبحث اخلاص 2 _ بحث تزکیه.partial.txt
  [1/1] 0:00–32:05 (11280 KB)...
      → 20325 chars: بسم الله الرحمن الرحیم. اگر کسی در اخلاص مجاهدت بکند و سعی بکند که حرکت عبودیت و سلوکش کلاً برای خدا باشد، در اخلاص و تخلیس کوشا باشد، مجاهـ-- مجاهدت بکند و موفق هم باشد در مجاهدتش…

============================================================
TRANSCRIPTION (preview)
============================================================
بسم الله الرحمن الرحیم. اگر کسی در اخلاص مجاهدت بکند و سعی بکند که حرکت عبودیت و سلوکش کلاً برای خدا باشد، در اخلاص و تخلیس کوشا باشد، مجاهـ-- مجاهدت بکند و موفق هم باشد در مجاهدتش حرکت بکند، پیش برود، در یک جا توقف نکند، در جا نزند، موفق باشد. چنین کسی، خب خیلی مسائل براش پیش میاد که فلان دیگه به گفتار نمیاد، در عبارت نمیاد، در لفظ نمی‌گنجد به قول معروف. خیلی مسائل براش پیش میاد تا جایی که، تا جایی که از مقام خاص و از منزلتی به خصوصی سر در بیاورد که اون منزلت و اون مقام را از نظر قرآن کریم و از نظر همین روایات و اشاراتی در روایات و آیات است، مقام مخلصین می‌گوییم. خوب دقت کنید، مقام مخلصین، نه مخلصین. مخلص وقتی در مقام اخلاص کوشا بود، جدیت کرد و در مدارج اخلاص که بالا رفت به جایی می‌رسد که چی می‌شود؟ مخلص می‌شود. مخلص غیر از مخلص است. مخلص از اون مرحله اول که شروع می‌کند عبودیت مخلصانه را و در اخلاص پیش می‌رود و مدارج اخلاص را طی می‌کند، در مقام عمل و در مقام معرفت یعنی علم و شناخت، شناخت حق، علم به الله به جایی می‌رسد که مقامش مقام خاصی است و در آنجا از مخلصین می‌شود. این کلامی که برای شما توضیح می‌دهم یه مقدار جنبه علمی و به حساب معرفتی دارد در جمله معارف قرآنی است. اما خب کسی موفق باشد در مقام عمل، خوب موفق باشد، گاهی به تناسب مقام و منزلت خودش بوی مخلص بودن را هم یواش‌یواش استشمام می‌کند. خب مخلص یعنی چه؟ به این ترتیب که توضیح می‌دهم خوب دقت کنید. مخلص شما اگر کلمه را دقت بکنید یعنی کسی که عملش را خالص می‌کند برای کی؟ برای خدا. مخلص یعنی آن کسی که خدا او را برای خود چه کرده؟ برای خود تخلیس کرده. حالا چرا مخلص می‌گیم؟ چه کسی به اصطلاح از اون اول که این شروع به اخلاص کرد، مخلص بود و در درجات اخلاص پیش می‌رفت، چه کسی این شخص را و این انسان مخلص را در مدارج اخلاص پیش می‌برد؟ چه کسی پیش می‌برد؟ خدا. و چه کسی این مخلص را به آنجا رسانید که در وجودش خبری جز اخبار او نماند؟ باز خدا. و این می‌شود همان مخلص. از این نظر بهش میگن مخلص یعنی تخلیس شده برای ذات مقدس حق تعالی. مقام مخلص یا مرتبت مخلصین مرتبه‌ای است که انسان در مقام عبودیت وقتی به آنجا رسید در دل انسان جز حق مطرح نیست. حالا به چند آیه که در این زمینه است من اشاره می‌کنم اما دیگه فقط اینا حرف است ها. فقط من حرفی م
… (truncated; see saved file for full transcript)

============================================================
SUMMARY
============================================================
Input file      : 057_مبحث اخلاص 2 _ بحث تزکیه.mp3
Provider        : ElevenLabs Scribe (scribe_v2)
Audio duration  : 32:05 (1925.10 s)
Requests        : 1
Billed duration : 1926 s (rounded up to nearest second)
Rate            : $0.22 / audio hour
Estimated cost  : $0.117645 USD
Transcript saved: Audios/AyatollahShojaee/Tazkiyeh/057/057_مبحث اخلاص 2 _ بحث تزکیه.txt
============================================================
