Provider: ElevenLabs Scribe (scribe_v2)
Progress file (updated after each chunk): Audios/AyatollahShojaee/Tazkiyeh/020/020_نقش هوا در تثبیت حیات دنیوی- مراتب حیات بشر - موقعیت انسان در نظام وجود از دیدگاه قرآن و ... _ بحث تزکیه.partial.txt
  preparing audio (020_نقش هوا در تثبیت حیات دنیوی- مراتب حیات بشر - موقعیت انسان در نظام وجود از دیدگاه قرآن و ... _ بحث تزکیه.mp3)...
  29:11 → 1 request(s)
  progress file: Audios/AyatollahShojaee/Tazkiyeh/020/020_نقش هوا در تثبیت حیات دنیوی- مراتب حیات بشر - موقعیت انسان در نظام وجود از دیدگاه قرآن و ... _ بحث تزکیه.partial.txt
  [1/1] 0:00–29:11 (10261 KB)...
      → 18054 chars: بسم الله الرحمن الرحیم. با توجه بر اینکه حیات دنیوی که از مدارج حیات است و از مراتب حیات است و پست‌ترین مرتبه از مراتب حیات انسانیست و انسان در این مرتبه از حیات محروم از حضرته حق …

============================================================
TRANSCRIPTION (preview)
============================================================
بسم الله الرحمن الرحیم. با توجه بر اینکه حیات دنیوی که از مدارج حیات است و از مراتب حیات است و پست‌ترین مرتبه از مراتب حیات انسانیست و انسان در این مرتبه از حیات محروم از حضرته حق است، قهراً هوا هم وقتی تثبیت کننده همین مرتبه از حیات است برای ما روشن می‌شود که با داشتن هوا اصولاً حرکت برای انسان، برای یک سالک مفهومی ندارد. هرچه انسان به دنبال هوای نفس برود، مرتبه دنیوی حیات، مرتبه حیات دنیوی خودش را تثبیت کرده و با تثبیت حیات دنیوی، محروم بودن از حق ضرورت دارد. یعنی خاصیت حیات دنیوی محروم بودن از حق است. خاصیت هوا هم تثبیت حیات دنیوی است. نتیجه می‌شود که هوا بالاخره یک مسئله اساسی است که انسان را از حق محروم می‌کند. وقتی انسان هوا دارد چرا در مرتبه ادنای حیات قرار می‌گیرد و طبعاً محروم از حق باید باشد؟ این رو می‌خواستیم به صورت یک مس-- به صورتی که تحلیل فلسفی تحلیل بکنیم. در اینجا باید به این مسئله دقت بکنیم که انسان در، خوب انشاالله تأمل بکنید، یک تحلیلی است که بیشتر دقت می‌خواد. اما انسان هر قدر بفهمد به همان اندازه نقش هوا را پی خواهد برد و مسئله کاملاً دو تا چهارتاست. مسلم و حتمی است که هوا این چنین نقش را دارد که راه را بر روی انسان می‌بندد. حالا روایاتی هم در این زمینه می‌خوانیم علاوه بر آیات زیادی که هست که اصلاً بررسی آیات را من خواستم شروع نکنیم در این زمینه فقط به یکی دو تا روایت و بیانات اشاره می‌کنیم. خوب دقت می‌کنید انشاالله. میگیم که هوا، هوای نفس، داشتن هوا انسان را تثبیت می‌کند در مرحله‌ای از حیات که با داشتن اون مرحله‌ای از حیات که به تعبیر قرآن حیات دنیا نامیده می‌شود، راه انسان به سوی خدا ندارد. محروم از حق است. مسئله اینه. چرا؟ در جواب این چرا به این موضوع دقت می‌کنیم که به طور کلی اگر ما یک مطالعه دقیقی با توجه بر آیات قرآن در موقعیت انسان در نظام وجود داشته باشیم، ببینیم قرآن موقعیت انسان را در نظام وجود چگونه بیان می‌کند. از نکات و اشارات و تعبیرات آیات با دقت و تدبر اینجور استفاده می‌شود که انسان در این زندگی دنیوی، در زندگی دنیوی خود در مرتبه پایین‌تری از ذات و خودی خود قرار می‌گیرد. در ماورای این مرتبه دنیوی ذات و خودی انسان، خودی‌های بالاتر هست، خودهای بالاتر هست. به یک بیان دیگر، از قرآن اینجور استفاده می‌شود که حقیقت ما در این دنیا، اون 
… (truncated; see saved file for full transcript)

============================================================
SUMMARY
============================================================
Input file      : 020_نقش هوا در تثبیت حیات دنیوی- مراتب حیات بشر - موقعیت انسان در نظام وجود از دیدگاه قرآن و ... _ بحث تزکیه.mp3
Provider        : ElevenLabs Scribe (scribe_v2)
Audio duration  : 29:11 (1751.11 s)
Requests        : 1
Billed duration : 1752 s (rounded up to nearest second)
Rate            : $0.22 / audio hour
Estimated cost  : $0.107012 USD
Transcript saved: Audios/AyatollahShojaee/Tazkiyeh/020/020_نقش هوا در تثبیت حیات دنیوی- مراتب حیات بشر - موقعیت انسان در نظام وجود از دیدگاه قرآن و ... _ بحث تزکیه.txt
============================================================
