Provider: ElevenLabs Scribe (scribe_v2)
Progress file (updated after each chunk): Audios/AyatollahShojaee/Tazkiyeh/134/134_ادامه کشف ابصاری4 _ بحث تزکیه.partial.txt
  preparing audio (134_ادامه کشف ابصاری4 _ بحث تزکیه.mp3)...
  33:00 → 1 request(s)
  progress file: Audios/AyatollahShojaee/Tazkiyeh/134/134_ادامه کشف ابصاری4 _ بحث تزکیه.partial.txt
  [1/1] 0:00–33:00 (11599 KB)...
      → 21680 chars: اعوذ بالله السميع العليم من الشيطان الرجيم. بسم الله الرحمن الرحيم. روایت دومی که برای شما از همین باب می‌خوانم، نگاه کردن، اسرار خوندن، کشف ساره به ظاهر اما مسائلی خوندن که به دید…

============================================================
TRANSCRIPTION (preview)
============================================================
اعوذ بالله السميع العليم من الشيطان الرجيم. بسم الله الرحمن الرحيم. روایت دومی که برای شما از همین باب می‌خوانم، نگاه کردن، اسرار خوندن، کشف ساره به ظاهر اما مسائلی خوندن که به دیدن ظاهراً مربوط نیست. ظاهراً به دیدن مربوط نیست اما دیدن اینجوری‌ست. کشف سارای حامل اسرار است. حالا چه جور حامل اسرار میشه؟ در اول حرفم گفتم. دیگه من و شما نمی‌تونیم اون چه جورش را چیز بکنیم، تصور بکنیم. در وقتش اگر برای کسی پیش آمد می‌بینه چه جوری‌ست. این روایتی که می‌خوانم از میثم تمار است. ابو خالد تمار این روایت را من از به اصطلاح کتاب معرفت الاخبار الرجال به نقل بهار نقل می‌کنم که او هم با سند محمد بن مسعود از ابو خالد تمار نقل می‌کند که قال ابو خالد می‌گوید کنت مع میثم تمار. این هم از اصحاب سر بود، از ارباب کشف بود، مقامات و منازل بود. می‌گوید که من با میثم تمار بودم بالفرات يوم الجمعة در کنار فرات، در فرات بودیم در روز جمعه. فهبت ريح وهو في سفينة من سفن الرما. این می‌گوید که ابو خالد می‌گوید که من با میثم در یک کشتی بودیم در فرات. روز جمعه هم بود. دفعة بادی وزید، بادی وزید قال فخرج این باد که وزید فخرج فنظر إلى الريح. میثم بلند شد و نگاه عمیقی به این باد کرد. دقت بکنید نگاه عمیقی به باد کرد. فقال بعد نگاه که کرد، اون نگاه عمیق به قول معروف فقال برگشت به ما گفت که شدوا برأس سفينتكم آذري هون عاصف مات معاوية الصاحب. گفت که حالا این دنباله این باد خیلی تنده. این کشتی تو رو چیز می‌کنه. سر کشتی را محکم بکنید که باد تند خواهد شد. بعد گفت که معاویه هم مرد. ترجمه می‌کنید؟ معاویه هم مرد. این ابو خالد می‌گوید می‌گوید که کشتی را سرش محکم ببندید که باد دارد تند، تند خواهد شد و معاویه هم همین الان مرد. حالا اونجا در فرات این حرف را زد. خب این نگاهی‌ست به ريح، باد. حالا این نگاه چیه؟ چه تشخیصی در اونجا که کشف سار است پیش می‌آد چون در زمینه این نگاه از کشف سار است در متن این نگاه به ظاهر عادی‌ست و در این کشف سار اسرار از جمله اسراری‌ست چون که معاویه الان مرد. قال فلما كانت الجمعة المقبلة ابو خالد می‌گوید که این حرف را من شنیدم تعجب کردم. حالا منتظر شدم وقتی که جمعه مقابل که آمد قدما برئوا من الشام قاصدی از شام آمد. ابو خالد می‌گوید که ناظر این جریان بوده. می‌گوید که کسی از شام آمد در جمعه بعدش فلقيت
… (truncated; see saved file for full transcript)

============================================================
SUMMARY
============================================================
Input file      : 134_ادامه کشف ابصاری4 _ بحث تزکیه.mp3
Provider        : ElevenLabs Scribe (scribe_v2)
Audio duration  : 33:00 (1979.57 s)
Requests        : 1
Billed duration : 1980 s (rounded up to nearest second)
Rate            : $0.22 / audio hour
Estimated cost  : $0.120974 USD
Transcript saved: Audios/AyatollahShojaee/Tazkiyeh/134/134_ادامه کشف ابصاری4 _ بحث تزکیه.txt
============================================================
