Provider: ElevenLabs Scribe (scribe_v2)
Progress file (updated after each chunk): Audios/AyatollahShojaee/Tazkiyeh/118/118_تجليات اسماء جمال بر سالک _ بحث تزکیه.partial.txt
  preparing audio (118_تجليات اسماء جمال بر سالک _ بحث تزکیه.mp3)...
  17:21 → 1 request(s)
  progress file: Audios/AyatollahShojaee/Tazkiyeh/118/118_تجليات اسماء جمال بر سالک _ بحث تزکیه.partial.txt
  [1/1] 0:00–17:21 (6101 KB)...
      → 10143 chars: اعوذ بالله السميع العليم من الشيطان الرجيم. بسم الله الرحمن الرحيم. مثنوی در اینجا دو سه شعر دارد که بخوانم گوش بکنید و ان شاءالله که البته به اون معنی درستش گوش بکنید، نه به اون م…

============================================================
TRANSCRIPTION (preview)
============================================================
اعوذ بالله السميع العليم من الشيطان الرجيم. بسم الله الرحمن الرحيم. مثنوی در اینجا دو سه شعر دارد که بخوانم گوش بکنید و ان شاءالله که البته به اون معنی درستش گوش بکنید، نه به اون معنای که بعضی‌ها داده معنی نادرست معنی می‌کنند. چون برای مثال هی معنی‌های نادرستی داره معنی‌های درستی داره. می‌گوید که چند صد شعره. بخوانم و بعد هم بپردازیم به بعضی از آیات. حالا این الانش گفتنش برای ما مونده، شنیدنش هم برای شماست. توجه می‌کنید؟ بقیه هم برای ما شنیدن هم می‌مونه. ولی فعلاً برای شما شنیدنه الان در اینجا گفتن برای من. می‌گه چون انای بنده، انا یعنی انا. الان برای شعر می‌گفته. چون انای بنده شد لا از وجود، چون انای بنده شد لا از وجود. پس چه ماند این بی اندیشه‌ی عنود؟ توجه می‌کنید؟ پس چه ماند این بی اندیشه‌ی عنود؟ در تو را چشم است بگو شادر نگر بعد الله آخر چه می‌ماند دیگر؟ توجه کنید. بعد الله آخر چه می‌ماند دیگر؟ توجه کنید. کل شیء حاله الی الله مشم. اون که علی سلام الله علیه کُمیل رضوان الله علیه گفت که دیگه صبح تالای شد الی آخر شنیده‌اید که علی چنین است یا نشنیده‌اید؟ نشنیده‌اید؟ پس چه شنیده‌اید؟ شنیده‌اید اشتباه. توجه کنید. گفت‌وگو با هم در اسرار علی سلام الله علیه که کُمیل می‌گفت البته می‌گفت از این گفتن‌ها که معمولی باشد نه. آن می‌گفت نبود. می‌گفت و می‌برد. توجه کنید. کُمیل می‌گفت با هم بودند، با هم رفته بودند بیرون و صحبت از اسرار بود و حرکت بود و عوالم بود و مسائلی که بین علی سلام الله علیه و اون صاحب صدر که از نزدیکانش بود و تربیت‌شده‌هاش که کُمیل باشد بود. اونجا اون عوالم بود، اون مسائل بود. به هر صورت در صحرا و بیابان هم رفتند بیرون شهر. صحبت بود که کُمیل از علی سلام الله علیه سوالی کرد. بعد اه از ولایت علی سلام الله علیه یک استنطاقی داشت از جوابی که می‌خواست. بالاخره بیانی بر از کُمیل ازش شروع کرد. بیانی داشت که حضرت را نازل بر گفتازی کرد و حضرت سلام الله علیه شروع کرد مسائل را. بعد گفت که دیگه صبح، لفظ گفت و بعد لفظی به کار برد که خلاصه دیگه صبح آمد. دیگه چراغ را خاموش باید کرد. اینو شنیده بود. باید کرد یعنی این چی بود؟ بالاخره یه شبی داره، یه صبحی داره. یه صبحی خواهد آمد. اون وقت بیاد که ربوبیت با اسم و صفورش تجلی می‌کند. این جهان و دنیان بختی است و هر چه حق در وجود ان
… (truncated; see saved file for full transcript)

============================================================
SUMMARY
============================================================
Input file      : 118_تجليات اسماء جمال بر سالک _ بحث تزکیه.mp3
Provider        : ElevenLabs Scribe (scribe_v2)
Audio duration  : 17:21 (1041.08 s)
Requests        : 1
Billed duration : 1042 s (rounded up to nearest second)
Rate            : $0.22 / audio hour
Estimated cost  : $0.063622 USD
Transcript saved: Audios/AyatollahShojaee/Tazkiyeh/118/118_تجليات اسماء جمال بر سالک _ بحث تزکیه.txt
============================================================
