Provider: ElevenLabs Scribe (scribe_v2)
Progress file (updated after each chunk): Audios/AyatollahShojaee/Tazkiyeh/050/050_صدق ومراحل آن _ بحث تزکیه.partial.txt
  preparing audio (050_صدق ومراحل آن _ بحث تزکیه.mp3)...
  24:03 → 1 request(s)
  progress file: Audios/AyatollahShojaee/Tazkiyeh/050/050_صدق ومراحل آن _ بحث تزکیه.partial.txt
  [1/1] 0:00–24:03 (8457 KB)...
      → 15627 chars: بسم الله الرحمن الرحیم. در جلسه گذشته مسئله‌ی کذب به عنوان یکی از مخلقات، کذب، دروغ با توضیحی که و م- مراتب که داشت به عنوان یکی از مخلقات در مقام سلوک الی الله توضیح داده شد. البت…

============================================================
TRANSCRIPTION (preview)
============================================================
بسم الله الرحمن الرحیم. در جلسه گذشته مسئله‌ی کذب به عنوان یکی از مخلقات، کذب، دروغ با توضیحی که و م- مراتب که داشت به عنوان یکی از مخلقات در مقام سلوک الی الله توضیح داده شد. البته از مفهوم اونچه که عرض کردیم در خصوص کذب و توضیحات که دادیم از مفهوم کل اون مطالب که هفته گذشته گفتیم، روشن شد که در مقام وجودیت و در سلوک الی الله انسان از کذب در مراتب مختلف که اجتناب می‌کند مسلماً باید با صدق هم متصف باشد به طوری که سخت باید از کذب اجتناب کرد با شرحی که گفتیم باید محافظت بر صدق هم نمود، نقطه‌ی مقابلش. یعنی یک محافظتی به صورت خیلی حساب شده از طریق صالح باید در خصوص صدق به عمل بیاد نه اینکه مجاهدتی در این باب نکند. باید اصلاً مجاهدت بکند در تحقق صدق. با این مقدمه من می‌پردازم به مراتب صدق. مجاهدتی که صالح باید در تحصیل صدق یعنی در صادق بودن داشته باشد در چندین مرحله است. مرحله اول این است که باید محافظت بکند در مقام مراقبه. اینا همش در مقام مراقبه است اینا که عرض می‌کنیم یعنی سالکی که شروع کرده به ذکر و مرتب مشغول ذکر است، مشغول طلب است و در واحه و مقام طلب است. این چنین سالکی به خیلی چیزها که باید مراقبت داشته باشد در مقام مراقبه باید به این موضوع هم مراقبت داشته باشد که همت باید مصروف بکند، هوشیار باشد، بخواهد که هرچه در پیشگاه خدا به خدا می‌گوید، اون گفته‌هاش مراقب باشد درست باشد. در گفته‌هاش دروغ نگوید، صادق باشد. خب این مسئله اینجا برای سالک خیلی کار درست می‌کند و خیلی مسائل پیش می‌آورد. کار خیلی مفصلی پیش می‌آورد. بنا باشد شما هم از همین لحظه که از این به بعد همین شما و ما در همین مرتبه از صدق که صدق در گفتار است اما در مقام وجودیت مجاهدت روی این مسئله بکنیم. اگر بنا باشد این کار را تصمیم بگیریم، کلی برای ما مسائل پیدا می‌شود. از همان اول که می‌خواهیم زبان باز بکنیم و بگوییم لا اله الا الله، مسئله به اشکال برخورد می‌کند. همونجا که می‌خواهیم بگوییم لا اله الا الله در پیشگاه خدا هستیم، به خدا می‌گوییم که تویی مقصود. می‌خواهیم خودمون هم بفهمیم که درست می‌گوییم این کلمه را کسی دیگر هم نفهمد، کسی دیگر هم قضاوت نکند، فقط خود بفهمیم، خود قاضی باشیم و خود بدانیم که راست می‌گوییم. از همان کلمه‌ی اول لا اله الا الله‌اش که بگیریم تا آخر به اشکال برخورد می‌کنیم. باید مجاهدت بک
… (truncated; see saved file for full transcript)

============================================================
SUMMARY
============================================================
Input file      : 050_صدق ومراحل آن _ بحث تزکیه.mp3
Provider        : ElevenLabs Scribe (scribe_v2)
Audio duration  : 24:03 (1443.31 s)
Requests        : 1
Billed duration : 1444 s (rounded up to nearest second)
Rate            : $0.22 / audio hour
Estimated cost  : $0.088202 USD
Transcript saved: Audios/AyatollahShojaee/Tazkiyeh/050/050_صدق ومراحل آن _ بحث تزکیه.txt
============================================================
