Provider: ElevenLabs Scribe (scribe_v2)
Progress file (updated after each chunk): Audios/AyatollahShojaee/Tazkiyeh/136/136_مراحل بالاي کشف سمائي کشف از عالم برزخ وقيامت _ بحث تزکیه.partial.txt
  preparing audio (136_مراحل بالاي کشف سمائي کشف از عالم برزخ وقيامت _ بحث تزکیه.mp3)...
  17:56 → 1 request(s)
  progress file: Audios/AyatollahShojaee/Tazkiyeh/136/136_مراحل بالاي کشف سمائي کشف از عالم برزخ وقيامت _ بحث تزکیه.partial.txt
  [1/1] 0:00–17:56 (6304 KB)...
      → 11214 chars: اعوذ بالله السميع العليم من الشيطان الرجيم. بسم الله الرحمن الرحيم. در این مرحله اگر به فرد سالک چشمش قوی‌تر بشود، این طرفش به صورت شنیدن اصوات برزخی است. اصوات برزخی. چون این تجرب…

============================================================
TRANSCRIPTION (preview)
============================================================
اعوذ بالله السميع العليم من الشيطان الرجيم. بسم الله الرحمن الرحيم. در این مرحله اگر به فرد سالک چشمش قوی‌تر بشود، این طرفش به صورت شنیدن اصوات برزخی است. اصوات برزخی. چون این تجربه قوی‌تر است. اصوات برزخی عالم برزخ را قبلاً تعریفش رو گفتم. هر jemand هم میدانه که نظام برزخی که صعودی است که نزولی است، نظامش به نظامی است بالاتر از این نظام مادی و به این بر این نظام مادی، به این مادی و این جانب چیز. صداها دارد. این نظام است همه چیز را دارد. از جمله اصوات دارد، صداها دارد. اگر کشف سمعی سالک بالا تر شد، قوی‌تر شد تقریباً به عواطف اینجوریه. این تقریباً عواطف می‌شود که صدای برزخی را می‌شنود و من منظورم به این حد که از مسائل که در برزخ می‌گذرد در حد کمی برخورد را می‌شود. صدای برزخی نه این است که در جای دور است. این نوع اینجور است. نه این است که پشت دیوار است. نه، نه این است که حجابی بین ما و صداهای برزخی است. اصلاً بین ما و عالم برزخ حجاج و منى هست یا نیست؟ حجاج و منى نیست. ما خود در عالم برزخ هستیم. الان اینجا که ما نشستیم برزخ ما را احاطه دارد به لحاظ احاطه خود مادی بر معنوی، به لحاظ احاطه خود زمان بر زمان، به لحاظ احاطه خود جهت بر جهت و به لحاظ احاطه بالاخره عدم صدا عالم ما. برزخ همه ما را احاطه دارد. اون برزخی که در شروع است مورد اول اینجا را می‌شود و اون برزخی در وجود است که در این عالم دیگر است. به لحاظ عالم، عالم را احاطه دارد و ما درست در میان عالم برزخ و احاطه عالم برزخ و مسائل برزخ، دیدنی‌های برزخ، شنیدنی‌های برزخ، چشیدنی‌های برزخ، مشامه‌نی‌های برزخ قرار گرفتیم. تمام متأسفانه از همه‌اش هستیم، از همه‌اش در حجاب هستیم. حجاب اینجوری است. حجاب در کجاست؟ حجاب در وجود خود ما است. توجه می‌کنید؟ بله دیگه. متأسفانه حساب نکنید. صداهای برزخی را وقتی حجاب از کنار و از مشاعر حجاب کنار رفت مثلاً همین طوری که شما برزخی را می‌بیند، دیدنی‌های برزخ را می‌بیند، شنیدنی‌های برزخ را هم در حد خودش چی می‌کنه؟ در حد خودش می‌شنود. آن جاهت را می‌خواهد، هم در حد خود به همان وقت خود را می‌خواهد. در اینجا من منظورم از شما اینه که یه سر مثال عرض کنم که خیلی مسئله تکراری زیاد میشه. سراغ همین‌ها صحبت بکنیم. البته اگر بین شما کسی باشد که نمی‌دانید که شما از شما خیلی هستند. همه خوب. نمی‌دانیم ولی ب
… (truncated; see saved file for full transcript)

============================================================
SUMMARY
============================================================
Input file      : 136_مراحل بالاي کشف سمائي کشف از عالم برزخ وقيامت _ بحث تزکیه.mp3
Provider        : ElevenLabs Scribe (scribe_v2)
Audio duration  : 17:56 (1075.75 s)
Requests        : 1
Billed duration : 1076 s (rounded up to nearest second)
Rate            : $0.22 / audio hour
Estimated cost  : $0.065740 USD
Transcript saved: Audios/AyatollahShojaee/Tazkiyeh/136/136_مراحل بالاي کشف سمائي کشف از عالم برزخ وقيامت _ بحث تزکیه.txt
============================================================
