Provider: ElevenLabs Scribe (scribe_v2)
Progress file (updated after each chunk): /Users/mohammadreza/IslamASR/Audios/AyatollahShojaee/Mabohas_Mozui/051/051_51- فطرت و دین فطری.partial.txt
  preparing audio (051_51- فطرت و دین فطری.mp3)...
  32:38 → 1 request(s)
  progress file: /Users/mohammadreza/IslamASR/Audios/AyatollahShojaee/Mabohas_Mozui/051/051_51- فطرت و دین فطری.partial.txt
  [1/1] 0:00–32:38 (11475 KB)...
      → 21211 chars: بسم الله الرحمن الرحیم. فَأَقِمْ وَجْهَكَ لِلدِّينِ حَنِيفًا فِطْرَتَ اللَّهِ الَّتِي فَطَرَ النَّاسَ عَلَيْهَا لَا تَبْدِيلَ لِخَلْقِ اللَّهِ ذَلِكَ الدِّينُ الْقَيِّمُ وَلَٰكِنَّ…

============================================================
TRANSCRIPTION (preview)
============================================================
بسم الله الرحمن الرحیم. فَأَقِمْ وَجْهَكَ لِلدِّينِ حَنِيفًا فِطْرَتَ اللَّهِ الَّتِي فَطَرَ النَّاسَ عَلَيْهَا لَا تَبْدِيلَ لِخَلْقِ اللَّهِ ذَلِكَ الدِّينُ الْقَيِّمُ وَلَٰكِنَّ أَكْثَرَ النَّاسِ لَا يَعْلَمُونَ. این آیه اینجور است که متوجه، منتظم دین حنیف باش. فَأَقِمْ وَجْهَكَ لِلدِّينِ حَنِيفًا دین حنیف که دین مستقیم است. فَأَقِمْ وَجْهَكَ لِلدِّينِ حَنِيفًا یعنی منتظم دین حنیف باش. روحت همیشه بر دین حنیف باشد. از آن اعراض نکن. متوجه دین حنیف و دین مستقیم باش که دین حنیف کdam است. فطرت هم همان منظور این اسلام است. اونی که قرآن قرائت می‌کند. فِطْرَتَ اللَّهِ الَّتِي فَطَرَ النَّاسَ عَلَيْهَا اون فطرت که خدا انسان‌ها را بر اون فطرت آفریده است و اون فطرت هم عوض شدنی نیست. دین عوض شدنی نیست. لَا تَبْدِيلَ لِخَلْقِ اللَّهِ ذَلِكَ الدِّينُ الْقَيِّمُ اون دین محکمی که فطرت بر اساس اون نهاده شده است همین است. ولakin اکثر مردم نمی‌دانند. آخرش هم همون این لَا كِنَّ أَكْثَرَ النَّاسِ لَا يَعْلَمُونَ اینجا همه چیزها را همه جا خلاصه می‌کند. این آیه را همه می‌دانیم، شنیده‌ایم و بر اساس این آیه و عرض کنم که اشارات دیگری که در متون اسلامی هست همه این مطلب را به طور کلی شنیده‌ایم که دین اسلام دین چیه؟ دین فطری است. این مسئله به همین اندازه روشن است. اینجا یک فهم در دیگه خیلی دشواره. فهم در دیگه خودش هم آخر فرمود وَلَٰكِنَّ أَكْثَرَ النَّاسِ لَا يَعْلَمُونَ. فهم این چی می‌خواهد بگوید؟ یک فهم درستش خیلی دشواره و چون خیلی مشکله، خیلی مثلاً کسانی که نمی‌فهمند و خودشان را هم فهمیده تصور می‌کنند، شوهرها در این مقام شوهرها ایراد می‌کنند، یعنی شکاف تراشی‌ها می‌کنند. بعضی‌ها اشتباهات می‌کنند. بعضی‌ها برداشت غلط می‌کنند. بعضی‌ها تفسیر غلط می‌کنند. به خلاصه ذهن‌های خودشان و دیگران را آشفته کرده‌اند و می‌کنند. الان هم همینطوره. الان مثلاً می‌شنوم. این چی می‌خواهد بگوید؟ به نظر شما چی می‌خواهد بگوید؟ فطرت یعنی چه؟ دین فطری بودنش چیه؟ ببینید من از شما سؤال می‌کنم که یک مثال می‌زنم و سؤال را با تأمل جواب بدهید. در این مثال تا ببینیم که نزدیک چه می‌شویم. قرآن چه می‌گوید؟ فطرت یعنی چه؟ دین فطری یعنی چه؟ صحبت در این است. مثال اول که من در وقت سؤال از شما در این مثال سؤال می‌کنم، مسئله این است ک
… (truncated; see saved file for full transcript)

============================================================
SUMMARY
============================================================
Input file      : 051_51- فطرت و دین فطری.mp3
Provider        : ElevenLabs Scribe (scribe_v2)
Audio duration  : 32:38 (1958.40 s)
Requests        : 1
Billed duration : 1959 s (rounded up to nearest second)
Rate            : $0.22 / audio hour
Estimated cost  : $0.119680 USD
Transcript saved: /Users/mohammadreza/IslamASR/Audios/AyatollahShojaee/Mabohas_Mozui/051/051_51- فطرت و دین فطری.txt
============================================================
