Provider: ElevenLabs Scribe (scribe_v2)
Progress file (updated after each chunk): Audios/AyatollahShojaee/Tazkiyeh/087/087_فضيلت علم آگاهي سالک در طريق سلوک1_ بحث تزکیه.partial.txt
  preparing audio (087_فضيلت علم آگاهي سالک در طريق سلوک1_ بحث تزکیه.mp3)...
  25:47 → 1 request(s)
  progress file: Audios/AyatollahShojaee/Tazkiyeh/087/087_فضيلت علم آگاهي سالک در طريق سلوک1_ بحث تزکیه.partial.txt
  [1/1] 0:00–25:47 (9062 KB)...
      → 16495 chars: [سخنرانی دینی] جلسه‌ی گذشته یکی دیگر از مسائل ملک را که به قوه‌ی عاقله به اصطلاح علما و اخلاق مربوط است که برای همه اولا و ثانیا و مخصوصا برای سالک محرک به تمام معنی است و عبارت اس…

============================================================
TRANSCRIPTION (preview)
============================================================
[سخنرانی دینی] جلسه‌ی گذشته یکی دیگر از مسائل ملک را که به قوه‌ی عاقله به اصطلاح علما و اخلاق مربوط است که برای همه اولا و ثانیا و مخصوصا برای سالک محرک به تمام معنی است و عبارت است از جهل و عدم توجه و نادانی، توضیح دادیم. همه اگر بخوان در از ناآگاهی نجات پیدا بکنند باید بدانند. مخصوصا سالک اگر بخواهد در طریق سلوک و در طریق عبودیت، طریق مستقیم را در پیش بگیرد و در حرکت باشد و به سوی مقصد پیش برود، نه توقف بکند، نه به مهلکه ها بیفتد، نه به لغزش ها و به خطرات. در صراط مستقیم اگر بخواهد پیش برود مخصوصا سالک هم باید به اصطلاح علم داشته باشد. باید بداند. در این باب صحبتی شد در جلسه گذشته و دنباله مطلب را که باز مطالب در اینجا لازم است گفته بشود عرض می‌کنم. جهل معلوم شد ملک است. انسان، هر مؤمن، هر کس، هر مؤمن و مخصوصا هر سالک باید بداند. گرچه صحبت ما در این بود که طریق سلوک و ابعاد مسائل مربوط به سلوک را خوب بداند اما باید جامع‌تر بگوییم به عنوان اینکه سالک اگر بخواهد از یک ملک به نام جهل نجات پیدا بکند باید اولا طریق سلوک و عبودیت را خوب بداند. ابعاد مسئله را خوب یاد بگیرد و آنچه در این رابطه است را هم خوب بداند. طبعا همه حقایق و معارف دینی و قرآنی و الهی و حقایق را شامل می‌شود. شما حساب کنید باب معتقدات باشد، باب احکام باشد. همه اینها میخوره در واقع در مجموع جمع شده در همان طریقی که سالک می‌خواهد در پیش بگیرد. سالک باید در عقایدش علم خوب داشته باشد و در احکام علم خوب داشته باشد. در رابطه با مسائل دیگری که مربوط به همان ایمان و لوازم اجزاء ایمان است باید علم خوب داشته باشد. در ارتباط با مسائل اخروییه، اوحال آخرت و احکام آنها به خصوصیات آنها باید علم خوب داشته باشد. اگر همه اینها را خوب بداند و طریق سلوک را هم خوب، خوب بداند این می‌شود گفت که می‌تواند اگر شرایط دیگر هم جمع باشد در طریق موفق باشد. ولی اگر به هر اندازه در این مسائل جاهل بود که در اصل طریق سلوک که چگونه باید طریق سلوک را در پیش بگیرد و چه در ابعاد آن و چه در مسائل دیگر که عبارت است از کل حقایق و معارف، هر اندازه جهالت داشته باشد به همان اندازه خطرات او را تهدید می‌کند که در باب عقاید باشد، احکام باشد، مسائل اخروییه باشد. کل مسائلی که حقایق و معارف میگیم هر اندازه انسان بداند روشن است و نداند در خطر است. این 
… (truncated; see saved file for full transcript)

============================================================
SUMMARY
============================================================
Input file      : 087_فضيلت علم آگاهي سالک در طريق سلوک1_ بحث تزکیه.mp3
Provider        : ElevenLabs Scribe (scribe_v2)
Audio duration  : 25:47 (1546.60 s)
Requests        : 1
Billed duration : 1547 s (rounded up to nearest second)
Rate            : $0.22 / audio hour
Estimated cost  : $0.094514 USD
Transcript saved: Audios/AyatollahShojaee/Tazkiyeh/087/087_فضيلت علم آگاهي سالک در طريق سلوک1_ بحث تزکیه.txt
============================================================
