Provider: ElevenLabs Scribe (scribe_v2)
Progress file (updated after each chunk): /Users/mohammadreza/IslamASR/Audios/AyatollahShojaee/Mabohas_Mozui/057/057_57- خلق عظيم حضرت رسول(ص) 1.partial.txt
  preparing audio (057_57- خلق عظيم حضرت رسول(ص) 1.mp3)...
  26:46 → 1 request(s)
  progress file: /Users/mohammadreza/IslamASR/Audios/AyatollahShojaee/Mabohas_Mozui/057/057_57- خلق عظيم حضرت رسول(ص) 1.partial.txt
  [1/1] 0:00–26:46 (9411 KB)...
      → 16488 chars: اعوذ بالله السميع العليم من الشيطان الرجيم. بسم الله الرحمن الرحيم. روایتی به نظرم آمد که برای توضیح یک نکته باز امروز برای شما یا یک حقیقت. یک روایتی در خصوص رسول اکرم صلی الله عل…

============================================================
TRANSCRIPTION (preview)
============================================================
اعوذ بالله السميع العليم من الشيطان الرجيم. بسم الله الرحمن الرحيم. روایتی به نظرم آمد که برای توضیح یک نکته باز امروز برای شما یا یک حقیقت. یک روایتی در خصوص رسول اکرم صلی الله علیه و آله و سلم هست. اشاره می‌کنم به. یک حقیقت را در ظل این روایت برای شما توضیح بدهیم که لازم است بدانیم. این روایتی که نوشتم من در اینجا از رسول تابی است. جمله اول رسول تابی. البته هست رسول تابی که همان عربی‌اش باشد. 12 جلد از 100 جلد او و جمله اول از جلد جدید در صفحه است. صفحه دویست و شصت و پنج است، حدیث اول. این حدیث است قسمتی از این حدیث را من اینجا نوشتم که در خصوص رسول اکرم صلوات الله علیه هست. جمله‌ای در اول حدیث است. خب حدیث را مرحوم کلینی با اسنادش از و اسناده‌اش از عبیس خان نحوی نقل می‌کند. اون عبیس ها می‌گوید که دخلت على ابی عبد الله علیه السلام. من وارد محضر امام صادق صلوات الله علیه شدم. فسمعته یقول. شنیدم امام صادق می‌فرمود إن الله عز وجل أدب نبيه على محبته. این فرمایش را شنیدم از امام صادق که می‌فرمود إن الله عز وجل أدب نبيه على محبته. خدای تعالی پیامبرش را، پیامبرش را، رسول الله یعنی تربیت کرد بر محبت خود. فقال آن وقت تربیت رسول الله بر محبت خود یا بر محبت خدا، بر احساس محبت خدا، بر میثاق محبت و عشق خدا. آن وقتی که تربیتش تکمیل شد، این جمله معنی‌اش این است وگرنه دیگه در خود ظاهر جمله نیامد. تربیت فرمود پیامبرش را بر محبت خود فقال بعد از تکمیل تربیت فرمود در خصوص پیامبرش فرمود در قرآن فرمود و انک لعلى خلق عظيم. تو خلق عظیمی را دارا هستی. تو یعنی رسول. و انک ل-- تو ان-- لعلى خلق عظيم. داراي خلق بسیار عظیمی هستی. روایتی ظاهر اینقدر تشدد است. این قسمتش را که اولا مخصوص رسول اکرم صلی الله علیه و آله و سلم هست. ثانیا یک حقیقت بسیار بالایی را گویاست. این قسمتش را من فقط می‌خواستم برای شما امروز توضیح دهم. جمله خیلی خلاصه است. جمله خیلی خلاصه است. خدای تعالی پیامبرش را تربیت فرمود بر محبت خود و فرمود پس پس فرمود و انک لعلى خلق عظيم. یعنی اونچه که در وجود رسول الله صلوات الله علیه با تربیت و تأدیب ربوبی حاکم بود فقط محبت حق بود. البته توجه دارید که قبلا هم صحبت شده. می‌دانید در لسان قرآن و در لسان روایات از محبت حق، از محبت خدای تعالی. در اون مرحله بسیار بالا و شدیدش هم با کلمه محبت
… (truncated; see saved file for full transcript)

============================================================
SUMMARY
============================================================
Input file      : 057_57- خلق عظيم حضرت رسول(ص) 1.mp3
Provider        : ElevenLabs Scribe (scribe_v2)
Audio duration  : 26:46 (1606.00 s)
Requests        : 1
Billed duration : 1606 s (rounded up to nearest second)
Rate            : $0.22 / audio hour
Estimated cost  : $0.098144 USD
Transcript saved: /Users/mohammadreza/IslamASR/Audios/AyatollahShojaee/Mabohas_Mozui/057/057_57- خلق عظيم حضرت رسول(ص) 1.txt
============================================================
