Provider: ElevenLabs Scribe (scribe_v2)
Progress file (updated after each chunk): Audios/AyatollahShojaee/Tazkiyeh/007/007_توبه _ بحث تزکیه.partial.txt
  preparing audio (007_توبه _ بحث تزکیه.mp3)...
  21:01 → 1 request(s)
  progress file: Audios/AyatollahShojaee/Tazkiyeh/007/007_توبه _ بحث تزکیه.partial.txt
  [1/1] 0:00–21:01 (7389 KB)...
      → 13125 chars: اعوذ بالله السميع العليم من الشيطان الرجيم. بسم الله الرحمن الرحيم. یک مسائلی هم در اینجا هست که سالک باید به آن‌ها هم توجه داشته باشد. این چیه؟ مسئله اول که باید سالک توجه داشته ب…

============================================================
TRANSCRIPTION (preview)
============================================================
اعوذ بالله السميع العليم من الشيطان الرجيم. بسم الله الرحمن الرحيم. یک مسائلی هم در اینجا هست که سالک باید به آن‌ها هم توجه داشته باشد. این چیه؟ مسئله اول که باید سالک توجه داشته باشد به توبه از گناه در مقام توبه از گناه آن این است که توجهی داشته باشد این توبه از گناه را در این قدمی که شروع کرده به سوی خدا آورده، از اغراض و سوی او، سوی او را آورده. در این مرحله، در مرحله برگشت از گناه، اصلاح گناه و کنار گذاشتن آن و توبه از گناه کرده، این برای چی؟ برای اینکه خدا را می‌خواهد یا برای اینکه بالاخره باز خودش را می‌کند. چون خدا را می‌خواهد خواستن خدا با مخالفت او سازگار نیست برای او بوده یا نکند این توبه برای این بوده که از جهنم فرار کند؟ نجات پیدا کند؟ این دیگه توبه سالک اون توبه است که توجه داشته باشد توبه‌اش برای این است که خدا را می‌خواهد و خدا را خواستن با آلودگی به مخالفت او سازگار نیست. نه برای این باشد که از جهنم و از آتش فرار کند نجات پیدا کند. این معنایش این می‌شود توبه کردن برای اینکه جهنم و آتش نداشته باشد، نه برای اینکه خدا را می‌خواستن. دقت بکنید این یکی از قواعد ،قاعده صالح باید اینجور باشد. به این باید توجه داشته باشد. باز تأکید می‌کنم خوب تأمل کنید نحوه بیان را فرض کنید. توبه سالک باید این‌چنینی باشد. یعنی توبه‌اش برای این باشد، تکرار می‌کنم توبه‌اش برای این باشد که شروع کرده به حرکت به سوی خدا و خدا خواستن و خدا را مقصود خود قرار دادن. چون او را مقصود خود قرار دهد دیگه با آلودگی به بر مخالفت او نمی‌شود او را خواست. در واقع این حساب ترکس، ترک مخالفت کردن. اما اگر توبه سالک، توبه از گناه برای سالک این شيء باشد که می‌خواهد آتش نداشته باشد، این توبه سالک دلخواه نیست. توبه همان کسی است که می‌خواهد آتش نداشته باشد. این یک موضوع، اول این باید توجه داشت. موضوع دوم این که اگر توبه‌اش توبه‌ای شده، توبه از گناهش توبه‌ای شده که خوب برگشته دیگه به عالم حب و صفاء وارد شده با خدا دیگه با صفا است. با صم و صفا، صفا است با ՝حالا کلمه صم اینجا ترجمه‌اش آلوده نشه بهتره՝ با صفا است در مقام حب بوده. اگر توبه او این‌چنین توبه است در مقام حب و حبس وارد شده، دیگه خوبی برگشته و شب و روز هم که دیگه در طاعت و فرمانبرداری خاص خداست. از گناه خوبی‌اش برگشته که صفایی در خود می‌یابد. کن
… (truncated; see saved file for full transcript)

============================================================
SUMMARY
============================================================
Input file      : 007_توبه _ بحث تزکیه.mp3
Provider        : ElevenLabs Scribe (scribe_v2)
Audio duration  : 21:01 (1260.94 s)
Requests        : 1
Billed duration : 1261 s (rounded up to nearest second)
Rate            : $0.22 / audio hour
Estimated cost  : $0.077057 USD
Transcript saved: Audios/AyatollahShojaee/Tazkiyeh/007/007_توبه _ بحث تزکیه.txt
============================================================
