Provider: ElevenLabs Scribe (scribe_v2)
Progress file (updated after each chunk): Audios/AyatollahShojaee/Tazkiyeh/065/065_وقاحت و حيا1 _ بحث تزکیه.partial.txt
  preparing audio (065_وقاحت و حيا1 _ بحث تزکیه.mp3)...
  35:41 → 1 request(s)
  progress file: Audios/AyatollahShojaee/Tazkiyeh/065/065_وقاحت و حيا1 _ بحث تزکیه.partial.txt
  [1/1] 0:00–35:41 (12545 KB)...
      → 21386 chars: در مهلکات بحث می‌کردیم از جمله‌ی مهلکاتی که [مکث] در نوشته‌ها و گفته‌های علما اخلاق با توجه بر روایات و اشارات آیات وارد شده، مسئله‌ی [مکث] وقاحت است. وقاحت از مهلکات است در مقام س…

============================================================
TRANSCRIPTION (preview)
============================================================
در مهلکات بحث می‌کردیم از جمله‌ی مهلکاتی که [مکث] در نوشته‌ها و گفته‌های علما اخلاق با توجه بر روایات و اشارات آیات وارد شده، مسئله‌ی [مکث] وقاحت است. وقاحت از مهلکات است در مقام سلوک. [مکث] حالا در خصوص وقاحت من به تدریج توضیحاتی عرض می‌کنم انشاالله شما خودتون تعمق می‌کنید. البته اون در اون حدی که می‌شود توضیح داد. منتها در همین حدش را اگر دقت بفرمایید به خودی خود انشاالله اگر در مقام عمل موفق بودید ریزه کاری‌ها را خودتون انشاالله متوجه می‌شوید. وقاحت از جمله‌ی مهلکات در طریق سلوک است به طوریکه به طور کلی وقاحت مهلک است چه برای صالح چه برای غیر صالح. مطلب این است که وقاحت برای غیر صالح در اون مراحل ابتدایی‌اش مطرح است و اما برای صالح در مراتب عمیق و دقیق‌تر مطرح می‌گردد. و الا وقاحت برای هر کسی مهلک است. مسئله‌ی وقاحت یا تعریف وقاحت در یک بیان کلی اگر بخواهیم تعریف بکنیم، وقاحت عبارت است با توجه بر معنی لغوی همین کلمه، وقاحت یعنی بی‌شرمی، بی‌حیایی به اصطلاح، کم‌حیایی یا بی‌حیایی یا بی‌شرمی. شرم نداشتن در محضر حق، حیا نکردن از حق، خجالت نکشیدن در محضر حق از مهلکات است. برای همه از مهلکات است. منتها عرض کردم فرق همه با صالح مانند همه‌ی موضوعات دیگر، م-- فرق در مراتب است. یعنی بعضی چیزها، موضوعات، خصوصیات و افعال و اعمال، نیت‌هات و خطورات در مقام سلوک برای انسان وقاحت حساب می‌شود اما برای غیر صالح وقاحت حساب نمی‌شود. وقاحت غیر صالح یعنی عامه مردم عبارت است از اینکه معصیت بکند و شرم نکند. این وقاحت است برای عموم. توجه می‌کنید؟ معصیت بکند در محضر حق و شرم نکند. گناه بکند، به گناه خودش ادامه بدهد. چه در اصلش و چه، و چه در ادامه‌اش از خدا شرم نکند. این وقاحت است برای همه. مهلک است. یا معصیت نکند، اون وقاحتی که برای عامه مردم مطرح است، ولی چیزی را که خلاف عقل است، خلاف عرف است، قبیح است در نظر عقل، قبیح است در نظر عرف، اون را انجام بدهد و تکرار هم بکند و شرم هم نکند. این باز وقاحت است. محضر حق نیست، محضر شرع مقدس نیست. ولو خلاف شرع نیست ولی خلاف عقل است، خلاف عرف است. این عمل را انجام دادن باز از نظر شرع مقدس مهلک است و مأخوذ است، انسان معذب است و برای همه وقاحت است. این وقاحت برای عامه مردم. طبیعی است با این بیانی که عرض کردیم خوب دقت بفرمایید این وقاحت که برای عامه مهلک 
… (truncated; see saved file for full transcript)

============================================================
SUMMARY
============================================================
Input file      : 065_وقاحت و حيا1 _ بحث تزکیه.mp3
Provider        : ElevenLabs Scribe (scribe_v2)
Audio duration  : 35:41 (2140.88 s)
Requests        : 1
Billed duration : 2141 s (rounded up to nearest second)
Rate            : $0.22 / audio hour
Estimated cost  : $0.130832 USD
Transcript saved: Audios/AyatollahShojaee/Tazkiyeh/065/065_وقاحت و حيا1 _ بحث تزکیه.txt
============================================================
