Provider: ElevenLabs Scribe (scribe_v2)
Progress file (updated after each chunk): /Users/mohammadreza/IslamASR/Audios/AyatollahShojaee/Mabohas_Mozui/020/020_20- در مورد رفع قساوت قلب.partial.txt
  preparing audio (020_20- در مورد رفع قساوت قلب.mp3)...
  26:57 → 1 request(s)
  progress file: /Users/mohammadreza/IslamASR/Audios/AyatollahShojaee/Mabohas_Mozui/020/020_20- در مورد رفع قساوت قلب.partial.txt
  [1/1] 0:00–26:57 (9477 KB)...
      → 16810 chars: اعوذ بالله السميع العليم من الشيطان الرجيم. بسم الله الرحمن الرحيم. حالا چه باید کرد برای برطرف شدن قساوت از دل؟ البته خیلی چیزها باید کرد. اما چند چیزی را که من امروز برای شما با …

============================================================
TRANSCRIPTION (preview)
============================================================
اعوذ بالله السميع العليم من الشيطان الرجيم. بسم الله الرحمن الرحيم. حالا چه باید کرد برای برطرف شدن قساوت از دل؟ البته خیلی چیزها باید کرد. اما چند چیزی را که من امروز برای شما با استفاده از روایات و از اشارات آیات می‌گویم آنها را در نظر داشته باشید لعل شما آنها را مراعات کردید. یه مقدار قساوت‌ها کم می‌شود یا انشاالله کلاً برطرف می‌شود. باید سعی کرد که دل خاشع باشد. البته دعا هم بکنید. دعا هم بکنید. باز ناامید نباشید. در دعای صبا در همین رابطه این جمله هست و اغرس الله هم بعظمتک فی شرب جنانی ينابيع الخشوع واجر اللهم لهیبتک من 아마قی زفرات الدموع. این جمله دعای صبا هست. و اغرس اللهم بعظمتک فی شرب جنانی ينابيع الخشوع. خدایا به شهود عظمتت و به تجلی عظمتت در دل من یمبوهای خشوع را بنشان. یمبو همون نهال معنی نهال است. نهال خشوع بنشان. ترجمه ساده‌ش اینجور میشه. از خدا می‌خواهد که با تجلی عظمتش بر دل، دل را خاشع کند. بعد دنبال چی می‌گوید؟ واجر اللهم لهیبتک من 아마قی زفرات الدموع. خدایا به هیبت و مهابتت از اطراف چشمم اشک‌ها را جاری کن. یعنی وقتی دل خاشع شد، اشک‌ها هم از هیبت جریان پیدا می‌کند. چه باید کرد؟ دعا که می‌کنی چه باید کرد؟ اولین چیزی که من به شما تأکید می‌کنم، گفتم این‌ها از اشارات آیات و صراحت‌های روایات استفاده می‌شود. این است که توجه داشته باشید هرچه اولین چیزی که موجب قساوت است، هرچه عهد خدا را شکستید به همان اندازه قساوت دامنگیر خواهد شد. این یک. خوب به ذهن شماست؟ تکرار می‌کنم. هرچه عهد خدا را شکستید، قساوت دامنگیر خواهد شد. چون عهد خدا را شکستن، یکی از علل و اسباب وجود قساوت در دل است. فهمیدید؟ حالا می‌توانید بگویید چقدر عهد خدا را من و شما می‌شکنیم؟ اندازه‌ش روشنه. فهمیدید چی گفتم؟ خوب نفهمیدید. بله. یکی از علل قساوت. خب بالاخره نمی‌خواهید بفهمید چرا دل‌های ما اینجور شده؟ چرا فکر و عقل ما قبول کرده خدا و آیات خدا را؟ چرا دل‌ها سرپرست نمی‌آورد؟ چرا هرچه عرضه می‌کنیم بر دل این گناه آتش است این دل آتش نمی‌گیرد؟ چرا؟ نمی‌خواهید بفهمید چرا؟ چراش چند تاشو من عرض می‌کنم. علت این قساوت، این مرض در دل چیست؟ اولین علتش این است که هرچه انسان به هر اندازه عهد خدا را بشکند، به همان اندازه دلش چه خواهد شد؟ قساوت پیدا خواهد کرد. حالا دیگه بفرمایید رمزش چیه؟ چرا اون به این مسئله
… (truncated; see saved file for full transcript)

============================================================
SUMMARY
============================================================
Input file      : 020_20- در مورد رفع قساوت قلب.mp3
Provider        : ElevenLabs Scribe (scribe_v2)
Audio duration  : 26:57 (1617.37 s)
Requests        : 1
Billed duration : 1618 s (rounded up to nearest second)
Rate            : $0.22 / audio hour
Estimated cost  : $0.098839 USD
Transcript saved: /Users/mohammadreza/IslamASR/Audios/AyatollahShojaee/Mabohas_Mozui/020/020_20- در مورد رفع قساوت قلب.txt
============================================================
