Provider: ElevenLabs Scribe (scribe_v2)
Progress file (updated after each chunk): Audios/AyatollahShojaee/Tazkiyeh/126/126_مراحل ديگري از کشف ابصاري 2 _ بحث تزکیه.partial.txt
  preparing audio (126_مراحل ديگري از کشف ابصاري 2 _ بحث تزکیه.mp3)...
  31:25 → 1 request(s)
  progress file: Audios/AyatollahShojaee/Tazkiyeh/126/126_مراحل ديگري از کشف ابصاري 2 _ بحث تزکیه.partial.txt
  [1/1] 0:00–31:25 (11046 KB)...
      → 21179 chars: اعوذ بالله السميع العليم من الشيطان الرجيم. بسم الله الرحمن الرحيم. اگر نور بیشتر در قلب تجلی شد، سالک از خضوع کنار می‌رود و بالاخره چشم برزخی برخوردار شد. ساده‌تر بگم اینطور می‌شو…

============================================================
TRANSCRIPTION (preview)
============================================================
اعوذ بالله السميع العليم من الشيطان الرجيم. بسم الله الرحمن الرحيم. اگر نور بیشتر در قلب تجلی شد، سالک از خضوع کنار می‌رود و بالاخره چشم برزخی برخوردار شد. ساده‌تر بگم اینطور می‌شود. سالک به مرحله برزخ وارد می‌شود. در سیر و سلوکی، در سیر و سلوک در مراحلی که پیش داریم برزخ از باید بگذریم و اگر کسی از برزخ در سلوکش گذشت بعد از مردن دیگه در برزخ سیر نمی‌کند و در فوق برزخ قرار می‌گیرد. سالکی‌ست در برزخ قرار گرفته یعنی هنوز در برزخ است از چشم برزخی برخوردار است. یعنی موجودات برزخی و مثالی را می‌تواند ببیند. در اینجا البته اونجا که این نور در قلب تجلی می‌کند، خضوع را از چشم کنار می‌زند و اون چشم برزخی به کار می‌افتد. عالم برزخ یا عوالم برزخی را در صورت‌های مختلف در مراحل مختلف سالک می‌بیند یا برزخ نزولی را یا برزخ صعودی را. حالا این‌ها را یه خورده توضیح میدم دقت بکنید. برزخ نزولی عبارت است از عوالمی که قبل از این عالم است. تأمل بکنید قبل از این عالم ماده است و آنچه که در اینجا می‌شود در برزخ نزولی مشابه اون هست. اونچه در اینجا هست مشابهش در اونجا هست اما به تناسب اونجا. برزخ صعودی اون برزخی‌ست که مر-- انسان‌ها بعد از اینکه مردن در اون برزخ قرار می‌گیرند یا این برزخ صعودی را به اصطلاح می‌بیند سالک مکشوف می‌شود براش. موجودات برزخی، خصوصیات برزخیان. اینجا خب این کشف تقریباً بالاتری‌ست از کشف ابصاری. در-- اگر کشف ابصاری خلاصه شود فقط برزخیان را می‌بیند. دیگه هیچی نمی‌فهمد. توجه بکنید اگر دقت بکنید ها. اگر فقط از کشف چی برخوردار است؟ از کشف ابصاری. یعنی اگر از کشف سمعی برخوردار نیست، از کشف ذوقی، لمسی و امثال این‌ها برخوردار نیست، فقط از کشف ابصاری برخوردار است. اونم در این مورد ممکن است کسی اینجور باشد چون همه این‌ها امکان دارد. می‌بیند صرفاً مثلاً عالمی می‌بیند، موجوداتی را می‌بیند، یعنی انسان‌ها را می‌بیند مثلاً در کشف سلوک، در کشف، در برزخ صعودی. مثلاً فلان مرده را می‌بیند یا مرده‌ها را می‌بیند در چه حالی هستند، در چه احوالی هستند. مثلاً مؤمن را می‌بیند در باغ و با دوستانش هست و اونجا اینجوری می‌بینه یا کسی را معذب می‌بیند سخت. اما دیگه نه صدایی می‌شنود، نه حرفی چیزی به گوشش می‌رسد. خلاصه فقط شکلی می‌بیند چون فقط چیه؟ فقط کشف چیه؟ کشف ابصاری. البته معمولاً، معمولاً همراه م
… (truncated; see saved file for full transcript)

============================================================
SUMMARY
============================================================
Input file      : 126_مراحل ديگري از کشف ابصاري 2 _ بحث تزکیه.mp3
Provider        : ElevenLabs Scribe (scribe_v2)
Audio duration  : 31:25 (1885.07 s)
Requests        : 1
Billed duration : 1886 s (rounded up to nearest second)
Rate            : $0.22 / audio hour
Estimated cost  : $0.115199 USD
Transcript saved: Audios/AyatollahShojaee/Tazkiyeh/126/126_مراحل ديگري از کشف ابصاري 2 _ بحث تزکیه.txt
============================================================
