Provider: ElevenLabs Scribe (scribe_v2)
Progress file (updated after each chunk): /Users/mohammadreza/IslamASR/Audios/AyatollahShojaee/CheraghHedayat/014/014_درخصوص حضرت اباعبدالله (ع) (چراغ هدایت) 14_.partial.txt
  preparing audio (014_درخصوص حضرت اباعبدالله (ع) (چراغ هدایت) 14_.mp3)...
  29:43 → 1 request(s)
  progress file: /Users/mohammadreza/IslamASR/Audios/AyatollahShojaee/CheraghHedayat/014/014_درخصوص حضرت اباعبدالله (ع) (چراغ هدایت) 14_.partial.txt
  [1/1] 0:00–29:43 (10447 KB)...
      → 15045 chars: حسین، حسین، حسین، حسین. حسین، حسین، حسین، حسین. شهید کربلا حسین. حسین، حسین، حسین، حسین. غریب بن هجنا حسین. حسین، حسین، حسین- السلام علیک یا أبا عبدالله الحسین و على الأرواح التي ح…

============================================================
TRANSCRIPTION (preview)
============================================================
حسین، حسین، حسین، حسین. حسین، حسین، حسین، حسین. شهید کربلا حسین. حسین، حسین، حسین، حسین. غریب بن هجنا حسین. حسین، حسین، حسین- السلام علیک یا أبا عبدالله الحسین و على الأرواح التي حلت بحنايك. حسین، حسین، حسین، حسین. غریب بن هجنا حسین. حسین، حسین، حسین- چراغ هدایت. چراغ مصباح هدایت تویی. چراغ مصباح هدایت تویی. سفینه‌ای غصه‌ را می‌گم کنم. سفینه‌ای غصه‌ را می‌گم کنم. بسم الله الرحمن الرحيم. وَهُوَ رَبُّ الْحُسَيْنِ الَّذِي قُتِلَ مَظْلُومًا. بسم الله الرحمن الرحيم. يَا أَيَّتُهَا النَّفْسُ الْمُطْمَئِنَّةُ ارْجِعِي إِلَى رَبِّكِ رَاضِيَةً مَرْضِيَّةً. الله اکبر. سلام بر حسین و سلام بر اصحاب حسین و سلام بر شما دوستان مکتب حسین علیه السلام. دوستان چهاردهمين برنامه چراغ هدایت را می‌شنوید. در این برنامه ادامه مطالب استاد فرهیخته آیت الله محمد شجاعی را در باب شخصیت و جایگاه حضرت سید و شهدا علیه السلام می‌شنوید. در برنامه قبل استاد بزرگوار ابتدا به این مطلب اشاره داشتند که آنچه واقع می‌شود مشیت خداست و چیزی غیر از مشیت پروردگار اتفاق نمی‌افتد. سپس در ادامه شرح اثر دم امام حسین علیه السلام به داستان ظهیر اشاره کردند و نتیجه گرفتند که نظر خدا را باید از این دل پاک و قلب مقدس جلب کرد زیرا که او در مقام بقاء بعد از فناست و اراده الهی از قلب آن حضرت صدور پیدا می‌کند. اکنون ادامه مطلب را می‌شنویم. بسم الله الرحمن الرحيم. الحمد لله رب العالمين وصلى الله على محمد وآله الطاهرين. مولوی در این باب را در این خصوص کلیش تشویل می‌دهد به این که سعی بکنید که آنهایی که دلشان دل است که خدا آنجا نظر دارد، آنها به شما نظر کنند که نظر آنها نظر خداست. شد کلی گفته و این مثالش به نظر ما رسول اکرم صلوات الله، حضرات معصومین سلام الله علیهم اجمعین همه‌شون به خصوص آن که که الان داریم صحبت می‌کنیم مخصوصاً به لحاظ مختصات که در این بیت هست حضرت سید الشهدا سلام الله. حالا دیگه کلی گفته مولوی ما تطبیق می‌کنیم به این‌ها و این مطالب در خصوص این‌ها درست است، به جاست. این اشعار را می‌خوانم معنی می‌کنم. اشعار خوبی است. در این مسیر است که نظر خدا را باید از این دل‌ها به دست آورد. از این الرحمن على العرش استوى. گفت لا ینظر إلى تصویرکم. این روایتی است در این بیت اول این روایت را به چه راه آورده‌اند؟ روایتی هست که از 
… (truncated; see saved file for full transcript)

============================================================
SUMMARY
============================================================
Input file      : 014_درخصوص حضرت اباعبدالله (ع) (چراغ هدایت) 14_.mp3
Provider        : ElevenLabs Scribe (scribe_v2)
Audio duration  : 29:43 (1782.94 s)
Requests        : 1
Billed duration : 1783 s (rounded up to nearest second)
Rate            : $0.22 / audio hour
Estimated cost  : $0.108957 USD
Transcript saved: /Users/mohammadreza/IslamASR/Audios/AyatollahShojaee/CheraghHedayat/014/014_درخصوص حضرت اباعبدالله (ع) (چراغ هدایت) 14_.txt
============================================================
