Provider: ElevenLabs Scribe (scribe_v2)
Progress file (updated after each chunk): /Users/mohammadreza/IslamASR/Audios/AyatollahShojaee/Mabahese_Tohidi/008/008_مباحث-توحیدی-8.partial.txt
  preparing audio (008_مباحث-توحیدی-8.mp3)...
  23:43 → 1 request(s)
  progress file: /Users/mohammadreza/IslamASR/Audios/AyatollahShojaee/Mabahese_Tohidi/008/008_مباحث-توحیدی-8.partial.txt
  [1/1] 0:00–23:43 (8337 KB)...
      → 12547 chars: بسم الله الرحمن الرحيم. قل هو الله أحد. به نام خداوند بخشایشگر مهربان. بگو خدا یکی است. [موسیقی] توحیدنامه. با بیانات حضرت آیت الله محمد شجاعی. مقصود از بحث توحید، عبارت است از معر…

============================================================
TRANSCRIPTION (preview)
============================================================
بسم الله الرحمن الرحيم. قل هو الله أحد. به نام خداوند بخشایشگر مهربان. بگو خدا یکی است. [موسیقی] توحیدنامه. با بیانات حضرت آیت الله محمد شجاعی. مقصود از بحث توحید، عبارت است از معرفت خدای متعال، صفات خدای متعال و افعال خدای متعال. دیگر بیان دیگر به اصطلاح معرفت و احسانیت ذات مقدس حق و اینکه جز ذات او ذاتی نیست و جز صفات او صفاتی نیست و جز افعال او افعالی نیست. بسم الله الرحمن الرحیم. بر زندگی هرچه می‌خواهد سخت گیرد، اندوهی نیست. اینجا عرصه آزمون است و من به پشتوانه یاری تو به اینجا آمده‌ام. چه باک از سختی‌ها و دردوده‌ها که من در اتصال با تو دریایی بی‌پایانم. عمیق، آرام، صبور و پرتوان که هیچ توپانی مرا نمی‌شکند. چه مطمئن است قلبی که تو را دارد. چه آرامش بی‌انتهاییست در پیوستن به تو، ای بی‌همتای بی‌پایان. دوستان قرآنی سلام. در برنامه توحیدنامه از شبکه رادیویی قرآن در خدمت شمایم و از بیانات عالى عالم فرزانه حضرت آیت الله محمد شجاعی بهره‌مند می‌شویم. موضوع برنامه توحید خداوند و معرفت ذات لا یزال اوست. با ما همراه باشید. الله سبحان الله، الله سبحان الله، الله سبحان الله، الله، الله سبحان الله، الله، الله سبحان الله، الله، الله سبحان الله، الله، الله سبحان الله، الله، الله سبحان الله، الله. همکاران قرآنی حضرت آیت الله محمد شجاعی در برنامه گذشته فرمودند در زمان رسول خدا صلی الله علیه و آله و سلم عده‌ای از یاران خاص آن حضرت مانند سلمان، ابوذر و عمار اهل باطن و اهل سر بودند. یعنی اهل محبت و تزکیه و سلوک و عبادت. اینها در فکر و دل و ذکرشان جز خدا مطرح نبود و رسول خدا صلی الله علیه و آله و سلم لطف و عنایت خاصی به آنها داشت. ولی عده‌ای از مشرکان از ایشان می‌خواستند که آنها را از خود دور کند. اینجا بود که آیاتی از طرف خداوند متعال نازل شد. چنانکه خداوند در آیه بیست و هشت سوره مبارکه کهف می‌فرماید با اینها باش، با این کسانی که فقط او را می‌خوانند و تنها به او توجه می‌کنند و فقط او را یاد می‌کنند. اینها هستند که اراده وجه به او را کرده‌اند. سپس می‌فرماید کسانی را که قلبشان را از یاد خودمان غافل کرده‌ایم کنار بگذار. اینها غوطه‌ور در هوا هستند. سپس در آیه پنجاه و دو سوره مبارکه انعام نیز می‌فرماید از خود دور نکن کسانی را که پروردگارشان را می‌خوانند صبح و شام و مرتب در طلب او هستند و
… (truncated; see saved file for full transcript)

============================================================
SUMMARY
============================================================
Input file      : 008_مباحث-توحیدی-8.mp3
Provider        : ElevenLabs Scribe (scribe_v2)
Audio duration  : 23:43 (1422.79 s)
Requests        : 1
Billed duration : 1423 s (rounded up to nearest second)
Rate            : $0.22 / audio hour
Estimated cost  : $0.086948 USD
Transcript saved: /Users/mohammadreza/IslamASR/Audios/AyatollahShojaee/Mabahese_Tohidi/008/008_مباحث-توحیدی-8.txt
============================================================
