Provider: ElevenLabs Scribe (scribe_v2)
Progress file (updated after each chunk): /Users/mohammadreza/IslamASR/Audios/AyatollahShojaee/Mabohas_Mozui/061/061_61- درباره علل بي ذوقي ما در عبادت.partial.txt
  preparing audio (061_61- درباره علل بي ذوقي ما در عبادت.mp3)...
  31:58 → 1 request(s)
  progress file: /Users/mohammadreza/IslamASR/Audios/AyatollahShojaee/Mabohas_Mozui/061/061_61- درباره علل بي ذوقي ما در عبادت.partial.txt
  [1/1] 0:00–31:58 (11241 KB)...
      → 20534 chars: اعوذ بالله السميع العليم من الشيطان الرجيم. بسم الله الرحمن الرحيم. سؤال این است که سؤال می‌کرد که وقتی که ما حال نداریم برای نماز و آن سؤال در مورد نماز شب بود. نماز شب بی حالi گن…

============================================================
TRANSCRIPTION (preview)
============================================================
اعوذ بالله السميع العليم من الشيطان الرجيم. بسم الله الرحمن الرحيم. سؤال این است که سؤال می‌کرد که وقتی که ما حال نداریم برای نماز و آن سؤال در مورد نماز شب بود. نماز شب بی حالi گنده‌نده تر است یا ترک اون؟ نفهمیدم سؤالش. حالا در خصوص نماز شب بود سؤال، اما یک سؤال است که به صورت کلی هم مطرح می‌شود وقتی که یک انسان حال مناسبی ندارد، ترک اون بهتره یا به هر حال با همین بی‌حالی اون‌ها رو انجام بده؟ به طوری در این مقام که این سؤال برای کسی مطرح می‌شود اینجور جواب داده می‌شود که بر اساس استفاده‌ای که از بعضی از روایات می‌کنند، اینجور جواب داده می‌شود که اگر انسان حال برای و اشتیاق و حال مناسب برای عبادت مستحبی ندارد، اون‌ها رو انجام نده. اون وقت از اون مستحبات انجام بدهد که حال و اشتیاق خوبی دارد. و اینجور جواب داده شده است در این مقام. آن هم با استفاده از بعضی از روایات. نمی‌گم روایت این را می‌گوید، با استفاده از بعضی از روایات اینجور جواب داده شده است. ولی مسئله عمیق‌تر از این است که اینجور جواب داده بشود. همین طور سر راست کلی . هر وقت که این جوابی که در این مقام معروف شده است که استفاده شده است از روایات به نظر می‌آید که حال کسانی است که در یک منزلتهای بالای عبودی هستند. احیاناً نه به صورت اساسی و علل اساسی ریشه‌ای به وجه اصلاح معروف و مصطلح، به چیز مصطلح امروزی به صورت ریشه‌ای علت نداشته باشد. کسی که در منزلتهای بالا است و حال و احوال خوبی هم دارد، احیاناً براش یه حالت بی‌حالی یا بی‌اشتهاقی پیش میاد که نه پایین میشه، در حد همین. اونجا شاید این جواب درست باشه. اما در خصوص ماها و شماها، در خصوص ماها و شماها این جواب درست نیست. این اگر بنا بشود ما با داشتن بی‌حالی در نماز شب یا در مستحبات دیگر به لحاظ همین جواب که وقتی به چیزی اشتیاق نداری عمل نکن بیایم اون‌ها رو ترک بکنیم، این مساوی است با این که ما همیشه این‌ها رو ترک بکنیم. بفهمید. همیشه دیگه از اون مستحبات محروم می‌مانیم. وضع ما و حال ما یه چیز دیگه است. یک علل اساسی دارد. یک علت و به اصطلاح علل اساسی دارد. باید به دنباله عرض کنم حل اون علل اساسی رفت و نه اینکه عبادت مستحبی را ترک کرد. و الا اون علل مادامی که هست این بی‌حالی در ما است و ما اگر بخواهیم با بی‌حالی مستحبات را ترک بکنیم از جمله نماز شب باید برای همیشه ترک
… (truncated; see saved file for full transcript)

============================================================
SUMMARY
============================================================
Input file      : 061_61- درباره علل بي ذوقي ما در عبادت.mp3
Provider        : ElevenLabs Scribe (scribe_v2)
Audio duration  : 31:58 (1918.48 s)
Requests        : 1
Billed duration : 1919 s (rounded up to nearest second)
Rate            : $0.22 / audio hour
Estimated cost  : $0.117240 USD
Transcript saved: /Users/mohammadreza/IslamASR/Audios/AyatollahShojaee/Mabohas_Mozui/061/061_61- درباره علل بي ذوقي ما در عبادت.txt
============================================================
