Provider: ElevenLabs Scribe (scribe_v2)
Progress file (updated after each chunk): /Users/mohammadreza/IslamASR/Audios/AyatollahShojaee/Mabohas_Mozui/054/054_54- محبت وخوف خدا2.partial.txt
  preparing audio (054_54- محبت وخوف خدا2.mp3)...
  24:48 → 1 request(s)
  progress file: /Users/mohammadreza/IslamASR/Audios/AyatollahShojaee/Mabohas_Mozui/054/054_54- محبت وخوف خدا2.partial.txt
  [1/1] 0:00–24:48 (8721 KB)...
      → 15444 chars: اعوذ بالله السميع العليم من الشيطان الرجيم. بسم الله الرحمن الرحيم. صحبت اینجا رسید که هرچه هست از ربوبیت است. مثال گفتیم و گفتیم ربوبیت با اسماء می‌آید در استعدادها و محبت و خوف ه…

============================================================
TRANSCRIPTION (preview)
============================================================
اعوذ بالله السميع العليم من الشيطان الرجيم. بسم الله الرحمن الرحيم. صحبت اینجا رسید که هرچه هست از ربوبیت است. مثال گفتیم و گفتیم ربوبیت با اسماء می‌آید در استعدادها و محبت و خوف هم از ربوبیت است. وقتی دل و روح استعداد لازم را که دارد که خدا با اسمایی پیش می‌آید که او را به محبت می‌رساند یا با اسمایی پیش می‌آید که او را چی میکنه؟ به خوف می‌رساند. از خداست در شرایط استعداد خاص. صحبت این بود. در این دعای ملحق دعای عرفه بعضی جمله‌ها اشاره می‌کند به اصل این مسئله. اصل مسئله که توحید است و ربوبیت و بعد اینکه محبت و این‌ها همش از خداست. این قطعات را در آنجا می‌خوانیم. ببینید میگه که در یک قطعه‌ای در ملحق دعای عرفه است. "منک أطلب الوصول إليک". "منک أطلب الوصول إليک" عربی خوندید دیگه؟ یعنی که از تو می‌خواهم رسیدن به تو را. یعنی اگر من بخوام سیر کنم، حرکت بکنم به تو برسم این از چه خبر بود؟ از من یا از تو؟ از من یا از تو؟ جواب نمیدهید بگید، از من یا از تو؟ از خودمون. از خدا. از وسط خودمون راه دیده نمی‌شه فراموش کرد دیگه. "منک أطلب الوصول إليک" از تو می‌خواهم. اینا اون به کلی جریان اشاره می‌کنه که هرچه هست از چیست؟ از ربوبیت است اونها با اسماء. حالا بعدش مورد بحث ماست. اونجا هم قطعات دیگه عرض می‌کنم. "منک أطلب الوصول إليک" به اصل مسئله. "و بک أستدل إليک" از تو دلالت می‌خواهم به خودت. یعنی خودت مرا دلالت کن ببر پیش خودت. دقت بکنید. "سعدنی بنورك إليک" باز توحید. "و أغمنی بصدق عبودیتک بین یدیک" توحید. در یک قطعه دیگر اینجور فرمود "و أنت البادي بالإحسان قبل توجه العابدین". "أنت البادي بالإحسان قبل توجه العابدین" این جمله را هم معنی بکنید "و أنت البادي بالإحسان قبل توجه العابدین". قبل از اینکه عابد‌ها به تو متوجه شوند یعنی اونی که تو را می‌خواهد قبل از اینکه او بخواهد تو را، به تو را عبادت کند، قبل از خواستن عبودیت او مسئله قبل از اون چیه؟ این است که تو اغوا می‌کنی، تو اغواش می‌کنی. اغوا می‌کنی با اسماء او را به عبادت می‌کشی. دقت. اما اغوا خدا هم به اسمایی که او را به عبادت می‌کشد در صورت این بنده چی داشته باشد؟ استعدادشو داشته باشد. دقت می‌فرمایید. خب عرض کنم که در یک جمله دیگر این پاراگراف سوم را بخوانم. بعد بریم اینها به کلی اشاره است. بعد بریم به اصل مورد صحبت خودمون. "الهی اطل
… (truncated; see saved file for full transcript)

============================================================
SUMMARY
============================================================
Input file      : 054_54- محبت وخوف خدا2.mp3
Provider        : ElevenLabs Scribe (scribe_v2)
Audio duration  : 24:48 (1488.35 s)
Requests        : 1
Billed duration : 1489 s (rounded up to nearest second)
Rate            : $0.22 / audio hour
Estimated cost  : $0.090955 USD
Transcript saved: /Users/mohammadreza/IslamASR/Audios/AyatollahShojaee/Mabohas_Mozui/054/054_54- محبت وخوف خدا2.txt
============================================================
