Provider: ElevenLabs Scribe (scribe_v2)
Progress file (updated after each chunk): /Users/mohammadreza/IslamASR/Audios/AyatollahShojaee/Mabohas_Mozui/034/034_34- تشکیک شیطان.partial.txt
  preparing audio (034_34- تشکیک شیطان.mp3)...
  23:22 → 1 request(s)
  progress file: /Users/mohammadreza/IslamASR/Audios/AyatollahShojaee/Mabohas_Mozui/034/034_34- تشکیک شیطان.partial.txt
  [1/1] 0:00–23:22 (8218 KB)...
      → 14463 chars: اعوذ بالله السميع العليم من الشيطان الرجيم. بسم الله الرحمن الرحيم. اصل دعای عرفه را می‌خوانیم به آخر که می‌رسد اصل حضرت سید الشهدا صلوات الله علیه اون دعا را خوند به آخر که رسید ز…

============================================================
TRANSCRIPTION (preview)
============================================================
اعوذ بالله السميع العليم من الشيطان الرجيم. بسم الله الرحمن الرحيم. اصل دعای عرفه را می‌خوانیم به آخر که می‌رسد اصل حضرت سید الشهدا صلوات الله علیه اون دعا را خوند به آخر که رسید زیاد گریه کرد. مضمون روایت اینطور است که آنقدر گریه کرد که مانند نابدان از چشم‌های مبارک اون حضرت اشک جاری شد. کسانی هم بودند در اطرافش اون‌ها هم گریه می‌کردن و با صدای بلند گفت یا اسمع السامعين یا ابصر الناظرین. چند جمله را بعد از اینکه طولانی گریه کرد اون روز در آخر دعا با صدای بلند جمله‌هایی گفت که اینجور شروع می‌شود. یا اسمع السام-- با صدای بلند. اون وقت اونجا در این قسمت آخر که بعد از گریه اینجور و اینچنین گریه و با اون صدای بلند حضرت از خدا خواسته است این جمله، این است. می‌فرماید که در دعا می‌گوید که و اسألك اللهم حاجتي التي إن أعطيتنيها لم يضرني ما منعتني و إن منعتنيها لم ينفعني ما أعطيتني أسألك فكاك رقبتي من النار با این مقدمه که گفتم خوب به ذهن بکنید. بعداً هم می‌روید در دعا می‌بینید با اون گریه و با اون صدای بلند که از خدا می‌خواهد صورت و چشم اینها را به آسمان کرد و گریه می‌کرد و صدای بلند یا اسمع السامعين و اسألك اللهم بعد چند جمله می‌گوید که و اسألك اللهم حاجتي التي إن أعطيتنيها لم يضرني ما منعتني خدایا من حاجتی دارم از تو می‌خواهم و اسألك اللهم حاجتي التي اون حاجتم را از تو می‌خواهم که اگر اون حاجت را به من بدهی، عنایت کنی، هرچی دیگه نداده مهم نیست. حالا من اینجور معنی می‌کنم به من ضرر نمی‌رساند اگر اون را إن أعطيتنيها اگر اون را به من عطا کردی لم يضرني ما منعتني دیگه هرچی هم ندهی، محروم کنی از هرچی اون مهم نیست به من ضرر نمی‌رساند. و إن منعتنيها و اگر اون حاجتم را به من ندهی لم ينفعني ما أعطيتني دیگه هرچی به من بدی به درد من نمی‌خورد. نفعم به نفعم نخواهد بود. به من نفعی نخواهد رسید اگر اون را ندهی هرچی هم بدهی. خب حاجت چیه؟ أسألك فكاك رقبتي من النار حاجتم این است که مرا از آتش نجات دهی. به ذهن بکنید این دعا با این خط مشی. یک حاج، حاجتی دارم اگر نده، بدهی هرچی هم ندهی ندادی. اگر ندهی هرچی بدهی به دردم نخواهد خورد. أسألك فكاك رقبتي من النار. این زیاد چشمگیره این جمله. این دعاها را باید همیشه صحبت شده است. باید بهش دقت کرد. یک حاجت دارم اگر بدهی هرچی ندهی مهم نیست. اگر ندهی هرچی 
… (truncated; see saved file for full transcript)

============================================================
SUMMARY
============================================================
Input file      : 034_34- تشکیک شیطان.mp3
Provider        : ElevenLabs Scribe (scribe_v2)
Audio duration  : 23:22 (1402.45 s)
Requests        : 1
Billed duration : 1403 s (rounded up to nearest second)
Rate            : $0.22 / audio hour
Estimated cost  : $0.085705 USD
Transcript saved: /Users/mohammadreza/IslamASR/Audios/AyatollahShojaee/Mabohas_Mozui/034/034_34- تشکیک شیطان.txt
============================================================
