Provider: ElevenLabs Scribe (scribe_v2)
Progress file (updated after each chunk): /Users/mohammadreza/IslamASR/Audios/AyatollahShojaee/CheraghHedayat/001/001_درخصوص حضرت اباعبدالله (ع) (چراغ هدایت) 1_.partial.txt
  preparing audio (001_درخصوص حضرت اباعبدالله (ع) (چراغ هدایت) 1_.mp3)...
  25:34 → 1 request(s)
  progress file: /Users/mohammadreza/IslamASR/Audios/AyatollahShojaee/CheraghHedayat/001/001_درخصوص حضرت اباعبدالله (ع) (چراغ هدایت) 1_.partial.txt
  [1/1] 0:00–25:34 (8991 KB)...
      → 13877 chars: [شعر] حسین، حسین، حسین، حسین. حسین، حسین، حسین، حسین. شهیدِ شح صبرا حسین. حسین، حسین، حسین، حسین. غریب بنه نوا حسین. حسین، حسین، حسین- السلام علیک یا أبا عبدالله الحسین- حسین، حسین…

============================================================
TRANSCRIPTION (preview)
============================================================
[شعر] حسین، حسین، حسین، حسین. حسین، حسین، حسین، حسین. شهیدِ شح صبرا حسین. حسین، حسین، حسین، حسین. غریب بنه نوا حسین. حسین، حسین، حسین- السلام علیک یا أبا عبدالله الحسین- حسین، حسین- و على الأرواح التي حلّت بفنائك- حسین، حسین، حسین، حسین. غریب بنه نوا حسین. حسین، حسین- چراغ هدایت. چراغ و مصباح هدایت تویی. چراغ و مصباح هدایت تویی. سفینه‌ای غوص در آن یم کند. سفینه‌ای غوص در آن یم کند. بسم الله الرحمن الرحيم، و هو الولی الحمید. آینده به ملک و ملکوت است حسین. قدرش به جهانیان ثبوت است حسین. زان آیه قرآن که لبش خوان به نی، پی است که هی لا یموت است حسین. السلام علیک یا أبا عبدالله و على الأرواح التي حلّت بفنائك. سلام. سلام بر محرم و هلال غمبارش. سلام بر لب‌های تشنه و مشق‌های بی‌آب و سلام بر خیمه‌های سوخته و آزادگان در بند. و سلام بر شما دوستداران خاندان اهل بیت علیهم السلام که این روزها و شب‌ها به سوگ و ماتم نشسته و در غم مصیبت آل الله خیمه‌های عزا برپا کرده‌اید. دوستان در این ایام بر آن شدیم که سلسله بحث‌های استاد وارسته حضرت آیت الله محمد شجاعی را در باب شخصیت و نهضت امام حسین علیه السلام برایتان آماده و پخش کنیم. در این برنامه که اولین بخش از صحبت‌های استاد را خواهید شنید، آیت الله شجاعی قسمت‌هایی از زیارت مطلقه حضرت سید الشهدا علیه السلام را ترجمه می‌کنند و فرازهایی از این زیارت شریف را شرح می‌دهند و مبتنی بر این زیارت این فراز را شرح می‌کنند که حضرت را با عنوان وتر الله الموتور خطاب می‌کنیم. با هم می‌شنویم. بسم الله الرحمن الرحيم. الحمد لله رب العالمين و صلى الله على محمد و آله الطاهرين. السلام علیک یا ثار الله و ابن ثار. السلام علیک یا وتر الله الموتور في السماوات و الأرض. أشهد أن دمعك سکن في الخلد و مشؤدت له اذلة العش و بکی له جميع الخلائق و بکت له السماوات السبع و الأرضون السبع و ما فيهن و ما بينهن و من يتقلّب في الجنة و النار من خلق ربنا و ما یری و ما لا یری. أشهد أنك حجة الله و ابن حجته و أشهد أنك قتیل الله و ابن قتیله و أشهد أنك ثار الله و ابن ثاره و أشهد أنك وتر الله الموتور في السماوات و الأرض. این جملاتی که من تلاوت کردم الان از زیارت اول زیارات مطلقه امام سلام الله علیه است، حضرت سید الشهدا سلام الله علیه. خواستید بدانید بعداً [مکث] ببینید جملاتش از زیارت اول
… (truncated; see saved file for full transcript)

============================================================
SUMMARY
============================================================
Input file      : 001_درخصوص حضرت اباعبدالله (ع) (چراغ هدایت) 1_.mp3
Provider        : ElevenLabs Scribe (scribe_v2)
Audio duration  : 25:34 (1534.36 s)
Requests        : 1
Billed duration : 1535 s (rounded up to nearest second)
Rate            : $0.22 / audio hour
Estimated cost  : $0.093766 USD
Transcript saved: /Users/mohammadreza/IslamASR/Audios/AyatollahShojaee/CheraghHedayat/001/001_درخصوص حضرت اباعبدالله (ع) (چراغ هدایت) 1_.txt
============================================================
