Provider: ElevenLabs Scribe (scribe_v2)
Progress file (updated after each chunk): Audios/AyatollahShojaee/Tazkiyeh/046/046_غيبت1 _ بحث تزکیه.partial.txt
  preparing audio (046_غيبت1 _ بحث تزکیه.mp3)...
  39:35 → 1 request(s)
  progress file: Audios/AyatollahShojaee/Tazkiyeh/046/046_غيبت1 _ بحث تزکیه.partial.txt
  [1/1] 0:00–39:35 (13918 KB)...
      → 26040 chars: بسم الله الرحمن الرحیم. صحبت از ظهورات و جلوه‌های هوا بود و قسمت‌هایی را صحبت کردیم. از جمله ظهورات هوا مسئله‌ای است که به عناوین مختلف احتمالاً ممکنه یا از ممکن بالاتر گرفتارش باش…

============================================================
TRANSCRIPTION (preview)
============================================================
بسم الله الرحمن الرحیم. صحبت از ظهورات و جلوه‌های هوا بود و قسمت‌هایی را صحبت کردیم. از جمله ظهورات هوا مسئله‌ای است که به عناوین مختلف احتمالاً ممکنه یا از ممکن بالاتر گرفتارش باشیم و هستیم. مسئله‌ای است به نام اینکه حرفش را می‌زنند مسئله غیبت. از ظهورات و جلوات هواش شُبهه‌ای نیست و در اینکه از محلات چهارده اعظم است باز شُبهه‌ای نیست. عنوان کردن من این موضوع را در اینجا به عنوان جلوه‌ای از جلوه‌های هوا و ظهوری از ظهورات هوا با توجه بر اینکه اصل مسئله و تا حدودی بعضی از جوانبش برای ما روشن است برای بعضی از ریزه‌کاری‌هاست و تذکر و ریزه‌کاری‌ها و اون صورت‌هایی که این مسئله با اون صورت‌ها در وجود انسان جلوه می‌کند که ممکن است ما به بعضی از صورت‌های اون توجه نداشته باشیم و الا اصل مسئله روشن است. من اول فکر می‌کردم که بعضی از موضوعات را از جمله پیش از مسئله غیبت عنوان نکنیم چون معلوم است. الا اینکه فکر کردم بعد متوجه شدم که بعضی از صورت‌های غیبت خیلی باریک است و توجه به اون ممکنه نباشد. بر این اساس عنوان کردن اون بهتر است. اولاً در اصل مسئله غیبت اینکه از جلوات هواست شُبهه‌ای نیست و هوا به شکل‌های مختلف یا از قوه غضبیه به اصطلاح علما اخلاق سرچشمه می‌گیرد، حرص و حسد و عداوت و امثال اون‌ها و یا از قوه شهویه انسان نشأت می‌گیرد. این‌ها با تحلیل‌های دقیق و رقیب به یکی از این دو قوه می‌رسد. یا قوه غضبیه یا شهویه. و گفتم این بار تحلیلش هم عمیق است و زیاد هم احتیاج نیست من در اینجا به تحلیلش اشاره بکنم که چگونه تحلیل بکنیم این مسئله برسد به قوه غضبیه یا شهویه. خود شما تأمل بفرمایید خواهید فهمید و اگر انشاالله در مقام عمل موفق بودید بهتر خواهید فهمید. در مرحله اول و قبل از اینکه به جزئیات تقریباً دقیق این مسئله بپردازیم، اصل موضوع را از نظر آیات و روایات با ذکر بعضی از آیات به عنوان نمونه و بعضی از روایات به عنوان نمونه شروع می‌کنیم. در قرآن کریم آیه دوازده سوره حجرات را من تلاوت می‌کنم، دقت می‌کنید. آیه دوازده سوره حجرات. پس اون دفعه هم عرض کردم سوره حجرات در این باب یعنی در باب اخلاق به اصطلاح و آنچه که برای یک سالک مفید یا مضرر است، اشارات‌های زیاد و نکات دقیقی دارد. گرچه همه آیات قرآن همین طور است اما سوره حجرات یک خصوصیتی در این باب دارد. در دوازده سوره حجرات می‌خوانیم ‫یا 
… (truncated; see saved file for full transcript)

============================================================
SUMMARY
============================================================
Input file      : 046_غيبت1 _ بحث تزکیه.mp3
Provider        : ElevenLabs Scribe (scribe_v2)
Audio duration  : 39:35 (2375.28 s)
Requests        : 1
Billed duration : 2376 s (rounded up to nearest second)
Rate            : $0.22 / audio hour
Estimated cost  : $0.145156 USD
Transcript saved: Audios/AyatollahShojaee/Tazkiyeh/046/046_غيبت1 _ بحث تزکیه.txt
============================================================
