Provider: ElevenLabs Scribe (scribe_v2)
Progress file (updated after each chunk): /Users/mohammadreza/IslamASR/Audios/AyatollahShojaee/Mabohas_Mozui/012/012_12- اهميت دل 1.partial.txt
  preparing audio (012_12- اهميت دل 1.mp3)...
  26:44 → 1 request(s)
  progress file: /Users/mohammadreza/IslamASR/Audios/AyatollahShojaee/Mabohas_Mozui/012/012_12- اهميت دل 1.partial.txt
  [1/1] 0:00–26:44 (9401 KB)...
      → 14921 chars: بسم الله الرحمن الرحیم. ولقد ذرأنا لجهنم كثيرا من الجن والإنس. لهم قلوب لا يفقهون بها. ولهم أعين لا يبصرون بها. ولهم آذان لا يسمعون بها. أولئك كالأنعام بل هم أضل. أولئك هم الغافلون…

============================================================
TRANSCRIPTION (preview)
============================================================
بسم الله الرحمن الرحیم. ولقد ذرأنا لجهنم كثيرا من الجن والإنس. لهم قلوب لا يفقهون بها. ولهم أعين لا يبصرون بها. ولهم آذان لا يسمعون بها. أولئك كالأنعام بل هم أضل. أولئك هم الغافلون. این آیه است در سوره اعراف. من این آیه را برای اینکه صحبتی کرده باشیم هم به حقیقتی کاملا به اجمال در حد توان من ایجاب کن به اجمال حقیقتی از سرگایه قرآنی را بفهمیم و در ضمن تذکری هم یا درسی هم که باید اخذ کنیم آن را اخذ کنیم. آیه در سوره اعراف است. ولقد ذرأنا لجهنم كثيرا من الجن والإنس. لهم قلوب لا يفقهون بها. ولهم أعين لا يبصرون بها. ولهم آذان لا يسمعون بها. أولئك كالأنعام بل هم أضل. أولئك هم الغافلون. ترجمه آیه، ترجمه ساده‌اش. به این شکل از شما برای جهنم بسیاری از جن و انس را آماده کرده‌ایم. به راه انداخته‌ایم. یعنی به راه فساد انداخته‌ایم . اینها دل‌هایی دارند که با اون دل‌هاشون اونچه را که باید بیابند و بفهمند نمی‌یابند. اینها بی‌خبرانند. در عالم هستی و وجود نمی‌دانند چیز. چیز چیست؟ الی آخر. أولئك هم الغافلون. اینجا جهنمیان را در این آیه جهنمیان را در مراحل مختلفشون که هست حالا که اونهایی که در کفر مطلق و شرک مطلق و عناد و ظلم و طغیان و جرم در مرحله بالا باشند که در مراحل پایین‌تر. در مجموع جهنمی‌ها را فاقد دل‌هایی که دل باشد می‌داند. فاقد گوش‌هایی که گوش باشد می‌شمارد و فاقد چشم‌هایی که چشم باشد. و اینها را جمع بی‌خبر می‌نامد. نکته‌ای که در اینجا هست و من به اجمال در خصوص اون می‌خوام توضیحی در به شما باز گفتم حقیقتی را یاد بگیرید و درسی را اخذ کنید. یاد بگیریم و اخذ کنیم. این است که جهنمیان را در مجموع در هر مرتبه‌ای باشند فاقد در مرحله اول قبل از اینکه گوششون گوش باشد که حقیقت بشنود، چشمشون چشم باشد که ببیند و درس بگیرد. قبل از همه اینها جهنمیان را فاقد دل‌هایی که دل باشد می‌نامد و این اساس قضیه است. اینجا من می‌خواهم چند جمله‌ای اخذ کنم. این آیه تنها نیست. آیات زیادی در قرآن کریم هست و متأسفانه زیاد روی اون آیات و تجزیه که آیات داشته است دقت نشده است. این آیات مجموعاً این آیه یکیش هست. آیات زیادی هست با تعابیر و به اصطلاح جمله‌های مختلف و نکته‌های مختلفی در مجموع به این مسئله اشاره می‌کند و به این حقیقت و به این نکته و روش تأکید می‌کند و تجزیه می‌کند. مسئله اصلی در انسان‌ها، دل‌های 
… (truncated; see saved file for full transcript)

============================================================
SUMMARY
============================================================
Input file      : 012_12- اهميت دل 1.mp3
Provider        : ElevenLabs Scribe (scribe_v2)
Audio duration  : 26:44 (1604.38 s)
Requests        : 1
Billed duration : 1605 s (rounded up to nearest second)
Rate            : $0.22 / audio hour
Estimated cost  : $0.098045 USD
Transcript saved: /Users/mohammadreza/IslamASR/Audios/AyatollahShojaee/Mabohas_Mozui/012/012_12- اهميت دل 1.txt
============================================================
