Provider: ElevenLabs Scribe (scribe_v2)
Progress file (updated after each chunk): Audios/AyatollahShojaee/Tazkiyeh/130/130_اشتباهات وضلالتها در کشف ابصاري _ بحث تزکیه.partial.txt
  preparing audio (130_اشتباهات وضلالتها در کشف ابصاري _ بحث تزکیه.mp3)...
  19:17 → 1 request(s)
  progress file: Audios/AyatollahShojaee/Tazkiyeh/130/130_اشتباهات وضلالتها در کشف ابصاري _ بحث تزکیه.partial.txt
  [1/1] 0:00–19:17 (6779 KB)...
      → 11641 chars: اعوذ بالله السميع العليم من الشيطان الرجيم. بسم الله الرحمن الرحيم. عرض کنم که اولا در مقدمه این مطالب یعنی برای اینکه برای ما کاملا روشن باشد که در مقام مشاهده و مکاشفه و مراتب مخ…

============================================================
TRANSCRIPTION (preview)
============================================================
اعوذ بالله السميع العليم من الشيطان الرجيم. بسم الله الرحمن الرحيم. عرض کنم که اولا در مقدمه این مطالب یعنی برای اینکه برای ما کاملا روشن باشد که در مقام مشاهده و مکاشفه و مراتب مختلفش اشتباهات، لرزش‌ها پیش میاد. البته در مراحل ابتدایی بیشتر است و در اواسط کمتر است. در نهايات از اون هم کمتر. و به عکس اشتباهات مراتب اولیه ضعیف‌تر است. اواسط قوی‌تر است. نهايات کاملا خطرناک‌تر است. یعنی در مراحل اولیه مشاهده ایجاد می‌کند مشاهده و مکاشفه در مراحل ابتدایی‌ش اشتباهات و لرزش‌ها، دخالت‌های خیال و شیطان زیاد است. اما چون مراحل اولیه مکاشفه و مشاهده است از نظر کمیت زیاد است. ولی اگر کمیت تعبیرش در اینجا درست باشد ولی خطراتش در حد اون خطراتی است که در اشتباهات بالاتر پیش می‌آید نیست. در اینکه اینها هم بی‌خطر نیست و خیلی خطرات دارد که الان توضیح هم می‌دانم عرض می‌کنم بعد. ولی در اواسط که اشتباهات پیش میاد در مشاهده و مکاشفه و القاءات شیطانی پیش میاد، ضلالت‌ها پیش میاد در عین اینکه از نظر کمیت قضیه تعبیر درست باشد به نسبت به اوائل کمتر است. اما از نظر کیفیت خطراتش به اصطلاح اون هلاکت‌ها که پیش می‌آید بیشتر است و در نهايات این خطرات کامل‌تر می‌شود. در چه اشتباهات کمتر می‌شود و دخالت‌های شیطانی کمتر می‌شود. در مقدمه می‌خواستم اینو عرض کنم که برای مشاهده و مکاشفه بودن معنیش این نیست که انسان هرچی می‌یابد در مقام مشاهده و مکاشفه، صالح هرچی می‌یابد مشهور می‌افزد براش یا مکشوف می‌افزد برایش. حالا صورت‌های مختلف از هست. هرچه مشهور و مکشوف می‌افزد که کشف صوری باشد که کشف دیگر باشد که کشف صوری باشد که کشف معنوی باشد. اینها حق است. این مسئله را فراموش نکنید که آنچه مکشوف می‌افزد برای صالح در کل همش حق است. بدون استثناء همش عین حقیقت است و همش واقعی است. یعنی غلط نیست. این فقط در جایی می‌شود که فرض بکنیم اون انسانی که این مکاشفات و مشاهدات براش می‌آید معصوم باشد و معصوم هیچ کس جز معصومین سلام الله علیهم أجمعین نیستند. یعنی عصمت از خدا لازم است. عصمت در همه احوال که انسان را از دخالت‌های خیال و وهم و شیطان و اینها در مکاشفه و مشاهده حفظ می‌کند. و این عصمت هم در همه احوال کلی و همگی و شامل باشد و این فقط مخصوص معصومین است. چون دیگران معصوم نیستند. لذا در مقام مشاهده و مکاشفه از اشتباه و لرزش
… (truncated; see saved file for full transcript)

============================================================
SUMMARY
============================================================
Input file      : 130_اشتباهات وضلالتها در کشف ابصاري _ بحث تزکیه.mp3
Provider        : ElevenLabs Scribe (scribe_v2)
Audio duration  : 19:17 (1156.90 s)
Requests        : 1
Billed duration : 1157 s (rounded up to nearest second)
Rate            : $0.22 / audio hour
Estimated cost  : $0.070699 USD
Transcript saved: Audios/AyatollahShojaee/Tazkiyeh/130/130_اشتباهات وضلالتها در کشف ابصاري _ بحث تزکیه.txt
============================================================
