Provider: ElevenLabs Scribe (scribe_v2)
Progress file (updated after each chunk): /Users/mohammadreza/IslamASR/Audios/AyatollahShojaee/Asma_hosna/007/007_اسماء حُسنی 7.partial.txt
  preparing audio (007_اسماء حُسنی 7.mp3)...
  28:00 → 1 request(s)
  progress file: /Users/mohammadreza/IslamASR/Audios/AyatollahShojaee/Asma_hosna/007/007_اسماء حُسنی 7.partial.txt
  [1/1] 0:00–28:00 (9843 KB)...
      → 15781 chars: [شعر] [صدای هم پوشانی سخنرانی] مباحث عرفانی آیت الله محمد شجاعی در باب اسماء الهی. لله الأسماء الحسنی. هر اسمی که این آیه از کمال می‌کنه اسم خداست. [شعر] أسماء الحسنی. [شعر] بسم ال…

============================================================
TRANSCRIPTION (preview)
============================================================
[شعر] [صدای هم پوشانی سخنرانی] مباحث عرفانی آیت الله محمد شجاعی در باب اسماء الهی. لله الأسماء الحسنی. هر اسمی که این آیه از کمال می‌کنه اسم خداست. [شعر] أسماء الحسنی. [شعر] بسم الله الرحمن الرحیم. به نام حضرت قدیر که له الأسماء الحسنی. شنوندگان فرهیخته سلام. برنامه اسماء الحسنی را می‌شنوید که در آن سلسله مباحث عرفانی آیت الله محمد شجاعی تقدیم شما می‌شود در باب موضوع اسماء الهی و این هفتمین برنامه است. پس شما دعوت می‌کنیم بحث جلسه هفتم را بشنوید که در تاریخ سوم مرداد ماه 1360 ایران شده است. بسم الله الرحمن الرحیم. خلاصه اون مطالب مشروحی که گفته شده بود این بود که به اصطلاح ظهور ذات در اسماء یا با اسماء در عالم اسماء یا جلوه ذات در مجراهای مختلف که گفتیم عالم اسماء نامیده می‌شود. این جلوه، جلوه در جلوه گاه‌ها، تعیون با تعیون‌ها و جلوه ذات در اسماء این‌ها همون عالم اسماء. این عالم اسماء خودش مراتب دارد. گفتیم که اونجا که می‌گیم در مقام ذات حق هیچ خبری از صفات نیست، اون وقت در عوارض از آن صحبت می‌کردیم. در مقام ذات، در متن ذات حق و در مقام ذات غیب الغیوب که اون حقیقت مطلق و وجود مطلق و نور مطلق همون الله. در مقام ذات گفتیم خبری از اوصاف به عنوان اوصاف نیست. خبری از اسماء به عنوان اسماء مشخص نبود و از علی سلام الله علیه هم اون نفی صفات را خوندم یادتون هست. اونجا که توضیح می‌دادم اگر فراموش نکرده باشید گفتم که معنی‌ش این نیست که ذات مقدس حق صفت‌ها را یعنی مثلاً علم ندارد یا قدرت ندارد یا سمع ندارد. معنی‌ش این بود که ذات علم با رنگ علم را ندارد که دیگه علم باشد چیز دیگه نباشد. سمع را با رنگ سمع ندارد. بصیر را به عنوان بصیر ندارد و همه صفات دیگر. اونجا که ذات جلوه کرده در عالم اسماء با اسماء مختلف، شبهه‌ای نیست که اسماء مختلف هست، مختلف یعنی متنوع. اما در هر اسم که شما حساب بکنید به سراغ هر اسمی برید که ظهور خاصی است غیر از اون ظهور دیگر، به سراغ هر اسمی برید، به سراغ هر ظهوری برید، به سراغ هر جلوه‌ای برید، جلوه اون ذات هست. ذاتی که درش همه صفات به صورت مشخص نه، ولی همه صفات هست. درش قدرت است. الان این جلوه‌ای که علیم است الان اینجا قدرت چیه؟ هست. این قدرت است. این علیم قدرت است. این علیم شمی هم هست. این علیم جمیل است. این علیم افو است. این علیم بدیع است. الی آخر دیگه به ش
… (truncated; see saved file for full transcript)

============================================================
SUMMARY
============================================================
Input file      : 007_اسماء حُسنی 7.mp3
Provider        : ElevenLabs Scribe (scribe_v2)
Audio duration  : 28:00 (1679.72 s)
Requests        : 1
Billed duration : 1680 s (rounded up to nearest second)
Rate            : $0.22 / audio hour
Estimated cost  : $0.102650 USD
Transcript saved: /Users/mohammadreza/IslamASR/Audios/AyatollahShojaee/Asma_hosna/007/007_اسماء حُسنی 7.txt
============================================================
