Provider: ElevenLabs Scribe (scribe_v2)
Progress file (updated after each chunk): /Users/mohammadreza/IslamASR/Audios/AyatollahShojaee/Mabohas_Mozui/003/003_3- اسرار ولايت خداوند بر مؤمنين.partial.txt
  preparing audio (003_3- اسرار ولايت خداوند بر مؤمنين.mp3)...
  21:48 → 1 request(s)
  progress file: /Users/mohammadreza/IslamASR/Audios/AyatollahShojaee/Mabohas_Mozui/003/003_3- اسرار ولايت خداوند بر مؤمنين.partial.txt
  [1/1] 0:00–21:48 (7667 KB)...
      → 13874 chars: بسم الله الرحمن الرحیم. خواستم امروز برای شما موضوعی از موضوعات قرآنی باز کنم که توضیح داده باشم. موضوعات قرآنی از معارف قرآن هست که خواستم امروز برای شما در حدی که میشود البته در …

============================================================
TRANSCRIPTION (preview)
============================================================
بسم الله الرحمن الرحیم. خواستم امروز برای شما موضوعی از موضوعات قرآنی باز کنم که توضیح داده باشم. موضوعات قرآنی از معارف قرآن هست که خواستم امروز برای شما در حدی که میشود البته در این جلسه توضیح داد، توضیح بدهم. موضوع ولایت حق است. ولایت خداست. این را میخواستم هم توضیح بدهم هم تا حدودی بفهمید و هم تذکر لازم را برای خودمون حفظ کنیم. خوب ایشالله که تذکر کنید. البته گفتم در حدی که میشود در اینجا توضیح داد، من توضیح میدهم. اسرار این مسئله یعنی ولایت خدا در خصوص انسان و در خصوص بنده، اسرار این مسئله، حقایق این مسئله و اعجایبش حتی بسیار زیاد است. آنقدر اسرار دارد اونها که اهلش هستند مییابند که اصلا نمیشود گفت. نمیشود به زبان آمد. اون اسراری که گفته است در ولایت حق نسبت به بنده، اون حقایقی که گفته است بسیارش هم نمیشود گفت. بسیاری از گفتنی‌هاش را هم همه جا نمیشود گفت. اون اندازه که میشود اینجا گفت، من چند جلدی صحبت میکنم. این موضوع رو همه ما و شما شنیده‌ایم. گوش شما خورده است از آیاتش، از روایات مربوط به این موضوع و بالاخره مجموعاً فهمیده‌ایم که چیزی هست به نام ولایت خدا نسبت به بنده. یعنی کسی بنده‌ای تحت ولایت حق قرار می‌گیرد. ببینیم معنی‌اش چیست. باز بکنیم این مسئله را تا حدودی که عملاً تذکر لازم برای خودمون را هم با باز شدن این موضوع حفظ بکنیم. هم موضوعی است از معارف قرآن هم برای ما تذکراست. تذکر لازم است. خب در آیه ای که، آیه ای که همه میخوانیم، آیه‌الکرسی. اونجا میخوانیم الله ولی الذین آمنوا یخرجهم من الظلمات الی النور. اینجا این آیه هست. این جمله را هم تلاوت کردم. الله ولی الذین آمنوا یخرجهم من الظلمات الی النور. خدای تعالی ولی صادقان ایمان است. یعنی آنها را تحت ولایت خود دارد. ولایت امر آن‌ها را دارد. تدبیر امر آن‌ها را دارد. خدا و مؤمنین را. یخرجهم من الظلمات. بعد چون ولایت آن‌ها را دارد، آن‌ها را از ظلمات بیرون می‌آورد و به عوالم نور وارد می‌کند. ببینیم این ولایت چیست؟ البته الان توضیح دادم معلوم می‌شود که این الذین آمنوا چیست. نه هر کسی که ایمان داشته باشد ولو صوری، ولو ایمانی که به اصطلاح لغزش‌ها در بین داشته باشد. حالا این معلوم می‌شود الذین آمنوا با توضیح everlasting. ببینیم ولایت خدا چیست؟ اولاً توجه داشته باشیم قرآن کریم که ولایت خدا را مطرح می‌کند که خدا ولا
… (truncated; see saved file for full transcript)

============================================================
SUMMARY
============================================================
Input file      : 003_3- اسرار ولايت خداوند بر مؤمنين.mp3
Provider        : ElevenLabs Scribe (scribe_v2)
Audio duration  : 21:48 (1308.42 s)
Requests        : 1
Billed duration : 1309 s (rounded up to nearest second)
Rate            : $0.22 / audio hour
Estimated cost  : $0.079959 USD
Transcript saved: /Users/mohammadreza/IslamASR/Audios/AyatollahShojaee/Mabohas_Mozui/003/003_3- اسرار ولايت خداوند بر مؤمنين.txt
============================================================
