Provider: ElevenLabs Scribe (scribe_v2)
Progress file (updated after each chunk): Audios/AyatollahShojaee/Tazkiyeh/080/080_عصبيت و غيرت _ بحث تزکیه.partial.txt
  preparing audio (080_عصبيت و غيرت _ بحث تزکیه.mp3)...
  32:52 → 1 request(s)
  progress file: Audios/AyatollahShojaee/Tazkiyeh/080/080_عصبيت و غيرت _ بحث تزکیه.partial.txt
  [1/1] 0:00–32:52 (11554 KB)...
      → 21495 chars: اعوذ بالله السميع العليم من الشيطان الرجيم. بسم الله الرحمن الرحيم. از محرکات که باید سالک از اون اجتناب بکند مسئله عصبیت هست. غیر از غضب و عصبانیت عصبیت. توجه بکنید. عصبیت محرک اس…

============================================================
TRANSCRIPTION (preview)
============================================================
اعوذ بالله السميع العليم من الشيطان الرجيم. بسم الله الرحمن الرحيم. از محرکات که باید سالک از اون اجتناب بکند مسئله عصبیت هست. غیر از غضب و عصبانیت عصبیت. توجه بکنید. عصبیت محرک است. عصبیت معنیش چیه؟ باز اشتباه نشه ها عصبانیت، غضب که صحبت کردیم و یه چیز دیگر تنخویی فلان، اونو صحبت کردیم. عصبیت که به اصطلاح هواخواهی غیرمحقانه اینو میگن عصبیت. در واقع اگه بخواهیم عصبیت را تعریف بکنیم عبارت است از اینکه انسان حمایت بکند از خودش، از کسانش، از فامیلش، از اولادش، از زن و بچه‌اش، از دوستانش، از نزدیکانش، از اونهایی که با اونها یک نوع خلاصه رابطه دارد، حساب کتاب دارد، از اونها حمایت نابحق بکند، طرفداری نابحق بکند. این میگن عصبیت. اینم از محرکات عظيمه است. سالکی که قدم در طریق گذاشت باید از اول هوشیار باشد، دیگه فقط حق براش مطرح باشد. این حق در هر کجا باشد اونجا باشد و از باطل وجودش کنار باشد. این باطل در هر کجا باشد، پدرش باشد، مادرش باشد، برادر و خواهر باشد، زن و بچه باشد، دوست باشد، اقربا باشد. باطل در اون جانب بود باید محکوم بکند. حق در هر کجا بود ولو بر علیه خودش هم بود باید حق را چه بکنه؟ حق را بگوید و حمایت بکند. بالاخره در کل از حق حمایت بکند. کسی که حمایت می‌کند از خود و از اقربا و نزدیکان و دوستان خودش نابحق و غیرمنصفانه و خارج از حق و عدالت، این گرفتار عصبیت است و متأسفانه خیلی از مؤمنین هم به این مسئله گرفتار هستند. اصلاً می‌بینید الان متأسفانه خیلی هم زیاد شده اینجور که انسان گاهی مطالعه می‌کند، می‌بیند. اصلاً عصبیت که اصولاً از اوصاف جاهلیت است که قرآن کریم این صفت را هم می‌خواست کلی از بین ببرد، متأسفانه زیاد به چشم می‌خورد در بین مؤمنین. شما انشاالله اگر خواستید سالک موفق باشید باید خیلی پرهیز بکنید از عصبیت . عصبیت را قرآن کریم در آیه بیست و شش سوره فتح با همیت جاهلیت ازش تعبیر می‌کند. همیت جاهلیت. سوره فتح آیه بیست و شش ՝ [آیه قرآن] در قلب عده‌ای را گفت بعضی اوقات هم می‌فرماید اینا در قلبشون همیت جاهلیت، تعصب به اصطلاح عصبیتی که در دورو-- در دوران جاهلیت بود. در اینجا من به روایاتی اشاره می‌کنم و شما خوب حساب بکنید که رمز در این روایات نهفته است. من از شما اول قبل از اینکه معنی بکنم روایت را، اینا تحلیل است. این تحلیل‌ها خیلی خوب به یادتان باشد. یه وقتی شما
… (truncated; see saved file for full transcript)

============================================================
SUMMARY
============================================================
Input file      : 080_عصبيت و غيرت _ بحث تزکیه.mp3
Provider        : ElevenLabs Scribe (scribe_v2)
Audio duration  : 32:52 (1971.79 s)
Requests        : 1
Billed duration : 1972 s (rounded up to nearest second)
Rate            : $0.22 / audio hour
Estimated cost  : $0.120498 USD
Transcript saved: Audios/AyatollahShojaee/Tazkiyeh/080/080_عصبيت و غيرت _ بحث تزکیه.txt
============================================================
