Provider: ElevenLabs Scribe (scribe_v2)
Progress file (updated after each chunk): /Users/mohammadreza/IslamASR/Audios/AyatollahShojaee/Mabohas_Mozui/015/015_15- پيرامون خشيت از پروردگار.partial.txt
  preparing audio (015_15- پيرامون خشيت از پروردگار.mp3)...
  33:40 → 1 request(s)
  progress file: /Users/mohammadreza/IslamASR/Audios/AyatollahShojaee/Mabohas_Mozui/015/015_15- پيرامون خشيت از پروردگار.partial.txt
  [1/1] 0:00–33:40 (11835 KB)...
      → 21831 chars: اعوذ بالله السميع العليم من الشيطان الرجيم. بسم الله الرحمن الرحيم. خود را مقصر دیدن در مقام عبودیت در عین مجاهدت هرچه کامل‌تر باشد. این خودش از رموز عبودیت است. عرض کنم که باید تو…

============================================================
TRANSCRIPTION (preview)
============================================================
اعوذ بالله السميع العليم من الشيطان الرجيم. بسم الله الرحمن الرحيم. خود را مقصر دیدن در مقام عبودیت در عین مجاهدت هرچه کامل‌تر باشد. این خودش از رموز عبودیت است. عرض کنم که باید توجه داشته باشیم عبودیت و بندگی خدای تعالی بسیار رموز ظریفی دارد. متأسفانه از اون رموزش معمولا ماها که فکر می‌کنیم از اهل بندگی و اراده هستیم، قاصر هستیم. یکی این نکته‌ست. یکی این نکته‌ست از رموز عبودیت. اون نکته که می‌خوام توضیح بدم که اشاره کردم مسئله خود را مقصر دیدن، دانستن، معترف به تقصیر خود بودن در عین مجاهدت. هرچه مجاهدت کامل‌تر باشد همین طور. این از یکی از رموز عبودیت است که زیاد شناخته نیست و توجه به اون نمی‌شود و قرآن روایات روی این و همچنین اونچه که از قطعات دعا‌ها استفاده می‌شود روی این حساب خاصی باز کرده است. اون سوی قضیه که انسان معترف به تقصیر خودش نباشد در عبودیت یعنی اهل مجاهدت است ولی اعتراف به تقصیر ندارد. معترف به تقصیرش نیست و چون اهل مجاهدت است مجاهدات خود را چیزی می‌بیند، روی اون تکیه می‌کند. این خودش نه تنها از راه صحیح عبودیت منحرف شدن است، اصلاً به دامن اغواهای شیطانی بسیار سخت افتادن هم هست. بسیار خطرناکی که گرفتار به این موضوع هم زیاد است. دقت می‌کنید؟ حالا من قبلاً یه چند تا آیه است که در این ارتباط است اون را تلاوت می‌کنم. بعد، بعد از آیات یه توضیحی و یک روایت هم اشاره می‌کنم. این آیات را که تلاوت می‌شنیدیم سوره مؤمنون است یادتان باشد و شماره‌های آیات را هم عرض کنم. از آیات پنجاه و هفت است تا شصت و یک. آیات اینجور شروع می‌شود. من می‌خوانم و ترجمه می‌کنم و اونچه که منظور هست اون را یه مقدار اشاره می‌کنم. "إن الذين هم من خشية ربهم مشفقون" اینجور شروع می‌شود "إن الذين هم من خشية ربهم مشفقون" اون‌هایی که، اون‌ها که از خشیت پروردگارشون یعنی از پروردگارشون می‌ترسند و در حال اشفاق هستند و خشیت دارند، می‌ترسند. "والذين هم بآيات ربهم يؤمنون" اول خصوصیت از خصوصیات این دسته از مؤمنین را چی، چی بیان فرمود؟ همان خشیت. اون‌ها که از پروردگارشون می‌ترسند "والذين هم بآيات ربهم يؤمنون" و اون‌ها که به آیات پروردگارشون ایمان می‌آورند "والذين هم بربهم لا يشركون" و اون‌ها که به پروردگارشون شریک قرار نمی‌دهند "والذين يؤتون ما آتوا و قلوبهم مجتنة أنهم إلى ربهم راجعون" و اون‌ها که مجاه
… (truncated; see saved file for full transcript)

============================================================
SUMMARY
============================================================
Input file      : 015_15- پيرامون خشيت از پروردگار.mp3
Provider        : ElevenLabs Scribe (scribe_v2)
Audio duration  : 33:40 (2019.78 s)
Requests        : 1
Billed duration : 2020 s (rounded up to nearest second)
Rate            : $0.22 / audio hour
Estimated cost  : $0.123431 USD
Transcript saved: /Users/mohammadreza/IslamASR/Audios/AyatollahShojaee/Mabohas_Mozui/015/015_15- پيرامون خشيت از پروردگار.txt
============================================================
