Provider: ElevenLabs Scribe (scribe_v2)
Progress file (updated after each chunk): Audios/AyatollahShojaee/Tazkiyeh/113/113_ربوبیت حق چگونه با اسماء جلال برای سالک تجلی میگردد _ بحث تزکیه.partial.txt
  preparing audio (113_ربوبیت حق چگونه با اسماء جلال برای سالک تجلی میگردد _ بحث تزکیه.mp3)...
  20:45 → 1 request(s)
  progress file: Audios/AyatollahShojaee/Tazkiyeh/113/113_ربوبیت حق چگونه با اسماء جلال برای سالک تجلی میگردد _ بحث تزکیه.partial.txt
  [1/1] 0:00–20:45 (7297 KB)...
      → 12034 chars: اعوذ بالله السميع العليم من الشيطان الرجيم. بسم الله الرحمن الرحيم. چند روایت از نهج البلاغه از بیان علی سلام الله علیه در این زمینه می‌خوانیم. پس با شروع صعود اولین چیزی که شروع م…

============================================================
TRANSCRIPTION (preview)
============================================================
اعوذ بالله السميع العليم من الشيطان الرجيم. بسم الله الرحمن الرحيم. چند روایت از نهج البلاغه از بیان علی سلام الله علیه در این زمینه می‌خوانیم. پس با شروع صعود اولین چیزی که شروع می‌شود این است و این در مدارج صعود کامل‌تر می‌شود. در مدارج صعود کامل‌تر می‌شود. می‌بینید که در منازل عالی چه می‌شود. خب، حالا امیرالمؤمنین صلوات الله علیه در خطبه همام. حالا این که این‌ها حرف خود من بوده که در روایت نیست. من عربی نوشتم حالا شما گوش دهید و نگاه کنید. در خطبه همام که امام همام که در نهج البلاغه شنیده‌اید که این خطبه‌ها یا خنده خطبه‌ها در آنجا که علی سلام الله علیه خصوصیات اهل خدا را می‌شمارد، در آنجا زیارت اسم مطالعه بکنید خطبه همام. یعنی همان خطبه‌ست که علی سلام الله علیه شمرد و شمرد و شمرد خود خود. همونجا همام افتاد و مرد. این همان خطبه‌ست. بعد تا اینکه به حضرت علی گفت چرا تو باعث شدی فلان مرد که حالا فلان مواظبت کنی شیطان در وجودت زیاد دخالت کند. اونجا افتاد و مرد. همام از اون خاصان بود، خوبان بود. صحبت کرد علی سلام الله علیه از اون اون‌ها که بنده خدا شهید حاج آقا می‌گوید که اگه یک بار بشنوم بنده‌ام گفتی دیگه که خود خود کسی است. خود بندگان خدا مبتدی کسی‌ها نیست. علی شمرد شمرد که از آنجا همه را در خودش بر خودش منطبق دید از قسمت شعبه نتوانست و همونجا افتاد. علی سلام الله علیه که می‌شمرد شمرد در آخر برانات علی سلام الله علیه افتاد و مرد. این چیز جالبی چیز عجیبی است. چرا مرد؟ چه شد؟ به هر صورت در اونجا علی سلام الله علیه این مطلب را به عنوان یک از خصوصیات خوبان اشاره می‌کند. همین تهذیب کردن از اول صعود شروع می‌شود. که در روایت چند جمله من می‌خوانم. می‌فرماید و کل نفس اصلح عنده من نفسه. هر که نزد او از او بهتر است. دقت می‌کنید؟ و کل نفس اصلح عنده من نفسه. هر کسی نزد او نزد این مرد خدا نزد او از او بهتر است در جمع فکر او خود را مجرم‌تر می‌بیند از همه. در عین مجاهدت در عین طلب و طلب. عامل بعیبه شاقل بغمه. مرد خدا عیب توجه بر عیبش دارد مشغول غم و غصه خودش است. توجه بر عیبش دارد مشغول غم و غصه خودش است. این هم مثال دوم. باز در همان خطبه در همان برانات در جایی می‌فرماید و یکته على عیب نفسه. مرتب نفسش دائماً بر عیب می‌بیند و می‌خندد. پس جمله چهارم. و می‌فرماید نفسه نفسه فی انا عن ال
… (truncated; see saved file for full transcript)

============================================================
SUMMARY
============================================================
Input file      : 113_ربوبیت حق چگونه با اسماء جلال برای سالک تجلی میگردد _ بحث تزکیه.mp3
Provider        : ElevenLabs Scribe (scribe_v2)
Audio duration  : 20:45 (1245.24 s)
Requests        : 1
Billed duration : 1246 s (rounded up to nearest second)
Rate            : $0.22 / audio hour
Estimated cost  : $0.076098 USD
Transcript saved: Audios/AyatollahShojaee/Tazkiyeh/113/113_ربوبیت حق چگونه با اسماء جلال برای سالک تجلی میگردد _ بحث تزکیه.txt
============================================================
