Provider: ElevenLabs Scribe (scribe_v2)
Progress file (updated after each chunk): /Users/mohammadreza/IslamASR/Audios/AyatollahShojaee/CheraghHedayat/013/013_درخصوص حضرت اباعبدالله (ع) (چراغ هدایت) 13_.partial.txt
  preparing audio (013_درخصوص حضرت اباعبدالله (ع) (چراغ هدایت) 13_.mp3)...
  27:04 → 1 request(s)
  progress file: /Users/mohammadreza/IslamASR/Audios/AyatollahShojaee/CheraghHedayat/013/013_درخصوص حضرت اباعبدالله (ع) (چراغ هدایت) 13_.partial.txt
  [1/1] 0:00–27:04 (9516 KB)...
      → 14528 chars: حسین، حسین، حسین، حسین. حسین، حسین، حسین، حسین. شهید به که سلام حسین. حسین، حسین، حسین، حسین. غریب به که یاران حسین. حسین، حسین، حسین- السلام علیک یا أبا عبدالله الحسین. حسین، حسین…

============================================================
TRANSCRIPTION (preview)
============================================================
حسین، حسین، حسین، حسین. حسین، حسین، حسین، حسین. شهید به که سلام حسین. حسین، حسین، حسین، حسین. غریب به که یاران حسین. حسین، حسین، حسین- السلام علیک یا أبا عبدالله الحسین. حسین، حسین- وعلی الأرواح التي حلت بحرایك. حسین، حسین. غریب به که یاران حسین. حسین- چراغ هدایت. چراغ مصباح هدایت تویی. چراغ مصباح هدایت تویی. سفینه‌ای غصه‌ را یم کند. سفینه‌ای غصه‌ را یم کند. بسم الله الرحمن الرحیم و هو رب الحسین الذي قتل عطشانا. بسم الله الرحمن الرحیم. يا أيتُها النفس المطمئنة ارجعي إلى ربك راضية مرضية. الله. سلام بر حسین و سلام بر عاشقان حسین و سلام بر شما دوستداران مکتب حسین علیه السلام. دوستان، سیزدهم این برنامه چراغ هدایت را می‌شنوید که اختصاص دارد به بحث‌های استاد وارسته آیت الله محمد شجاعی در باب شخصیت حضرت سید الشهدا ابا عبدالله الحسین علیه السلام. در برنامه قبل استاد توضیح دادند که چرا از آن حضرت مطالب کمی نقل شده است. سپس به شرح این مطلب پرداختند که قلب آن بزرگوار مجرای اراده حق است و هرچه در نظام وجود اتفاق می‌افتد از آن قلب صادر می‌شود. بدین معنا که قلب مقدس حضرتش در نظام علل و اسباب سبب مقرر شده حضرت حق است برای جریان یافتن اراده الهی. آنگاه به دو داستان اشاره کردند که اثر دم آن حضرت را که دم رحمانی است روشن‌تر می‌کند. اکنون ادامه مطالب استاد را می‌شنویم. بسم الله الرحمن الرحیم. الحمد لله رب العالمین و صلی الله على محمد و آله الطاهرين. اینجا نکته را بدانید حضرت باید تسلیم می‌شد در برابر مشیت حق در جریان کربلا و آن مصائب تا آن مقاصدی که خدا می‌خواهد پیاده شود. این نکته همیشه نظرتون باشد. توانستید خدا فکر شما را به راه آورد فکر بکنید جز مقاصد ربوبی در این نظام وجود چیزی دیگری پیاده نمی‌شود. نه خواست من پیاده می‌شود، نه خواست شما، نه خواست هیچ کس دیگر، نه همش خیال است. آنچه خدا خواسته باید آن شود. خدا مقاصدی داشته و از جمله راه‌های پیاده شدن آن مقاصد این بود که باید حضرتش با آن مقام که در نزد خدا داشت اگر اشاره می‌کرد همه آن جمع در روز عاشورا که أن لم یکن قرار می‌گرفتند و همه چیز با آن‌ها اثار در می‌آورد. آسمان و زمین، مرکب‌هایشان و حتی خودشان، حتی بدن‌شان با روح‌شان، روح‌شان با بدن‌شان، چشم و گوش‌شان با خودشان اگر بخواند اینطور می‌شود. حالا این‌ها را من نمی‌دانم شما چقدر م
… (truncated; see saved file for full transcript)

============================================================
SUMMARY
============================================================
Input file      : 013_درخصوص حضرت اباعبدالله (ع) (چراغ هدایت) 13_.mp3
Provider        : ElevenLabs Scribe (scribe_v2)
Audio duration  : 27:04 (1624.03 s)
Requests        : 1
Billed duration : 1625 s (rounded up to nearest second)
Rate            : $0.22 / audio hour
Estimated cost  : $0.099246 USD
Transcript saved: /Users/mohammadreza/IslamASR/Audios/AyatollahShojaee/CheraghHedayat/013/013_درخصوص حضرت اباعبدالله (ع) (چراغ هدایت) 13_.txt
============================================================
