Provider: ElevenLabs Scribe (scribe_v2)
Progress file (updated after each chunk): Audios/AyatollahShojaee/Tazkiyeh/093/093_آثاريقين 2 _ بحث تزکیه.partial.txt
  preparing audio (093_آثاريقين 2 _ بحث تزکیه.mp3)...
  32:33 → 1 request(s)
  progress file: Audios/AyatollahShojaee/Tazkiyeh/093/093_آثاريقين 2 _ بحث تزکیه.partial.txt
  [1/1] 0:00–32:33 (11442 KB)...
      → 20018 chars: اعوذ بالله السميع العليم من الشيطان الرجيم. بسم الله الرحمن الرحيم. اثر ديگري از يقين را براي شما از روايات می‌خوانم. ارباب يقين در مقام دقت بکنيد. این سی تا اثر را با استفاده از ر…

============================================================
TRANSCRIPTION (preview)
============================================================
اعوذ بالله السميع العليم من الشيطان الرجيم. بسم الله الرحمن الرحيم. اثر ديگري از يقين را براي شما از روايات می‌خوانم. ارباب يقين در مقام دقت بکنيد. این سی تا اثر را با استفاده از روی آیات که شما عرض کردم به عنوان نمونه فقط اینها نیست و به بعضی از آثار یقین که صاحبان یقین در مقام یقین از اون آثار برخوردار هستند، به بعضی از روایات وارد در کتب معصومین صلوات الله علیهم اجمعین که استفاده می‌کنیم هم اشاره می‌کنم به بعضی. در یقین کسی که در منزلت یقین است به لحاظ اینکه توحید فعلی برای صاحبان یقین معلوم است، همجا خدا را می‌بینند و همه کار را از خدا می‌بینند. خدا را با روحش در همجا شاهد هستند. به لحاظ همین مسئله ارباب یقین در منزلت یقین در مراتب مختلف دارای توکل، تسلیم، رضا و تخلیص‌اند. اینها رو به اجمال میگم که تفسیر نمی‌کنم باشد تفسیرش به محل خودش. کسی که در منزلت یقین است صاحب توکل است به آن معنا از توکل که اسمش را تا حدودی توصیفش را شنیده‌اید. صاحب تسلیم است. صاحب رضای به قضای حق است. صاحب تخلیص است. تخلیص نه به معنی تخویج در مقابل جبر حتی تخلیص منزلتیست برای اصحاب یقین که امور را کلاً به خدا می‌سپارند. ارباب یقین از این چهار فضیلت برخوردارند چون به توحید فعلی رسیده‌اند که تو-- توضیحش را گفتم، همجا او را و ربوبیت او را شاهد می‌شوند و هر چیزی را از او می‌بینند. او را فقط مؤثر می‌بینند. همه اسباب از کنار رفته از برابر دید اون‌ها، در همین‌ها به لحاظ همین مسئله از این آثار هم برخوردارند. متوکل‌اند، در حال تسلیم‌اند، در حال رضا هستند و در حال چه هستند؟ در حال تخلیص‌اند. اینها توضیحش خیلی طولانی است خودش و فرق اینها که یه خورده به هم مشابهه ، اممم مثلاً یه مقدار دقیقه فرق اینها. فرق توکل، تسلیم، رضا و تخلیص همه به هم مشابه هستند ولی فرق‌هایی که دارند اینها با همدیگه فرق‌های دقیق و ظریفی دارند. صاحب یقین اینجوریست. در این زمینه من به روایتی که اشاره می‌کنم دقت می‌تونید-- روایت را از اصول کافی برای شما می‌خوانم بعدم توضیح هم باز عرض می‌کنم. اصول کافی، جلد سوم، باب فضل الإيمان علی الإسلام واليقين علی الإيمان، یه باب است. در اونجا این روایت را از امام رضا سلام الله علیه نقل می‌کند. یونس قال سألت أبا الحسن الرضا علیه السلام من از امام رضا سلام الله علیه سؤال کردم عن الإيمان والإسلام
… (truncated; see saved file for full transcript)

============================================================
SUMMARY
============================================================
Input file      : 093_آثاريقين 2 _ بحث تزکیه.mp3
Provider        : ElevenLabs Scribe (scribe_v2)
Audio duration  : 32:33 (1952.68 s)
Requests        : 1
Billed duration : 1953 s (rounded up to nearest second)
Rate            : $0.22 / audio hour
Estimated cost  : $0.119330 USD
Transcript saved: Audios/AyatollahShojaee/Tazkiyeh/093/093_آثاريقين 2 _ بحث تزکیه.txt
============================================================
