Provider: ElevenLabs Scribe (scribe_v2)
Progress file (updated after each chunk): /Users/mohammadreza/IslamASR/Audios/AyatollahShojaee/Mabahese_Tohidi/016/016_مباحث-توحیدی-16.partial.txt
  preparing audio (016_مباحث-توحیدی-16.mp3)...
  24:03 → 1 request(s)
  progress file: /Users/mohammadreza/IslamASR/Audios/AyatollahShojaee/Mabahese_Tohidi/016/016_مباحث-توحیدی-16.partial.txt
  [1/1] 0:00–24:03 (8456 KB)...
      → 13286 chars: بسم الله الرحمن الرحيم. قل هو الله أحد. به نام خداوند بخشایشگر مهربان. بگو خدا یکی است. توحید نامه. با بیانات حضرت آیت الله محمد شجاعی. مقصود از بحث توحید عبارت است از معرفت خدای م…

============================================================
TRANSCRIPTION (preview)
============================================================
بسم الله الرحمن الرحيم. قل هو الله أحد. به نام خداوند بخشایشگر مهربان. بگو خدا یکی است. توحید نامه. با بیانات حضرت آیت الله محمد شجاعی. مقصود از بحث توحید عبارت است از معرفت خدای متعال، صفات خدای متعال و افعال خدای متعال. به یک بیان دیگر به اصطلاح معرفت و حرانیت ذات مقدس حق و اینکه جز ذات او ذاتی نیست و جز صفات او صفاتی نیست و جز افعال او افعالی نیست. بسم الله الرحمن الرحيم. ای بی‌خبر بکوش که صاحب خبر شوی تا راه رو نباشی کی راه برشوی. در مکتب حقایق و پیش ادیب عشق هان ای پسر بکوش که رونزی پدر شوی. دست از مس وجود چو مردان ره بشوی تا کیمیای عشق بیابی و زر شوی. خواب و خرد ز مرتبه خویش دور کرد. آنگه رسی به خویش که بی خواب و خور شوی. گر نور عشق حق به دل و جان تو افتد به لهک ز آفتاب فلک خوبتر شوی. وجه خدا اگر شودت منظر نظر زین پس شکی نماند که صاحب نظر شوی. بنیاد هستی تو چو زیر و زبر شود در دل مدار هیچ که زیر و زبر شوی. دوستان قرآنی سلام. ویژه برنامه توحید نامه را می‌شنوید از رادیو قرآن و بهره‌مند می‌شوید از بیانات عالمانه دانشمند فرزانه حضرت آیت الله محمد شجاعی. با ما همراه باشید. [آواز] حسلی الرب من المخلوق. حسلی الخالق من المخلوق. حسلی الرازق من المرزوق. حسلی الله رب العالمين. حسلی الرب من المخلوق. حسلی الخالق من المخلوق. حسلی الرازق من المرزوق. حسلی الله رب العالمين. دوستان شنونده حضرت آیت الله محمد شجاعی در برنامه گذشته فرمودند مرحله‌ای داریم در ذکر و طلب عبودیت که مرحله فناست. فنای در مطلوب و معبود یعنی جدا شدن از اغیار و از خود و فانی شدن در حق و مطلوب. سالک مرحله فنا را در مراحلی طی می‌کند. یک سلسله حقایق و ادراکات در باطن شخص پیدا می‌شود و کم‌کم کامل می‌شود تا جایی که سالک فعل خودش را در فعل خدای متعال فانی می‌بیند. یعنی می‌بیند که همه حرکات و سکناتش را با رضای خدا و اراده او تطبیق کرده است. بعد از فنای فعلی، فنای وصفی برای سالک پیش می‌آید یعنی اوصافش را در اوصاف خدا فانی می‌بیند که این مرحله دوم فناست. سپس ذات خود را در نور ذات حق فانی می‌بیند و در نهایت اینکه فنای فعلی، فنای وصفی و فنای ذاتی همه از وجه خدا تجاوز نمی‌کنند. چون انسان ذاتش، وصفش و فعلش مانند موجودات دیگر از جلوات وجه حق‌اند. خب دوستان اکنون توجه شما را جلب می‌کنیم به ادامه بیانات ارزشمند حضرت آیت ال
… (truncated; see saved file for full transcript)

============================================================
SUMMARY
============================================================
Input file      : 016_مباحث-توحیدی-16.mp3
Provider        : ElevenLabs Scribe (scribe_v2)
Audio duration  : 24:03 (1443.02 s)
Requests        : 1
Billed duration : 1444 s (rounded up to nearest second)
Rate            : $0.22 / audio hour
Estimated cost  : $0.088185 USD
Transcript saved: /Users/mohammadreza/IslamASR/Audios/AyatollahShojaee/Mabahese_Tohidi/016/016_مباحث-توحیدی-16.txt
============================================================
