  001_احراز ۱.mp3  container=1099.91s  decoded=1099.88s  → 001_play.m4a (1099.89s)
  002_احراز ۲.mp3  container=729.55s  decoded=729.52s  → 002_play.m4a (729.52s)
  003_احراز ۳.mp3  container=640.29s  decoded=640.26s  → 003_play.m4a (640.26s)
  004_احراز ۴.mp3  container=723.28s  decoded=723.25s  → 004_play.m4a (723.25s)
  005_احراز ۵ .mp3  container=814.84s  decoded=814.81s  → 005_play.m4a (814.81s)
  006_احراز ۶.mp3  container=841.64s  decoded=841.61s  → 006_play.m4a (841.61s)
  007_احراز ۷.mp3  container=703.06s  decoded=703.03s  → 007_play.m4a (703.03s)
  008_احراز ۸.mp3  container=796.63s  decoded=796.60s  → 008_play.m4a (796.61s)
  009_احراز ۹.mp3  container=719.18s  decoded=719.15s  → 009_play.m4a (719.15s)
  010_احراز ۱۰.mp3  container=749.79s  decoded=749.76s  → 010_play.m4a (749.77s)
  011_احراز ۱۱.mp3  container=691.02s  decoded=690.99s  → 011_play.m4a (690.99s)
  012_احراز ۱۲.mp3  container=1059.19s  decoded=1059.16s  → 012_play.m4a (1059.16s)
  013_احراز ۱۳.mp3  container=685.09s  decoded=685.06s  → 013_play.m4a (685.06s)
  014_احراز ۱۴.mp3  container=901.12s  decoded=901.09s  → 014_play.m4a (901.10s)
  015_احراز ۱۵.mp3  container=886.99s  decoded=886.96s  → 015_play.m4a (886.96s)
  016_احراز ۱۶.mp3  container=534.13s  decoded=534.10s  → 016_play.m4a (534.10s)
  017_احراز ۱۷ .mp3  container=611.08s  decoded=611.05s  → 017_play.m4a (611.06s)
  018_احراز ۱۸.mp3  container=819.04s  decoded=819.01s  → 018_play.m4a (819.02s)
  019_احراز ۱۹.mp3  container=886.96s  decoded=886.93s  → 019_play.m4a (886.94s)
  020_احراز ۲۰.mp3  container=909.87s  decoded=909.84s  → 020_play.m4a (909.85s)
  021_احراز ۲۱.mp3  container=797.68s  decoded=797.65s  → 021_play.m4a (797.65s)
  022_جلسه۲۲(۱) احراز و عوذات.mp3  container=551.13s  decoded=551.11s  → 022_play.m4a (551.12s)
  023_جلسه۲۳(۲) احراز و عوذات .mp3  container=246.62s  decoded=246.61s  → 023_play.m4a (246.61s)
  024_جلسه۲۴(۳)احراز و عوذات.mp3  container=863.63s  decoded=863.62s  → 024_play.m4a (863.62s)
  025_جلسه۲۵(۴) احراز و عوذات.mp3  container=525.58s  decoded=525.57s  → 025_play.m4a (525.57s)
  026_جلسه۲۶(۵) احراز و عوذات.mp3  container=356.57s  decoded=356.55s  → 026_play.m4a (356.56s)
  027_جلسه۲۷(۶) احراز و عوذات.mp3  container=313.23s  decoded=313.22s  → 027_play.m4a (313.22s)
  028_نظر خاص علامه در مورد رهبر.mp3  container=116.09s  decoded=0.00s  → 028_play.m4a (116.06s)
  029_جلسه۲۸(۷) احراز و عوذات..mp3  container=704.50s  decoded=0.00s  → 029_play.m4a (704.47s)
  030_جلسه ۲۹(۸) احراز و عوذات... .mp3  container=246.41s  decoded=246.38s  → 030_play.m4a (246.39s)
  031_جلسه۳۰(۹) احراز و عوذات.mp3  container=362.55s  decoded=362.50s  → 031_play.m4a (362.51s)
  032_جلسه۳۱(۱۰) احراز و عوذات.mp3  container=515.81s  decoded=515.80s  → 032_play.m4a (515.80s)
  033_نکات شب دوم (1).mp3  container=685.63s  decoded=0.00s  → 033_play.m4a (687.20s)
  034_4 توصیه اکید استاد. .mp3  container=90.83s  decoded=90.80s  → 034_play.m4a (90.80s)
  035_نكته عرشى.mp3  container=362.19s  decoded=0.00s  → 035_play.m4a (362.16s)
  036_بخش دوم سخنرانی مراسم عرفه در جوار شهدای گمنام لواسان 5-3-1405.mp3  container=1174.20s  decoded=1175.95s  → 036_play.m4a (1175.95s)
  037_پیرامون کلمه 24 حضرت علامه.mp3  container=286.15s  decoded=0.00s  → 037_play.m4a (286.12s)
  038_لواسان 17 خرداد .mp3  container=4973.36s  decoded=4973.32s  → 038_play.m4a (4973.33s)
  039_جلسه۳۲(۱۱) احراز و عوذات .mp3  container=674.21s  decoded=674.19s  → 039_play.m4a (674.20s)
  040_جلسه پانزدهم سفره کرامت حسنی.mp3  container=4090.04s  decoded=4089.99s  → 040_play.m4a (4089.99s)
  041_108976131621391.mp3  container=857.50s  decoded=857.45s  → 041_play.m4a (857.45s)
  042_جلسه۳۳(۱۳) احراز و عوذات.mp3  container=248.11s  decoded=248.10s  → 042_play.m4a (248.10s)
  043_استاد عبدالزهرا.mp3  container=291.76s  decoded=0.00s  → 043_play.m4a (291.71s)
  044_جلسه۳۴(۱۴) احراز و عوذات.mp3  container=543.37s  decoded=543.32s  → 044_play.m4a (543.33s)
  045_جلسه۳۵(۱۶) احراز و عوذات.mp3  container=320.89s  decoded=320.85s  → 045_play.m4a (320.86s)
  046_جلسه۳۶(۱۷) احراز و عوذات.mp3  container=397.42s  decoded=397.40s  → 046_play.m4a (397.40s)
  047_جلسه۳۷(۱۸) احراز و عوذات .mp3  container=638.57s  decoded=638.55s  → 047_play.m4a (638.56s)
  048_جلسه۳۸(۱۹) احراز و عوذات.mp3  container=465.50s  decoded=465.46s  → 048_play.m4a (465.47s)
  049_جلسه۳۹(۲۰) احراز وعوذات.mp3  container=728.62s  decoded=728.60s  → 049_play.m4a (728.61s)
done: 49 file(s)
