Bucket : islamic-asr-media
Endpoint: https://s3.ir-thr-at1.arvanstorage.ir
Files  : 49

→     s3://islamic-asr-media/bayat/ehras_awzat/001/001_play.m4a (13.7 MB) …
      new multipart UploadId=2~z9eHA6KQXaZ_IoH6KI…
      uploading 3 part(s) with 2 streams
      part 2 ok  (5.2/13.7 MB, 38%)
      part 3 ok  (8.4/13.7 MB, 62%)
      part 1 ok  (13.7/13.7 MB, 100%)
ok    20.1s  (0.68 MB/s)
→     s3://islamic-asr-media/bayat/ehras_awzat/002/002_play.m4a (9.1 MB) …
      new multipart UploadId=2~YJ5ak9JMjaqdiwieuz…
      uploading 2 part(s) with 2 streams
      part 2 ok  (3.8/9.1 MB, 42%)
      part 1 ok  (9.1/9.1 MB, 100%)
ok    24.8s  (0.37 MB/s)
→     s3://islamic-asr-media/bayat/ehras_awzat/003/003_play.m4a (8.0 MB) …
      new multipart UploadId=2~jocK9MsLXIqLnhrump…
      uploading 2 part(s) with 2 streams
      part 1 ok  (5.2/8.0 MB, 66%)
      part 2 ok  (8.0/8.0 MB, 100%)
ok    14.8s  (0.54 MB/s)
→     s3://islamic-asr-media/bayat/ehras_awzat/004/004_play.m4a (9.0 MB) …
      new multipart UploadId=2~2qwrc2IlsTPKNRzN82…
      uploading 2 part(s) with 2 streams
      part 2 ok  (3.7/9.0 MB, 42%)
      part 1 ok  (9.0/9.0 MB, 100%)
ok    29.2s  (0.31 MB/s)
→     s3://islamic-asr-media/bayat/ehras_awzat/005/005_play.m4a (10.1 MB) …
      new multipart UploadId=2~dTg6TnR69Hvg17el41…
      uploading 2 part(s) with 2 streams
      part 2 ok  (4.9/10.1 MB, 48%)
      part 1 ok  (10.1/10.1 MB, 100%)
ok    27.3s  (0.37 MB/s)
→     s3://islamic-asr-media/bayat/ehras_awzat/006/006_play.m4a (10.4 MB) …
      new multipart UploadId=2~4BgECN85qX-rl48OPP…
      uploading 2 part(s) with 2 streams
      part 1 ok  (5.2/10.4 MB, 50%)
      part 2 ok  (10.4/10.4 MB, 100%)
ok    24.3s  (0.43 MB/s)
→     s3://islamic-asr-media/bayat/ehras_awzat/007/007_play.m4a (8.7 MB) …
      new multipart UploadId=2~DFEQs9rfZsx0ntdR3G…
      uploading 2 part(s) with 2 streams
      part 2 ok  (3.5/8.7 MB, 40%)
      part 1 ok  (8.7/8.7 MB, 100%)
ok    23.8s  (0.37 MB/s)
→     s3://islamic-asr-media/bayat/ehras_awzat/008/008_play.m4a (9.9 MB) …
      new multipart UploadId=2~FfYr9livznSvFhEjUu…
      uploading 2 part(s) with 2 streams
      part 1 ok  (5.2/9.9 MB, 53%)
      part 2 ok  (9.9/9.9 MB, 100%)
ok    20.6s  (0.48 MB/s)
→     s3://islamic-asr-media/bayat/ehras_awzat/009/009_play.m4a (8.9 MB) …
      new multipart UploadId=2~QffoEZuqgQF1l6qBGN…
      uploading 2 part(s) with 2 streams
      part 2 ok  (3.7/8.9 MB, 41%)
      part 1 ok  (8.9/8.9 MB, 100%)
ok    23.5s  (0.38 MB/s)
→     s3://islamic-asr-media/bayat/ehras_awzat/010/010_play.m4a (9.3 MB) …
      new multipart UploadId=2~lPRKXilkjhNJSqp-io…
      uploading 2 part(s) with 2 streams
      part 1 ok  (5.2/9.3 MB, 56%)
      part 2 ok  (9.3/9.3 MB, 100%)
ok    17.9s  (0.52 MB/s)
→     s3://islamic-asr-media/bayat/ehras_awzat/011/011_play.m4a (8.6 MB) …
      new multipart UploadId=2~drqN3jooo7kpvii3dK…
      uploading 2 part(s) with 2 streams
      part 2 ok  (3.3/8.6 MB, 39%)
      part 1 ok  (8.6/8.6 MB, 100%)
ok    26.3s  (0.33 MB/s)
→     s3://islamic-asr-media/bayat/ehras_awzat/012/012_play.m4a (13.2 MB) …
      new multipart UploadId=2~BV7rcNXNWiDSqQrleV…
      uploading 3 part(s) with 2 streams
      part 1 ok  (5.2/13.2 MB, 40%)
      part 2 ok  (10.5/13.2 MB, 80%)
      part 3 ok  (13.2/13.2 MB, 100%)
ok    36.0s  (0.37 MB/s)
→     s3://islamic-asr-media/bayat/ehras_awzat/013/013_play.m4a (8.5 MB) …
      new multipart UploadId=2~IDH8SiFf5JhALGyJKh…
      uploading 2 part(s) with 2 streams
      part 2 ok  (3.3/8.5 MB, 38%)
      part 1 ok  (8.5/8.5 MB, 100%)
ok    21.3s  (0.40 MB/s)
→     s3://islamic-asr-media/bayat/ehras_awzat/014/014_play.m4a (11.2 MB) …
      new multipart UploadId=2~tgCvYLQuPHPwx3ci96…
      uploading 3 part(s) with 2 streams
      part 2 ok  (5.2/11.2 MB, 47%)
      part 1 ok  (10.5/11.2 MB, 93%)
      part 3 ok  (11.2/11.2 MB, 100%)
ok    31.4s  (0.36 MB/s)
→     s3://islamic-asr-media/bayat/ehras_awzat/015/015_play.m4a (11.0 MB) …
      new multipart UploadId=2~RiPFQclfwQ6CVJ-KnT…
      uploading 3 part(s) with 2 streams
      part 2 ok  (5.2/11.0 MB, 47%)
      part 1 ok  (10.5/11.0 MB, 95%)
      part 3 ok  (11.0/11.0 MB, 100%)
ok    25.4s  (0.43 MB/s)
→     s3://islamic-asr-media/bayat/ehras_awzat/016/016_play.m4a (6.6 MB) …
      new multipart UploadId=2~pYQ5cxIqFkqwJBsliH…
      uploading 2 part(s) with 2 streams
      part 2 ok  (1.4/6.6 MB, 21%)
      part 1 ok  (6.6/6.6 MB, 100%)
ok    14.4s  (0.46 MB/s)
→     s3://islamic-asr-media/bayat/ehras_awzat/017/017_play.m4a (7.6 MB) …
      new multipart UploadId=2~8bioYKiTWuO7MugtgA…
      uploading 2 part(s) with 2 streams
      part 2 ok  (2.4/7.6 MB, 31%)
      part 1 ok  (7.6/7.6 MB, 100%)
ok    9.2s  (0.83 MB/s)
→     s3://islamic-asr-media/bayat/ehras_awzat/018/018_play.m4a (10.2 MB) …
      new multipart UploadId=2~byitQoAu6OUNjvAtt6…
      uploading 2 part(s) with 2 streams
      part 2 ok  (5.0/10.2 MB, 49%)
      part 1 ok  (10.2/10.2 MB, 100%)
ok    25.7s  (0.40 MB/s)
→     s3://islamic-asr-media/bayat/ehras_awzat/019/019_play.m4a (11.1 MB) …
      new multipart UploadId=2~PGAFTbFN2H76gBCB4a…
      uploading 3 part(s) with 2 streams
      part 2 ok  (5.2/11.1 MB, 47%)
      part 3 ok  (5.8/11.1 MB, 53%)
      part 1 ok  (11.1/11.1 MB, 100%)
ok    23.0s  (0.48 MB/s)
→     s3://islamic-asr-media/bayat/ehras_awzat/020/020_play.m4a (11.3 MB) …
      new multipart UploadId=2~42PLk5udDTPyPPoG7D…
      uploading 3 part(s) with 2 streams
      part 1 ok  (5.2/11.3 MB, 46%)
      part 2 ok  (10.5/11.3 MB, 93%)
      part 3 ok  (11.3/11.3 MB, 100%)
ok    29.1s  (0.39 MB/s)
→     s3://islamic-asr-media/bayat/ehras_awzat/021/021_play.m4a (10.0 MB) …
      new multipart UploadId=2~IDeu6Djx9w036xL_YM…
      uploading 2 part(s) with 2 streams
      part 2 ok  (4.7/10.0 MB, 47%)
      part 1 ok  (10.0/10.0 MB, 100%)
ok    27.6s  (0.36 MB/s)
→     s3://islamic-asr-media/bayat/ehras_awzat/022/022_play.m4a (6.7 MB) …
      new multipart UploadId=2~fDR6SM-jtVlv83wTb7…
      uploading 2 part(s) with 2 streams
      part 1 ok  (5.2/6.7 MB, 78%)
      part 2 ok  (6.7/6.7 MB, 100%)
ok    14.9s  (0.45 MB/s)
→     s3://islamic-asr-media/bayat/ehras_awzat/023/023_play.m4a (3.0 MB) …
ok    10.0s  (0.30 MB/s)
→     s3://islamic-asr-media/bayat/ehras_awzat/024/024_play.m4a (10.5 MB) …
      new multipart UploadId=2~7k6yVRdl8guJc6ZlWi…
      uploading 2 part(s) with 2 streams
      part 2 ok  (5.2/10.5 MB, 50%)
      part 1 ok  (10.5/10.5 MB, 100%)
ok    28.8s  (0.36 MB/s)
→     s3://islamic-asr-media/bayat/ehras_awzat/025/025_play.m4a (6.4 MB) …
      new multipart UploadId=2~ZdXqjYlLX8KfYGJp39…
      uploading 2 part(s) with 2 streams
      part 2 ok  (1.1/6.4 MB, 18%)
      part 1 ok  (6.4/6.4 MB, 100%)
ok    29.8s  (0.21 MB/s)
→     s3://islamic-asr-media/bayat/ehras_awzat/026/026_play.m4a (4.3 MB) …
ok    13.8s  (0.31 MB/s)
→     s3://islamic-asr-media/bayat/ehras_awzat/027/027_play.m4a (3.8 MB) …
ok    12.0s  (0.32 MB/s)
→     s3://islamic-asr-media/bayat/ehras_awzat/028/028_play.m4a (1.4 MB) …
ok    6.3s  (0.22 MB/s)
→     s3://islamic-asr-media/bayat/ehras_awzat/029/029_play.m4a (8.6 MB) …
      new multipart UploadId=2~QGuhcy1fr2cCzx42w8…
      uploading 2 part(s) with 2 streams
      part 2 ok  (3.3/8.6 MB, 39%)
      part 1 ok  (8.6/8.6 MB, 100%)
ok    26.1s  (0.33 MB/s)
→     s3://islamic-asr-media/bayat/ehras_awzat/030/030_play.m4a (3.0 MB) …
ok    9.1s  (0.33 MB/s)
→     s3://islamic-asr-media/bayat/ehras_awzat/031/031_play.m4a (4.4 MB) …
ok    14.6s  (0.30 MB/s)
→     s3://islamic-asr-media/bayat/ehras_awzat/032/032_play.m4a (6.3 MB) …
      new multipart UploadId=2~GW2Jd3QZMKVGOYOXam…
      uploading 2 part(s) with 2 streams
      part 2 ok  (1.0/6.3 MB, 16%)
      part 1 ok  (6.3/6.3 MB, 100%)
ok    22.1s  (0.28 MB/s)
→     s3://islamic-asr-media/bayat/ehras_awzat/033/033_play.m4a (8.5 MB) …
      new multipart UploadId=2~Jti8pRxvkg1fm4x3sm…
      uploading 2 part(s) with 2 streams
      part 2 ok  (3.3/8.5 MB, 38%)
      part 1 ok  (8.5/8.5 MB, 100%)
ok    28.4s  (0.30 MB/s)
→     s3://islamic-asr-media/bayat/ehras_awzat/034/034_play.m4a (1.1 MB) …
ok    5.4s  (0.20 MB/s)
→     s3://islamic-asr-media/bayat/ehras_awzat/035/035_play.m4a (4.4 MB) …
ok    14.1s  (0.31 MB/s)
→     s3://islamic-asr-media/bayat/ehras_awzat/036/036_play.m4a (14.3 MB) …
      new multipart UploadId=2~iqRB4cSdGvtaJinqhb…
      uploading 3 part(s) with 2 streams
      part 1 ok  (5.2/14.3 MB, 37%)
      part 2 ok  (10.5/14.3 MB, 73%)
      part 3 ok  (14.3/14.3 MB, 100%)
ok    34.0s  (0.42 MB/s)
→     s3://islamic-asr-media/bayat/ehras_awzat/037/037_play.m4a (3.4 MB) …
ok    11.6s  (0.30 MB/s)
→     s3://islamic-asr-media/bayat/ehras_awzat/038/038_play.m4a (59.1 MB) …
      new multipart UploadId=2~s_kErsOKdMABfEXRE6…
      uploading 12 part(s) with 2 streams
      part 1 ok  (5.2/59.1 MB, 9%)
      part 2 ok  (10.5/59.1 MB, 18%)
      part 3 ok  (15.7/59.1 MB, 27%)
      part 4 ok  (21.0/59.1 MB, 35%)
      part 5 ok  (26.2/59.1 MB, 44%)
      part 6 ok  (31.5/59.1 MB, 53%)
      part 7 ok  (36.7/59.1 MB, 62%)
      part 9 ok  (41.9/59.1 MB, 71%)
      part 8 ok  (47.2/59.1 MB, 80%)
      part 11 ok  (52.4/59.1 MB, 89%)
      part 12 ok  (53.9/59.1 MB, 91%)
      part 10 ok  (59.1/59.1 MB, 100%)
ok    80.7s  (0.73 MB/s)
→     s3://islamic-asr-media/bayat/ehras_awzat/039/039_play.m4a (8.2 MB) …
      new multipart UploadId=2~BV04n4EaOZqDApigEq…
      uploading 2 part(s) with 2 streams
      part 2 ok  (3.0/8.2 MB, 36%)
      part 1 ok  (8.2/8.2 MB, 100%)
ok    28.4s  (0.29 MB/s)
→     s3://islamic-asr-media/bayat/ehras_awzat/040/040_play.m4a (47.6 MB) …
      new multipart UploadId=2~IPOEXn4TVSuCH6BJ57…
      uploading 10 part(s) with 2 streams
      part 1 ok  (5.2/47.6 MB, 11%)
      part 2 ok  (10.5/47.6 MB, 22%)
      part 3 ok  (15.7/47.6 MB, 33%)
      part 4 ok  (21.0/47.6 MB, 44%)
      part 5 ok  (26.2/47.6 MB, 55%)
      part 6 ok  (31.5/47.6 MB, 66%)
      part 7 ok  (36.7/47.6 MB, 77%)
      part 9 ok  (41.9/47.6 MB, 88%)
      part 8 ok  (47.2/47.6 MB, 99%)
      part 10 ok  (47.6/47.6 MB, 100%)
ok    58.5s  (0.81 MB/s)
→     s3://islamic-asr-media/bayat/ehras_awzat/041/041_play.m4a (10.5 MB) …
      new multipart UploadId=2~QCu1jPb_0IvhOyHQLa…
      uploading 3 part(s) with 2 streams
      part 2 ok  (5.2/10.5 MB, 50%)
      part 1 ok  (10.5/10.5 MB, 100%)
      part 3 ok  (10.5/10.5 MB, 100%)
ok    15.9s  (0.66 MB/s)
→     s3://islamic-asr-media/bayat/ehras_awzat/042/042_play.m4a (3.0 MB) …
ok    11.6s  (0.26 MB/s)
→     s3://islamic-asr-media/bayat/ehras_awzat/043/043_play.m4a (3.6 MB) …
ok    11.4s  (0.32 MB/s)
→     s3://islamic-asr-media/bayat/ehras_awzat/044/044_play.m4a (6.6 MB) …
      new multipart UploadId=2~bWIGPyqg5i_r0BGYFk…
      uploading 2 part(s) with 2 streams
      part 2 ok  (1.4/6.6 MB, 21%)
      part 1 ok  (6.6/6.6 MB, 100%)
ok    28.3s  (0.23 MB/s)
→     s3://islamic-asr-media/bayat/ehras_awzat/045/045_play.m4a (3.9 MB) …
ok    12.8s  (0.31 MB/s)
→     s3://islamic-asr-media/bayat/ehras_awzat/046/046_play.m4a (4.9 MB) …
ok    3.9s  (1.26 MB/s)
→     s3://islamic-asr-media/bayat/ehras_awzat/047/047_play.m4a (7.8 MB) …
      new multipart UploadId=2~wa6sqq0i-TRVQNfKVf…
      uploading 2 part(s) with 2 streams
      part 2 ok  (2.6/7.8 MB, 33%)
      part 1 ok  (7.8/7.8 MB, 100%)
ok    26.7s  (0.29 MB/s)
→     s3://islamic-asr-media/bayat/ehras_awzat/048/048_play.m4a (5.7 MB) …
      new multipart UploadId=2~1viV_fEUaaR1ntRdvN…
      uploading 2 part(s) with 2 streams
      part 2 ok  (0.4/5.7 MB, 8%)
      part 1 ok  (5.7/5.7 MB, 100%)
ok    29.4s  (0.19 MB/s)
→     s3://islamic-asr-media/bayat/ehras_awzat/049/049_play.m4a (8.9 MB) …
      new multipart UploadId=2~btZn5VUtuIEfL5O-fh…
      uploading 2 part(s) with 2 streams
      part 2 ok  (3.7/8.9 MB, 41%)
      part 1 ok  (8.9/8.9 MB, 100%)
ok    25.8s  (0.34 MB/s)

Uploaded 49, skipped 0, failed 0 in 19.1 min
Public base: https://islamic-asr-media.s3.ir-thr-at1.arvanstorage.ir
