Provider: ElevenLabs Scribe (scribe_v2)
Progress file (updated after each chunk): Audios/AyatollahShojaee/Tazkiyeh/038/038_مداهنه وسستي درامربه معروف ونهي از منکر2 _ بحث تزکیه.partial.txt
  preparing audio (038_مداهنه وسستي درامربه معروف ونهي از منکر2 _ بحث تزکیه.mp3)...
  32:30 → 1 request(s)
  progress file: Audios/AyatollahShojaee/Tazkiyeh/038/038_مداهنه وسستي درامربه معروف ونهي از منکر2 _ بحث تزکیه.partial.txt
  [1/1] 0:00–32:30 (11424 KB)...
      → 22155 chars: بسم الله الرحمن الرحیم. روایات نکاتی دارد. بعضی‌ها بوده‌اند و هستند الان هم هستند در بین مسلک‌های مختلف درویشی و در بین غیر اونها کسانی هستند که طریق سلوک را حتی مدعی هستند در آن ط…

============================================================
TRANSCRIPTION (preview)
============================================================
بسم الله الرحمن الرحیم. روایات نکاتی دارد. بعضی‌ها بوده‌اند و هستند الان هم هستند در بین مسلک‌های مختلف درویشی و در بین غیر اونها کسانی هستند که طریق سلوک را حتی مدعی هستند در آن طریق هستند و اما امر به معروف و نهی از منکر را نادیده می‌گیرند و اصلاً این کار را میگن نباید باشد اینجور. در بعضی از روایات به روش سلوک این چنینی که با حذف امر به معروف و نهی از منکر است یعنی توأم با مداهنه است اشاره فرموده. عجیب است یعنی در روایات به همه چیز اشاره شده. این روایتی که الآن می‌خوانم به این روایت خوب دقت می‌کنیم. وسائل ش-- جلد شش وسایل شیعه است. مدرکش را هم عرض می‌کنم. جلد شش وسایل شیعه، ابواب امر و نهی، ابواب الأمر والنهی و ما يناسبهما، باب یک، حدیث یک. عن أبي جعفر وأبي عبد الله عليهما السلام سندها را من ننوشتم، قال امام باقر و امام صادق فرمود سلام الله علیهما وایل لقوما وای به حال قومی که لا يدينون الله بالأمر بالمعروف والنهي عن المنكر یعنی سوی خدا در حرکت‌شون امر به معروف و نهی از منکر را حذف می‌کنند. وای به حال اونها که در دین و حرکت‌شون به سوی خدا این دو را حذف می‌کنند. این به همون‌ها اشاره است که گفتم. وای به حال اونها. باز در همین جلد شش وسایل شیعه در ابواب الأمر والنهي و ما يناسبهما، باب یک، حدیث دو. کلینی مرحوم با سند قال، قال أبو جعفر عليه السلام امام باقر فرمود بئس القوم قوم يعيبون، يعيبون الأمر بالمعروف والنهي عن المنكر چه بد قومی هستند آن قومی که عیب میگ- عیب می‌گیرند از امر به معروف را و نهی از منکرها، نهی از منکر را. من از این نوع درویش‌ها خودم دیدم. اصلاً عیب می‌گیرند واقعاً. نمیگم همه درویش‌ها چون حق را باید گفت. کاری هم ندارم همه درویش‌ها چه جور هستند. این حرف من تثبیط یا تحسیق اونها هم نیست. ولی عده‌ای یعنی اونچه که موقعی که میگیم باید واقعیت را نقل بکنیم. عده‌ای از درویش‌ها اینجور هستند و از اینا من دیدم واقعاً هم عیب می‌کنند. یعنی عیب میگیرن. میگن نباید کاری داشت. نباید. حتی اینها به بعضی از روایاتی که فهم اون روایت کار من و اونها نیست استناد کردند که روایتی مثلاً هست که اگر مردم بعضی چیزها را می‌دانستند هیچکس هیچکسی را ملامت نمی‌کرد. اینجور روایاتی. این گفتم إن حديثنا صعب المستصعب خودشون فرمودن ااا این اگر این حدیث را ما به، به این معنی معنی بکنیم ها، اگر
… (truncated; see saved file for full transcript)

============================================================
SUMMARY
============================================================
Input file      : 038_مداهنه وسستي درامربه معروف ونهي از منکر2 _ بحث تزکیه.mp3
Provider        : ElevenLabs Scribe (scribe_v2)
Audio duration  : 32:30 (1949.58 s)
Requests        : 1
Billed duration : 1950 s (rounded up to nearest second)
Rate            : $0.22 / audio hour
Estimated cost  : $0.119141 USD
Transcript saved: Audios/AyatollahShojaee/Tazkiyeh/038/038_مداهنه وسستي درامربه معروف ونهي از منکر2 _ بحث تزکیه.txt
============================================================
