Provider: ElevenLabs Scribe (scribe_v2)
Progress file (updated after each chunk): /Users/mohammadreza/IslamASR/Audios/AyatollahShojaee/Mabohas_Mozui/062/062_62- درباره عبادت پروردگار متعال.partial.txt
  preparing audio (062_62- درباره عبادت پروردگار متعال.mp3)...
  32:05 → 1 request(s)
  progress file: /Users/mohammadreza/IslamASR/Audios/AyatollahShojaee/Mabohas_Mozui/062/062_62- درباره عبادت پروردگار متعال.partial.txt
  [1/1] 0:00–32:05 (11279 KB)...
      → 19788 chars: اعوذ بالله السميع العليم من الشيطان الرجيم. بسم الله الرحمن الرحيم. قل أغير الله تأمروني أعبد أيها الجاهلون. ولقد أوحي إليك وإلى الذين من قبلك لئن أشركت ليحبطن عملك ولتكونن من الخا…

============================================================
TRANSCRIPTION (preview)
============================================================
اعوذ بالله السميع العليم من الشيطان الرجيم. بسم الله الرحمن الرحيم. قل أغير الله تأمروني أعبد أيها الجاهلون. ولقد أوحي إليك وإلى الذين من قبلك لئن أشركت ليحبطن عملك ولتكونن من الخاسرين. بل الله فاعبد وكن من الشاكرين. فما قدر الله حتى قدره والأرض جميعا قبضته يوم القيامة والسماوات مطويات بيمينه سبحانه وتعالى عما يشركون. این آیات عرض کنم خطاب هست به رسول اکرم صلی الله عليه وآله وسلم و ظاهر آیات خطاب است رسول الله مانند همه آیات دیگر. ولی خطاب وقتی به رسول الله می‌شود معنی‌ش این نیست که فقط شمول آیه نسبت به رسول الله هست یا مخاطب فقط رسول الله هست. البته خطاب آیه به رسول الله در حدث رسول الله می‌فهمد و عمل به این آیات هم اونچه که برای رسول الله هست در حد خود اون وجود مقدس هست. خطاب آیه برای من و شما در حد خود ماست و اگر توفیقی بود عمل هم در حد خود ما خواهد بود. اول ترجمه آیات را عرض می‌کنم. قل أغير الله تأمروني أعبد أيها الجاهلون. می‌فرماید که شما جوحال به من امر می‌کنید که من غیر خدا را عبادت بکنم؟ أغير الله تأمروني أعبد أيها الجاهلون جاهل‌ها شما به من امر می‌کنید که من غیر خدا را عبادت بکنم؟ به پیغمبر خطاب می‌کنه اینطور بگو. بعد می‌فرماید خدا می‌فرماید ولقد أوحي إليك وإلى الذين من قبلك این را هم که می‌دانی به تو و به قبل تو، اونایی که قبل از تو بودند از انبیا و رسل بر تو و بر اون‌ها ما وحی کردیم، گفتیم، دستور دادیم. فراموش نکنید که چی؟ که لئن أشركت که اگر تو و اون‌ها هم تو شریک برای خدا بیاورید، شرک به شرک مبتلا بشوید. ليحبطن عملك عملت حتماً حبط خواهد شد. ولتكونن من الخاسرين رسول الله اگر شرک بر خدا آوردی، شریک برای خدا در مکان و جای دیگر قرار دادی بدان وحی شده بر تو فراموش نکن که عملت حبط خواهد شد و تو از خاسرین خواهی بود. بل الله فاعبد فقط خدا را عبادت بکن. وكن من الشاكرين و بر اینکه این عنایت خدا بر تو هست که تو را راهنمایی و هدایت کردیم شکرگزار باش. زیاد به اینجا و اونجا نظر نکن. ما قدر الله حتى قدره تو که می‌دانی این انسان‌ها و این مردم قدر خدا را ندانستند و نشناختند. خدا یعنی چی نشناختند؟ تو که می‌دانی. فما قدر الله حتى قدره این‌ها خدا را آنچنان که باید بشناسند نشناختند. تو به این‌ها نگاه نکن. مضمون آیه اینطور است. والأرض جميعا قبضته يوم القيامة والسماوات مطويات
… (truncated; see saved file for full transcript)

============================================================
SUMMARY
============================================================
Input file      : 062_62- درباره عبادت پروردگار متعال.mp3
Provider        : ElevenLabs Scribe (scribe_v2)
Audio duration  : 32:05 (1924.85 s)
Requests        : 1
Billed duration : 1925 s (rounded up to nearest second)
Rate            : $0.22 / audio hour
Estimated cost  : $0.117630 USD
Transcript saved: /Users/mohammadreza/IslamASR/Audios/AyatollahShojaee/Mabohas_Mozui/062/062_62- درباره عبادت پروردگار متعال.txt
============================================================
