Provider: ElevenLabs Scribe (scribe_v2)
Progress file (updated after each chunk): Audios/AyatollahShojaee/Tazkiyeh/011/011_انابه و مراتب آن _ بحث تزکیه.partial.txt
  preparing audio (011_انابه و مراتب آن _ بحث تزکیه.mp3)...
  24:13 → 1 request(s)
  progress file: Audios/AyatollahShojaee/Tazkiyeh/011/011_انابه و مراتب آن _ بحث تزکیه.partial.txt
  [1/1] 0:00–24:13 (8516 KB)...
      → 13810 chars: اعوذ بالله السميع العليم من الشيطان الرجيم. بسم الله الرحمن الرحيم. حالا اگر تو با در مقام بیان عنابه مسائل دارد. خارج از مقام بیان عنابه، من تو برنامه که اینجا پیش آمد دو تا بیانا…

============================================================
TRANSCRIPTION (preview)
============================================================
اعوذ بالله السميع العليم من الشيطان الرجيم. بسم الله الرحمن الرحيم. حالا اگر تو با در مقام بیان عنابه مسائل دارد. خارج از مقام بیان عنابه، من تو برنامه که اینجا پیش آمد دو تا بیاناتش خیلی واضح هست و تشریح که من خودم تو روبرداشتم تشریح می‌کنم، تشریح شما و تشریحش از این مسئله فرق می‌کاسه از خود خواجه است. تا من خودم دو، سه تشریح کنم. سه تا از اون تشریحات در جریان بکنم. خارج می‌گوید که در عنابه سه چیز به صورت سه مسئله اساسی مطرح است. اولین مورد از این سه چیز، سه مسئله، سه مسئله اساسی که مؤلف برای این سه مسئله بیان می‌کنند. اولین مسئله از این سه مسئله اساسی که در منزل عنابه هست این است که شخص سابق قبل از آنکه توبه کرد و عذر را برد از اون داهی که قبلاً در پیش داشت و به اون منزل رو برد. در آنجا توبه کرد و معتذر بود و عذر را برد از اون داه اشتباهی که قبلاً داشت. در عنابه باید به بعد از عذر آوردن با توبه، که توبه قبل از عذر آوردن اتفاق نمی‌افتاد و هم تا حد بلد بود بعد از اینکه عذر آوردن. توبه‌ای که کرد که اعتذار کرد در عنابه باید چی بکنه؟ کسی که مؤلف است، مؤلف گفتیم بعد از چی عنابه؟ بعد از منزل توبه است. کسی که مؤلف چون بعد از توبه عنابه کرده توبه باید از، از عذرهایی که معتذر بودن از آن می‌رفتند طرف بوده. در عنابه باید با اون اعتذار از گذشته اصلاح گذشته هم باشد. یک مسئله اساسی در عنابه. مؤلف باید اصلاح کلاً گذشته‌اش هم باشد. یعنی چه؟ به بیان روشن‌تر به این بیان که میگم بفهمید. یعنی یکی از خاصیت‌های عنابه که اگر در وجود انسان درست کرد معلوم می‌شود انسان را واست در منزل عنابه قدم می‌گذارد. این است که انسان بیابد خودش را ملزم بدابد برای اصلاح گذشته از باطش رها بشه. دیگه جا نمی‌کنه، پس نداره نشه. از باطش رها داده بشه. آرام نشود این داه گذشته را چی بکنه؟ به هر صورت به نوعی که می‌توانم ذکر می‌کنم. و این به این صورت می‌شود که در بیان علی سلام الله علیه هم بود و خواجه هم همین بیان را می‌کند. به این صورت می‌شود که از گذشتن گذشته، در گذشته اگر مثلاً ما گفتیم اینها را، یعنی گفتیم در خارج بحث گفتیم در گذشته اگر نمازی فایق بوده قضا بکند. روزه‌ای فایق بوده قضا بکند غیر از اینکه علی معذرت می‌آد و گریه‌ها می‌کند. و اگر حق کسی را تجاوز کرده دیه بخواهد جبران می‌کند غیر از اینکه گریه‌ها 
… (truncated; see saved file for full transcript)

============================================================
SUMMARY
============================================================
Input file      : 011_انابه و مراتب آن _ بحث تزکیه.mp3
Provider        : ElevenLabs Scribe (scribe_v2)
Audio duration  : 24:13 (1453.32 s)
Requests        : 1
Billed duration : 1454 s (rounded up to nearest second)
Rate            : $0.22 / audio hour
Estimated cost  : $0.088814 USD
Transcript saved: Audios/AyatollahShojaee/Tazkiyeh/011/011_انابه و مراتب آن _ بحث تزکیه.txt
============================================================
