Provider: ElevenLabs Scribe (scribe_v2)
Progress file (updated after each chunk): Audios/AyatollahShojaee/Tazkiyeh/098/098_مراتب شرک وراه نجات آن _ بحث تزکیه.partial.txt
  preparing audio (098_مراتب شرک وراه نجات آن _ بحث تزکیه.mp3)...
  43:57 → 1 request(s)
  progress file: Audios/AyatollahShojaee/Tazkiyeh/098/098_مراتب شرک وراه نجات آن _ بحث تزکیه.partial.txt
  [1/1] 0:00–43:57 (15452 KB)...
      → 24761 chars: اعوذ بالله السميع العليم من الشيطان الرجيم. بسم الله الرحمن الرحيم. عرض کردیم که شرک دارای مراتب است. در این تقدیر که داشتیم مراتب شرک خفی را که می‌گفتیم، گفتیم یکی از مراتب شرک خف…

============================================================
TRANSCRIPTION (preview)
============================================================
اعوذ بالله السميع العليم من الشيطان الرجيم. بسم الله الرحمن الرحيم. عرض کردیم که شرک دارای مراتب است. در این تقدیر که داشتیم مراتب شرک خفی را که می‌گفتیم، گفتیم یکی از مراتب شرک خفی این است که انسان غیر خدا را در نظام وجود عامل داند، دارای خیر و شر داند. مرحله‌ای از مراحل شرک خفی است که در واقع misschien بعضی از مراحلش خطیرتر است. دقیق‌تر مسئله. غیر خدا را در نظام وجود و از اراده‌شان اثر را از اسباب و علل، خیر را از او رضا دیدن و اون عامل اصلی را ندیدن، غفلت از اون کردن، این خودش مرتبه‌ای از مراتب شرک است که در مقابلش مرتبه‌ای از مراتب توحید قرار می‌گیرد. بدون اینکه انسان مؤثری را در نظام وجود نبیند. همه آثار و اعمال را که از اوست از او بیند و داند. این مرتبه‌ای از شرک که غیر او را مؤثر دانستن، یک مسئله دیگری نیستم. نه عبادت غیر می‌کنم، نه اطاعت از غیر می‌کنم، نه اطاعت از نفس خود می‌کنم. کسی که همه این مراتب را پشت سر گذاشته و از اینها گذشته، این مراتب شرک را ازش پاک است. اما بالاخره چشم کسر بین دارد. به اصطلاح ارباب ذوق، اون واحدی را که در همه جا کار اوست و ربوبیت دارد و آثار اوست و اوست فقط، واحد را نبیند، اثرات را بیند، اسباب و علل را بیند و آثار را از اسباب و علل نبیند. این خودش به جای خود برای صالح مضر است و خلاص شدن از این شرک هم خیره سر بفرمایید که خیلی ساده نیست و سخت است. البته یک دفعه این است که من و شما عقیده در آریم می‌بریم که مثلاً تفکر می‌کنیم مطرح می‌شود، تحلیل می‌شود، توضیح داده می‌شود و می‌فهمیم که از طریق تأمل و تفکر و از-- به صورت ذهنی می‌دانیم و می‌فهمیم که مؤثر اصلی، مؤثر اصلی بود. عقیده بر این داریم. این خوبه به جای خود عقیده خوبیست اما زیاد به درد نمی‌خورد. این عقیده را این چنین داشتن انسان را از این مرتبه از شرک آنچنان که باید پاک بکند نمی‌کند. در اون مرحله انسان از این شرک خلاص می‌شود که واقعاً منقطع باشد از اسباب و علل. برسد به مرحله‌ای که به مرحله شهود و ایان برسد. یعنی او را فقط مؤثر بیند در همه جا. براش مکشوف بشود که غیر او مؤثر نیست و آثار و اعمال همه از اوست. اشتباه نشود چون ممکنه شما بعداً فکر کنید خب انسان وقتی توضیح داده شد، تأمل کرد، متوجه شد که اسباب و علل همه از اوست، آثارش هم همه از اوست. بعداً انسان می‌فهمد که این آثار از کیه؟ 
… (truncated; see saved file for full transcript)

============================================================
SUMMARY
============================================================
Input file      : 098_مراتب شرک وراه نجات آن _ بحث تزکیه.mp3
Provider        : ElevenLabs Scribe (scribe_v2)
Audio duration  : 43:57 (2637.11 s)
Requests        : 1
Billed duration : 2638 s (rounded up to nearest second)
Rate            : $0.22 / audio hour
Estimated cost  : $0.161157 USD
Transcript saved: Audios/AyatollahShojaee/Tazkiyeh/098/098_مراتب شرک وراه نجات آن _ بحث تزکیه.txt
============================================================
