Provider: ElevenLabs Scribe (scribe_v2)
Progress file (updated after each chunk): Audios/AyatollahShojaee/Tazkiyeh/105/105_حديث نفس 2 _ بحث تزکیه.partial.txt
  preparing audio (105_حديث نفس 2 _ بحث تزکیه.mp3)...
  32:41 → 1 request(s)
  progress file: Audios/AyatollahShojaee/Tazkiyeh/105/105_حديث نفس 2 _ بحث تزکیه.partial.txt
  [1/1] 0:00–32:41 (11490 KB)...
      → 19194 chars: اعوذ بالله السميع العليم من الشيطان الرجيم. بسم الله الرحمن الرحيم. در مجموع نتیجه‌ای که می‌گیریم که قلب ما در معرض پاخت‌وتاست و محل کثار دو نیروی شیطانی و ملکی است و دو نوع خواطر …

============================================================
TRANSCRIPTION (preview)
============================================================
اعوذ بالله السميع العليم من الشيطان الرجيم. بسم الله الرحمن الرحيم. در مجموع نتیجه‌ای که می‌گیریم که قلب ما در معرض پاخت‌وتاست و محل کثار دو نیروی شیطانی و ملکی است و دو نوع خواطر از این‌ها به قلب می‌آید؛ یا خواطر ملکی یا خواطر شیطانی و نفسانی. و اون یه‌ام که محرک است، کدامش محرکه؟ شیطانه و نفسانی‌ش. ما این اقسام دارد. اقسامش را من تک‌تک باید عنوان می‌کنم انشاالله و راه چاره‌ش را هم به شما که برای سالک این مطرحه است عرض کنم. منتها در این جلسه فقط در بقیه وقتم من به یک نوعی از خواطر که به اصطلاح شیطانی و وساوس شیطانی و خواطر نفسانی اشاره می‌کنم که این چندان نمی‌شود به صورت یک محرک مطرح کرد و ضرورت هم دارد شما هم دلتون می‌خواد بفهمید. قضیات هم به سلوک مربوط نیست. خیلی‌ها دامنگیرشان هست این مسئله. خیلی‌ها یعنی چه سالک باشند که نباشند. ببینید مطلب گم نکنیدا. فهمیدیم که آنچه به قلب وارد می‌شود یا از ناحیه شیطان است یا از ناحیه ملک. تکرار کنم مسئله را و آنی که از ناحیه شیطان است، خواطر شیطانی و وساوس شیطانی و خواطر نفسانی می‌نامیم، محرک است که در کل انسان را به سوی دوري از خدا، ضلالت، هلاکت دعوت می‌کند. و آنچه که از ناحیه ملک می‌آید اینها الهامات ملکی‌ست یا خواطر ملکی‌ست که در کل انسان را به سوی خدا سوق می‌دهد. اون‌ها که خوب معلوم است خوب است. محرک اون‌ش در، به اصطلاح از ناحیه چیز؟ از ناحیه شیطان است. منتها در این بین قبل از اینکه به اقسام این خواتر که از ناحیه شیطان می‌آید و مانع سالک است مخصوصاً در سلوکش اون‌ها را توضیح بدهیم براتون، قبل از این‌ها به یک قسم از این خواطر نفسانی یا وساوس شیطانی که از ناحیه شیطان است به هر حال ولی نمی‌شود گفت این بد است. یعنی بد است به این معنا انسان نباید اینجا داشته باشد. حتماً باید این را از خودش طرد کند. به اون من اشاره می‌کنم در این بین. اول ما روشن بشه. بعد به اقسام دیگر خواطر نفسانی و شیطانی بعداً خواهیم پرداخت. مطلب را گم نکنیدا. این قسم نامش در اصطلاح علما اخلاق و اصطلاح شرعی‌ش هوس نفس است که این البته گفتم به سلوک اصلا مربوط نیست. این هم از خواطر نفسانی است. از وساوس شیطانی است. بعضی‌ها دامنگیرشان هست اما این به عنوان یک محرک عنوان می‌شود، عنوان نمی‌شود. به سالک هم تنها مربوط نیست. سالک و غیرسالك البته سالک در مراحل ابتدا. به این
… (truncated; see saved file for full transcript)

============================================================
SUMMARY
============================================================
Input file      : 105_حديث نفس 2 _ بحث تزکیه.mp3
Provider        : ElevenLabs Scribe (scribe_v2)
Audio duration  : 32:41 (1960.96 s)
Requests        : 1
Billed duration : 1961 s (rounded up to nearest second)
Rate            : $0.22 / audio hour
Estimated cost  : $0.119836 USD
Transcript saved: Audios/AyatollahShojaee/Tazkiyeh/105/105_حديث نفس 2 _ بحث تزکیه.txt
============================================================
