Provider: ElevenLabs Scribe (scribe_v2)
Progress file (updated after each chunk): Audios/AyatollahShojaee/Tazkiyeh/042/042_حقوق همسایه و تتبع دیگران و پیگیری خطاهای دیگران1 _ بحث تزکیه.partial.txt
  preparing audio (042_حقوق همسایه و تتبع دیگران و پیگیری خطاهای دیگران1 _ بحث تزکیه.mp3)...
  28:22 → 1 request(s)
  progress file: Audios/AyatollahShojaee/Tazkiyeh/042/042_حقوق همسایه و تتبع دیگران و پیگیری خطاهای دیگران1 _ بحث تزکیه.partial.txt
  [1/1] 0:00–28:22 (9973 KB)...
      → 17927 chars: بسم الله الرحمن الرحیم. در یکی دو جلسه گذشته [مکث]، در خصوص ج-جلوه و ظهوری از جلوات و ظهورات هوا که صحبت می‌کردیم از روی آیات و روایات به مسئله قطع رحم و [سرفه]، مسئله حقوق والدین …

============================================================
TRANSCRIPTION (preview)
============================================================
بسم الله الرحمن الرحیم. در یکی دو جلسه گذشته [مکث]، در خصوص ج-جلوه و ظهوری از جلوات و ظهورات هوا که صحبت می‌کردیم از روی آیات و روایات به مسئله قطع رحم و [سرفه]، مسئله حقوق والدین که از مظاهر و جلوات هوای نفس است که در صورت‌های مختلف در وجود انسان جلوه می‌کند و سالک الی الله باید مراقبت بکند. در این خصوص یکی دو جلسه صحبت کردیم و مطلب را هم جلسه گذشته تمام کردیم. الا اینکه بعداً من متوجه شدم حالا یک نکته‌ای در اینجا باید گفته بشود که در ردیف به اصطلاح حقوق رحم و حقوق والدین در ردیف اونهاست. اونم اجمالاً اشاره بشه که تذکرش مفید است. احیاناً انسان متذکر نباشد که و قهرًا خطاب بکند که از مهلکات است. باز چیزی که در ردیف ارحام هست و در ردیف نزدیکان انسان است که حق خاصی دارد و اون حقوق خاصش را مراعات نکردن از مهلکات است برای سالک حق جار یا جوار هست. این چیزیست که روش زیاد تاکید شده و معمولاً علما اخلاق این موضوع را در ردیف حقوق ارحام و نزدیکان قرار داده‌اند. با توجه بر اشاراتی که در بیانات وارد از حضرات معصومین صلوات الله و سلامه علیهم اجمعیین هست، حق همسایه به اصطلاح جار همسایه جوار همسایه. البته حدود همسایه چقدر است؟ اونی که معروفش شنیده‌اید که از چهار طرف چهل همسایه این در روایات هست. همین قدر عرفاً همسایه گفته بشود. این اصل مسئله اینطوری است. وقتی در عرفی که متداول هست چند تا خانه چه در چه حدودی همسایه شناخته می‌شود، حقوق دیگری دارد که دیگران اون حقوق را ندارند. حقوق خاصی دارد و در ردیف ارحام است و حقوق را باید مراعات بکنیم یا مراعات نکردنش از مهلکات است. در اینجا من به روایتی چون بناست اشاره اجمالی داشته باشیم به یکی دو روایت اشاره می‌کنم. روایت‌ها را می‌خوانم. خود شما در نظر داشته باشید که از این روایات چه نکاتی استفاده می‌شود. در روایتی اولاً در جامع السعادات مرحوم نراقی صفحه دویست و شصت و دو، جلد دو، جامع السعادات، جلد دو، دویست و شصت و دو. این روایت را از رسول اکرم صلی الله علیه و آله و سلم دارد که قال رسول الله صلی الله علیه و آله و سلم الجيران ثلاثة. از این روایت خوب دقت می‌کنیم که حق همسایه یه حق بخصوصی است، نه اون حقوقی که کلاً انسان نسبت به انسان‌ها، انسان نسبت به مسلمین، انسان نسبت به مؤمنین. اون‌ها یه مسئله‌ای است به جای خود محفوظ. یه حق خاصی است. الجيران ثل
… (truncated; see saved file for full transcript)

============================================================
SUMMARY
============================================================
Input file      : 042_حقوق همسایه و تتبع دیگران و پیگیری خطاهای دیگران1 _ بحث تزکیه.mp3
Provider        : ElevenLabs Scribe (scribe_v2)
Audio duration  : 28:22 (1701.94 s)
Requests        : 1
Billed duration : 1702 s (rounded up to nearest second)
Rate            : $0.22 / audio hour
Estimated cost  : $0.104007 USD
Transcript saved: Audios/AyatollahShojaee/Tazkiyeh/042/042_حقوق همسایه و تتبع دیگران و پیگیری خطاهای دیگران1 _ بحث تزکیه.txt
============================================================
