Provider: ElevenLabs Scribe (scribe_v2)
Progress file (updated after each chunk): Audios/AyatollahShojaee/Tazkiyeh/006/006_یقظه و توبه _ بحث تزکیه.partial.txt
  preparing audio (006_یقظه و توبه _ بحث تزکیه.mp3)...
  12:39 → 1 request(s)
  progress file: Audios/AyatollahShojaee/Tazkiyeh/006/006_یقظه و توبه _ بحث تزکیه.partial.txt
  [1/1] 0:00–12:39 (4450 KB)...
      → 6990 chars: اعوذ بالله السميع العليم من الشيطان الرجيم. بسم الله الرحمن الرحيم. بحث ما در جلسه گذشته [صدای محیط] نحوه شروع در تزکیه و اون حرکت که باید در مقام عمل انسان داشته باشد رسید و در جل…

============================================================
TRANSCRIPTION (preview)
============================================================
اعوذ بالله السميع العليم من الشيطان الرجيم. بسم الله الرحمن الرحيم. بحث ما در جلسه گذشته [صدای محیط] نحوه شروع در تزکیه و اون حرکت که باید در مقام عمل انسان داشته باشد رسید و در جلسه گذشته گفتیم اصل راه تزکیه همان راهی است که خدا فرموده و راه تزکیه و سلوک ارباب تزکیه و سلوک در نوشته‌ها و گفته‌هاشون دارند نه یک راه دیگر است. اون روشن همان راهی است که خدا فرموده الا اینکه برداشت اهل تزکیه و ارباب تزکیه از راهی که خدا برای برگشت انسان به سوی خود ارایه فرموده برداشت درستی است و برداشت عمیقی است و برداشت جامعی است. بر خلاف برداشت‌های دیگر که در حقیقت suri است، عمیق نیست، ناقص است و جامع نیست. راه تزکیه و راه سلوک در مقام عمل همان‌ است که خدا فرموده که این راه را ارباب تزکیه خوب فهمیده‌اند و جامع فهمیده‌اند و عمیق فهمیده‌اند و گفته‌اند و نوشته‌اند و در مقام عمل هم بر اساس اون فهم عمیق و جامع خودشان، خود و دیگران را به راه انداختند. در مقام عمل گفتیم حالا ببینیم که در، از گفته‌ها و برداشتی که ارباب تزکیه دارند به شروع به عمل و شروع به تزکیه یعنی راهی که خدا نشان داده چگونه شروع می‌شود. این راه شروع از نوشته‌ها و گفته‌های ارباب سلوک وقتی دقت می‌کنیم در مجموع کم با همدیگه در نحوه شروع و مراتب و منازل اختلاف دارند. اختلاف هم اگر باشد اون کم به صورت اختلاف در بیان است. حقیقت یک است. رو این حساب اگر در تصویر مرحله عملی تزکیه که شروع کردیم هفته گذشته قدم اول را که یقظه بود صحبت کردیم و بعد هم بقیه‌ش را انشاالله صحبت می‌کنیم. اگر تصویری که اینجا داشتیم، بحثی که داشتیم و اونچه که گفتیم شمایی وقتی در موقع مطالعه در نوشته و گفته‌ای کسی از ارباب معنا و سلوک و از صاحبان تحقیق و بصیرت احیاناً با گفته‌های آن‌ها تفاوت دیدید از نظر ترتیب و از نظر اینکه منزل اول چیست و منزل دوم چیست و چگونه پیش می‌رود صالح، باید دقیق باشید و دقیق باشیم که این اختلاف‌ها یه مقدار اختلاف suri است و نحوه‌های بیان فرق می‌کند. به هر صورت قدم اول را در جلسه اول گفتیم که یقظه است. بر اساس تحلیلی که من با دقت در آیات و روایات و در گفته‌های ارباب باطن به نظرم می‌آید اینجا می‌گویم اولین قدم یقظه بود که بعضی‌ها مانند خواجه عبدالله و دیگران هم همینطور گفتند که قدم اول یقظه و بیداری‌ست با شحری که گذشت. گفتیم یقظه که قدم
… (truncated; see saved file for full transcript)

============================================================
SUMMARY
============================================================
Input file      : 006_یقظه و توبه _ بحث تزکیه.mp3
Provider        : ElevenLabs Scribe (scribe_v2)
Audio duration  : 12:39 (759.38 s)
Requests        : 1
Billed duration : 760 s (rounded up to nearest second)
Rate            : $0.22 / audio hour
Estimated cost  : $0.046407 USD
Transcript saved: Audios/AyatollahShojaee/Tazkiyeh/006/006_یقظه و توبه _ بحث تزکیه.txt
============================================================
