Provider: ElevenLabs Scribe (scribe_v2)
Progress file (updated after each chunk): Audios/AyatollahShojaee/Tazkiyeh/085/085_رذيله مهلکه جهل 1 _ بحث تزکیه.partial.txt
  preparing audio (085_رذيله مهلکه جهل 1 _ بحث تزکیه.mp3)...
  45:15 → 1 request(s)
  progress file: Audios/AyatollahShojaee/Tazkiyeh/085/085_رذيله مهلکه جهل 1 _ بحث تزکیه.partial.txt
  [1/1] 0:00–45:15 (15911 KB)...
      → 28333 chars: [صدای محیط] اعوذ بالله السميع العليم من الشيطان الرجيم. بسم الله الرحمن الرحيم. مدتی هست که در محرکات بحث می‌کنیم و قسمتی از کلیات و مهمش را عرض کردیم و [مکث] بیشتر اون یعنی می‌شود…

============================================================
TRANSCRIPTION (preview)
============================================================
[صدای محیط] اعوذ بالله السميع العليم من الشيطان الرجيم. بسم الله الرحمن الرحيم. مدتی هست که در محرکات بحث می‌کنیم و قسمتی از کلیات و مهمش را عرض کردیم و [مکث] بیشتر اون یعنی می‌شود گفت همه اون محرکاتی که گفتیم تا به حال [مکث]، که شاید یه ذره این تحلیل‌ها که علما اخلاق دارند به قوه شهویه و غضبیه مربوط می‌شد یا به یکی از این دو قوه یا به هر دوتاشون. احیاناً به قوه فکریه به اصطلاح علما اخلاق یا به قوه عاقله هم می‌خورد. اما در این جلسه و اگر خدا خواست در چند جلسه دیگر به قسمتی از محرکاتی که فقط مخصوص به قوه عاقله [مکث] یا [مکث] اون جهت علمی و ادراکی انسان است، به قسمتی از این محرکات که لازم است اشاره بشود و در مقام سلوک [مکث] ضرورت دارد [مکث] در اطراف اونها بحث بشود، اشاره می‌کنیم. محرکاتی که مربوط هست به قوه عاقله به اصطلاح علما اخلاق. که در قبال محرکات مسلماً منجیاتش هست. یعنی سلسله محرکات هر کدام در برابرش فضیلت‌ها هست که منجیات می‌گیم. در مقام سلوک این محرکات هم چیزهایی‌ست که باید سالک کاملاً متوجه باشد و از اونها اجتناب بکند و مقابل اونها را داشته باشد. یعنی کسب کند. مقابل محرکات که در اصطلاح علما اخلاق منجیات گفته می‌شود یعنی فضیلت‌ها. محرکات یعنی رذیله‌ها، خصلت‌های بد و اون خصوصیات که نباید انسان اونها را داشته باشد. اینا رو می‌گیم محرکات که انسان را به هلاکت می‌اندازد در حرکت وجودی. منجیات یعنی مقابل اینها، اون خصلت‌های خوب و اون خصوصیات خوبی که انسان باید اونها را واجد باشد در مقام سلوک، اون فضیلت‌ها را داشته باشد. در مرحله اول در این جلسه یکی از محرکات مهم که از اعظم محرکات است منتهی در این باب یعنی در باب قوه عاقله و می‌شود گفت واقعاً منتها که عرض کردم از اعظم محرکات است، می‌شود گفت که باز به یک نظر از اون رؤوس محرکات هست، مسئله جهل است. سالک باید [مکث] به این موضوع توجه داشته باشد که جهل برای یک سالک مخصوصاً البته برای همه اولاً و ثانیاً و مخصوصاً برای یک سالک، جهل از محرکات است. یعنی سالک با جهل نمی‌تواند در طریق سلوک پیش برود. جهل به معنی وسیع و عامش. حالا جهل بسيط باشد، جهل مرکب باشد، به هر صورت باشد، جهل به معنی عامش البته خب مراتبش با هم فرق می‌کند. الا که جهل، نادانی، ندانستن، بی‌خبر بودن، بی‌اطلاع بودن، محروم بودن از عقاید به معنی عام و مطلق و وسیعش ب
… (truncated; see saved file for full transcript)

============================================================
SUMMARY
============================================================
Input file      : 085_رذيله مهلکه جهل 1 _ بحث تزکیه.mp3
Provider        : ElevenLabs Scribe (scribe_v2)
Audio duration  : 45:15 (2715.48 s)
Requests        : 1
Billed duration : 2716 s (rounded up to nearest second)
Rate            : $0.22 / audio hour
Estimated cost  : $0.165946 USD
Transcript saved: Audios/AyatollahShojaee/Tazkiyeh/085/085_رذيله مهلکه جهل 1 _ بحث تزکیه.txt
============================================================
