Provider: ElevenLabs Scribe (scribe_v2)
Progress file (updated after each chunk): /Users/mohammadreza/IslamASR/Audios/AyatollahShojaee/Mabohas_Mozui/025/025_25- تجريد ايمان از ظلم وشرک به خداوند متعال.partial.txt
  preparing audio (025_25- تجريد ايمان از ظلم وشرک به خداوند متعال.mp3)...
  33:55 → 1 request(s)
  progress file: /Users/mohammadreza/IslamASR/Audios/AyatollahShojaee/Mabohas_Mozui/025/025_25- تجريد ايمان از ظلم وشرک به خداوند متعال.partial.txt
  [1/1] 0:00–33:55 (11923 KB)...
      → 21078 chars: بسم الله الرحمن الرحیم. [آیه قرآن] نمی‌دانم تا حالا خود شما در خصوص این آیه هیچ تأمل جدی داشتهید که چی می‌فرماید. همه آیات احتیاج به تأمل و تدبر دارد. این آیه مخصوصاً فکر می‌کنم از…

============================================================
TRANSCRIPTION (preview)
============================================================
بسم الله الرحمن الرحیم. [آیه قرآن] نمی‌دانم تا حالا خود شما در خصوص این آیه هیچ تأمل جدی داشتهید که چی می‌فرماید. همه آیات احتیاج به تأمل و تدبر دارد. این آیه مخصوصاً فکر می‌کنم از آیاتی است که معمولاً مورد غفلت قرار می‌گیرد. ترجمه اش را دقت بکنید. [آیه قرآن]. اون‌ها که ترجمه ساده‌اش ایمان آوردند و ایمانشان را آمیخته به ظلم نکرده‌اند. آن‌ها در امان هستند و آن‌ها در راه درست پیش می‌روند. [آیه قرآن] تکرار می‌کنم ترجمه را. آن‌ها که ایمان آوردند و ایمانشان را آمیخته به ظلم نکرده‌اند. آن‌ها در امان‌اند و آن‌ها در راهند [آیه قرآن]. می‌خواد چی بفرماید؟ آمیخته‌ی ایمان به ظلم چیست؟ اینجا از جمع مؤمنین فقط در این آیه به وضوح و صراحت از جمع مؤمنین آن‌هایی را در امان می‌داند. امان از آنچه که در پیش است. دقت می‌کنید؟ در امن باشند از آنچه که در پیش است و در راه درست پیش بروند. از میان مؤمنین آن جمعی را در امان می‌داند و در راه به معنی کلمه می‌داند و مهتدون می‌شمارد که ایمانشان را با ظلم آمیخته نکنند. ظلم همان ظلم شرک است. [آیه قرآن] اینجا ظلم در اینجا منظور خیلی واضح است با توجه بر اینکه خود خدای متعال در قرآن کریم شرک را ظلم می‌فرماید. شرک در مراتب مختلف ظلم در مراتب مختلف است. شرک جلی در مراتبش و شرک خفی در مراتبش همه از مراتب ظلم‌اند. البته اینکه من و شما فعلاً بفهمیم که شرک چگونه ظلم است ممکن است که اجمالاً معنایی بفهمیم اما فهم خوب این حقیقت که شرک در مراتب مختلف چطور ظلم است و یافتن این حقیقت به وضوح که برای انسان کاملاً ملموس باشد، این برای اهلش در وقتش است. آیه می‌فرماید آنها که ایمان آوردند، ایمانشان را به ظلم شرک نیامیختند، آن‌ها در امان‌اند و آن‌ها مهتدین. بسیار هشدار دهنده و تهدید کننده است اگر خوب بفهمید. گفتم آیه‌ای است که معمولاً فکر می‌کنم کمتر مورد تأمل قرار بگیرد برای اکثر مؤمنین. مگر کسانی که شعور بالایی داشته باشند، نظری از خدا باشد که آن‌ها اهل تدبر در قرآن‌اند و روی همه آیات قرآن تدبر می‌کنند و آنچه را که احصا کرده‌اند احصا می‌کنند. عرض کردم ظلم عبارت است از ظلم شرک. حالا آیه را اینطور باز می‌کنیم به زبان ساده‌تر می‌بینیم چگونه نتیجه می‌دهد. آن‌ها که ایمان آوردند، ایمانشان را آمیخته به ظلم شرک نکردند، آن‌ها در امان‌اند. یعنی آن‌ها که ایمان آوردند به وحدانیت 
… (truncated; see saved file for full transcript)

============================================================
SUMMARY
============================================================
Input file      : 025_25- تجريد ايمان از ظلم وشرک به خداوند متعال.mp3
Provider        : ElevenLabs Scribe (scribe_v2)
Audio duration  : 33:55 (2034.86 s)
Requests        : 1
Billed duration : 2035 s (rounded up to nearest second)
Rate            : $0.22 / audio hour
Estimated cost  : $0.124353 USD
Transcript saved: /Users/mohammadreza/IslamASR/Audios/AyatollahShojaee/Mabohas_Mozui/025/025_25- تجريد ايمان از ظلم وشرک به خداوند متعال.txt
============================================================
