Provider: ElevenLabs Scribe (scribe_v2)
Progress file (updated after each chunk): Audios/AyatollahShojaee/Tazkiyeh/039/039_مداهنه وسستي درامربه معروف ونهي از منکر3 _ بحث تزکیه.partial.txt
  preparing audio (039_مداهنه وسستي درامربه معروف ونهي از منکر3 _ بحث تزکیه.mp3)...
  42:06 → 1 request(s)
  progress file: Audios/AyatollahShojaee/Tazkiyeh/039/039_مداهنه وسستي درامربه معروف ونهي از منکر3 _ بحث تزکیه.partial.txt
  [1/1] 0:00–42:06 (14802 KB)...
      → 27805 chars: بسم الله الرحمن الرحیم. کلینی مرحوم نقل می‌کند از امام صادق علیه السلام قال امام صادق فرمود "هس هبل مؤمن غیرن اذا منکرن ان یعلم الله عز وجل من قلب این کاره". برای مؤمن از لحاظ اون …

============================================================
TRANSCRIPTION (preview)
============================================================
بسم الله الرحمن الرحیم. کلینی مرحوم نقل می‌کند از امام صادق علیه السلام قال امام صادق فرمود "هس هبل مؤمن غیرن اذا منکرن ان یعلم الله عز وجل من قلب این کاره". برای مؤمن از لحاظ اون غیرت دینی، از لحاظ اون مسئله و حالت قلبی که باید داشته باشد این کافی است که وقتی منکری را دید، این مؤمن منکری را دید، خدا که ناظر است در قلب این شخص نسبت به اون منکر ناراحتی بیابد، ببیند. خدا اگر ناراحتی در قلب مؤمن در برابر منکر دید، این کافی است برای مؤمن. به این طور یعنی باید باشد. البته در جا که گفتم وظیفه زبانی و عملی ندارد. اشتباه نشود. در جا که وظیفه زبانی و عملی ندارد. این اندازه براش کافی است که خدا وقتی به قلب این نظارت می‌کند، در قلب این نسبت به اون منکر چیز ببیند، انکار ببیند، ناراحتی ببیند. روایت دیگر. این روایت هم باز در وسائل الشیعه ابواب امر و نهی باب پنج حدیث دو. قال رسول الله صلی الله علیه و آله و سلم "من شهد امراً فکرهه" هر کس امری را شاهد باشد، یک جریانی را شاهد باشد "فکرهه" از اون بدش بیاد. جریان بدی است. شاهد اون جریان است. ازش بدش آمد "کمن کان کمن غاب عنه" این شخص مانند کسی است که از اون جریان کنار بوده. شما ناظر یک کار بد هستید در جمع و در اجتماع و در همسایه هم اینا در منظر و مرآی شما کار بدی را، منکری را انجام می‌دهند. می‌فرماید اگر شما اون را مکروه داشتید، قلباً ازش ناراحت شدید، شما از مرحله کنار هستید، از مرحله منکر کنار هستید. "و من غاب عن امر" به عکس رسول الله می‌فرماید کسی که از امر بدی غایب باشد، در منظر و مرآی او نیست. می‌شنود فلان جا فلان کار بد را انجام داده‌اند یا می‌دهند "فرض یهو" نسبت به او خشنود باشد "کان کمن شاهده" مانند کسی است که شاهد جریان و کمک در همون جریان بوده است. روایت سوم که می‌خوانم که در این بابه به اون اکتفا بکنیم. این روایت سوم یک قاعده کلی و ضابطه کلی برای سالک هوشیار می‌دهد. این روایت هم باز در همون جلد از وسائل الشیعه در باب پنج و حدیث نه از ابواب امر و نهی. روایت از محمد بن مسلم است. قال، قال امیرالمؤمنین علیه السلام. علی سلام الله علیه فرمود "انما یجمع الناس الرضا و السخط". اونی که مردم را جمع می‌کند، انسان‌ها را در باطن، در حقیقت جمع می‌کند دور بر هم، دور بر هم "الرضا و السخط" رضا و سخط است. خشنودی و ناخشنودی. یعنی اگر شما دیدی داش
… (truncated; see saved file for full transcript)

============================================================
SUMMARY
============================================================
Input file      : 039_مداهنه وسستي درامربه معروف ونهي از منکر3 _ بحث تزکیه.mp3
Provider        : ElevenLabs Scribe (scribe_v2)
Audio duration  : 42:06 (2526.23 s)
Requests        : 1
Billed duration : 2527 s (rounded up to nearest second)
Rate            : $0.22 / audio hour
Estimated cost  : $0.154381 USD
Transcript saved: Audios/AyatollahShojaee/Tazkiyeh/039/039_مداهنه وسستي درامربه معروف ونهي از منکر3 _ بحث تزکیه.txt
============================================================
