Provider: ElevenLabs Scribe (scribe_v2)
Progress file (updated after each chunk): Audios/AyatollahShojaee/AsrarFatemi/006/006_اسرار فاطمی (س ) بخش 6.partial.txt
  preparing audio (006_اسرار فاطمی (س ) بخش 6.mp3)...
  21:08 → 1 request(s)
  progress file: Audios/AyatollahShojaee/AsrarFatemi/006/006_اسرار فاطمی (س ) بخش 6.partial.txt
  [1/1] 0:00–21:08 (7429 KB)...
      → 11020 chars: [موسیقی] از امام صادق علیه السلام پرسیدم چرا فاطمه سلام الله علیها را زهرا می‌گویند؟ فرمود برای آنکه هر وقت در محراب عبادت می‌ایستاد نور او بر اهل آسمان‌ها می‌تابید. همچنان که نور …

============================================================
TRANSCRIPTION (preview)
============================================================
[موسیقی] از امام صادق علیه السلام پرسیدم چرا فاطمه سلام الله علیها را زهرا می‌گویند؟ فرمود برای آنکه هر وقت در محراب عبادت می‌ایستاد نور او بر اهل آسمان‌ها می‌تابید. همچنان که نور ستارگان بر اهل زمین می‌تابد. سلام علیک ایته السدیة الشهیده. اسرار فاطمی. فاطمه جان، فاطمه جان، فاطمه جان، فاطمه جان، فاطمه جان، فاطمه جان، فاطمه جان. بسم الله الرحمن الرحیم. با عرض سلام خدمت شما همراهان همیشگی رادیو قرآن با برنامه اسرار فاطمی که اختصاص دارد به مباحث حضرت آیت الله استاد محمد شجاعی در خدمت شما هستیم. در این برنامه استاد با اشاره به نحوه وفات حضرت زهرا سلام الله علیها و همچنین کیفیت دفن حضرت نکات ارزشمندی را بیان می‌فرمایند که از شما عزیزان دعوت می‌کنیم مشروح این بیانات را از زبان حضرت آیت الله استاد محمد شجاعی بشنوید. اعوذ بالله السميع العليم من الشيطان الرجيم. بسم الله الرحمن الرحيم. اللهم صل على فاطمه وأبيها وبعدها وبنيها بعدد طات بيع المجد. وصلي على الجوهرة البوسية في تعين الإنسية. صورة النفس الكلية. جواب العالم الأغبية. بزغة حقيقة النبوية. مطلع الأنوار الألوية. أي ميول أسرار الفاطمية. الناجية المنجية لمحبيه عن النار. ثمرة شجرة اليقين. سيدة نساء العالمين. المعروفة بالقتل. المجهولة بال قبر. قرة عين الرسول الزهراء البتول. این جمله هم من این جمله را می‌خواستم بگویم. خب مردم جمع شدند و گریه می‌کردند و زنان مدینه داخل منزل بیرون منزل همه جمع جمع شده بودند در مصیبت زهرا سلام الله علیها و مردم می‌آمدند به حضرت امیر تسلیت می‌گفتند. منتظر بودند که جنازه حضرت زهرا را بیارند بیرون. بعد از زمانی بر اساس وصیتی که داشت حضرت زهرا بر اساس وصیتی که داشت که به حضرت امیر گفته بود و کرده بود، شنیده‌ایم که باید کسی حاضر نشود از آن‌هایی که او را رنجاندند، اذیت کردند، ظلم کردند نه در نمازش و نه در تشییعش اجازه ندارد. این‌ها را وصیت کرده بود به حضرت امیر. باید شبانه دفن کنید و حضرت امیر هم همه آن‌ها را تصمیمش بر عمل بود و عمل هم کرد و حضرت زهرا هم قول داده بود همه‌اش را عمل کند. خب بعد از ساعتی که همه گریه می‌کردند، بعد از مدتی ابوزر آمدند. منتظر بودند جنازه حضرت زهرا را بیارند بیرون. ابوزر آمد بیرون گفت که دفن، دفن و کفن حضرت زهرا به تأخیر افتاد. متفرق بشوید و رفتند مردم. شبانه حضرت امیرالمؤمنی
… (truncated; see saved file for full transcript)

============================================================
SUMMARY
============================================================
Input file      : 006_اسرار فاطمی (س ) بخش 6.mp3
Provider        : ElevenLabs Scribe (scribe_v2)
Audio duration  : 21:08 (1267.85 s)
Requests        : 1
Billed duration : 1268 s (rounded up to nearest second)
Rate            : $0.22 / audio hour
Estimated cost  : $0.077480 USD
Transcript saved: Audios/AyatollahShojaee/AsrarFatemi/006/006_اسرار فاطمی (س ) بخش 6.txt
============================================================
