Provider: ElevenLabs Scribe (scribe_v2)
Progress file (updated after each chunk): Audios/AyatollahShojaee/Tazkiyeh/027/027_حسد 1.partial.txt
  preparing audio (027_حسد 1.mp3)...
  31:27 → 1 request(s)
  progress file: Audios/AyatollahShojaee/Tazkiyeh/027/027_حسد 1.partial.txt
  [1/1] 0:00–31:27 (11056 KB)...
      → 19537 chars: بسم الله الرحمن الرحیم. از مهلکات که بحث می‌کردیم در مسئله زر و سلوک. مدت‌هاست که در مسئله هوی که از اون مسائل اساسی‌ست در مهلکات و به یک نظر می‌شود گفت مسئله اساسی‌ست در مهلکات ان…

============================================================
TRANSCRIPTION (preview)
============================================================
بسم الله الرحمن الرحیم. از مهلکات که بحث می‌کردیم در مسئله زر و سلوک. مدت‌هاست که در مسئله هوی که از اون مسائل اساسی‌ست در مهلکات و به یک نظر می‌شود گفت مسئله اساسی‌ست در مهلکات انسان در طریق عبودیت که همه مهلکات به نحوی برگشتش به همون هواست. در هوا بحث می‌کردیم. از جلوات و ظهورات هوای مهلک در وجود انسان صحبت بود و به عده‌ای از جلوات و ظهورات هوا اشاره کردیم. حالا در این جلسه به یکی دیگر از ظهورات و جلوه‌های هوای نفس که مهلک است و به شکل خاصی در وجود انسان، آن هم در مراتب مختلف گاهی روشن، گاهی خیلی خفیف بروز می‌کند، اشاره می‌کنیم. مخصوصاً این مسئله مراتبش که الان عرض کردم یادتون نرود که این که عرض خواهیم کرد یکی از جلوات هواست که از بروزات هوای مهلک در وجود انسان است که سالک باید از اون اجتناب بکند. الا اینکه این جلوه از هوا و این ظهور از هوای نفس خودش مراتب دارد. گاهی در بعضی از مراتب خیلی روشن و بارز است. در بعضی از مراتبش خیلی خفیف و اخفی است که تشخیصش مشکل و اما کسی که مس-سالک صادق باشد خدا هدایت می‌کند و می‌فهمد و مراتبش هم از نظر تعداد یا ابعاد خیلی زیاد است. این جلوه و ظهور از هوا به نام حسد نامیده می‌شود. حسد که یکی از مهلکات در طریق است. و می‌شود گفت که به یک نظر از نظر علما سلوک در طریق بدترین مهلک یعنی بدترین جلوه از جلوات هوا که اصل همه به اصطلاح شرک‌ها، عنادها و به یک بیان دیگر اصل کفر است همین حسد است. شما اگر در جریان شیطان در نظام وجود تأمل دقیق بفرمایید که اصولا می‌خواهید که این را به صورت یک واقعیت موجود در نظام هستی مطالعه بکنید و با تدبر روی این مسئله دقت بکنید که مسئله شیطان و محور اصلی مسئله چیست؟ خواهید دید که شیطان در کل حالا خودش یک موجودی است، یکی از موجودات است، یکی از مخلوقات است و درست الا اینکه این پایه اصلی شیطان و شیطان بودن شیطان از حسد سرچشمه می‌گیرد. یعنی به این نظر اگر مطالعه بکنید که شیطان که منشاء انواع مختلف از کفر و فساد است، این شیطان از کجا منبعث شده و انبعاس شیطان از کدام مسئله است؟ از همین مسئله حسد است. و روی همین حساب هم در روایات گاهی اشاره شده که حسد اصل کفر است. اصل عناد است. این اصل کفر این تعبیر روایت است در بعضی از روایات. کفر که اصولی دارد، این یکی از اصولش هست یا اصل همه اصول هست و اصلاً حرکت شیطان در نظام وجود ب
… (truncated; see saved file for full transcript)

============================================================
SUMMARY
============================================================
Input file      : 027_حسد 1.mp3
Provider        : ElevenLabs Scribe (scribe_v2)
Audio duration  : 31:27 (1886.76 s)
Requests        : 1
Billed duration : 1887 s (rounded up to nearest second)
Rate            : $0.22 / audio hour
Estimated cost  : $0.115302 USD
Transcript saved: Audios/AyatollahShojaee/Tazkiyeh/027/027_حسد 1.txt
============================================================
