Provider: ElevenLabs Scribe (scribe_v2)
Progress file (updated after each chunk): Audios/AyatollahShojaee/Tazkiyeh/084/084_تواضع و حلاوت عبادت _ بحث تزکیه.partial.txt
  preparing audio (084_تواضع و حلاوت عبادت _ بحث تزکیه.mp3)...
  32:44 → 1 request(s)
  progress file: Audios/AyatollahShojaee/Tazkiyeh/084/084_تواضع و حلاوت عبادت _ بحث تزکیه.partial.txt
  [1/1] 0:00–32:44 (11506 KB)...
      → 20844 chars: اعوذ بالله السميع العليم من الشيطان الرجيم. بسم الله الرحمن الرحيم. این روایتی که عرض می‌کنم اجمالا یه ذره ترجمه توضیحش رو بدم که گفتم چون این روایات رو حفظ کنید بهتره. إنما أقبل ا…

============================================================
TRANSCRIPTION (preview)
============================================================
اعوذ بالله السميع العليم من الشيطان الرجيم. بسم الله الرحمن الرحيم. این روایتی که عرض می‌کنم اجمالا یه ذره ترجمه توضیحش رو بدم که گفتم چون این روایات رو حفظ کنید بهتره. إنما أقبل الصلاة. إنما أقبل الصلاة من تواضع لعظمتی ولم يتعاظم على خلقي وألزم قلبه خوفي وقطع نهاره بذكري وترك شهواته لأجلی. من قبول می‌کنم خدا می‌فرماید. اول روایت اینجوری‌ست که خدا به موسی گفت این را، وحی کرد. این روایت را هم من از جام السعادات همین که الآن خوندم گفتم حفظ هستم، جام السعادات جلد یک، فعلاً مدرکی که به شما عرض می‌کنم این مدرک است. جام السعادات جلد یک صفحه سیصد و شصت و دو. فراموش نراود. می‌گوید خدا به موسی وحی فرمود که من می‌دانید فقط نمازی که کسی را قبول می‌کنم یعنی خود کسی را قبول می‌کنم؟ صلاة من تواضع لعظمتی. صلاة اون کس را قبول می‌کنم که در برابر عظمت من متواضع باشد. ها من و شما وقتی نماز می‌خوانیم در لحظات دیگر خدا را فراموش می‌کنیم. این نماز ما قبول است یا نه؟ می‌گفتی؟ شرط اول را داراست یا دارا نیست؟ نیست. دروغ میاد میگیم، غیبت میاد، نامحرم میاد، هرچی میاد دیگه فحش میاد، ناسزا میاد، فحشی گری میاد، اذیت میاد. بالاخره صبح نماز خوندیم باشد ظهر باز خواهیم خوند. در این وسط آزادیم. عظمت از خدا، خدا برای ما، نزد ما، قدر، در وجود ما عظمت ندارد. این نمازها که صبح خوندیم ظهر هم خواهیم خوند مورد قبول نیست. اولی شرط تواضع لعظمتی. عظمت من در وجودش حاکم باشد که هیچ وقت دیگه خودی در قبال من قائل نباشد. این یک شرط اول برای قبول شدن صلاة است. ولم یتع-- شرط دوم. ولم یتعاظم على خلقی و به خلق من هم بزرگی نفروشد. این همان تواضع است که گفتیم شرط دوم است. یعنی شرط دوم قبول انسان یا قبول نماز چیه؟ لم یتعاظم على خلقی. تعاظم با ضا معلق اونایی که می‌نویسن. ولم یتعاظم عظمت نفروشد برای به خلق من. مزیت و عظمت قائل نشود برای خود در برابر خلق و بندگان خدا شرط دوم. مثلاً برای این شهادت از من قسمت دوم بود. تواضع یکی از شراط قبول صلاة است. وألزم قلبه خوفي شرط سوم. خوف من همیشه در قلبش باشد. خوف از من. حالا من در خوف انشاالله که به حالات رسیدیم اگر خدا خواست عمری بود جمعی اینجا خدا خواست فتاوایی عرض خواهم کرد که گاهی منتهی این کلمه که در خلال صحبت‌هام میاد، مسئله خوف میاد، من خیلی متأثر می‌شوم که چرا این مسئله اصلا ن
… (truncated; see saved file for full transcript)

============================================================
SUMMARY
============================================================
Input file      : 084_تواضع و حلاوت عبادت _ بحث تزکیه.mp3
Provider        : ElevenLabs Scribe (scribe_v2)
Audio duration  : 32:44 (1963.58 s)
Requests        : 1
Billed duration : 1964 s (rounded up to nearest second)
Rate            : $0.22 / audio hour
Estimated cost  : $0.119997 USD
Transcript saved: Audios/AyatollahShojaee/Tazkiyeh/084/084_تواضع و حلاوت عبادت _ بحث تزکیه.txt
============================================================
