Provider: ElevenLabs Scribe (scribe_v2)
Progress file (updated after each chunk): /Users/mohammadreza/IslamASR/Audios/AyatollahShojaee/Asma_hosna/016/016_اسماء حُسنی 16.partial.txt
  preparing audio (016_اسماء حُسنی 16.mp3)...
  30:49 → 1 request(s)
  progress file: /Users/mohammadreza/IslamASR/Audios/AyatollahShojaee/Asma_hosna/016/016_اسماء حُسنی 16.partial.txt
  [1/1] 0:00–30:49 (10836 KB)...
      → 17481 chars: الله وما الله الخالق. الله الخالق. الصادق البارئ المصور. له الأسماء الحسنى. الأسماء الحسنى. الكريم الرؤوف المجيب الواسع الحكيم الغفور الشفيع. مباحث عرفانی آیت الله محمد شجاعی در با…

============================================================
TRANSCRIPTION (preview)
============================================================
الله وما الله الخالق. الله الخالق. الصادق البارئ المصور. له الأسماء الحسنى. الأسماء الحسنى. الكريم الرؤوف المجيب الواسع الحكيم الغفور الشفيع. مباحث عرفانی آیت الله محمد شجاعی در باب اسماء الهی. لله الأسماء الحسنى. هر اسمی که حکایت از کمال بکنه اسم خداست. الواجد الماجد الواحد الصمد القادر المقتدر المقدم المؤخر الأول الآخر. الأسماء الحسنى. المبدي الشاهد الغني المبين المعطي الطاهر النافع النور الهادي البديع الباقي. الوارث الرشيد الصبور الذي ليس كمثله شيء وهو السميع البصير. بسم الله الرحمن الرحيم. به نام حضرت عظیم که له الأسماء الحسنى. عرفان دوستان و سالکان طریق یار. سلام و درود بر شما. برنامه اسماء الحسنى را می‌شنوید. در این برنامه مباحث عرفانی عارف وارسته آیت الله محمد شجاعی تقدیم شما می‌شود. در باب اسماء و صفات الهی. بعد از این اشباه که اسم رحیم قبلاً تشریح شد، اسم رحیم لطیف شرحش گفته شد و ربوب را گفتیم قبلاً. یکی از این اشباه که دیگر از این اشباه اسم رحیم، اسم ودوده. اسم ودود، ولد. ودود یعنی، حالا اون معنی ساده بود. اینکه جناب فخر رازی فرموده، فرموده معنی ساده‌اش ودود یعنی اینکه دوست می‌دارد. اسمای خداست. ود معنی دوستی است، ودود که دوست می‌دارد. این حالا معنی ساده‌ی ودوده. از این اشباه اسم رحیم اسم ودود. رحیم را که اول معنی رحیم را از نظر فخر رازی بهتر اسم رحیم، اون تأین حضوری از حد است با اون تأین و ظهورش و با اون اسمش هر موجودی را که در kurs صعودی و سیر صعودی و حرکت به سوی خدا به هر فیض و حفاظه و رحمتی احتیاج پیدا کرد مشمول رحمت و مشمول حفاظ خود می‌گرداند. این معنی اسم رحیم بود. اسم رحیم یعنی خدا با این صفتش حفاظه می‌کند در طریق حرکت موجود مثل human انسان به سوی ذات اقدس، به سوی خودش. این معنی اسم رحیم بود. یکی از این اشباه این اسم ودود. حالا خوب دقت کنید که ودود معنی آن که دوست می‌دارد. رحیم، حالا اون اشباه را اینجور باید بگیم. رحیم یا اسم رحیم از اون نظر که اون که راه مشمول رحمت خاص خود می‌گرداند، دوست می‌دارد، ودود است. این دوست داشتن به چه معناست؟ خوب اگر بخواهیم خوب بفهمیم معنی حب و دورا احتیاج داریم یک تعریف به اصطلاح عمیق از معنی درست و مجرد محبت. که اون معنی درست و مجرد در هر جا منظور است و در خصوص خدا هم اون معنا در نظر گرفته می‌شود. محبت یعنی حب و محبت ع
… (truncated; see saved file for full transcript)

============================================================
SUMMARY
============================================================
Input file      : 016_اسماء حُسنی 16.mp3
Provider        : ElevenLabs Scribe (scribe_v2)
Audio duration  : 30:49 (1849.28 s)
Requests        : 1
Billed duration : 1850 s (rounded up to nearest second)
Rate            : $0.22 / audio hour
Estimated cost  : $0.113012 USD
Transcript saved: /Users/mohammadreza/IslamASR/Audios/AyatollahShojaee/Asma_hosna/016/016_اسماء حُسنی 16.txt
============================================================
