Provider: ElevenLabs Scribe (scribe_v2)
Progress file (updated after each chunk): Audios/AyatollahShojaee/Tazkiyeh/035/035_ايجاد اضطراب براي مومن _ بحث تزکیه.partial.txt
  preparing audio (035_ايجاد اضطراب براي مومن _ بحث تزکیه.mp3)...
  22:31 → 1 request(s)
  progress file: Audios/AyatollahShojaee/Tazkiyeh/035/035_ايجاد اضطراب براي مومن _ بحث تزکیه.partial.txt
  [1/1] 0:00–22:31 (7917 KB)...
      → 14295 chars: بسم الله الرحمن الرحيم. از جلوات و ظهورات هوا بحث می‌کردیم و انواع مختلف جلوات و ظهوراتش. این نکته را همیشه متذکر شده‌ایم که ظهورات هوا مختلفه، زیاده، در مراتب متنوعه هم هست و به ی…

============================================================
TRANSCRIPTION (preview)
============================================================
بسم الله الرحمن الرحيم. از جلوات و ظهورات هوا بحث می‌کردیم و انواع مختلف جلوات و ظهوراتش. این نکته را همیشه متذکر شده‌ایم که ظهورات هوا مختلفه، زیاده، در مراتب متنوعه هم هست و به یک نظر شمردن جلوات هوا در وجود انسان یک مسئله تقریباً نه تنها مشکل بلکه محال است. در مقام عمل است که انسان می‌تواند خوب به جزئیاتش متوجه باشد که در چه اشکالی ظهور و بروز دارد. این که به بعضی از جلوات هوا اشاره می‌کنیم این از باب گفتن بعضی از نمونه‌های خیلی روشن ظهورات هواست و الا دقایقش فقط در مقام عمل معلوم می‌شود. از اون ظهورات و جلوات که خیلی خطرناک است و در مقام سلوک از مهلکات به معنی صحیح کلمه است و سد راه است، مانع در طریقت است، از اون‌ها از اون نمونه‌های خیلی بارز و روشن‌ش عرض می‌کنم. یکی از اون موضوعات و نمونه‌ها، یکی از جلوات هوا که خیلی مهلک و خطرناک است مسئله البته با توجه بر نکاتش که الان عرض خواهم کرد، مسئله ایجاد خوف در قلب یک مؤمن، یک مسلمان، ایجاد ناراحتی در قلب یک مؤمن، یک مسلمان. حالا از اون ایجاد خوف گرفته، ایجاد خوف، اضطراب یا ناراحتی به صورت‌های خفیف‌ش می‌شود ناراحتی. با توجه بر اون نکاتی که مکرر مخصوصاً در جلسه گذشته عرض می‌کردم که مسئله قلوب اسرارآمیز است چه در باب منجیات و چه در خصوص مهلکات. با توجه بر اون نکات که قلب هر کسی به اندازه خود، هر مؤمنی به اندازه خود به حساب مرتبت و منزلت عبودی و معنوی خود به نحوی جلوه گاه حضرت حق و جلوات اوست. یعنی به نحوی جلوه گاه حق و اسماء و صفات حق است. و هر رفتاری، هر برخوردی با هر مؤمنی چه خوب باشد برخورد چه بد باشد به نحوی اگر با اون دید عمیق نگاه بکنیم برخورد با ذات مقدس حق می‌شود. این که از روایات با دقت در نکاتش استفاده می‌شود. برخورد با خود حق است. نمی‌گیم باز تأکید می‌کنیم. نمی‌گیم مؤمن حق است. او بنده حق است اما بی‌حق نیست. مجلای به اندازه خود مجلای اسماء و صفات حق است. حق به همه چیز محیت است اما با مؤمن ارتباط خاصی دارد. و وقتی ما در روایات در ابواب مختلف دقت می‌کنیم این جان مسئله در اونجاها کاملاً بیان شده. منتها هر کسی به اندازه ذوقش باید استفاده و برداشت بکنه. در این باب هم که الان صحبت می‌کنیم ادخال خوف در قلب مؤمن، ایجاد خوف و ترس در قلب یک مؤمن، حالا به هر اندازه ایمان دارد. همین منظور از مؤمن هم نه به معنی یک مؤمن کا
… (truncated; see saved file for full transcript)

============================================================
SUMMARY
============================================================
Input file      : 035_ايجاد اضطراب براي مومن _ بحث تزکیه.mp3
Provider        : ElevenLabs Scribe (scribe_v2)
Audio duration  : 22:31 (1351.04 s)
Requests        : 1
Billed duration : 1352 s (rounded up to nearest second)
Rate            : $0.22 / audio hour
Estimated cost  : $0.082564 USD
Transcript saved: Audios/AyatollahShojaee/Tazkiyeh/035/035_ايجاد اضطراب براي مومن _ بحث تزکیه.txt
============================================================
