Provider: ElevenLabs Scribe (scribe_v2)
Progress file (updated after each chunk): /Users/mohammadreza/IslamASR/Audios/AyatollahShojaee/Mabohas_Mozui/033/033_33- متقين و خصوصيات آنها.partial.txt
  preparing audio (033_33- متقين و خصوصيات آنها.mp3)...
  38:17 → 1 request(s)
  progress file: /Users/mohammadreza/IslamASR/Audios/AyatollahShojaee/Mabohas_Mozui/033/033_33- متقين و خصوصيات آنها.partial.txt
  [1/1] 0:00–38:17 (13457 KB)...
      → 22498 chars: اعوذ بالله من الشيطان الرجيم. بسم الله الرحمن الرحيم. [آیه قرآن] یعنی اون‌ها که قبلاً ذکری از صاحبان تقوا، یعنی از در قیاس قبل از این آیات از اون‌هایی که متقی هستند، صاحب تقوا هستن…

============================================================
TRANSCRIPTION (preview)
============================================================
اعوذ بالله من الشيطان الرجيم. بسم الله الرحمن الرحيم. [آیه قرآن] یعنی اون‌ها که قبلاً ذکری از صاحبان تقوا، یعنی از در قیاس قبل از این آیات از اون‌هایی که متقی هستند، صاحب تقوا هستند، اهل مقام تقوا هستند. مقام تقوا در قرآن هرکس تأمل بکند یکی از مقامات بسیار بالای عبودی و منازل توحیدی است که میشود گفت مقام تقوا. این تعبیر در قرآن نیست مقام. ولی خب مقام تقوا اگر بخواهیم این تعبیر را بکنیم، تعبیر مناسبی با رجوع از آیات قرآن استفاده میشود. مقامی از مقامات عبودی، منزلتی از این منزلت‌های معنوی، مرتبه‌ای از مراتب توحیدی همان مقام تقواست که بسیار مقام بالایی است و خدای متعال در آیات متعدد قرآن کریم از این مقام، صاحبان این مقام و خصوصیات صاحبان این مقام در آیات متعدد بیان فرموده است. این دعایی که الان می‌خواهم تلاوت بکنم قبل از این دعایه، یعنی قبل از آیه شونزده و هفده سوره آل عمران از صاحبان تقوا یعنی آنهایی که اهل همان مقام تقوا هستند، ذکر به میان آورده و به آنها وعده جنت و مخصوصاً رضوان را فرموده است که به رضوان جنت و رضوان میرسند. رضوان خدای متعال [آیه قرآن]. آنها را که ذکر فرموده که اینها ذکرشان گذشته بعد در این آیه شونزده و هفده خصوصیات آنها را بیان می‌فرماید که آنها چه کسانی هستند. [آیه قرآن] اینجور شروع می‌شود. [آیه قرآن] آنها که در آیه شونزده اینجور [آیه قرآن] همان صاحبان تقوا که ذکرش گذشت [آیه قرآن] آنها هستند که [آیه قرآن] می‌گویند خدایا ما ایمان آوردیم. [آیه قرآن] حالا تو گناهان ما را ببخش. [آیه قرآن] و از عذاب آتش ما را حفظ کن. اولین خصوصیتی که به حق بفرمایید در اینجا برای اهل این مقام یعنی مقام تقوا بیان می‌فرماید بعد از ایمانشان اولاً خصوصیتی است اینها همیشه اهل این تضرع و این پناهندگی و پناه آوردن به این دعا و این مسئله هستند که [آیه قرآن] اولاً خصوصیت، عنوان یک خصوصیت بارز از صاحبان تقوا یا اهل مقام تقوا این را ذکر می‌فرماید که [آیه قرآن] گناهان ما را ببخش [آیه قرآن]. این جمله خود جمله که باید هرچه باز کنیم عقاید بسیاری را برای ما روشن می‌کند. هرکسی یعنی از ما و شما نزد خودش این جمله را بخواهد آن اندازه‌ای که فکرش می‌کشد باز بکند، خوب می‌فهمد که آیه چه حسابی را و چه عقائدی را در بر دارد. همین جمله [آیه قرآن] اولاً خصوصیت گناهان ما را ببخش [آیه قرآن] یعنی اینها
… (truncated; see saved file for full transcript)

============================================================
SUMMARY
============================================================
Input file      : 033_33- متقين و خصوصيات آنها.mp3
Provider        : ElevenLabs Scribe (scribe_v2)
Audio duration  : 38:17 (2296.51 s)
Requests        : 1
Billed duration : 2297 s (rounded up to nearest second)
Rate            : $0.22 / audio hour
Estimated cost  : $0.140342 USD
Transcript saved: /Users/mohammadreza/IslamASR/Audios/AyatollahShojaee/Mabohas_Mozui/033/033_33- متقين و خصوصيات آنها.txt
============================================================
