Provider: ElevenLabs Scribe (scribe_v2)
Progress file (updated after each chunk): Audios/AyatollahShojaee/Tazkiyeh/116/116_تجلی اسم غفور در سالک و اثر تجلی اسم غفور _ بحث تزکیه.partial.txt
  preparing audio (116_تجلی اسم غفور در سالک و اثر تجلی اسم غفور _ بحث تزکیه.mp3)...
  23:21 → 1 request(s)
  progress file: Audios/AyatollahShojaee/Tazkiyeh/116/116_تجلی اسم غفور در سالک و اثر تجلی اسم غفور _ بحث تزکیه.partial.txt
  [1/1] 0:00–23:21 (8208 KB)...
      → 14281 chars: اعوذ بالله السميع العليم من الشيطان الرجيم. بسم الله الرحمن الرحيم. متأسفانه ما یک فکر ابامانه بد و از دور جاهلیت خودمون داریم که اون رو می‌کشیم در اینجا هم به طور ناخودآگاه به کار…

============================================================
TRANSCRIPTION (preview)
============================================================
اعوذ بالله السميع العليم من الشيطان الرجيم. بسم الله الرحمن الرحيم. متأسفانه ما یک فکر ابامانه بد و از دور جاهلیت خودمون داریم که اون رو می‌کشیم در اینجا هم به طور ناخودآگاه به کار می‌بریم. دور جاهلیت ما در-- من در اینجا تعبیر آوردم دور قبل از صلوح منظورم هست. واقعاً دور جاهلیت است. البته در هر جا دور جاهلیت را می‌شود تصویر کرد نسبت به دور بعدی که نسبت به قبل بهتر است. عرض کنم که در دور جاهلیت فکر ما این است، به تفکیک و من اینو گفتم شما هم منصفانه قضاوت کنید. در دور جاهلیت فکر ما و همه این است که وقتی که احیاناً به اصطلاح ااا نمازی می‌خوانیم، عبادتی رو می‌کنیم، واجبی انجام می‌دهیم، انتصالیات تخری کنیم، گمونیم که منتی بر حق چیه؟ گذاشتیم. این ریشه در وجود ما از مرحله جاهلیت ما انداخته و خون و پوست و گوشت ما با همین فکر شده. با همین فکر بزرگ شده. تأمل کنید ها. خیلی مهمه. حتما خدا می‌بخشد. گمونیم که این فکر که جاهلیت است. این جایی بود که ما با این ترک معصیتمون به خدا چیزی چیه؟ می‌دادیم. به قفلتون چی میگما؟ این خیلی با جاهلیت است که من اگر با نمازم به او چیزی می‌دادم، می‌گفتیم جای منت. اگر با ترک گناهم به او چیزی عاید می‌شد، می‌گفتیم بسته به خودت. توجه کنید. اما او کیست؟ او غنی است. او غنی است. مخصوصاً اگر بعد استغنا به قول عاصی بزند که هیچ چیز. توجه کنید. پس برای این فکر جاهلیت در ما تأثیر می‌گذارد. چی می‌کنیم؟ از آن موقع که به صلوح شروع کردیم چون هنوز رذیلات جاهلیت در وجود ما باقی است، فکر می‌کنیم که ما دیگه از اون روز از همه چی برگشتیم دیگه. گناه که دیگه نیست و صلوح با گناه تو معنی ندارد که. با ترک واجب، مسامحه در واجب، با انجام حرام. اینا که باید در همون اول درست بشه. و شروع هم کردیم به ذکر و انها. توبه کردیم، ناآرم شدیم. فکر می‌کنیم بر اساس همین فکر جاهلیت که یک کار از اون لحاظاتیه درست شده و واقعاً هیچ ما تضرع و طلب مغفرت با اصرار، با گریه، با سوز که باید سالک داشته باشد آن هم طولانی تا آخر عمر، ما معمولاً نداریم. فکر می‌کنم شما هم اگر شروع کرده باشید ندارید. اینطور نیست؟ اینطور است. سؤالم گذشته به جا خود چیه؟ عرض کردید؟ باقی سؤال حتما با خیلی هم محکم باهاتون. اما گذشته نیست. با اون مسئله هست زمان که گفتم توضیح دادم، تصور اون گذشته نیست. لذا این است که من و شما وقت
… (truncated; see saved file for full transcript)

============================================================
SUMMARY
============================================================
Input file      : 116_تجلی اسم غفور در سالک و اثر تجلی اسم غفور _ بحث تزکیه.mp3
Provider        : ElevenLabs Scribe (scribe_v2)
Audio duration  : 23:21 (1400.76 s)
Requests        : 1
Billed duration : 1401 s (rounded up to nearest second)
Rate            : $0.22 / audio hour
Estimated cost  : $0.085602 USD
Transcript saved: Audios/AyatollahShojaee/Tazkiyeh/116/116_تجلی اسم غفور در سالک و اثر تجلی اسم غفور _ بحث تزکیه.txt
============================================================
