ASR begin Tue Sep 15 14:30:28 2026 N=16 jobs=2
ASR begin Tue Sep 15 14:30:28 2026 N=16 jobs=2
[Tue Sep 15 14:30:28 2026] missing=16 round=0
[Tue Sep 15 14:30:28 2026] missing=16 round=0
[start] 001 Tue Sep 15 14:30:28 2026
[start] 002 Tue Sep 15 14:30:28 2026
[start] 001 Tue Sep 15 14:30:28 2026[start] 002 Tue Sep 15 14:30:28 2026

[ok] 002 Tue Sep 15 14:31:39 2026
[ok] 002 Tue Sep 15 14:31:39 2026
[srt] /Users/mohammadreza/IslamASR/Audios/AyatollahShojaee/Mabahese_Tohidi/002/002_مباحث توحیدی-2.srt cues=373
[start] 003 Tue Sep 15 14:31:39 2026
[start] 003 Tue Sep 15 14:31:39 2026
[ok] 001 Tue Sep 15 14:31:52 2026
[ok] 001 Tue Sep 15 14:31:52 2026
[srt] /Users/mohammadreza/IslamASR/Audios/AyatollahShojaee/Mabahese_Tohidi/001/001_مباحث توحیدی-1.srt cues=350
[start] 004 Tue Sep 15 14:31:52 2026
[start] 004 Tue Sep 15 14:31:52 2026
[ok] 004 Tue Sep 15 14:32:45 2026
[ok] 004 Tue Sep 15 14:32:45 2026
[srt] /Users/mohammadreza/IslamASR/Audios/AyatollahShojaee/Mabahese_Tohidi/004/004_مباحث توحیدی-4.srt cues=349
[start] 005 Tue Sep 15 14:32:45 2026
[start] 005 Tue Sep 15 14:32:45 2026
[ok] 005 Tue Sep 15 14:33:55 2026
[ok] 005 Tue Sep 15 14:33:55 2026
[srt] /Users/mohammadreza/IslamASR/Audios/AyatollahShojaee/Mabahese_Tohidi/005/005_مباحث توحیدی-5.srt cues=350
[start] 006 Tue Sep 15 14:33:55 2026
[start] 006 Tue Sep 15 14:33:55 2026
[ok] 003 Tue Sep 15 14:34:04 2026
[ok] 003 Tue Sep 15 14:34:04 2026
[srt] /Users/mohammadreza/IslamASR/Audios/AyatollahShojaee/Mabahese_Tohidi/003/003_مباحث توحیدی-3.srt cues=372
[start] 007 Tue Sep 15 14:34:04 2026
[start] 007 Tue Sep 15 14:34:04 2026
[ok] 006 Tue Sep 15 14:34:55 2026
[ok] 006 Tue Sep 15 14:34:55 2026
[srt] /Users/mohammadreza/IslamASR/Audios/AyatollahShojaee/Mabahese_Tohidi/006/006_مباحث توحیدی-6.srt cues=362
[start] 008 Tue Sep 15 14:34:55 2026
[start] 008 Tue Sep 15 14:34:55 2026
[ok] 007 Tue Sep 15 14:35:11 2026
[ok] 007 Tue Sep 15 14:35:11 2026
[srt] /Users/mohammadreza/IslamASR/Audios/AyatollahShojaee/Mabahese_Tohidi/007/007_مباحث-توحیدی-7.srt cues=317
[start] 009 Tue Sep 15 14:35:11 2026
[start] 009 Tue Sep 15 14:35:11 2026
[ok] 008 Tue Sep 15 14:35:53 2026
[ok] 008 Tue Sep 15 14:35:53 2026
[srt] /Users/mohammadreza/IslamASR/Audios/AyatollahShojaee/Mabahese_Tohidi/008/008_مباحث-توحیدی-8.srt cues=358
[start] 010 Tue Sep 15 14:35:53 2026
[start] 010 Tue Sep 15 14:35:53 2026
[ok] 009 Tue Sep 15 14:36:10 2026
[ok] 009 Tue Sep 15 14:36:10 2026
[srt] /Users/mohammadreza/IslamASR/Audios/AyatollahShojaee/Mabahese_Tohidi/009/009_مباحث-توحیدی-9.srt cues=359
[start] 011 Tue Sep 15 14:36:10 2026
[start] 011 Tue Sep 15 14:36:10 2026
[ok] 010 Tue Sep 15 14:36:47 2026
[ok] 010 Tue Sep 15 14:36:47 2026
[srt] /Users/mohammadreza/IslamASR/Audios/AyatollahShojaee/Mabahese_Tohidi/010/010_مباحث-توحیدی-10.srt cues=366
[start] 012 Tue Sep 15 14:36:47 2026
[start] 012 Tue Sep 15 14:36:47 2026
[ok] 011 Tue Sep 15 14:37:05 2026
[ok] 011 Tue Sep 15 14:37:05 2026
[srt] /Users/mohammadreza/IslamASR/Audios/AyatollahShojaee/Mabahese_Tohidi/011/011_مباحث-توحیدی-11.srt cues=316
[start] 013 Tue Sep 15 14:37:05 2026
[start] 013 Tue Sep 15 14:37:05 2026
[ok] 012 Tue Sep 15 14:37:40 2026
[ok] 012 Tue Sep 15 14:37:40 2026
[srt] /Users/mohammadreza/IslamASR/Audios/AyatollahShojaee/Mabahese_Tohidi/012/012_مباحث-توحیدی-12.srt cues=330
[start] 014 Tue Sep 15 14:37:40 2026
[start] 014 Tue Sep 15 14:37:40 2026
[ok] 013 Tue Sep 15 14:38:00 2026
[ok] 013 Tue Sep 15 14:38:00 2026
[srt] /Users/mohammadreza/IslamASR/Audios/AyatollahShojaee/Mabahese_Tohidi/013/013_مباحث-توحیدی-13.srt cues=429
[start] 015 Tue Sep 15 14:38:00 2026
[start] 015 Tue Sep 15 14:38:00 2026
[ok] 015 Tue Sep 15 14:38:51 2026
[ok] 015 Tue Sep 15 14:38:51 2026
[srt] /Users/mohammadreza/IslamASR/Audios/AyatollahShojaee/Mabahese_Tohidi/015/015_مباحث-توحیدی-15.srt cues=382
[start] 016 Tue Sep 15 14:38:51 2026
[start] 016 Tue Sep 15 14:38:51 2026
[ok] 016 Tue Sep 15 14:39:39 2026
[ok] 016 Tue Sep 15 14:39:39 2026
[srt] /Users/mohammadreza/IslamASR/Audios/AyatollahShojaee/Mabahese_Tohidi/016/016_مباحث-توحیدی-16.srt cues=359
[ok] 014 Tue Sep 15 14:40:27 2026
[ok] 014 Tue Sep 15 14:40:27 2026
[srt] /Users/mohammadreza/IslamASR/Audios/AyatollahShojaee/Mabahese_Tohidi/014/014_مباحث-توحیدی-14.srt cues=343
[Tue Sep 15 14:40:42 2026] missing=0 round=1
[Tue Sep 15 14:40:42 2026] missing=0 round=1
ASR_ALL_DONE Tue Sep 15 14:40:42 2026
ASR_ALL_DONE Tue Sep 15 14:40:42 2026
ASR_SCRIPT_DONE Tue Sep 15 14:40:42 2026
ASR_SCRIPT_DONE Tue Sep 15 14:40:42 2026
