=== wait download Tue Sep 15 14:15:51 PDT 2026 ===
=== wait download Tue Sep 15 14:15:51 PDT 2026 ===
=== remux Tue Sep 15 14:16:06 PDT 2026 ===
=== remux Tue Sep 15 14:16:06 PDT 2026 ===
  001_مباحث توحیدی-1.mp3  container=1445.70s  decoded=0.00s  → 001_play.m4a (1445.66s)
  002_مباحث توحیدی-2.mp3  container=1523.55s  decoded=0.00s  → 002_play.m4a (1523.52s)
  003_مباحث توحیدی-3.mp3  container=1585.02s  decoded=0.00s  → 003_play.m4a (1584.98s)
  004_مباحث توحیدی-4.mp3  container=1483.18s  decoded=0.00s  → 004_play.m4a (1483.15s)
  005_مباحث توحیدی-5.mp3  container=1582.57s  decoded=0.00s  → 005_play.m4a (1582.54s)
  006_مباحث توحیدی-6.mp3  container=1484.94s  decoded=0.00s  → 006_play.m4a (1484.90s)
  007_مباحث-توحیدی-7.mp3  container=1161.13s  decoded=0.00s  → 007_play.m4a (1161.10s)
  008_مباحث-توحیدی-8.mp3  container=1422.73s  decoded=0.00s  → 008_play.m4a (1422.70s)
  009_مباحث-توحیدی-9.mp3  container=1474.40s  decoded=0.00s  → 009_play.m4a (1474.37s)
  010_مباحث-توحیدی-10.mp3  container=1437.68s  decoded=0.00s  → 010_play.m4a (1437.65s)
  011_مباحث-توحیدی-11.mp3  container=1257.62s  decoded=0.00s  → 011_play.m4a (1257.59s)
  012_مباحث-توحیدی-12.mp3  container=1431.18s  decoded=0.00s  → 012_play.m4a (1431.14s)
  013_مباحث-توحیدی-13.mp3  container=1643.16s  decoded=0.00s  → 013_play.m4a (1643.13s)
  014_مباحث-توحیدی-14.mp3  container=1504.42s  decoded=0.00s  → 014_play.m4a (1504.39s)
  015_مباحث-توحیدی-15.mp3  container=1501.39s  decoded=0.00s  → 015_play.m4a (1501.36s)
  016_مباحث-توحیدی-16.mp3  container=1442.98s  decoded=0.00s  → 016_play.m4a (1442.95s)
done: 16 file(s)
  001_مباحث توحیدی-1.mp3  container=1445.70s  decoded=0.00s  → 001_play.m4a (1445.66s)
  002_مباحث توحیدی-2.mp3  container=1523.55s  decoded=0.00s  → 002_play.m4a (1523.52s)
  003_مباحث توحیدی-3.mp3  container=1585.02s  decoded=0.00s  → 003_play.m4a (1584.98s)
  004_مباحث توحیدی-4.mp3  container=1483.18s  decoded=0.00s  → 004_play.m4a (1483.15s)
  005_مباحث توحیدی-5.mp3  container=1582.57s  decoded=0.00s  → 005_play.m4a (1582.54s)
  006_مباحث توحیدی-6.mp3  container=1484.94s  decoded=0.00s  → 006_play.m4a (1484.90s)
  007_مباحث-توحیدی-7.mp3  container=1161.13s  decoded=0.00s  → 007_play.m4a (1161.10s)
  008_مباحث-توحیدی-8.mp3  container=1422.73s  decoded=0.00s  → 008_play.m4a (1422.70s)
  009_مباحث-توحیدی-9.mp3  container=1474.40s  decoded=0.00s  → 009_play.m4a (1474.37s)
  010_مباحث-توحیدی-10.mp3  container=1437.68s  decoded=0.00s  → 010_play.m4a (1437.65s)
  011_مباحث-توحیدی-11.mp3  container=1257.62s  decoded=0.00s  → 011_play.m4a (1257.59s)
  012_مباحث-توحیدی-12.mp3  container=1431.18s  decoded=0.00s  → 012_play.m4a (1431.14s)
  013_مباحث-توحیدی-13.mp3  container=1643.16s  decoded=0.00s  → 013_play.m4a (1643.13s)
  014_مباحث-توحیدی-14.mp3  container=1504.42s  decoded=0.00s  → 014_play.m4a (1504.39s)
  015_مباحث-توحیدی-15.mp3  container=1501.39s  decoded=0.00s  → 015_play.m4a (1501.36s)
  016_مباحث-توحیدی-16.mp3  container=1442.98s  decoded=0.00s  → 016_play.m4a (1442.95s)
done: 16 file(s)
=== ASR start Tue Sep 15 14:22:04 PDT 2026 ===
=== ASR start Tue Sep 15 14:22:04 PDT 2026 ===
[Tue Sep 15 14:22:04 PDT 2026] missing=16 round=0
[Tue Sep 15 14:22:04 PDT 2026] missing=16 round=0
_: -c: line 1: unexpected EOF while looking for matching `"'
_: -c: line 1: unexpected EOF while looking for matching `"'
_: -c: line 1: unexpected EOF while looking for matching `"'
_: -c: line 1: unexpected EOF while looking for matching `"'
_: -c: line 1: unexpected EOF while looking for matching `"'
_: -c: line 1: unexpected EOF while looking for matching `"'
_: -c: line 1: unexpected EOF while looking for matching `"'
_: -c: line 1: unexpected EOF while looking for matching `"'
_: -c: line 1: unexpected EOF while looking for matching `"'
_: -c: line 1: unexpected EOF while looking for matching `"'
_: -c: line 1: unexpected EOF while looking for matching `"'
_: -c: line 1: unexpected EOF while looking for matching `"'
_: -c: line 1: unexpected EOF while looking for matching `"'
_: -c: line 1: unexpected EOF while looking for matching `"'
_: -c: line 1: unexpected EOF while looking for matching `"'
_: -c: line 1: unexpected EOF while looking for matching `"'
[Tue Sep 15 14:22:25 PDT 2026] missing=16 round=1
[Tue Sep 15 14:22:25 PDT 2026] missing=16 round=1
_: -c: line 1: unexpected EOF while looking for matching `"'
_: -c: line 1: unexpected EOF while looking for matching `"'
_: -c: line 1: unexpected EOF while looking for matching `"'
_: -c: line 1: unexpected EOF while looking for matching `"'
_: -c: line 1: unexpected EOF while looking for matching `"'
_: -c: line 1: unexpected EOF while looking for matching `"'
_: -c: line 1: unexpected EOF while looking for matching `"'
_: -c: line 1: unexpected EOF while looking for matching `"'
_: -c: line 1: unexpected EOF while looking for matching `"'
_: -c: line 1: unexpected EOF while looking for matching `"'
_: -c: line 1: unexpected EOF while looking for matching `"'
_: -c: line 1: unexpected EOF while looking for matching `"'
_: -c: line 1: unexpected EOF while looking for matching `"'
_: -c: line 1: unexpected EOF while looking for matching `"'
_: -c: line 1: unexpected EOF while looking for matching `"'
_: -c: line 1: unexpected EOF while looking for matching `"'
[Tue Sep 15 14:22:45 PDT 2026] missing=16 round=2
[Tue Sep 15 14:22:45 PDT 2026] missing=16 round=2
_: -c: line 1: unexpected EOF while looking for matching `"'
_: -c: line 1: unexpected EOF while looking for matching `"'
_: -c: line 1: unexpected EOF while looking for matching `"'
_: -c: line 1: unexpected EOF while looking for matching `"'
_: -c: line 1: unexpected EOF while looking for matching `"'
_: -c: line 1: unexpected EOF while looking for matching `"'
_: -c: line 1: unexpected EOF while looking for matching `"'
_: -c: line 1: unexpected EOF while looking for matching `"'
_: -c: line 1: unexpected EOF while looking for matching `"'
_: -c: line 1: unexpected EOF while looking for matching `"'
_: -c: line 1: unexpected EOF while looking for matching `"'
_: -c: line 1: unexpected EOF while looking for matching `"'
_: -c: line 1: unexpected EOF while looking for matching `"'
_: -c: line 1: unexpected EOF while looking for matching `"'
_: -c: line 1: unexpected EOF while looking for matching `"'
_: -c: line 1: unexpected EOF while looking for matching `"'
[Tue Sep 15 14:23:05 PDT 2026] missing=16 round=3
[Tue Sep 15 14:23:05 PDT 2026] missing=16 round=3
_: -c: line 1: unexpected EOF while looking for matching `"'
_: -c: line 1: unexpected EOF while looking for matching `"'
_: -c: line 1: unexpected EOF while looking for matching `"'
_: -c: line 1: unexpected EOF while looking for matching `"'
_: -c: line 1: unexpected EOF while looking for matching `"'
_: -c: line 1: unexpected EOF while looking for matching `"'
_: -c: line 1: unexpected EOF while looking for matching `"'
_: -c: line 1: unexpected EOF while looking for matching `"'
_: -c: line 1: unexpected EOF while looking for matching `"'
_: -c: line 1: unexpected EOF while looking for matching `"'
_: -c: line 1: unexpected EOF while looking for matching `"'
_: -c: line 1: unexpected EOF while looking for matching `"'
_: -c: line 1: unexpected EOF while looking for matching `"'
_: -c: line 1: unexpected EOF while looking for matching `"'
_: -c: line 1: unexpected EOF while looking for matching `"'
_: -c: line 1: unexpected EOF while looking for matching `"'
[Tue Sep 15 14:23:25 PDT 2026] missing=16 round=4
[Tue Sep 15 14:23:25 PDT 2026] missing=16 round=4
_: -c: line 1: unexpected EOF while looking for matching `"'
_: -c: line 1: unexpected EOF while looking for matching `"'
_: -c: line 1: unexpected EOF while looking for matching `"'
_: -c: line 1: unexpected EOF while looking for matching `"'
_: -c: line 1: unexpected EOF while looking for matching `"'
_: -c: line 1: unexpected EOF while looking for matching `"'
_: -c: line 1: unexpected EOF while looking for matching `"'
_: -c: line 1: unexpected EOF while looking for matching `"'
_: -c: line 1: unexpected EOF while looking for matching `"'
_: -c: line 1: unexpected EOF while looking for matching `"'
_: -c: line 1: unexpected EOF while looking for matching `"'
_: -c: line 1: unexpected EOF while looking for matching `"'
_: -c: line 1: unexpected EOF while looking for matching `"'
_: -c: line 1: unexpected EOF while looking for matching `"'
_: -c: line 1: unexpected EOF while looking for matching `"'
_: -c: line 1: unexpected EOF while looking for matching `"'
[Tue Sep 15 14:23:45 PDT 2026] missing=16 round=5
[Tue Sep 15 14:23:45 PDT 2026] missing=16 round=5
_: -c: line 1: unexpected EOF while looking for matching `"'
_: -c: line 1: unexpected EOF while looking for matching `"'
_: -c: line 1: unexpected EOF while looking for matching `"'
_: -c: line 1: unexpected EOF while looking for matching `"'
_: -c: line 1: unexpected EOF while looking for matching `"'
_: -c: line 1: unexpected EOF while looking for matching `"'
_: -c: line 1: unexpected EOF while looking for matching `"'
_: -c: line 1: unexpected EOF while looking for matching `"'
_: -c: line 1: unexpected EOF while looking for matching `"'
_: -c: line 1: unexpected EOF while looking for matching `"'
_: -c: line 1: unexpected EOF while looking for matching `"'
_: -c: line 1: unexpected EOF while looking for matching `"'
_: -c: line 1: unexpected EOF while looking for matching `"'
_: -c: line 1: unexpected EOF while looking for matching `"'
_: -c: line 1: unexpected EOF while looking for matching `"'
_: -c: line 1: unexpected EOF while looking for matching `"'
[Tue Sep 15 14:24:05 PDT 2026] missing=16 round=6
[Tue Sep 15 14:24:05 PDT 2026] missing=16 round=6
_: -c: line 1: unexpected EOF while looking for matching `"'
_: -c: line 1: unexpected EOF while looking for matching `"'
_: -c: line 1: unexpected EOF while looking for matching `"'
_: -c: line 1: unexpected EOF while looking for matching `"'
_: -c: line 1: unexpected EOF while looking for matching `"'
_: -c: line 1: unexpected EOF while looking for matching `"'
_: -c: line 1: unexpected EOF while looking for matching `"'
_: -c: line 1: unexpected EOF while looking for matching `"'
_: -c: line 1: unexpected EOF while looking for matching `"'
_: -c: line 1: unexpected EOF while looking for matching `"'
_: -c: line 1: unexpected EOF while looking for matching `"'
_: -c: line 1: unexpected EOF while looking for matching `"'
_: -c: line 1: unexpected EOF while looking for matching `"'
_: -c: line 1: unexpected EOF while looking for matching `"'
_: -c: line 1: unexpected EOF while looking for matching `"'
_: -c: line 1: unexpected EOF while looking for matching `"'
[Tue Sep 15 14:24:25 PDT 2026] missing=16 round=7
[Tue Sep 15 14:24:25 PDT 2026] missing=16 round=7
_: -c: line 1: unexpected EOF while looking for matching `"'
_: -c: line 1: unexpected EOF while looking for matching `"'
_: -c: line 1: unexpected EOF while looking for matching `"'
_: -c: line 1: unexpected EOF while looking for matching `"'
_: -c: line 1: unexpected EOF while looking for matching `"'
_: -c: line 1: unexpected EOF while looking for matching `"'
_: -c: line 1: unexpected EOF while looking for matching `"'
_: -c: line 1: unexpected EOF while looking for matching `"'
_: -c: line 1: unexpected EOF while looking for matching `"'
_: -c: line 1: unexpected EOF while looking for matching `"'
_: -c: line 1: unexpected EOF while looking for matching `"'
_: -c: line 1: unexpected EOF while looking for matching `"'
_: -c: line 1: unexpected EOF while looking for matching `"'
_: -c: line 1: unexpected EOF while looking for matching `"'
_: -c: line 1: unexpected EOF while looking for matching `"'
_: -c: line 1: unexpected EOF while looking for matching `"'
[Tue Sep 15 14:24:45 PDT 2026] missing=16 round=8
[Tue Sep 15 14:24:45 PDT 2026] missing=16 round=8
_: -c: line 1: unexpected EOF while looking for matching `"'
_: -c: line 1: unexpected EOF while looking for matching `"'
_: -c: line 1: unexpected EOF while looking for matching `"'
_: -c: line 1: unexpected EOF while looking for matching `"'
_: -c: line 1: unexpected EOF while looking for matching `"'
_: -c: line 1: unexpected EOF while looking for matching `"'
_: -c: line 1: unexpected EOF while looking for matching `"'
_: -c: line 1: unexpected EOF while looking for matching `"'
_: -c: line 1: unexpected EOF while looking for matching `"'
_: -c: line 1: unexpected EOF while looking for matching `"'
_: -c: line 1: unexpected EOF while looking for matching `"'
_: -c: line 1: unexpected EOF while looking for matching `"'
_: -c: line 1: unexpected EOF while looking for matching `"'
_: -c: line 1: unexpected EOF while looking for matching `"'
_: -c: line 1: unexpected EOF while looking for matching `"'
_: -c: line 1: unexpected EOF while looking for matching `"'
[Tue Sep 15 14:25:06 PDT 2026] missing=16 round=9
[Tue Sep 15 14:25:06 PDT 2026] missing=16 round=9
_: -c: line 1: unexpected EOF while looking for matching `"'
_: -c: line 1: unexpected EOF while looking for matching `"'
_: -c: line 1: unexpected EOF while looking for matching `"'
_: -c: line 1: unexpected EOF while looking for matching `"'
_: -c: line 1: unexpected EOF while looking for matching `"'
_: -c: line 1: unexpected EOF while looking for matching `"'
_: -c: line 1: unexpected EOF while looking for matching `"'
_: -c: line 1: unexpected EOF while looking for matching `"'
_: -c: line 1: unexpected EOF while looking for matching `"'
_: -c: line 1: unexpected EOF while looking for matching `"'
_: -c: line 1: unexpected EOF while looking for matching `"'
_: -c: line 1: unexpected EOF while looking for matching `"'
_: -c: line 1: unexpected EOF while looking for matching `"'
_: -c: line 1: unexpected EOF while looking for matching `"'
_: -c: line 1: unexpected EOF while looking for matching `"'
_: -c: line 1: unexpected EOF while looking for matching `"'
[Tue Sep 15 14:25:26 PDT 2026] missing=16 round=10
[Tue Sep 15 14:25:26 PDT 2026] missing=16 round=10
_: -c: line 1: unexpected EOF while looking for matching `"'
_: -c: line 1: unexpected EOF while looking for matching `"'
_: -c: line 1: unexpected EOF while looking for matching `"'
_: -c: line 1: unexpected EOF while looking for matching `"'
_: -c: line 1: unexpected EOF while looking for matching `"'
_: -c: line 1: unexpected EOF while looking for matching `"'
_: -c: line 1: unexpected EOF while looking for matching `"'
_: -c: line 1: unexpected EOF while looking for matching `"'
_: -c: line 1: unexpected EOF while looking for matching `"'
_: -c: line 1: unexpected EOF while looking for matching `"'
_: -c: line 1: unexpected EOF while looking for matching `"'
_: -c: line 1: unexpected EOF while looking for matching `"'
_: -c: line 1: unexpected EOF while looking for matching `"'
_: -c: line 1: unexpected EOF while looking for matching `"'
_: -c: line 1: unexpected EOF while looking for matching `"'
_: -c: line 1: unexpected EOF while looking for matching `"'
[Tue Sep 15 14:25:46 PDT 2026] missing=16 round=11
[Tue Sep 15 14:25:46 PDT 2026] missing=16 round=11
_: -c: line 1: unexpected EOF while looking for matching `"'
_: -c: line 1: unexpected EOF while looking for matching `"'
_: -c: line 1: unexpected EOF while looking for matching `"'
_: -c: line 1: unexpected EOF while looking for matching `"'
_: -c: line 1: unexpected EOF while looking for matching `"'
_: -c: line 1: unexpected EOF while looking for matching `"'
_: -c: line 1: unexpected EOF while looking for matching `"'
_: -c: line 1: unexpected EOF while looking for matching `"'
_: -c: line 1: unexpected EOF while looking for matching `"'
_: -c: line 1: unexpected EOF while looking for matching `"'
_: -c: line 1: unexpected EOF while looking for matching `"'
_: -c: line 1: unexpected EOF while looking for matching `"'
_: -c: line 1: unexpected EOF while looking for matching `"'
_: -c: line 1: unexpected EOF while looking for matching `"'
_: -c: line 1: unexpected EOF while looking for matching `"'
_: -c: line 1: unexpected EOF while looking for matching `"'
[Tue Sep 15 14:26:06 PDT 2026] missing=16 round=12
[Tue Sep 15 14:26:06 PDT 2026] missing=16 round=12
_: -c: line 1: unexpected EOF while looking for matching `"'
_: -c: line 1: unexpected EOF while looking for matching `"'
_: -c: line 1: unexpected EOF while looking for matching `"'
_: -c: line 1: unexpected EOF while looking for matching `"'
_: -c: line 1: unexpected EOF while looking for matching `"'
_: -c: line 1: unexpected EOF while looking for matching `"'
_: -c: line 1: unexpected EOF while looking for matching `"'
_: -c: line 1: unexpected EOF while looking for matching `"'
_: -c: line 1: unexpected EOF while looking for matching `"'
_: -c: line 1: unexpected EOF while looking for matching `"'
_: -c: line 1: unexpected EOF while looking for matching `"'
_: -c: line 1: unexpected EOF while looking for matching `"'
_: -c: line 1: unexpected EOF while looking for matching `"'
_: -c: line 1: unexpected EOF while looking for matching `"'
_: -c: line 1: unexpected EOF while looking for matching `"'
_: -c: line 1: unexpected EOF while looking for matching `"'
[Tue Sep 15 14:26:26 PDT 2026] missing=16 round=13
[Tue Sep 15 14:26:26 PDT 2026] missing=16 round=13
_: -c: line 1: unexpected EOF while looking for matching `"'
_: -c: line 1: unexpected EOF while looking for matching `"'
_: -c: line 1: unexpected EOF while looking for matching `"'
_: -c: line 1: unexpected EOF while looking for matching `"'
_: -c: line 1: unexpected EOF while looking for matching `"'
_: -c: line 1: unexpected EOF while looking for matching `"'
_: -c: line 1: unexpected EOF while looking for matching `"'
_: -c: line 1: unexpected EOF while looking for matching `"'
_: -c: line 1: unexpected EOF while looking for matching `"'
_: -c: line 1: unexpected EOF while looking for matching `"'
_: -c: line 1: unexpected EOF while looking for matching `"'
_: -c: line 1: unexpected EOF while looking for matching `"'
_: -c: line 1: unexpected EOF while looking for matching `"'
_: -c: line 1: unexpected EOF while looking for matching `"'
_: -c: line 1: unexpected EOF while looking for matching `"'
_: -c: line 1: unexpected EOF while looking for matching `"'
[Tue Sep 15 14:26:46 PDT 2026] missing=16 round=14
[Tue Sep 15 14:26:46 PDT 2026] missing=16 round=14
_: -c: line 1: unexpected EOF while looking for matching `"'
_: -c: line 1: unexpected EOF while looking for matching `"'
_: -c: line 1: unexpected EOF while looking for matching `"'
_: -c: line 1: unexpected EOF while looking for matching `"'
_: -c: line 1: unexpected EOF while looking for matching `"'
_: -c: line 1: unexpected EOF while looking for matching `"'
_: -c: line 1: unexpected EOF while looking for matching `"'
_: -c: line 1: unexpected EOF while looking for matching `"'
_: -c: line 1: unexpected EOF while looking for matching `"'
_: -c: line 1: unexpected EOF while looking for matching `"'
_: -c: line 1: unexpected EOF while looking for matching `"'
_: -c: line 1: unexpected EOF while looking for matching `"'
_: -c: line 1: unexpected EOF while looking for matching `"'
_: -c: line 1: unexpected EOF while looking for matching `"'
_: -c: line 1: unexpected EOF while looking for matching `"'
_: -c: line 1: unexpected EOF while looking for matching `"'
[Tue Sep 15 14:27:06 PDT 2026] missing=16 round=15
[Tue Sep 15 14:27:06 PDT 2026] missing=16 round=15
_: -c: line 1: unexpected EOF while looking for matching `"'
_: -c: line 1: unexpected EOF while looking for matching `"'
_: -c: line 1: unexpected EOF while looking for matching `"'
_: -c: line 1: unexpected EOF while looking for matching `"'
_: -c: line 1: unexpected EOF while looking for matching `"'
_: -c: line 1: unexpected EOF while looking for matching `"'
_: -c: line 1: unexpected EOF while looking for matching `"'
_: -c: line 1: unexpected EOF while looking for matching `"'
_: -c: line 1: unexpected EOF while looking for matching `"'
_: -c: line 1: unexpected EOF while looking for matching `"'
_: -c: line 1: unexpected EOF while looking for matching `"'
_: -c: line 1: unexpected EOF while looking for matching `"'
_: -c: line 1: unexpected EOF while looking for matching `"'
_: -c: line 1: unexpected EOF while looking for matching `"'
_: -c: line 1: unexpected EOF while looking for matching `"'
_: -c: line 1: unexpected EOF while looking for matching `"'
[Tue Sep 15 14:27:26 PDT 2026] missing=16 round=16
[Tue Sep 15 14:27:26 PDT 2026] missing=16 round=16
_: -c: line 1: unexpected EOF while looking for matching `"'
_: -c: line 1: unexpected EOF while looking for matching `"'
_: -c: line 1: unexpected EOF while looking for matching `"'
_: -c: line 1: unexpected EOF while looking for matching `"'
_: -c: line 1: unexpected EOF while looking for matching `"'
_: -c: line 1: unexpected EOF while looking for matching `"'
_: -c: line 1: unexpected EOF while looking for matching `"'
_: -c: line 1: unexpected EOF while looking for matching `"'
_: -c: line 1: unexpected EOF while looking for matching `"'
_: -c: line 1: unexpected EOF while looking for matching `"'
_: -c: line 1: unexpected EOF while looking for matching `"'
_: -c: line 1: unexpected EOF while looking for matching `"'
_: -c: line 1: unexpected EOF while looking for matching `"'
_: -c: line 1: unexpected EOF while looking for matching `"'
_: -c: line 1: unexpected EOF while looking for matching `"'
_: -c: line 1: unexpected EOF while looking for matching `"'
[Tue Sep 15 14:27:47 PDT 2026] missing=16 round=17
[Tue Sep 15 14:27:47 PDT 2026] missing=16 round=17
_: -c: line 1: unexpected EOF while looking for matching `"'
_: -c: line 1: unexpected EOF while looking for matching `"'
_: -c: line 1: unexpected EOF while looking for matching `"'
_: -c: line 1: unexpected EOF while looking for matching `"'
_: -c: line 1: unexpected EOF while looking for matching `"'
_: -c: line 1: unexpected EOF while looking for matching `"'
_: -c: line 1: unexpected EOF while looking for matching `"'
_: -c: line 1: unexpected EOF while looking for matching `"'
_: -c: line 1: unexpected EOF while looking for matching `"'
_: -c: line 1: unexpected EOF while looking for matching `"'
_: -c: line 1: unexpected EOF while looking for matching `"'
_: -c: line 1: unexpected EOF while looking for matching `"'
_: -c: line 1: unexpected EOF while looking for matching `"'
_: -c: line 1: unexpected EOF while looking for matching `"'
_: -c: line 1: unexpected EOF while looking for matching `"'
_: -c: line 1: unexpected EOF while looking for matching `"'
[Tue Sep 15 14:28:07 PDT 2026] missing=16 round=18
[Tue Sep 15 14:28:07 PDT 2026] missing=16 round=18
_: -c: line 1: unexpected EOF while looking for matching `"'
_: -c: line 1: unexpected EOF while looking for matching `"'
_: -c: line 1: unexpected EOF while looking for matching `"'
_: -c: line 1: unexpected EOF while looking for matching `"'
_: -c: line 1: unexpected EOF while looking for matching `"'
_: -c: line 1: unexpected EOF while looking for matching `"'
_: -c: line 1: unexpected EOF while looking for matching `"'
_: -c: line 1: unexpected EOF while looking for matching `"'
_: -c: line 1: unexpected EOF while looking for matching `"'
_: -c: line 1: unexpected EOF while looking for matching `"'
_: -c: line 1: unexpected EOF while looking for matching `"'
_: -c: line 1: unexpected EOF while looking for matching `"'
_: -c: line 1: unexpected EOF while looking for matching `"'
_: -c: line 1: unexpected EOF while looking for matching `"'
_: -c: line 1: unexpected EOF while looking for matching `"'
_: -c: line 1: unexpected EOF while looking for matching `"'
[Tue Sep 15 14:28:27 PDT 2026] missing=16 round=19
[Tue Sep 15 14:28:27 PDT 2026] missing=16 round=19
_: -c: line 1: unexpected EOF while looking for matching `"'
_: -c: line 1: unexpected EOF while looking for matching `"'
_: -c: line 1: unexpected EOF while looking for matching `"'
_: -c: line 1: unexpected EOF while looking for matching `"'
_: -c: line 1: unexpected EOF while looking for matching `"'
_: -c: line 1: unexpected EOF while looking for matching `"'
_: -c: line 1: unexpected EOF while looking for matching `"'
_: -c: line 1: unexpected EOF while looking for matching `"'
_: -c: line 1: unexpected EOF while looking for matching `"'
_: -c: line 1: unexpected EOF while looking for matching `"'
_: -c: line 1: unexpected EOF while looking for matching `"'
_: -c: line 1: unexpected EOF while looking for matching `"'
_: -c: line 1: unexpected EOF while looking for matching `"'
_: -c: line 1: unexpected EOF while looking for matching `"'
_: -c: line 1: unexpected EOF while looking for matching `"'
_: -c: line 1: unexpected EOF while looking for matching `"'
[Tue Sep 15 14:28:47 PDT 2026] missing=16 round=20
[Tue Sep 15 14:28:47 PDT 2026] missing=16 round=20
_: -c: line 1: unexpected EOF while looking for matching `"'
_: -c: line 1: unexpected EOF while looking for matching `"'
_: -c: line 1: unexpected EOF while looking for matching `"'
_: -c: line 1: unexpected EOF while looking for matching `"'
_: -c: line 1: unexpected EOF while looking for matching `"'
_: -c: line 1: unexpected EOF while looking for matching `"'
_: -c: line 1: unexpected EOF while looking for matching `"'
_: -c: line 1: unexpected EOF while looking for matching `"'
_: -c: line 1: unexpected EOF while looking for matching `"'
_: -c: line 1: unexpected EOF while looking for matching `"'
_: -c: line 1: unexpected EOF while looking for matching `"'
_: -c: line 1: unexpected EOF while looking for matching `"'
_: -c: line 1: unexpected EOF while looking for matching `"'
_: -c: line 1: unexpected EOF while looking for matching `"'
_: -c: line 1: unexpected EOF while looking for matching `"'
_: -c: line 1: unexpected EOF while looking for matching `"'
[Tue Sep 15 14:29:07 PDT 2026] missing=16 round=21
[Tue Sep 15 14:29:07 PDT 2026] missing=16 round=21
_: -c: line 1: unexpected EOF while looking for matching `"'
_: -c: line 1: unexpected EOF while looking for matching `"'
_: -c: line 1: unexpected EOF while looking for matching `"'
_: -c: line 1: unexpected EOF while looking for matching `"'
_: -c: line 1: unexpected EOF while looking for matching `"'
_: -c: line 1: unexpected EOF while looking for matching `"'
_: -c: line 1: unexpected EOF while looking for matching `"'
_: -c: line 1: unexpected EOF while looking for matching `"'
_: -c: line 1: unexpected EOF while looking for matching `"'
_: -c: line 1: unexpected EOF while looking for matching `"'
_: -c: line 1: unexpected EOF while looking for matching `"'
_: -c: line 1: unexpected EOF while looking for matching `"'
_: -c: line 1: unexpected EOF while looking for matching `"'
_: -c: line 1: unexpected EOF while looking for matching `"'
_: -c: line 1: unexpected EOF while looking for matching `"'
_: -c: line 1: unexpected EOF while looking for matching `"'
[Tue Sep 15 14:29:27 PDT 2026] missing=16 round=22
[Tue Sep 15 14:29:27 PDT 2026] missing=16 round=22
_: -c: line 1: unexpected EOF while looking for matching `"'
_: -c: line 1: unexpected EOF while looking for matching `"'
_: -c: line 1: unexpected EOF while looking for matching `"'
_: -c: line 1: unexpected EOF while looking for matching `"'
_: -c: line 1: unexpected EOF while looking for matching `"'
_: -c: line 1: unexpected EOF while looking for matching `"'
_: -c: line 1: unexpected EOF while looking for matching `"'
_: -c: line 1: unexpected EOF while looking for matching `"'
_: -c: line 1: unexpected EOF while looking for matching `"'
_: -c: line 1: unexpected EOF while looking for matching `"'
_: -c: line 1: unexpected EOF while looking for matching `"'
_: -c: line 1: unexpected EOF while looking for matching `"'
_: -c: line 1: unexpected EOF while looking for matching `"'
_: -c: line 1: unexpected EOF while looking for matching `"'
_: -c: line 1: unexpected EOF while looking for matching `"'
_: -c: line 1: unexpected EOF while looking for matching `"'
[Tue Sep 15 14:29:47 PDT 2026] missing=16 round=23
[Tue Sep 15 14:29:47 PDT 2026] missing=16 round=23
_: -c: line 1: unexpected EOF while looking for matching `"'
_: -c: line 1: unexpected EOF while looking for matching `"'
_: -c: line 1: unexpected EOF while looking for matching `"'
_: -c: line 1: unexpected EOF while looking for matching `"'
_: -c: line 1: unexpected EOF while looking for matching `"'
_: -c: line 1: unexpected EOF while looking for matching `"'
_: -c: line 1: unexpected EOF while looking for matching `"'
_: -c: line 1: unexpected EOF while looking for matching `"'
_: -c: line 1: unexpected EOF while looking for matching `"'
_: -c: line 1: unexpected EOF while looking for matching `"'
_: -c: line 1: unexpected EOF while looking for matching `"'
_: -c: line 1: unexpected EOF while looking for matching `"'
_: -c: line 1: unexpected EOF while looking for matching `"'
_: -c: line 1: unexpected EOF while looking for matching `"'
_: -c: line 1: unexpected EOF while looking for matching `"'
_: -c: line 1: unexpected EOF while looking for matching `"'
[Tue Sep 15 14:30:07 PDT 2026] missing=16 round=24
[Tue Sep 15 14:30:07 PDT 2026] missing=16 round=24
_: -c: line 1: unexpected EOF while looking for matching `"'
_: -c: line 1: unexpected EOF while looking for matching `"'
_: -c: line 1: unexpected EOF while looking for matching `"'
_: -c: line 1: unexpected EOF while looking for matching `"'
_: -c: line 1: unexpected EOF while looking for matching `"'
_: -c: line 1: unexpected EOF while looking for matching `"'
_: -c: line 1: unexpected EOF while looking for matching `"'
_: -c: line 1: unexpected EOF while looking for matching `"'
_: -c: line 1: unexpected EOF while looking for matching `"'
_: -c: line 1: unexpected EOF while looking for matching `"'
_: -c: line 1: unexpected EOF while looking for matching `"'
_: -c: line 1: unexpected EOF while looking for matching `"'
_: -c: line 1: unexpected EOF while looking for matching `"'
_: -c: line 1: unexpected EOF while looking for matching `"'
_: -c: line 1: unexpected EOF while looking for matching `"'
_: -c: line 1: unexpected EOF while looking for matching `"'
