Provider: ElevenLabs Scribe (scribe_v2)
Progress file (updated after each chunk): Audios/AyatollahShojaee/Tazkiyeh/139/139_کشف شمي2 _ بحث تزکیه.partial.txt
  preparing audio (139_کشف شمي2 _ بحث تزکیه.mp3)...
  16:51 → 1 request(s)
  progress file: Audios/AyatollahShojaee/Tazkiyeh/139/139_کشف شمي2 _ بحث تزکیه.partial.txt
  [1/1] 0:00–16:51 (5924 KB)...
      → 9873 chars: اعوذ بالله السميع العليم من الشيطان الرجيم. بسم الله الرحمن الرحيم. عرض کنم که. حضرات یا چیزهایی، پدیده هایی در اینجا هست که گفته بشه من و شما توی خودمون بیاییم. خب با این بیانی که…

============================================================
TRANSCRIPTION (preview)
============================================================
اعوذ بالله السميع العليم من الشيطان الرجيم. بسم الله الرحمن الرحيم. عرض کنم که. حضرات یا چیزهایی، پدیده هایی در اینجا هست که گفته بشه من و شما توی خودمون بیاییم. خب با این بیانی که عرض کردم اونها که شامه دارن در این عالم از رسول اکرم صلی الله علیه و آله و سلم مانند من و شما هستند و همچنین مانند حضرات معصومین صلوات الله علیهم اجمعین و مانند ملائکه الهی و بالاتر از همه اینها اون خدا که این روایح بد را از من و شما از دم من و شما از نفس من و شما به اصطلاح می یابند. شما منصفانه بگید اون وقت من و شما دهان به دعا باز می‌کنیم اگر دم دمی باشد که همه چیز را به فرار وادار بکنه دعاش چه جوری میشه؟ توجه بکنید. آقا اینا حرف هست؟ گاهی خودم میگم خدایا اینا حرف هست؟ حقیقت است؟ البته حقیقت است اما ما خیلی هیچی نمی‌دانیم. اون جای بسیار تاسف است. خب شما شنیده‌اید کسی که گناهکار است وقتی دهنش رو باز می‌کند دعا بکند دعاش چه میشه؟ چه میشه؟ به اجابت نمی‌رسه. گفتم در دعا دم پاک می‌خواد. اینا یک قسمتش مربوط به دهن ما وقتی که روزه داریم. گفتم در دعا و اجابت دعا دم پاک می‌خواد. نفس پاک می‌خواد. اون نفس که میاد رائحه خوب داشته باشه. همه از انسان فرار نکنند. خدا که دور باشیم، ملائکه، رسول، ائمه همه. هیچکس اصلاً جرات دم نکنه نزدیک بشه. توجه بکنید. مولوی در اینجا هم اشعاری دارد که این‌ها را هم دلم می‌خواست به شما بخوانم. از زبان مولوی بگیم بهتر است که من خودم بگم و این اشعار هم دقت می‌کنید و این برای این طول ادامه دادن این صحبت را که برای من و شما تذکرآمیز است و شما و ما خیلی باید به خودمون بیاییم. عالم را که همه جاش اسرار است و وجودمون که همه قسمتش اسرار است. اسرار است باطن و ظاهر به خودمون بیاییم، متوجه باشیم. توجه می‌کنید؟ نکند همیشه وقتی ما دعا می‌کنیم به قول مولوی بگوید احذروا جناب بیاید. احذروا. خب. توجه می‌کنید؟ مخصوصا اونجا که انسان بداند عمل نکند. این برای خودش بوی خاص بدی دارد. این هم رمزی است در نظرتون باشد. هر که را هر کس به هر اندازه بداند و عمل نکند و خلاف دانسته اش عمل بکند. غیر از اینکه هر معصیت برای خودش بویی دارد، هر قسمتی برای خودش رائحه‌ای خیلی زشتی دارد. غیر از این خود این موضوع که بدان و عمل نکند، خود این خصلت و این حالت و این جریان روحی در انسان چه دارد؟ یک بوی خیلی رائحه‌ی ب
… (truncated; see saved file for full transcript)

============================================================
SUMMARY
============================================================
Input file      : 139_کشف شمي2 _ بحث تزکیه.mp3
Provider        : ElevenLabs Scribe (scribe_v2)
Audio duration  : 16:51 (1010.88 s)
Requests        : 1
Billed duration : 1011 s (rounded up to nearest second)
Rate            : $0.22 / audio hour
Estimated cost  : $0.061776 USD
Transcript saved: Audios/AyatollahShojaee/Tazkiyeh/139/139_کشف شمي2 _ بحث تزکیه.txt
============================================================
