Provider: ElevenLabs Scribe (scribe_v2)
Progress file (updated after each chunk): /Users/mohammadreza/IslamASR/Audios/AyatollahShojaee/Mabohas_Mozui/016/016_16- در مورد خصوصيات اهل بهشت.partial.txt
  preparing audio (016_16- در مورد خصوصيات اهل بهشت.mp3)...
  21:25 → 1 request(s)
  progress file: /Users/mohammadreza/IslamASR/Audios/AyatollahShojaee/Mabohas_Mozui/016/016_16- در مورد خصوصيات اهل بهشت.partial.txt
  [1/1] 0:00–21:25 (7528 KB)...
      → 14490 chars: اعوذ بالله السميع العليم من الشيطان الرجيم. بسم الله الرحمن الرحيم. من و شما اگر فکر هستم نه خودمون را به اعتراف تقصیر وادار می‌کنیم. اگر وادار بکنیم باید فوراً به حال خودمون، به خ…

============================================================
TRANSCRIPTION (preview)
============================================================
اعوذ بالله السميع العليم من الشيطان الرجيم. بسم الله الرحمن الرحيم. من و شما اگر فکر هستم نه خودمون را به اعتراف تقصیر وادار می‌کنیم. اگر وادار بکنیم باید فوراً به حال خودمون، به خودمون بیاییم و بترسیم. اگر اینجور نیستیم و نیستید، اگر معترف به تقصیرتون با اون توضیحی که گفتم نیستید در عین مجاهدت، نه تصنعی یعنی واقعاً به خودتون بر می‌گردید و اصلاً نقطه روشن در وجود خودتون نمی‌بینید. اگر اینطور نیستید و یک چیزهایی به نظرتون reached کار کرده‌اید، نماز خونده‌اید، روزه گرفته‌اید الی آخر. اگر اینجور هستید ولو به زبان گاهی اعتراف تقصیر می‌کنید، بترسید. بترسید این انحراف است. این انحراف است. روایات در اینجا زیاد است. خیلی بترسید اگر اینجور هستید چون ما اون تذکرات لازم را به دوستان صاف و خیلی روشن می‌گیم. اگر دیدید این حالت را ندارد بترسید و با پزرو از خدا بخواهید خدا به شما این حالت را بدهد. یعنی در عین اینکه رو شما توفیق مجاهدت بالا را روز به روز می‌دهد، در عین حال اعتراف تقصیر را به صورت یک حال حاکم بر وجود در شما عنایت کند به نحوی که نگرانی دائم و مستمر در وجود شما باشد و طبعا شما را از ام امیدوار به فضل و رحمت خدای متعال بکند. پس سلام. این را اگر ندارید از خدا بخواهید. بعید هم هست من و شما به این زودی و به این آسانی این را داشته باشیم. تصنعش را اشتباه نکنیدا. تصنع یه چیز دیگه است. یک نگرانی فوق‌العاده وجود انسان را می‌گیرد. انسان می‌بیند هیچ نقطه روشن ندارد. توجه کنید. آیات را هم برای شما بخوانم. به این آیات دقت کنید. سوره معارج است. می‌خوانم و می‌گذرم. ترجمه می‌کنم. خوباً بر آیات دقت بکنید. می‌فرماید که "إن الإنسان خلق هلوءا إذا مسه الشر جزوعا وإذا مسه الخير منوعا" انسان را که مورد نالمت و اطاف کران می‌دهد. بعد می‌فرماید "إلا المصلین" استثناء می‌کند از اون جمع مورد نالمت کران گرفته "إلا المصلین" مگر اون نمازگزاران. آنها را استثناء می‌کند. "إلا المصلین". کدوم مصلی؟ "الذین هم على صلاتهم دائمون" مگر اون نمازگزاران که بر نمازشون و روی نمازشون همیشه ایستادند. دقت بکنید این "على صلاتهم دائمون" یه معنی خاص دارد. انسان در نمازش دائم باشد یعنی آنچه در نماز انجام داده و گفته است در بیست و چهار ساعت روی گفته و کرده خود در نماز چه بکند؟ بیایستد. اییاک نعبد گفته در همه احوال روی ایی
… (truncated; see saved file for full transcript)

============================================================
SUMMARY
============================================================
Input file      : 016_16- در مورد خصوصيات اهل بهشت.mp3
Provider        : ElevenLabs Scribe (scribe_v2)
Audio duration  : 21:25 (1284.70 s)
Requests        : 1
Billed duration : 1285 s (rounded up to nearest second)
Rate            : $0.22 / audio hour
Estimated cost  : $0.078509 USD
Transcript saved: /Users/mohammadreza/IslamASR/Audios/AyatollahShojaee/Mabohas_Mozui/016/016_16- در مورد خصوصيات اهل بهشت.txt
============================================================
