Provider: ElevenLabs Scribe (scribe_v2)
Progress file (updated after each chunk): Audios/AyatollahShojaee/Tazkiyeh/092/092_آثاريقين1 _ بحث تزکیه.partial.txt
  preparing audio (092_آثاريقين1 _ بحث تزکیه.mp3)...
  40:41 → 1 request(s)
  progress file: Audios/AyatollahShojaee/Tazkiyeh/092/092_آثاريقين1 _ بحث تزکیه.partial.txt
  [1/1] 0:00–40:41 (14301 KB)...
      → 26841 chars: اعوذ بالله السميع العليم من الشيطان الرجيم. بسم الله الرحمن الرحيم. دو جلسه بود که در مسئله یقین و مراتب یقین صحبت‌ها کردیم. کشش بحث البته به اینجا منجر شد که در شهد و علم یعنی در …

============================================================
TRANSCRIPTION (preview)
============================================================
اعوذ بالله السميع العليم من الشيطان الرجيم. بسم الله الرحمن الرحيم. دو جلسه بود که در مسئله یقین و مراتب یقین صحبت‌ها کردیم. کشش بحث البته به اینجا منجر شد که در شهد و علم یعنی در شهد به عنوان یکی از مبغوتات صحبت می‌کردیم که محلش این بود که عرض کردیم لازم است سالک در طلب علم باشد با توضیحاتی که دادیم. مطلب ما که منجر شد به اینکه قسمتی از اون یا اصل علم در حقیقت با عمل به دست می‌آید و در این زمینه مسئله یقین را مطرح کردیم. مراتب یقین را در جلسه گذشته گفتیم و ظاهراً بنا شد که دیگه در این باره صحبتی نکنیم. ولی بعضی‌ها گفتند که یعنی اصرار داشتند در آثار یقین که نرفتیم جلسه گذشته صحبتی بکنیم. در این جلسه در آثار یقین من بحثی داشته باشم و انشاالله دقت می‌کنیم. متوجه شدیم که یقین همان علمی است که با عمل برای سالک در مراتب مختلف پیش می‌آید. این یقین بود به طوری که سالک در مقام سلوک منازل و مدارج مختلف را طی می‌کند. از اونجا که علم یقینی براش، در علم یقینی به روی سالک باز می‌شود، قهراً وارد عالم یقین می‌شود، منزلت یقین می‌شود و در منزلت یقین هم پیش می‌رود. طبعا یقین خودش درجات و مراتب دارد. آثاری که در اینجا برای یقین عرض می‌کنیم با استفاده از اشارات آیات و روایات و بیانات وارده، این آثار در کل از آثار یقین است. یعنی بعضی از این‌ها در درجه‌ای از درجات یقین، بعضی دیگر در درجه دیگر و در مرتبه دیگر. آثار یقین در کل است و مسلماً در مراتب مختلف این آثار قد می‌کند. خب حالا اولاً برای اینکه ما به این آثار که الان از روی آیات و روایات یک یک تا حدودی می‌شماریم خوب آشنا باشیم، معنی یقین را دوباره به صورت کلی متذکر می‌شویم. گفتیم یقین از آن وقت باب یقین، در یقین به روی انسان یا سالک در مقام عمل باز می‌شود که به اصطلاح به یک تعبیر دیگر ابواب مکاشفات و مشاهدات یعنی علم به آنچه که پشت پرده است و نمی‌شود از طرق معمولی به آن رسید، این علم براش حاصل بشود یا ابواب مکاشفات و مشاهدات به روی او باز می‌شود. از اینجا مسئله یقین شروع می‌شود. از آن وقت که سالک بر اثر عمل به آنچه که از طرق معمولی نمی‌شود رسید، تروک از رسیدن راست از اینجا مسئله یقین ترُ میشود. عرض کنم که و طبعا علم و درک و شعوری که به نام همان علم یقینی میگیم از آن وقت درش به روی انسان باز می‌شود که در علم پشت پرده‌ها، به اصطلاح ماورا
… (truncated; see saved file for full transcript)

============================================================
SUMMARY
============================================================
Input file      : 092_آثاريقين1 _ بحث تزکیه.mp3
Provider        : ElevenLabs Scribe (scribe_v2)
Audio duration  : 40:41 (2440.62 s)
Requests        : 1
Billed duration : 2441 s (rounded up to nearest second)
Rate            : $0.22 / audio hour
Estimated cost  : $0.149149 USD
Transcript saved: Audios/AyatollahShojaee/Tazkiyeh/092/092_آثاريقين1 _ بحث تزکیه.txt
============================================================
