Provider: ElevenLabs Scribe (scribe_v2)
Progress file (updated after each chunk): Audios/AyatollahShojaee/Tazkiyeh/133/133_کشف ابصاري(ميثم تمار)در مورد اسرار کشف ابصاري _ بحث تزکیه.partial.txt
  preparing audio (133_کشف ابصاري(ميثم تمار)در مورد اسرار کشف ابصاري _ بحث تزکیه.mp3)...
  17:33 → 1 request(s)
  progress file: Audios/AyatollahShojaee/Tazkiyeh/133/133_کشف ابصاري(ميثم تمار)در مورد اسرار کشف ابصاري _ بحث تزکیه.partial.txt
  [1/1] 0:00–17:33 (6168 KB)...
      → 10731 chars: اعوذ بالله السميع العليم من الشيطان الرجيم. بسم الله الرحمن الرحيم. بحث در مشاهدات و مکاشفات. کشف ابصاری را که یکی از اقسام کشف بود تا حدودی توضیح دادیم و بنا بود که اقسام دیگر کشف…

============================================================
TRANSCRIPTION (preview)
============================================================
اعوذ بالله السميع العليم من الشيطان الرجيم. بسم الله الرحمن الرحيم. بحث در مشاهدات و مکاشفات. کشف ابصاری را که یکی از اقسام کشف بود تا حدودی توضیح دادیم و بنا بود که اقسام دیگر کشف البته در حد یک توضیح کلی توضیح داده شود. الا اینکه من اون دفعه یعنی در جلسه آخر بنا بود که دیگه کشف ابصاری صحبتی نکنیم و اقسام دیگر کشف را هم تا حدودی توضیح بدهیم. الا اینکه بعداً متوجه شدم که در کشف ابصاری به لحاظ اینکه فرق زیادی با کشف‌های دیگر دارد از لحاظ اون وسعت و اسرارآمیز بودنش در این زمینه هم توضیحاتی در این جلسه عرض بکنم که انشاالله با این آیه خدا مطلع باشید. اگر چنانچه خدا توفیق داد وقتی از شما کسی با کشف ابصاری، از کشف ابصاری برخوردار شد اون اسرارآمیز بودنش را تا حدودی توجه داشته باشید. به اصولاً این حقیقت برای ما به صورت کلی معلوم باشد. کشف ابصاری گرچه که از اقسام کشف هست، کشف ابصاری این بود که عرض کردیم در مراتب مختلف حجاب از مقابل دید انسان، دید انسان، دیدن انسان برطرف شود و انسان پشت حجاب را ببیند، مشاهده کند، بیابد. این کشف ابصاری‌ست. البته مراتب دارد. ببیند، مشاهده کند، بیابد. این کشف ابصاری‌ست. البته مراتب دارد، مراتب ابتدایی دارد، مراتبی به اصطلاح عواصف دارد. در نهایت مراتب عالیه دارد. کشف ابصاری. و کشف ابصاری بعدها که من یک تقسیم دیگری عرض خواهم کرد حضورتون به عنوان کشف صوری معنوی، کشف ابصاری خودش بعضی از اقسامش از کشف صوری است. بعضی از اقسامش از کشف ابصاری است. یعنی مراتبش آن چنان وسیع است که در مراتب اولیه از کشف صوری حساب می‌شود، در مراتب بعدی از کشف معنوی حساب می‌شود. حالا اون مسئله‌ای است که بعداً عرض خواهم کرد. منظورم این است که کشف ابصاری اولاً معنیش را تکرار می‌کنیم تا اون مطلبی را که امروز می‌خواهیم عرض بکنیم اون را توضیح بدهیم. کشف ابصاری عبارت بود از اینکه حجاب از مقابل دید انسان برطرف بشود و انسان پشت حجاب را ببیند. در مراتب مختلف از ابتدایی گرفته تا نهایات مراتب عالیه‌اش. آخرین مرحله کشف ابصاری هم عرض کردیم مرحله کامل‌تر او که مرحله نهاییش که همه سالکین به سوی اون مرحله اگر سالک صادق و مخلص باشند سیر می‌کنند. مرحله نهاییش هم که مقصدم همونه در واقع و قبلی‌ها همش مقدمات است و هیچ وقت سالک نظرش به اونها نیست اگر سالک باشد به معنی کلمه. نهایتاً کشف ابصاری به 
… (truncated; see saved file for full transcript)

============================================================
SUMMARY
============================================================
Input file      : 133_کشف ابصاري(ميثم تمار)در مورد اسرار کشف ابصاري _ بحث تزکیه.mp3
Provider        : ElevenLabs Scribe (scribe_v2)
Audio duration  : 17:33 (1052.53 s)
Requests        : 1
Billed duration : 1053 s (rounded up to nearest second)
Rate            : $0.22 / audio hour
Estimated cost  : $0.064321 USD
Transcript saved: Audios/AyatollahShojaee/Tazkiyeh/133/133_کشف ابصاري(ميثم تمار)در مورد اسرار کشف ابصاري _ بحث تزکیه.txt
============================================================
