Provider: ElevenLabs Scribe (scribe_v2)
Progress file (updated after each chunk): /Users/mohammadreza/IslamASR/Audios/AyatollahShojaee/Mabohas_Mozui/056/056_56- عبودیت یعنی کمال انسان و حیات ابدی او.partial.txt
  preparing audio (056_56- عبودیت یعنی کمال انسان و حیات ابدی او.mp3)...
  22:45 → 1 request(s)
  progress file: /Users/mohammadreza/IslamASR/Audios/AyatollahShojaee/Mabohas_Mozui/056/056_56- عبودیت یعنی کمال انسان و حیات ابدی او.partial.txt
  [1/1] 0:00–22:45 (7999 KB)...
      → 13581 chars: اعوذ بالله السميع العليم من الشيطان الرجيم. بسم الله الرحمن الرحيم. آیات که در قرآن کریم هست خوب دقت بکنید از انسان‌ها در مقام وجودیت، از خوف انسان‌ها در مقام وجودیت تغییرات مختلفی…

============================================================
TRANSCRIPTION (preview)
============================================================
اعوذ بالله السميع العليم من الشيطان الرجيم. بسم الله الرحمن الرحيم. آیات که در قرآن کریم هست خوب دقت بکنید از انسان‌ها در مقام وجودیت، از خوف انسان‌ها در مقام وجودیت تغییرات مختلفی دارد. کأن مراقب مختلف دارد این خوف. کأن که نه مسلمه. بعضی از آیات کلمه‌ی خوف به کار برده است که بندگان خدا از خدا از مقام ربوبی می‌ترسند. و اما من خاف مقام ربه و نهى النفس عن الحوى فإن الجنة هي المآوى. ولی من خاف مقام ربه جنتان الی آخر. در بعضی از آیات کلمه‌ی خوف به کار رفته است، به کار برده است کلمه‌ی خوف را، عنوان خوف را. در بعضی جاها کلمه‌ی خشیت به کار رفته است. یک حقیقت قرآنی است در این‌ها که توضیح می‌دهم. همه شما انشاالله اهل تحقیق هستید. خوب اونا که می‌خواهند زیاد بفهمند زحمت کنین انشاالله این طور هست خوب دقت بکنید. بعضی جاها کلمه‌ی خشیت به کار رفته است در همین باب ترس از خدا یا ترس که از خصوصیات بندگان است. گاهی خوف گفته است که گفتم مانند اون آیه و اما من خاف مقام ربه و نهى النفس عن الحوى فإن الجنة هي المآوى. یا مثلاً ولی من خاف مقام ربه جنتان. کلمه‌ی خوف تعبیر شده است، تعبیر آورده است. گاهی کلمه‌ی خشیت آورده است. مثلاً إنما يخشى الله من عباده العلماء یا و هم من خشية ربهم مشفقون. کلمه‌ی خشیت، خشیت. خشیت هم معنی ترس است. خوف هم ترس است . گاهی کلمه به عنوان وجل . و بشر المخبتین الذین اذا ذكر الله وجلت قلوبهم. مخبتین را بشارت که اون‌ها که وقتی خدا یاد پیش اون‌ها اسم خدا برده می‌شود، خدا به یادشون می‌افتد، خدا را به یادشان می‌اندازند. اذا ذكر الله وقتی خدا یاد می‌شود وجلت قلوبهم قلب آن ها ترسان است، می‌ترسد. وجل. آیا این‌ها با همدیگر فرق دارد؟ خوف با خشیت فرق دارد. خوف و خشیت با وجل فرق دارد. این سه با رهبت فرق دارد. این چهار با هیبت فرق دارد. این‌ها چه هست؟ بندگان خدا گاهی گفته می‌شود که دارای خوف‌اند. گاهی گفته می‌شود دارای خشیت‌اند. گاهی گفته می‌شود دارای وجل هستند. گاهی گفته می‌شود دارای رهبت‌اند. گاهی گفته می‌شود دارای هیبت‌اند. این تعبیرها چیست؟ بفهمیم. یه مقدار بفهمیم این‌ها چیست؟ گفتم این بحث تفسیری است در این‌ها که مقدمه است برای تفکری که من مجموعاً می‌خواهم به شما بگویم. البته تفکرات معمولاً می‌دانید در مجموع هم این طور است. تفکرات را من درس می‌کنم در گفتار و نوشته‌ها توأم با
… (truncated; see saved file for full transcript)

============================================================
SUMMARY
============================================================
Input file      : 056_56- عبودیت یعنی کمال انسان و حیات ابدی او.mp3
Provider        : ElevenLabs Scribe (scribe_v2)
Audio duration  : 22:45 (1365.08 s)
Requests        : 1
Billed duration : 1366 s (rounded up to nearest second)
Rate            : $0.22 / audio hour
Estimated cost  : $0.083422 USD
Transcript saved: /Users/mohammadreza/IslamASR/Audios/AyatollahShojaee/Mabohas_Mozui/056/056_56- عبودیت یعنی کمال انسان و حیات ابدی او.txt
============================================================
