Provider: ElevenLabs Scribe (scribe_v2)
Progress file (updated after each chunk): Audios/AyatollahShojaee/Tazkiyeh/019/019_مراقبه ، قصد و نیت سالک _ بحث تزکیه.partial.txt
  preparing audio (019_مراقبه ، قصد و نیت سالک _ بحث تزکیه.mp3)...
  21:33 → 1 request(s)
  progress file: Audios/AyatollahShojaee/Tazkiyeh/019/019_مراقبه ، قصد و نیت سالک _ بحث تزکیه.partial.txt
  [1/1] 0:00–21:33 (7574 KB)...
      → 12944 chars: اعوذ بالله السميع العليم من الشيطان الرجيم. بسم الله الرحمن الرحيم. بحث ما در مراقبه بود و بعد ابعاد مختلفی که در مراقبه هست اون‌ها را تشریح-- در این جلسه مسئله‌ای از مسائل مهم در …

============================================================
TRANSCRIPTION (preview)
============================================================
اعوذ بالله السميع العليم من الشيطان الرجيم. بسم الله الرحمن الرحيم. بحث ما در مراقبه بود و بعد ابعاد مختلفی که در مراقبه هست اون‌ها را تشریح-- در این جلسه مسئله‌ای از مسائل مهم در مراقبه را می‌خواستم عرض کنم. مراقبه را متوجه شدیم که معنی مراقبه این است که انسان که بعد از یقظه، بعد از توجه، بعد از عنایت، توی مرحله‌ی طلب که وارد شد، سیر وجودی را که شروع کرد باید مراقب دل و قلب باشد. باید مراقب این مسئله باشد که همیشه بیاد و طلب حق باشد و از رفلت اجتناب کند. باید مراقبت کند که حرکات و سکناتش که به رضای حق باشد در همه لحظات، دستور حق را که در هیچ لحظه‌ای بی‌دستور نیست مراعات کند. این‌ها که در جلسات گذشته بود. ولی در یک بُعد دیگر که این دفعه می‌خواستیم بحث کنیم این است که وقتی که مراقبه شروع شد، در واقع طلب شروع شد و حرکت شروع شد، سالک به یک قصد فوق‌العاده و به یک اراده فوق‌العاده، با بیانات مختلف عرض می‌کنم، به یک نیت احتیاج دارد. نیت ساری، نیت کلی، قصد. البته این مسئله مهم که در مراقبه مطرح است ارباب سلوک هرکدام تعبیر خاصی دارند ولی در واقع حقیقت یکی است. بعضی‌ها با عنوان نیت این مسئله را عنوان می‌کنند مانند مرحوم نراقی. حاج عبدالله انصاری با عنوان قصد عنوان کرده و مراثی هم برای قصد، همین موضوع که امروز بحث می‌کنیم، قائل شده که اگر رسیدیم انشاالله بعد از عنوان آیات و بعضی از بیانات به اون هم می‌رسیم انشاالله. بعضی‌ها با عنوان اراده، البته عنوان کردن این موضوع را الا اینکه باید اشتباه نکنیم که حاجی در اصطلاحش اراده را به یک معنای دیگری گفت. در هر صورت، حالا اون مقصود این است که سالکی شروع کرد در مرحله اول به یک قصد اساسی و بنیادی احتیاج دارد و این یکی از مشکلات است. در مرحله اول که انسان شروع sluk می‌کند، مراقبه را شروع می‌کند، یکی از موضوعات مشکلی که برای هر کسی معمولاً مشکل می‌شود و همت فوق‌العاده‌ای می‌خواهد، به قول حافظ غلام چنین همتی هم باید بود، همتی می‌خواهد که سالک از اول، از همان لحظه که شروع کرد، خب متوجه است که چه راهی را شروع می‌کند.もちろん متوجه است در چه مسیری وارد می‌شود و متوجه است این راه اول و آخرش در چی خلاصه می‌شود. یک روزه دائمی است، یک گذشت دائمی است. چشم پوشیده از همه چیز است به معنی صحیح کلمه. همه چیز لا اله الا الله. یکجا چشم پوشیدن است. نه به صورت
… (truncated; see saved file for full transcript)

============================================================
SUMMARY
============================================================
Input file      : 019_مراقبه ، قصد و نیت سالک _ بحث تزکیه.mp3
Provider        : ElevenLabs Scribe (scribe_v2)
Audio duration  : 21:33 (1292.62 s)
Requests        : 1
Billed duration : 1293 s (rounded up to nearest second)
Rate            : $0.22 / audio hour
Estimated cost  : $0.078993 USD
Transcript saved: Audios/AyatollahShojaee/Tazkiyeh/019/019_مراقبه ، قصد و نیت سالک _ بحث تزکیه.txt
============================================================
