Provider: ElevenLabs Scribe (scribe_v2)
Progress file (updated after each chunk): /Users/mohammadreza/IslamASR/Audios/AyatollahShojaee/Asma_hosna/015/015_اسماء حُسنی 15.partial.txt
  preparing audio (015_اسماء حُسنی 15.mp3)...
  30:02 → 1 request(s)
  progress file: /Users/mohammadreza/IslamASR/Audios/AyatollahShojaee/Asma_hosna/015/015_اسماء حُسنی 15.partial.txt
  [1/1] 0:00–30:02 (10558 KB)...
      → 18591 chars: [صدای هم پوشانی دعای نماز] الله الخالق البارئ المصغ الصغ الأسماء الحسنی. أسماء الحسنی. الكریم الرؤوف المجيب الوارث الحكيم الرسول المجيب الباعث الشهيد. مباحث عرفانی آیت الله محمد شج…

============================================================
TRANSCRIPTION (preview)
============================================================
[صدای هم پوشانی دعای نماز] الله الخالق البارئ المصغ الصغ الأسماء الحسنی. أسماء الحسنی. الكریم الرؤوف المجيب الوارث الحكيم الرسول المجيب الباعث الشهيد. مباحث عرفانی آیت الله محمد شجاعی در باب اسماء الهی. ذیل اسماء الحسنی. هر اسمی که این آیه از کنار میکنه اسم خداست. الواجد الماجد الواحد الصمد القادر المقتدر المقدم المؤخر الأول الآخر. أسماء الحسنی. المضطرب الجامع الغنی المنی المانع الطاح النافع النور الهادی البدیع الباقی. الوارث الرشید الصبور اللتی. ليس كمثله شيء وهو السميع البصير. بسم الله الرحمن الرحیم. به نام حضرت عظیم که له الأسماء الحسنی. عرفان دوستان و سالکان طریقت یار سلام و درود بر شما. برنامه اسماء الحسنی را می شنوید. در این برنامه مباحث عرفانی عارف وارسته آیت الله محمد شجاعی تقدیم شما می‌شود. در باب اسماء و صفات الهی. بحث را انشاالله با اسم رحیم بود. اسم رحیم عبارت بود از تعین ذات یعنی ظهور ذات مقدس حق با وصتی که با اون وصفش با صفتی که با اون صفتش هر موجودی را که حالا هر موجود از جمله انسان، کل ما، هر موجودی را، هر موجودی را که در حرکت به سمت سیر به سوی او مشمول دفاعات خاصه یا رحمت خاصه می‌کند، ذات مقدس حق با این وصفش با وصف دفاع بر موجود، عنایت بر موجود با وصف اعطا بر موجود در سیرش به سوی او با این وصف ذات رحیم است. فراموش نکنید گفتم اون معنی که گفتم برای رحیم معمولاً در تفسیرها هست. این گوشه‌ای از این معناست که الآن صحبت شد. یعنی این معنا خیلی وسیع میشه و در عرض وسیع که برای شامل همه وجود و ابعاد وجود است. بنابراین وصف رحیم باز تکرار می‌کنم وصف رحیم عبارت است از ظهور ذات مقدس حق یا تعین ذات مقدس حق با وصفی که با اون وصف هر موجودی را که در حرکت به سوی اوست مشمول افاضات و عنایات می‌کند و تکمیل می‌کند. اون کمالات و افاضاتی که از ذات مقدس حق می‌رسد به موجود از جمله انسان در حرکتش به سوی او و این کمالات که می‌رسد و موجود را کامل می‌کند و مناسب ساحت قدس حق و لقای حق می‌گرداند، اون کمالات همه از ذات مقدس حق با تعین رحیمی‌ست با اسم رحیمه. اسم رحیم این نقش را در خلقت دارد، در وجود دارد. حالا این اسم رحیم خودش باز از به اعتبارها و با نظر‌های مختلف یعنی از جهت‌های مختلف و از به اعتبار‌های مختلف دارای انشعابات بود که انشعاباتش را یه مقدار گفتم و ودود را گفتم و عود را گ
… (truncated; see saved file for full transcript)

============================================================
SUMMARY
============================================================
Input file      : 015_اسماء حُسنی 15.mp3
Provider        : ElevenLabs Scribe (scribe_v2)
Audio duration  : 30:02 (1801.80 s)
Requests        : 1
Billed duration : 1802 s (rounded up to nearest second)
Rate            : $0.22 / audio hour
Estimated cost  : $0.110110 USD
Transcript saved: /Users/mohammadreza/IslamASR/Audios/AyatollahShojaee/Asma_hosna/015/015_اسماء حُسنی 15.txt
============================================================
