Provider: ElevenLabs Scribe (scribe_v2)
Progress file (updated after each chunk): Audios/AyatollahShojaee/Tazkiyeh/068/068_طول امل 2 _ بحث تزکیه.partial.txt
  preparing audio (068_طول امل 2 _ بحث تزکیه.mp3)...
  23:57 → 1 request(s)
  progress file: Audios/AyatollahShojaee/Tazkiyeh/068/068_طول امل 2 _ بحث تزکیه.partial.txt
  [1/1] 0:00–23:57 (8421 KB)...
      → 14858 chars: اعوذ بالله السميع العليم من الشيطان الرجيم. بسم الله الرحمن الرحيم. ببینیم برای چاره‌جویی از طول عمل چه دستوراتی داده‌اند. از اون دستورات هم یه مقدار بگیم و شما انشاالله در مقام عم…

============================================================
TRANSCRIPTION (preview)
============================================================
اعوذ بالله السميع العليم من الشيطان الرجيم. بسم الله الرحمن الرحيم. ببینیم برای چاره‌جویی از طول عمل چه دستوراتی داده‌اند. از اون دستورات هم یه مقدار بگیم و شما انشاالله در مقام عمل خواستید از طول عمل و ما خواستیم از طول عمل خلاص بشیم، این راه چاره را که به‌عنوان یک راه چاره‌ست در بیانات رسول اکرم و ائمه اطهار سلام الله علیهم أجمعین انشاالله استفاده بکنیم. برای خلاص شدن از این حالت غالب به معنی طول عمل و برای اینکه نقطه مقابل این حالت در وجود انسان حالت غالب باشد، به ما یک مسئله را دستور داده‌اند، یک مسئله و اون مسئله تأقل و تذکر موت، تذکر مرگ است. یعنی انسان همیشه متذکر باشد در باب خودش، درباره خودش که لحظه‌ای، وقتی خواهد رسید در مکانی، در شرایطی که من هم خواهم مرد. توجه می‌کنید؟ اینو مجسم بکنه در نظرش. اینو متذکر باشد. باز اینجا اشتباه نکنیدا. اشتباه نکنید. اون عقیده بر مرگ نیستا. اون رو همه می‌دانیم خواهیم مرد. متذکر شدن، زود، زود یاد کردن، مجسم کردن در نظر و اینکه واقعاً مسئله جدی‌ست. یه وقتی من هم به هرچی ندا خواهم کرد کسی به ندای من گوش نخواهد کرد. هیچ‌کس به فریاد من نخواهد توارث که برسد. آسمان و زمین به فریاد من نخواهند رسید. من هم جدا یه وقتی به این حالت خواهم افتاد. اینو خوب با تکرار باید انسان تصور بکنه. اینو دستور دادن که در شب و روز بیست و چهار ساعت و حتی در بعضی از روایات هست که رسول الله صلی الله علیه وسلم فرمود که اگر می‌توان-- یعنی بیانش اینجوری‌ست. در تقریباً این حالت را به خودتون تلقین کردن در حد بیست بار باشد روزی. روزی بیست بار خوب بپردازید به اینکه جدی که شما هم یه لحظه که اینی براتون هست تصور کنید که الان مرده‌اید و در برزخ افتاده‌اید. اگر وضعتون این باشد با این درون، با اون گذشته، با این کشش به سوی دنیا، با اون عدم کشش به سوی عقبا چه خواهید کرد؟ این درون اگر در آخرت بیفتد، در برزخ بیفتد چه خواهد بود؟ جدی‌ست این مسئله. این را بیست بار هر روزی متذکر باشید. تذکر موت یگانه راه چاره به اصطلاح برچیده شدن حالت طول عمل در وجود انسان است و روی این حساب خیلی دستورات در این باب به ما داده‌اند. عرض کردم حتی به طور که در بعضی از دستورات به این چنین استفاده می‌شده از رسول اکرم صلی الله علیه وسلم که بیست بار انسان در روز به صورت جدی متذکر موت باشد، مجسم بکند
… (truncated; see saved file for full transcript)

============================================================
SUMMARY
============================================================
Input file      : 068_طول امل 2 _ بحث تزکیه.mp3
Provider        : ElevenLabs Scribe (scribe_v2)
Audio duration  : 23:57 (1437.05 s)
Requests        : 1
Billed duration : 1438 s (rounded up to nearest second)
Rate            : $0.22 / audio hour
Estimated cost  : $0.087820 USD
Transcript saved: Audios/AyatollahShojaee/Tazkiyeh/068/068_طول امل 2 _ بحث تزکیه.txt
============================================================
