Provider: ElevenLabs Scribe (scribe_v2)
Progress file (updated after each chunk): Audios/AyatollahShojaee/Tazkiyeh/060/060_نفاق3 _ بحث تزکیه.partial.txt
  preparing audio (060_نفاق3 _ بحث تزکیه.mp3)...
  31:34 → 1 request(s)
  progress file: Audios/AyatollahShojaee/Tazkiyeh/060/060_نفاق3 _ بحث تزکیه.partial.txt
  [1/1] 0:00–31:34 (11101 KB)...
      → 21457 chars: بسم الله الرحمن الرحیم. صحبت ما در این بود حرکتی از انسان صادر بشود که پیش از آنکه در باطنش هست نشان بدهد. در این باب انا بی عبد الله علیه السلام از امام صادق سلام الله عليه قال قا…

============================================================
TRANSCRIPTION (preview)
============================================================
بسم الله الرحمن الرحیم. صحبت ما در این بود حرکتی از انسان صادر بشود که پیش از آنکه در باطنش هست نشان بدهد. در این باب انا بی عبد الله علیه السلام از امام صادق سلام الله عليه قال قال رسول الله صلی الله علیه و آله و سلم امام صادق فرمود رسول الله صلوات الله عليه فرمود ما زاد خشوع الأبد علی ما فی القلب فهو عندنا نفاق. چه بیان جالبی! ما زاد خشوع الأبد. خیلی جالب امام مسلمان میفرماید خشوع عبد علی ما فی القلب. اگر خشوع ظاهری، حرکت خاشعانه نشان دهنده ای از باطن، اونو میگن خشوع دیگه، به هر نحوی باشد، راه رفتن باشد، قیافه باشد، نمی‌دونم چشم حرکت دادن باشد، صحبت کردن خشوع دیگه، در مقام نماز باشد، در حال عادی باشد، همین قدر اون خشوع، خشوع جسد، ما زاد خشوع الجسد علی ما فی القلب، خشوع جسد بر آنچه که در قلب است نمی‌چربد، مگر اینکه نزد ما از نفاق حساب بیاد، میاد. وقتی خشوع جسد به آنچه در قلب است چربید، فهو این عندنا نزد ما، بیانش دقت کنید، نزد ما چیست؟ نفاق، نفاق است. نزد ما نفاق است. ما ائمه این را نفاق می‌دانیم. خشوع جسد بر آنچه در قلب است وقتی چربید نفاق است. حالا به هر شکل، در حال عادی باشد، در نماز باشد، چه باشد الی آخر. خب. یک صورت این بود که حرکتی از انسان باشد که قلب آن چنان که حرکت می‌گوید نگویید. این در یک تقسیم کلی، این یک صورت بود از نفاق در پیشگاه خدا. یک صورت چیه؟ صورت دوم که بحث اونی که دیگه من و شما حتما به اون مبتلا هستیم در مراتب مختلفش مصیبت ما در این است که عبارتم از این که قول انسان، زبان انسان آنطور که قلبش هست نیست که فرمایید به بیان دیگه قلبش آن چنان که زبانش می‌گوید نیست. این هم چیه؟ نفاق در پیشگاه حق است. دیگه این را من فکر می‌کنم به، اصلش این است که من به غرض خود شما بگذارم اولاً، بگم که برید شب اونم نه یک شب بلکه همه شب، همه روز، همه وقت فکر این جمله را بکنید. ببینید که شما در پیشگاه خدا آنچه می‌گویید، قلبتون با آنچه می‌گویید چقدر مناسب است و چقدر همراه هست؟ ببینید که چقدر همراه نیست. این اولاً توصیه‌ای بر کل شماست. اون وقت من یه خورده با این همه توضیح میدم. آیه‌ای داریم در خصوص عرض کنم که منافقین که این آیه را همه می‌دانیم. آیه صد و شصت و هفت سوره آل عمران است. سوره آل عمران. در آن آیه قسمتش این است. قسمتش آیه من برای آن طولانی نشه قسمتش رو میگم. يقولون
… (truncated; see saved file for full transcript)

============================================================
SUMMARY
============================================================
Input file      : 060_نفاق3 _ بحث تزکیه.mp3
Provider        : ElevenLabs Scribe (scribe_v2)
Audio duration  : 31:34 (1894.46 s)
Requests        : 1
Billed duration : 1895 s (rounded up to nearest second)
Rate            : $0.22 / audio hour
Estimated cost  : $0.115773 USD
Transcript saved: Audios/AyatollahShojaee/Tazkiyeh/060/060_نفاق3 _ بحث تزکیه.txt
============================================================
