Provider: ElevenLabs Scribe (scribe_v2)
Progress file (updated after each chunk): /Users/mohammadreza/IslamASR/Audios/AyatollahShojaee/Mabohas_Mozui/060/060_60- خصوصيات امام زمان و نقاط ضعف شيعيان پس ظهور ايشان 2.partial.txt
  preparing audio (060_60- خصوصيات امام زمان و نقاط ضعف شيعيان پس ظهور ايشان 2.mp3)...
  22:20 → 1 request(s)
  progress file: /Users/mohammadreza/IslamASR/Audios/AyatollahShojaee/Mabohas_Mozui/060/060_60- خصوصيات امام زمان و نقاط ضعف شيعيان پس ظهور ايشان 2.partial.txt
  [1/1] 0:00–22:20 (7852 KB)...
      → 14256 chars: اعوذ بالله السميع العليم من الشيطان الرجيم. بسم الله الرحمن الرحيم. محمد بن مسلم میگه من از امام باقر سلام الله عليه می شنوم که فرمود: لو يعلم الناس ما يصنع القائم إذا خرج لأحب، لأ…

============================================================
TRANSCRIPTION (preview)
============================================================
اعوذ بالله السميع العليم من الشيطان الرجيم. بسم الله الرحمن الرحيم. محمد بن مسلم میگه من از امام باقر سلام الله عليه می شنوم که فرمود: لو يعلم الناس ما يصنع القائم إذا خرج لأحب، لأحب أكثرهم أن لا يروه من ما يقتل الناس. اینه که اگر مردم می دانستند که امام زمان وقتی خروج می‌کند و قیام می‌کند چه خواهد شد خیلی ها دیگه آرزو نمی کردند زمان ظهور آن حضرت را درک بکنند. من ما یقتل من الناس یعنی زیاد می کشند. زیاد می کشند. حالا این دوما رو گوش بکنید. اما انه، اما انه لا يدعو إلا بقریش. حالا از گفتار معاندان قریش هم شروع می کند. شروعش از اونجاست. فلا يأخذ منها إلا السيف. فلا يقتلها إلا السيف. همه شمشیر است. از اونها نمی گیرد یعنی از با اونها، از اونها هم با شمشیر می And این هم با شمشیر کشته می شود. حتی یقول كثير. فقط شمشیر است. کشتن است. اون، اونهایی که باید کشته بشوند. حتی یقول كثير من الناس ليس هذا من آل محمد. لو كان من آل محمد لرحم. اینجوری را فراموش نکنید. و اینجاست اون نتیجه گیری حرف. این ضربه شش طول ادامه پیدا می‌کند که کسیری از مردم می‌گویند که این از آل محمد نیست. اگر از آل محمد بود لرحم، رحمی در دلش بود. دقت می کنید. و همش هم فراموش می‌کنند که این ظالمان چی کردند. اون وقت فقط احساسات گوشش می کنه که اگر از آل محمد بود چی می کرد؟ این هم چیزی است که من و شما که اینجا نشسته ایم فکر نکنیم که ماها را تهدید نمی کند. مسئله دیگر، مسئله دیگری که جهتی که باعث می‌شود که بعضی‌های امام زمان را قبول نمی‌کنند سختی‌های زمان اون حضرت است برای مخصوصا مؤمنین. برای مخصوصا مؤمنینی که طرفدار اون حضرت هستند و او را قبول دارند و وظایفی بهشون متوجه می‌شود یا در سختی‌هایی قرار می‌گیرند. این را باید این جوری ما-- جهت سومی که موجب می‌شود انسان امام زمان را بعد از قیامش که قبلاً معتقد بود قبول نکند، جهت سومش این است که انسان حالت عادت داشته باشد و عافیت طلبی و راحت طلبی. این مشکلی است. متأسفانه اینجا هم من حتی او نخواهم توانست بگویم. دقت کنید. مثال می‌زنم که بفهمید. در همین انقلاب چیزهای خوبی پیش آمد که همه چیز، خیلی چیزها خوب پیش آمد. اما چیزهای آموزنده پیش آمد به نسبت چیزهای خوب دیگر. نگفته فهمیدید یا لااقل نگفته فهمیدید؟ خیلی از همون علاقمندان به اسلام که آرزو می‌کردند اسلام که باشد حاکم باشد. ا
… (truncated; see saved file for full transcript)

============================================================
SUMMARY
============================================================
Input file      : 060_60- خصوصيات امام زمان و نقاط ضعف شيعيان پس ظهور ايشان 2.mp3
Provider        : ElevenLabs Scribe (scribe_v2)
Audio duration  : 22:20 (1340.06 s)
Requests        : 1
Billed duration : 1341 s (rounded up to nearest second)
Rate            : $0.22 / audio hour
Estimated cost  : $0.081893 USD
Transcript saved: /Users/mohammadreza/IslamASR/Audios/AyatollahShojaee/Mabohas_Mozui/060/060_60- خصوصيات امام زمان و نقاط ضعف شيعيان پس ظهور ايشان 2.txt
============================================================
