Provider: ElevenLabs Scribe (scribe_v2)
Progress file (updated after each chunk): /Users/mohammadreza/IslamASR/Audios/AyatollahShojaee/Mabohas_Mozui/036/036_36- شيطان اعمال بندگان را تزئين ميکند مگرمخلصين.partial.txt
  preparing audio (036_36- شيطان اعمال بندگان را تزئين ميکند مگرمخلصين.mp3)...
  30:26 → 1 request(s)
  progress file: /Users/mohammadreza/IslamASR/Audios/AyatollahShojaee/Mabohas_Mozui/036/036_36- شيطان اعمال بندگان را تزئين ميکند مگرمخلصين.partial.txt
  [1/1] 0:00–30:26 (10700 KB)...
      → 18462 chars: اعوذ بالله السميع العليم من الشيطان الرجيم. بسم الله الرحمن الرحيم. یکی از حقایق قرآن که مورد تخلط قرار گرفته است اون، اون حقیقت را به اندازه‌ای که وقت و فرصت ایجاب می‌کند به صورت …

============================================================
TRANSCRIPTION (preview)
============================================================
اعوذ بالله السميع العليم من الشيطان الرجيم. بسم الله الرحمن الرحيم. یکی از حقایق قرآن که مورد تخلط قرار گرفته است اون، اون حقیقت را به اندازه‌ای که وقت و فرصت ایجاب می‌کند به صورت کاملاً مجمل برای شما طرح کنم و انشاالله اون تذکرهای لازم را برای خودمون بگیریم. در عین حال که یکی از حقایق را تا حدودی فهمیده‌ایم. موضوعی که من توضیح می‌دهم امروز تزیین شیطان است. حالا مسئله شیطان، ابعاد موضوعات مربوط به شیطان خودش یک بحث مفصل و طولانی است. در عین حال بحث بسیار عمیقی است. به اون مرحله وارد نمی‌شویم فقط این اندازه که توجه داشته باشیم در قرآن کریم چیزی به عنوان تزیین شیطان عنوان شده است که گفتم متأسفانه مورد تخلط است. اکثراً کافرند و کافریم و همین کافر بودن زیاد برای ما ضرر آورده است. اونجا که در سوره حجر خدای متعال مسئله امتناع شیطان از سجده را بیان می‌فرماید و بعد شیطان از خدای متعال مهلت می‌خواهد و خدا مهلت می‌دهد تا آن وقت معلوم برای شیطان. آیه‌ای که آیه سی و نه از سوره حجر باشد، از قول شیطان که به خدا اینجور می‌گوید. سی و نه حجر. وقتی که شیطان مهلت خواست، خدا مهلت داد برای تا وقت معلوم. شیطان اینجور گفت. سی و نه حجر. قال رب بما أغويتني لأزينن لهم في الأرض ولأغوينهم أجمعين. قال شیطان گفت: "رب پروردگار من بما أغويتني به لحاظ این اغوایی که از تو متوجه من شد، اغوا Am کردی. لأزينن لهم في الأرض من هم برای این انسان‌ها در زمین، مادامی که در زندگی دنیوی هستند، در زمین هستند، تزیین خواهم کرد. من هم تزیین خواهم کرد برای این انسان‌ها مادامی که در زمین هستند. ولأغوينهم أجمعين و با این تزیین هم all of them را اغوا خواهم کرد." بعد دنبالش آیه بعدی. إلا عبادك منهم المخلصين. مگر آن بندگان مخلصت را. آنها را استثناء کرد. این آیه در همین جا به وضوح اشاره می‌کند که شیطان بنای تزیین را از همان وقت گذاشته و با این تزیین انسان‌ها را أجمعين اغوا بکند. تزیین، خوب جلوه دادن. حالا اینجا در آیه ذکر نشده است که این از قول شیطان است. ذکر نشده است که چه چیز را زینت می‌دهم؟ همه چیز را. مطلق است دیگه. همه چیز را. انشاالله خوب دقت بکنید ببینید که چه درس‌هایی باید بگیریم و حقیقت چیست. می‌گوید لأزينن لهم في الأرض من در زمین، روی زمین که انسان‌ها هستند برای اینها تزیین خواهم کرد، زینت خواهم داد همه چیز را. 
… (truncated; see saved file for full transcript)

============================================================
SUMMARY
============================================================
Input file      : 036_36- شيطان اعمال بندگان را تزئين ميکند مگرمخلصين.mp3
Provider        : ElevenLabs Scribe (scribe_v2)
Audio duration  : 30:26 (1825.99 s)
Requests        : 1
Billed duration : 1826 s (rounded up to nearest second)
Rate            : $0.22 / audio hour
Estimated cost  : $0.111588 USD
Transcript saved: /Users/mohammadreza/IslamASR/Audios/AyatollahShojaee/Mabohas_Mozui/036/036_36- شيطان اعمال بندگان را تزئين ميکند مگرمخلصين.txt
============================================================
