Provider: ElevenLabs Scribe (scribe_v2)
Progress file (updated after each chunk): Audios/AyatollahShojaee/AsrarFatemi/008/008_اسرار فاطمی (س ) بخش 8.partial.txt
  preparing audio (008_اسرار فاطمی (س ) بخش 8.mp3)...
  30:13 → 1 request(s)
  progress file: Audios/AyatollahShojaee/AsrarFatemi/008/008_اسرار فاطمی (س ) بخش 8.partial.txt
  [1/1] 0:00–30:13 (10624 KB)...
      → 16458 chars: [موسیقی] از امام صادق علیه السلام پرسیدند چرا فاطمه سلام الله علیها را زهرا می‌گویند؟ فرمود برای آنکه هر وقت در محراب عبادت می‌ایستاد نور او بر اهل آسمان‌ها می‌تابید. همچنانکه نور …

============================================================
TRANSCRIPTION (preview)
============================================================
[موسیقی] از امام صادق علیه السلام پرسیدند چرا فاطمه سلام الله علیها را زهرا می‌گویند؟ فرمود برای آنکه هر وقت در محراب عبادت می‌ایستاد نور او بر اهل آسمان‌ها می‌تابید. همچنانکه نور ستارگان بر اهل زمین می‌تابد. السلام علیک ایه تو الصدیق الشهید. اسرار فاطمی. فاطمه جان، فاطمه جان، فاطمه جان، فاطمه جان، فاطمه جان، فاطمه جان، فاطمه جان. بسم الله الرحمن الرحیم. با عرض سلام خدمت شما همراهان رادیو قرآن با برنامه اسرار فاطمی که اختصاص دارد به مباحث حضرت آیت الله استاد محمد شجاعی در خدمت شماییم. در این برنامه استاد با اشاره به داستانی از خدمتگزاران حضرت زهرا سلام الله علیها و کراماتی که خادمه‌های این حضرت داشتند به نکاتی اشاره می‌فرمایند که از شما عزیزان دعوت می‌کنیم مشروح این گفتار را از زبان حضرت آیت الله محمد شجاعی بشنوید. اعوذ بالله السميع العليم من الشيطان الرجيم. بسم الله الرحمن الرحيم. یک داستانی است که من بخوانم چیزه-- یعنی برای شماها آموزنده است. ماها که آدم نشدیم، شما هم نخواهید شد. دقت می‌کنید؟ اما برای شماها آموزنده است. فراموش نکنید مطلب را. می‌گوییم خدمتگزاران فاطمه زهرا این بودند. ببینید که خودش چه بود. حالا من اصل مطلب را فراموش نکنید، یادتان می‌آورم. به این دقت بکنید. این جریان مال خود فضه است. فضه زهرا سلام الله علیها. ابوالقاسم قوشایی در کتابش نقل کرده ولی این سؤال جواب را می‌خوانم انسان هضم می‌کند و این در آخر می‌آید که چه-- بیست سال همینطور بود. دقت کنید بیست سال، بیست سال اینطور بود. کسانی که در بعضی از کسانی که در محضر حضرت زهرا یا حضرات عن بودند واقعاً استفاده‌ها کرده‌اند، حساب‌ها داشته‌اند. جابر جعفی یکی از اصحاب حضرت باقر و حضرت صادق علیه، علیهم الصلاة والسلام است. جابر جعفی این کسی است که ما از جسر کوفه می‌گذشتیم همینطور یک شخصی نقل می‌کند جابر آنجا یک کسی را دید در ان-- و در دستش یک انگشتر یاقوتی بود خیلی براق. جابر بهش گفت که به اون شخص گفت که می‌بینم انگشترت را زیاد براق است، گرفت. جسر به اصطلاح عراق، بغداد عرض کنم، گرفت انگشترش را و همین که گرفت و نگاه-- یعنی گرفت برای نگاه کردن، ببینم انگشترت را. این شخص می‌گوید من با جابر بودم. گرفت و بعد همین طور انداخت به فرات. فرات که اسمش را شنیدید دیگه فرات با اون عظمتش. انداخت، گرفت بهش نگاه کرد همینطور ا
… (truncated; see saved file for full transcript)

============================================================
SUMMARY
============================================================
Input file      : 008_اسرار فاطمی (س ) بخش 8.mp3
Provider        : ElevenLabs Scribe (scribe_v2)
Audio duration  : 30:13 (1813.14 s)
Requests        : 1
Billed duration : 1814 s (rounded up to nearest second)
Rate            : $0.22 / audio hour
Estimated cost  : $0.110803 USD
Transcript saved: Audios/AyatollahShojaee/AsrarFatemi/008/008_اسرار فاطمی (س ) بخش 8.txt
============================================================
