Provider: ElevenLabs Scribe (scribe_v2)
Progress file (updated after each chunk): Audios/AyatollahShojaee/Tazkiyeh/015/015_مراقبه ، محاسبه _ بحث تزکیه.partial.txt
  preparing audio (015_مراقبه ، محاسبه _ بحث تزکیه.mp3)...
  31:32 → 1 request(s)
  progress file: Audios/AyatollahShojaee/Tazkiyeh/015/015_مراقبه ، محاسبه _ بحث تزکیه.partial.txt
  [1/1] 0:00–31:32 (11086 KB)...
      → 19186 chars: اعوذ بالله السميع العليم من الشيطان الرجيم. بسم الله الرحمن الرحيم. در اینجا من لازم میبینم که در محاسبه یه مقدار شرح طولانی داشته باشم که متوجه باشید. اولا شما اگر بخواهید به حساب…

============================================================
TRANSCRIPTION (preview)
============================================================
اعوذ بالله السميع العليم من الشيطان الرجيم. بسم الله الرحمن الرحيم. در اینجا من لازم میبینم که در محاسبه یه مقدار شرح طولانی داشته باشم که متوجه باشید. اولا شما اگر بخواهید به حساب بپردازید، کسی ابتداً خواست محاسبه را عمل بکند، متوجه باشید زیاد به نظرتون الان اگر شما مثلاً انشاالله که شما همینطور نیستید ولی اگر کسی مبتدی باشد، مبتدی وقتی که مراقبه دارد و شب به حساب می‌پردازد، محاسبه می‌کند، گفتم این با وضو باید انجام بگیرد. تکرار بکنم رو به قبله انسان می‌شینه به نظر می‌آورد که همینطور هم هست در محضر حق است و از اول به نظر می‌آورد لحظاتش را چه کرده؟ واقعاً بینه و بین الله رضوان خدا بوده یا نه؟ اینا رو هی به نظر می‌آورد. اونجا که خوب بوده شکرگزار است و اونجا که بد بوده شرمنده و توبه و طلب مغفرت و تصمیم بر ترکش از فردا. شما اگر بخواهید یه فرد مبتدی اگر بخواهد این مسئله را انجام بده خیلی‌ها دیدیم اینطور هم میان سؤال هم می‌کنند. وقتی می‌نشینند به حساب شب به نظرشون بیارن میان میگن که خیلی‌ها میان اینطور میگن، یعنی اینطور می‌شود. میگن که زیاد به نظرمون نمیاد. توجه کنید. اولا این دو جواب دارد. یعنی دو مسئله در اینجا هست. یکی اینکه متأسفانه اونهایی که این حرف را اکثراً میگن اصلاً اهل درد نیستند. اهل درد باشد مشکل است به نظر نیاید ساعت و لحظاتش. مثال ساده بگم به شما. ما در دنیا که اهل دردیم. یه شبهه‌ای نیست در مسائل دنیوی اهل درد بودن ما دیگه همه قبول دارند. خدا که قبول دارد، خودمون هم قبول داریم، دنیا هم قبول دارد که ما نسبت به دنیا اهل دردیم. یعنی درد دنیا در وجود ما، در قلب ما بدون شبهه بی گمان هست. چون اهل دردیم به موضوعات دنیوی، خطاهایی که ما در ارتباط با موضوعات دنیوی، خواسته‌های دنیوی، منافع دنیوی [سرفه] می‌کنیم، هیچ به نظرتون میاد؟ یعنی حتماً میاد. من الآن تذکر میدم. هیچ دقت کرده‌اید که الآن بگم لابد دقت می‌کنید. هر وقت که یه موضوعی در ارتباط با مسائل دنیوی، منافع دنیوی، ریاست‌های دنیا، جاه‌های دنیا، پول دنیا، شهرت دنیا، خوبی دنیا، لذت دنیا، مال دنیا الی آخر. هر وقت که یه خطایی، وقتی ساعتی در ارتباط با یکی از مسائل دنیوی کرده‌ایم، هیچ وقت ما اون خطا را فراموش نمی‌کنیم. زیاد هم متأسف هستیم. حتی عصبانی می‌شویم برای اون. خود عصبانی می‌شویم و حرف‌ها می‌زنیم. فلانی باعث شد
… (truncated; see saved file for full transcript)

============================================================
SUMMARY
============================================================
Input file      : 015_مراقبه ، محاسبه _ بحث تزکیه.mp3
Provider        : ElevenLabs Scribe (scribe_v2)
Audio duration  : 31:32 (1892.02 s)
Requests        : 1
Billed duration : 1893 s (rounded up to nearest second)
Rate            : $0.22 / audio hour
Estimated cost  : $0.115623 USD
Transcript saved: Audios/AyatollahShojaee/Tazkiyeh/015/015_مراقبه ، محاسبه _ بحث تزکیه.txt
============================================================
