Provider: ElevenLabs Scribe (scribe_v2)
Progress file (updated after each chunk): /Users/mohammadreza/IslamASR/Audios/AyatollahShojaee/Mabohas_Mozui/053/053_53- محبت وخوف خدا 1.partial.txt
  preparing audio (053_53- محبت وخوف خدا 1.mp3)...
  22:14 → 1 request(s)
  progress file: /Users/mohammadreza/IslamASR/Audios/AyatollahShojaee/Mabohas_Mozui/053/053_53- محبت وخوف خدا 1.partial.txt
  [1/1] 0:00–22:14 (7818 KB)...
      → 13399 chars: اعوذ بالله السميع العليم من الشيطان الرجيم. بسم الله الرحمن الرحيم. آيه هفتاد و شش از سوره آل عمران. در دو باب محبت و خوف. تا حالا معمولا سوال‌هایی که می‌شود و جواب‌هایی که داده می…

============================================================
TRANSCRIPTION (preview)
============================================================
اعوذ بالله السميع العليم من الشيطان الرجيم. بسم الله الرحمن الرحيم. آيه هفتاد و شش از سوره آل عمران. در دو باب محبت و خوف. تا حالا معمولا سوال‌هایی که می‌شود و جواب‌هایی که داده می‌شود یا از بنده سوال می‌شود، جوابی که می‌دهیم به صورت اجمال بوده. من سر مسئله را در حدی که می‌شود گفت و می‌شود توضیح داد و می‌شود فهمید، نگفته بودم. نگفتم، شرح نکردم. امروز می‌خواستم شرح بکنم اگر خدا عنایت کند. به اجمال می‌گفتیم مسئله محبت خدا و مسئله خوف از خدا. که دو مسئله‌ای است از خصوصیات خوبان است. این مسئله را معمولا گفته‌ایم به این آسانی نیست انسان به محبت برسد. به این آسانی نیست انسان به خوف برسد. این جواب اجمالی را که الان عرض می‌کنم، این را مکرر گفته‌ایم. به حب خدا، محبت خدا رسیده، رسیدن بعد از مجاهدتی است طولانی. به مقام خوف نائل شدن و خشیت نائل شدن بعد از مجاهدتی است طولانی. یعنی اینطور نیست انسان در ابتدای امر همانطور که دلش خواست به مقام محبت، محبت نائل بشود، محبت حق. یا دلش خواست دو، سه روزه، چند روزه به مقام خوف نائل بشود. این چنین نیست. این مجاهدتی می‌خواهد. هر دو هم به منزل محبت نائل شدن هم در منزل خوف، به منزل خوف رسیدن یا به مقام محبت و مقام خوف نائل شدن مجاهدت می‌خواهد طولانی. بعد از مجاهدت طولانی ابتلاء نمی‌شود. سخت است. این اندازه جواب را معمولا مکرر گفته‌ایم. من می‌خواستم امروز بر اساس اون وعده‌ای که امروز در باب خواهم سؤال حساب گفتیم مسئله را به صورت کلی به نحوی که می‌شود از کلم گفت توضیح بدهم. عبایتی مقدمه پیش می‌آید من با در این مسئله. خوب انشاالله دقت می‌کنید چون دقت بسیار بالا می‌خواهد در اینها که گفتم به اجمال خواهیم گفت گفتنی‌هاش را و آنچه می‌شود گفت را. اون هم به اجمال البته. مقدمه که هست این است که بر اساس توحید ربوبیت، توحید در ربوبیت که حقیقت است و قرآن هم اصل دعوتش بر همین توحید است و انسان‌ها را می‌خواهد متوجه به توحید کند. یعنی اینکه جز خدا در عالم مؤثری نیست. جز خدا در عالم کار کننده‌ای نیست. جز خدا در عالم فاعلی نیست، فعالی نیست. این حقیقتی است که البته اینجوری به این جمله من توحید را معنی کردم. اگر باز بشه وسیع‌تر از این است فقط این معنی اجمالی‌اش را گفتم. جز خدا در عالم مؤثر نیست و جز خدا را نباید دید. جز خدا را نباید خواست. جز خدا را نباید عبادت ک
… (truncated; see saved file for full transcript)

============================================================
SUMMARY
============================================================
Input file      : 053_53- محبت وخوف خدا 1.mp3
Provider        : ElevenLabs Scribe (scribe_v2)
Audio duration  : 22:14 (1334.23 s)
Requests        : 1
Billed duration : 1335 s (rounded up to nearest second)
Rate            : $0.22 / audio hour
Estimated cost  : $0.081536 USD
Transcript saved: /Users/mohammadreza/IslamASR/Audios/AyatollahShojaee/Mabohas_Mozui/053/053_53- محبت وخوف خدا 1.txt
============================================================
