Provider: ElevenLabs Scribe (scribe_v2)
Progress file (updated after each chunk): Audios/AyatollahShojaee/Tazkiyeh/041/041_قطع رحم _ بحث تزکیه.partial.txt
  preparing audio (041_قطع رحم _ بحث تزکیه.mp3)...
  32:24 → 1 request(s)
  progress file: Audios/AyatollahShojaee/Tazkiyeh/041/041_قطع رحم _ بحث تزکیه.partial.txt
  [1/1] 0:00–32:24 (11392 KB)...
      → 21648 chars: بسم الله الرحمن الرحیم. از جمله مهلکات یعنی از جمله جلوات دیگر هوا که در سلوک الی الله مهلک است و مانع این است که سالک موفق در سلوکش بشود، قطیعه رحم یا قطع رحم است. سلوک با قطع رحم…

============================================================
TRANSCRIPTION (preview)
============================================================
بسم الله الرحمن الرحیم. از جمله مهلکات یعنی از جمله جلوات دیگر هوا که در سلوک الی الله مهلک است و مانع این است که سالک موفق در سلوکش بشود، قطیعه رحم یا قطع رحم است. سلوک با قطع رحم جور در نمیاد. قطع رحم مانع سالک است. از اعظم مهلکات است. در بین علما اخلاق معروف است. مهلکات را بر اساس اون نکات که در آیات و روایات وارد شده تقسیم بندی می‌کنند بعضی‌هاش را اینجور می گویند. می گویند از اعظم چیه؟ از اعظم مهلکات است. از اون بزرگ‌ترین مهلک‌هاست. البته اینم در اینکه این جلوه‌ای از هوای نفس است در وجود انسان جلوه می‌کند. دیگه من در این باب توضیحی نمیدم چون شما یه مقدار به تحلیلی که مکرر گفته‌ایم به تحلیل‌ها، به تحلیل مثال آشنا شده‌اید. خودتون اگر همین الان یه خرده تعامل بکنید که چرا انسان قطع رحم می‌کند؟ خواهید فهمید که این جلوه خاصی از هوای نفس در وجود انسان است. از جلوات هواست، از ظهورات هواست. بعضیا برای این است که انسان مثلاً فرض فرمایید که فامیلش مثلاً فقیر است این غنی است مثلاً. غنی فقیر مالی عرض می‌کنم. یا فامیلش فرض می‌خواد بین فامیلش مثلاً یک احترام خاصی بهش قائل بشوند چون یکیش احترامش را مراعات نکرده چی می‌کنه؟ قطع رحم می‌کنه. می‌خواد بزرگ فامیل بشه همه زیر چترش نمیرن با اونها قطع می‌کنه. می‌خواد خلاصه خودشو نشون بده قطع می‌کنه. نه خیر. خودشو بالاتر از اونها می‌داند چی می‌کنه؟ قطع می‌کنه. الی آخر. یا خیر سست است، ضعیف است، تنبل است قطع می‌کنه. فرقی نمی‌کنه هرچی هست هواست. هرچی هست هواست به انحاء مختلف. این از جلوه هوای نفس است. به هر شکلش باشد. خب این از مهلکات است. از اعظم مهلکات هم هست. اولاً من در اینجا مرحله اول باید به شما معنی بکنم قطع رحم چیه؟ چون معنی قطع رحم را متأسفانه خیلی‌ها طور دیگه فهمیدند. اولاً قطع رحم خودش معنی خاص دارد. معنی قطع رحم این است که انسان آنچه که از دستش می‌آید درباره ارحامش انجام بدهد را انجام ندهد. اینو میگن قطع رحم. آخه همه می‌بینید چه جور برداشت کردند؟ همه فکر کردن صله رحم عبارت است از رفت و آمد. قطع رحم عبارت است از چی؟ از قطع رفت و آمد. نه قطع رحم، قطع رفت و آمد نیست. اصل قطع رحم اون جوری که از روایات کاملاً با صراحت و از بیانات علما اخلاق استفاده می‌شود، قطع رحم این است که انسان آنچه که از دستش میاد در باب خدمت به ارقام از نظر مالی
… (truncated; see saved file for full transcript)

============================================================
SUMMARY
============================================================
Input file      : 041_قطع رحم _ بحث تزکیه.mp3
Provider        : ElevenLabs Scribe (scribe_v2)
Audio duration  : 32:24 (1944.22 s)
Requests        : 1
Billed duration : 1945 s (rounded up to nearest second)
Rate            : $0.22 / audio hour
Estimated cost  : $0.118813 USD
Transcript saved: Audios/AyatollahShojaee/Tazkiyeh/041/041_قطع رحم _ بحث تزکیه.txt
============================================================
