Provider: ElevenLabs Scribe (scribe_v2)
Progress file (updated after each chunk): /Users/mohammadreza/IslamASR/Audios/AyatollahShojaee/CheraghHedayat/015/015_درخصوص حضرت اباعبدالله (ع) (چراغ هدایت) 15_.partial.txt
  preparing audio (015_درخصوص حضرت اباعبدالله (ع) (چراغ هدایت) 15_.mp3)...
  24:48 → 1 request(s)
  progress file: /Users/mohammadreza/IslamASR/Audios/AyatollahShojaee/CheraghHedayat/015/015_درخصوص حضرت اباعبدالله (ع) (چراغ هدایت) 15_.partial.txt
  [1/1] 0:00–24:48 (8720 KB)...
      → 12785 chars: [شعر] حسین، حسین، حسین، حسین. حسین، حسین، حسین، حسین. شهید کربلا حسین. حسین، حسین، حسین، حسین. السلام علیک یا أبا عبد الله الحسین و على الأرواح التي حلت بفنائك. حسین، حسین، حسین، ح…

============================================================
TRANSCRIPTION (preview)
============================================================
[شعر] حسین، حسین، حسین، حسین. حسین، حسین، حسین، حسین. شهید کربلا حسین. حسین، حسین، حسین، حسین. السلام علیک یا أبا عبد الله الحسین و على الأرواح التي حلت بفنائك. حسین، حسین، حسین، حسین. چراغ هدایت. چراغ و مصباح هدایت تویی. چراغ و مصباح هدایت تویی. سفینه‌ای غصه‌ را یم کند. سفینه‌ای غصه‌ را یم کند. بسم الله الرحمن الرحیم و هو رب الحسین الذي قتل أطشا. بسم الله الرحمن الرحیم. یا أیتها النفس طمئنی قد رضیت مرضیة. الله. سلام بر حسین و بر اصحاب حسین و سلام بر شما دوستداران و علاقه‌مندان مکتب حسین علیه السلام. دوستان ارجمند برنامه چراغ هدایت را می‌شنوید. در این برنامه نیز همچون برنامه‌های قبل بخش دیگری از مباحث استاد وارسته آیت الله محمد شجاعی را در باب شخصیت حضرت سید الشهدا علیه السلام تقدیم حضورتان می‌کنیم. در برنامه‌های پیشین استاد راجع به دم اسرارآمیز امام حسین علیه السلام و اثرات آن مطالبی بیان داشتند و به مصادیقی از اثرات این دم اشاراتی نمودند. در این برنامه استاد ضمن بیان توضیحی در باب راضی بودن حضرت به مقدرات الهی به گریه زمین و آسمان بر آن حضرت اشاره دارند و با نقل روایاتی چند این حقیقت را که در نظام وجود جاری است توضیح می‌دهند. بشنوید. بسم الله الرحمن الرحیم. الحمد لله رب العالمين وصلى الله على محمد وآله الطاهرين. در خصوص حضرت سید الشهدا سلام الله عليه مطالبی می‌گفتیم. در جلسه گذشته نظرتون هست که در مسیر بحث در این نکته که وجود مقدس اون حضرت و آنچه که مربوط به اون حضرت هست هر کسی خوب تأمل بکند همش اسرارآمیز است. در مسیر این مسئله و بحث من از دم اون حضرت مطالبی گفتم. دم خاص اون حضرت صحبت‌ها شد و مطالبی گفتم. حالا در این جلسه خواستم در دنباله باز همین بحث توجه به این نکته هم داشته باشیم که اینطور که در جلسه گذشته اشاره کردم در عین حال که صاحب اون منزلت و مقام بود، نمونه‌هایی هم از آثار دم اون حضرت را گفتیم. در عین حال به حساب اینکه مقاصد ربوبی باید تحقق پیدا بکند راضی بود به قضا الهی و اون جریانات کربلا پیش آمد. در عین حال باید به این نکته هم توجه بکنیم که بعد از جریان کربلا یعنی در عین رضای اون حضرت، راضی بودنش به قضا حق و در عین حال مسئله این بود که مقاصد ربوبی باید پیاده بشود به لحاظ اون منزلت بسیار بالا و وجود اسرارآمیز و دم مخصوص بعد از شهادتش، بعد از شهادت اون ح
… (truncated; see saved file for full transcript)

============================================================
SUMMARY
============================================================
Input file      : 015_درخصوص حضرت اباعبدالله (ع) (چراغ هدایت) 15_.mp3
Provider        : ElevenLabs Scribe (scribe_v2)
Audio duration  : 24:48 (1488.20 s)
Requests        : 1
Billed duration : 1489 s (rounded up to nearest second)
Rate            : $0.22 / audio hour
Estimated cost  : $0.090946 USD
Transcript saved: /Users/mohammadreza/IslamASR/Audios/AyatollahShojaee/CheraghHedayat/015/015_درخصوص حضرت اباعبدالله (ع) (چراغ هدایت) 15_.txt
============================================================
