Provider: ElevenLabs Scribe (scribe_v2)
Progress file (updated after each chunk): Audios/AyatollahShojaee/Tazkiyeh/037/037_مداهنه وسستي درامربه معروف ونهي از منکر _ بحث تزکیه.partial.txt
  preparing audio (037_مداهنه وسستي درامربه معروف ونهي از منکر _ بحث تزکیه.mp3)...
  23:50 → 1 request(s)
  progress file: Audios/AyatollahShojaee/Tazkiyeh/037/037_مداهنه وسستي درامربه معروف ونهي از منکر _ بحث تزکیه.partial.txt
  [1/1] 0:00–23:50 (8378 KB)...
      → 15546 chars: بسم الله الرحمن الرحیم. از جلوات و ظهورات هوای نفس بحث می‌کردیم و قسمتی از ظهورات و جلوات هوا را گفتیم. آیات و روایاتی که در این زمینه‌ها بود اینجا تا حدودی توضیح دادیم و در این جل…

============================================================
TRANSCRIPTION (preview)
============================================================
بسم الله الرحمن الرحیم. از جلوات و ظهورات هوای نفس بحث می‌کردیم و قسمتی از ظهورات و جلوات هوا را گفتیم. آیات و روایاتی که در این زمینه‌ها بود اینجا تا حدودی توضیح دادیم و در این جلسه باز به یکی از ظهورات هوا در وجود انسان که به شکل به خصوصی جلوه می‌کند، اشاره می‌کنیم. این نکته که مکررا عرض کردم باز تکرار می‌کنم. ظهورات هوا، جلوات هوای نفس، اون اشکال مختلف هوای نفس چیزی نیست که با این شمردن‌ها و گفتن‌ها تمام بشود. اصل مسئله با جزئیاتش، با مراتب مختلفش چیزی است که در مقام عمل برای یک سالک صادق که جدا به راه می‌افتد و مراقبت می‌کند به دل و قلب خودش، اون‌وقت روشن می‌شود که چه ریزه کاری‌هایی در هوای نفس، در نفس انسان و هوای نفس انسان هست. اینها که می‌شماریم در واقع اون صورت‌های روشن‌ش را می‌شماریم. این صورت‌های روشن از همون جلوات هواست و همش هم مهلک است. یعنی در طریق عبودیت انسان را به هلاکت می‌اندازد. به هر اندازه انسان به این هواها در اشکال مختلف گرفتار باشد به همان اندازه علاوه بر اینکه در راه معطل خواهد بود، در طریق سلوک موفق نخواهد بود، معذب هم در آخرت خواهد بود. در این جلسه اونچه که من می‌خواستم صحبت کنم مسئله یعنی ظهوری از ظهورات هوا، جلوه‌ای از جلوات هوا که واقعاً شکل به خصوصی دارد و احیاناً ممکن است انسان خودش برای خودش توجیهات نادرستی هم بکند، به اون می‌خواستم اشاره بکنم و اون مسئله مداهنه است. مداهنه و تهاون، سستی در مسئله امر به معروف و نهی از منکر. به طور که الآن عرض کردم این یکی از ظهورات هواست، یکی از جلوات هواست و خودش در عین اینکه یکی از جلوات و ظهورات هوای نفس است، انشاالله خوب دقت بکنید که این مقدار دقیق است. در عین اینکه خودش یکی از جلوات هوای نفس است و ظهورات هوای نفس است، در عین اینکه شکل کلی مسئله شکل به خصوصی‌ست، مداهنه در عین حال خودش مراتب دارد، خودش انواع دارد، خودش اشکال مختلف دارد، ریزه کاری‌ها دارد، توجه به اون خیلی سخت است. سالک صادق می‌خواهد با توفیق خدا در اصل با عنایت خدا بفهمد که این مداهنه و تهاون در وجودش به چه صورت‌هایی جلوه می‌کند. خیلی دقیق است این مسئله. احیاناً ممکن است انسان به حساب همون مکر شیطان و مکر نفس در این مسئله مبتلای به مداهنه باشد. مبتلای به تهاون هم باشد به اقتضای هواهای خیلی دقیق در وجودش. اون‌وقت برگردد علاوه بر ای
… (truncated; see saved file for full transcript)

============================================================
SUMMARY
============================================================
Input file      : 037_مداهنه وسستي درامربه معروف ونهي از منکر _ بحث تزکیه.mp3
Provider        : ElevenLabs Scribe (scribe_v2)
Audio duration  : 23:50 (1429.74 s)
Requests        : 1
Billed duration : 1430 s (rounded up to nearest second)
Rate            : $0.22 / audio hour
Estimated cost  : $0.087373 USD
Transcript saved: Audios/AyatollahShojaee/Tazkiyeh/037/037_مداهنه وسستي درامربه معروف ونهي از منکر _ بحث تزکیه.txt
============================================================
