Provider: ElevenLabs Scribe (scribe_v2)
Progress file (updated after each chunk): /Users/mohammadreza/IslamASR/Audios/AyatollahShojaee/Mabahese_Tohidi/009/009_مباحث-توحیدی-9.partial.txt
  preparing audio (009_مباحث-توحیدی-9.mp3)...
  24:34 → 1 request(s)
  progress file: /Users/mohammadreza/IslamASR/Audios/AyatollahShojaee/Mabahese_Tohidi/009/009_مباحث-توحیدی-9.partial.txt
  [1/1] 0:00–24:34 (8640 KB)...
      → 14340 chars: بسم الله الرحمن الرحیم. قل هو الله أحد به نام خداوند بخشایشگر مهربان. بگو خدا یکی است. [موسیقی] توحیدنامه. با بیانات حضرت آیت الله محمد شجاعی. [موسیقی] مقصود از بحث توحید عبارت است…

============================================================
TRANSCRIPTION (preview)
============================================================
بسم الله الرحمن الرحیم. قل هو الله أحد به نام خداوند بخشایشگر مهربان. بگو خدا یکی است. [موسیقی] توحیدنامه. با بیانات حضرت آیت الله محمد شجاعی. [موسیقی] مقصود از بحث توحید عبارت است از معرفت خدای متعال، صفات خدای متعال و افعال خدای متعال. یکی از بیان دیگر به اصطلاح معرفت وحدانیت ذات مقدس حق و اینکه جز ذات او ذاتی نیست و جز صفات او صفاتی نیست و جز افعال او افعالی نیست. [موسیقی] بسم الله الرحمن الرحیم. بنده‌ای حقیقت ایمان را به کمال نمی‌رساند، مگر آنکه سه فصلت در او باشد. فهم در دین، برنامه‌ریزی درست در امر معاش و شکیبایی در برابر گرفتاری‌ها. دوستان قرآنی سلام. ویژه برنامه توحیدنامه را می‌شنوید از رادیو قرآن و بهره‌مند می‌شوید از بیانات عالمانه حضرت آیت الله محمد شجاعی درباره توحید و معرفت خداوند متعال. [موسیقی] همراهان قرآنی، حضرت آیت الله شجاعی در برنامه گذشته درباره توحید افعالی فرمودند هر فعلی از هر فاعلی و هر اثری از هر مؤثری در نظام وجود در خلقت اگر فعل، فعل مطلوب و اثر، اثر مطلوب و کمالی باشد به ظاهر از این فاعل یا این مخلوق است ولی در حقیقت فعل خداوند است. اثر منسوب به خدای متعال است که این حقیقت توحید فعلی یا افعالی است. اما افعال و آثاری که شر و بد است از کیست؟ خداوند متعال در آیه هفتاد و هشت سوره مبارکه نساء خطاب به مؤمنینی که ایمانشان ضعیف بود و جهاد در راه خدا برایشان مشکل بود فرمود هر کجا باشید مرگ به سراغ شما خواهد آمد. سپس آنها را ملامت می‌کند و می‌فرماید وقتی به اینها خوبی و خیر می‌رسد می‌گویند این از طرف خداست و وقتی بدی به آنها می‌رسد می‌گویند این از طرف توست و آن را به رسول خدا نسبت می‌دادند. سپس خداوند خطاب به پیامبر صلی الله علیه و آله و سلم می‌فرماید به اینها بگو همه از ناحیه خداست، چه آن خوبی‌ها و چه آن بدی‌ها. چه شده است بر این قوم که هیچ چیز نمی‌فهمند؟ اما خداوند متعال در آیه هفتاد و نه سوره مبارکه نساء خطاب به رسول اکرم صلی الله علیه و آله و سلم می‌فرماید هرچه حسنه به تو رسد از خداوند است و هرچه بدی و شر به تو برسد از ناحیه خود توست. در این آیه خداوند حسنه و نیکی را به خود نسبت داده اما سیئه و بدی را به انسان. توجیه این دو آیه چگونه است؟ حضرت آیت الله شجاعی در پاسخ به این سؤال فرمودند خداوند متعال در آیه هفت سوره مبارکه سجده می‌فرماید آن خدای
… (truncated; see saved file for full transcript)

============================================================
SUMMARY
============================================================
Input file      : 009_مباحث-توحیدی-9.mp3
Provider        : ElevenLabs Scribe (scribe_v2)
Audio duration  : 24:34 (1474.45 s)
Requests        : 1
Billed duration : 1475 s (rounded up to nearest second)
Rate            : $0.22 / audio hour
Estimated cost  : $0.090105 USD
Transcript saved: /Users/mohammadreza/IslamASR/Audios/AyatollahShojaee/Mabahese_Tohidi/009/009_مباحث-توحیدی-9.txt
============================================================
