Provider: ElevenLabs Scribe (scribe_v2)
Progress file (updated after each chunk): Audios/AyatollahShojaee/AsrarFatemi/005/005_اسرار فاطمی (س ) بخش 5.partial.txt
  preparing audio (005_اسرار فاطمی (س ) بخش 5.mp3)...
  27:27 → 1 request(s)
  progress file: Audios/AyatollahShojaee/AsrarFatemi/005/005_اسرار فاطمی (س ) بخش 5.partial.txt
  [1/1] 0:00–27:27 (9650 KB)...
      → 16041 chars: [موسیقی] از امام صادق علیه السلام پرسیدند [صدای شخص دیگر] چرا فاطمه سلام الله علیها را زهرا می‌گویند؟ فرمود [صدای شخص دیگر] برای آنکه هر وقت در محراب عبادت می‌ایستاد [صدای شخص دیگر…

============================================================
TRANSCRIPTION (preview)
============================================================
[موسیقی] از امام صادق علیه السلام پرسیدند [صدای شخص دیگر] چرا فاطمه سلام الله علیها را زهرا می‌گویند؟ فرمود [صدای شخص دیگر] برای آنکه هر وقت در محراب عبادت می‌ایستاد [صدای شخص دیگر] نور او بر اهل آسمانها می‌تابید [صدای شخص دیگر] همچنان که نور ستارگان بر اهل زمین می‌تابد. السلام علیک [صدای شخص دیگر] ایهت الصدیقه الشهیده اسرار فاطمی فاطمه جان، فاطمه جان، فاطمه جان، فاطمه جان، فاطمه جان، فاطمه جان، فاطمه جان. بسم الله الرحمن الرحیم. با عرض سلام خدمت شما همراهان همیشگی رادیو قرآن با برنامه اسرار فاطمی که اختصاص دارد به مباحث حضرت آیت‌الله استاد محمد شجاعی در خدمت شماییم. در این برنامه استاد با اشاره به زیارت مخصوص حضرت زهرا سلام الله علیها به شرح و توضیح فرازهایی از این زیارت می‌پردازند که از شما عزیزان دعوت می‌کنیم مشروح این گفتار را از زبان حضرت آیت‌الله محمد شجاعی بشنوید. اعوذ بالله السميع العليم من الشيطان الرجيم. بسم الله الرحمن الرحيم. اللهم صل على فاطمه وأبيها وبعدها وبنيها بعدد طات بيع المج. وصل على الجوهرة القدسية في تعين الإنسية. صورة النفس الكلية. جواد العالم الأهلية. بذات الحقيقة النبوية. مطلع الأنوار الألوية. عين عيون الأسرار الفاطمية. الناجية المنجية لمحبها عن النار. ثمرة شجرة اليقين. سيدة نساء العالمين. المعروفة بالقدر. المجهولة بالقبر. قرة عين الرسول الزهراء البتول. وصل على الجوهرة القدسية في تعين الإنسية. صورة النفس الكلية. جواد العالم الأهلية. مطلع الأنوار الألوية. انوار الویه مطلعه فاطمه زهرا صلوات الله علیهاست و انوارش هم که می‌دانید چه کسانی هستند. بگو مطلع الأنوار الألوية. خب این جمله که گفتم و این‌ها را هم به عنوان شاهد بر آن مسئله برایتان عرض کردم. این جمله این بود که فاطمه زهرا سلام الله علیها صورت جمعی همه آن تجلیاتی است که مشتاقان و مجذوبان و ولهان را جذب می‌کند و نجات می‌دهد. اینجا توجه داشته باشید به همین لحاظ اسم فاطمه زهرا چیست؟ می‌گفتید فاطمه است. با این توضیحی که گفتم بدانید که فاطمه یعنی اونی که می‌برد نجات می‌دهد آنچه را که باید نجات پیدا بکند از آتش. فاطمه معنیش این است. خودش که نجات یافته است. فاطمه، فتمه یعنی بریدن. فتح با طاء معلق به معنی بریدن است. این اسم هم از ناحیه خدا برای هم به نقل شیعه، هم به نقل سنی این اسم از ناحیه خدا به 
… (truncated; see saved file for full transcript)

============================================================
SUMMARY
============================================================
Input file      : 005_اسرار فاطمی (س ) بخش 5.mp3
Provider        : ElevenLabs Scribe (scribe_v2)
Audio duration  : 27:27 (1646.93 s)
Requests        : 1
Billed duration : 1647 s (rounded up to nearest second)
Rate            : $0.22 / audio hour
Estimated cost  : $0.100646 USD
Transcript saved: Audios/AyatollahShojaee/AsrarFatemi/005/005_اسرار فاطمی (س ) بخش 5.txt
============================================================
