Provider: ElevenLabs Scribe (scribe_v2)
Progress file (updated after each chunk): Audios/AyatollahShojaee/Tazkiyeh/137/137_كشف ذوقي _ بحث تزکیه.partial.txt
  preparing audio (137_كشف ذوقي _ بحث تزکیه.mp3)...
  28:01 → 1 request(s)
  progress file: Audios/AyatollahShojaee/Tazkiyeh/137/137_كشف ذوقي _ بحث تزکیه.partial.txt
  [1/1] 0:00–28:01 (9848 KB)...
      → 17120 chars: اعوذ بالله السميع العليم من الشيطان الرجيم. بسم الله الرحمن الرحيم. اقسام کشف صوری به تعداد حواس تقسیم بر پنج قسم شده. کشف اِصطحاری بود و کشف Simaii صمایی بود که هفته‌ی توضیح دادیم…

============================================================
TRANSCRIPTION (preview)
============================================================
اعوذ بالله السميع العليم من الشيطان الرجيم. بسم الله الرحمن الرحيم. اقسام کشف صوری به تعداد حواس تقسیم بر پنج قسم شده. کشف اِصطحاری بود و کشف Simaii صمایی بود که هفته‌ی توضیح دادیم. کشف اصطحاری را قبلاً دو سه جلسه که موجود بود توضیح دادیم. سه قسم دیگر از اقسام کشفی که مربوط به حواس است که کشف صوری می‌گوییم مجموعاً این‌ها را. البته گفتن کشف صوری به همه این‌ها هم چندان درست نیست. حالا دیگه ما در ریزه‌کاری‌ها صحبت نمی‌کنیم. بعضی از مراحلش از کشف صوری است بعضی از کشف معنوی. خلاصه صورت غیر از کشف اصطحاری و کشف Simaii، کشف شمی داریم و کشف ذوقی داریم و کشف لمسی. کشف شمی است که استشمام می‌کند سالک با درک قوی در شامله روایحی را که افراد عادی استشمام نمی‌کنند. کشف ذوقی می‌چشد چیزهایی را که طعومی را، غذاهایی را، شراب‌هایی را، طعم‌هایی را و شیرینی‌ها و تلخی‌هایی را که افراد عادی نمی‌یابند. لمس هم همین لمس می‌کند آنچه را که پنهان شده است و لمس معمولی روها نایع می‌شود. کشف شمی، ذوقی معني کشیدن و لمسی. این سه قسم مونده اصطحاری و Simaii را گفتیم. این پنج تا را باز تکرار می‌کنیم. این‌ها را معمولاً می‌گویند کشف صوری در برابر کشف معنوی که اون کشف معنوی خودشان باب مفصلی است و مراحل و مدارج دارد. از اون هم اجمالی عرض خواهیم کرد انشاالله. همه این‌ها به اجماع کلیه هست که می‌گوییم و الا توضیح جزئیاتش، جزئیاتش با این حوصله‌ها براورده نیست. در اینجا صرفاً در کشف ذوقی مطالبی به شما عرض می‌کنم به صورت اجمال که وقتی هم برای قسمت دیگر صحبت‌هامون مونده باشد. کشف ذوقی با توضیح که عرض کردم این است که وقتی سالک به مرتبه‌ای رسید بر اثر تجلی انوار نافذ حق در قلب و در زائده‌اش می‌چشد آنچه را که دیگران نمی‌چشد. اینجا باید بگیم در به اصطلاح بیان کلی. چیزها، طعم‌ها، غذاها می‌چشد، می‌تورد، می‌یابد از طریق زائد که افراد عادی نمی‌یابند. این هم مانند اون دو قسم دیگری که قبلاً توضیح دادم، کشف اصطحاری و Simaii دارای مراتب است. یعنی به تناسب موقعیت سالک و رتبه‌ی روحی و به تناسب موقعیت سالک از لحاظ کنار رفتن حجاب‌ها از قلب و از مشاعر، سالک از این کشف برخوردار می‌شود. در مرحله اول عرض می‌کنم که این کشف در ارتباط با کشف اصطحاری و کشف Simaii خیلی دیر شروع می‌شود در وجود انسان اگر شروع بشود. توجه بکنید. کشف اصطحاری گ
… (truncated; see saved file for full transcript)

============================================================
SUMMARY
============================================================
Input file      : 137_كشف ذوقي _ بحث تزکیه.mp3
Provider        : ElevenLabs Scribe (scribe_v2)
Audio duration  : 28:01 (1680.59 s)
Requests        : 1
Billed duration : 1681 s (rounded up to nearest second)
Rate            : $0.22 / audio hour
Estimated cost  : $0.102703 USD
Transcript saved: Audios/AyatollahShojaee/Tazkiyeh/137/137_كشف ذوقي _ بحث تزکیه.txt
============================================================
