Provider: ElevenLabs Scribe (scribe_v2)
Progress file (updated after each chunk): Audios/AyatollahShojaee/Tazkiyeh/107/107_خطورات شيطاني 2 _ بحث تزکیه.partial.txt
  preparing audio (107_خطورات شيطاني 2 _ بحث تزکیه.mp3)...
  32:35 → 1 request(s)
  progress file: Audios/AyatollahShojaee/Tazkiyeh/107/107_خطورات شيطاني 2 _ بحث تزکیه.partial.txt
  [1/1] 0:00–32:35 (11453 KB)...
      → 20877 chars: اعوذ بالله السميع العليم من الشيطان الرجيم. بسم الله الرحمن الرحيم. حالا بریم به سراغ آیاتش. به سراغ آیاتی که می‌گوید این دو خاطر از خواطر نفسانی شیطانی توضیح دادم، مواخذه اخروی دا…

============================================================
TRANSCRIPTION (preview)
============================================================
اعوذ بالله السميع العليم من الشيطان الرجيم. بسم الله الرحمن الرحيم. حالا بریم به سراغ آیاتش. به سراغ آیاتی که می‌گوید این دو خاطر از خواطر نفسانی شیطانی توضیح دادم، مواخذه اخروی دارد و عرض کنم که اینجا هم لطفه می‌زنم در مقام سلوک از مبحثات است. این دو آیه که الان اولا شما اگر حضور توجه داشتید از اون دو آیه که در قسم اول از خواطر گمان کردم خارج از اختیار بود، گفتم بر اساس این دو آیه توضیح دادم که آیه این دو ما فی انفسکم تحاسبم الی اضافه آیه لا یأخذ الله نفسا الا بسطها. از این دو آیه اینجا نتیجه گرفتیم که اونها که خارج از اختیار است توی مواخذه ندارد. مفهوم مقابلش چی میشه؟ مفهوم مقابلشون می‌شود که اونی که با اختیار خاطر شیطانی و نفسانی است، اونی که تصور گناه را با اختیار می‌کند، اونی که تسلیم بر گناه با اختیار می‌گیرد، خدا روی اون حساب باز چیه؟ حساب باز خواهد کرد. ان تبدوا ما فی انفسکم او تخفوه یحاسبکم الله. خدا روش حساب باز خواهد کرد. چی در اونجا و چی در اینجا؟ اونجا عذاب، اینجا اگر کسی سالک باشد و تصور گناه کرد یا تسلیم بر گناه گرفت و رو عمل نکرد، خدا حسابش رو میکنه. دیگه میبینید که اگر برنامه‌ای داشت دیگه اون برنامه را با اون رنگ و روغن دیگه. چیه؟ دارد یا ندارد؟ ندارد. بعضی از بچه‌ها میان میگن که نماز شب موفق نمیشیم. من میگم میگی گناه کردی. گناه کردی دیگه نماز شب نه. چون نماز شب دیگه عوام که نیستیم که بگیم که ما ادایش کردیم. انشاالله فهمیدیم که او ما را خواند. دیگه نمی‌خواند. توجه می‌کنید؟ خب دقت کنید دیگه. عوامانا که فکر نمی‌کنیم که این ذکر را ما گفتیم. بلکه انشاالله شناختیم که او ما را خواست. ولی چون تصور گناه کردیم، چون تسلیم بر گناه گرفتیم ولی با این هم انجام ندادیم، خطا کردیم. دیگه اون عنایت کم شد. دیگه نمی‌خواند. توجه می‌کنید؟ یا اگر نماز را یه خورده با حال می‌خوندیم، دیگه اون حال رفت. توجه می‌کنید؟ چون دیگه اون که هست چیه؟ رفت. یحاسبکم الی الله. حساب می‌کنه خدا. من معمولا به بچه ها در صحبت‌های خصوصی میگم. میگم که یکی از مسائل که سالک باید در نظر بگیرد تا در سلوکش احیانا به اذن الله مؤید بشود، حسابگره خداست. خدا روی همه چیز حساب می‌کنه در همین جا. اونجا هم این حسابش روشن و بعد از افتادن پرده‌ها واضح خواهد شد. اینجا خدا حساب می‌کنه. شما اگر به سلوک قدم گذاشتید 
… (truncated; see saved file for full transcript)

============================================================
SUMMARY
============================================================
Input file      : 107_خطورات شيطاني 2 _ بحث تزکیه.mp3
Provider        : ElevenLabs Scribe (scribe_v2)
Audio duration  : 32:35 (1954.62 s)
Requests        : 1
Billed duration : 1955 s (rounded up to nearest second)
Rate            : $0.22 / audio hour
Estimated cost  : $0.119449 USD
Transcript saved: Audios/AyatollahShojaee/Tazkiyeh/107/107_خطورات شيطاني 2 _ بحث تزکیه.txt
============================================================
