Provider: ElevenLabs Scribe (scribe_v2)
Progress file (updated after each chunk): /Users/mohammadreza/IslamASR/Audios/AyatollahShojaee/Mabohas_Mozui/046/046_46- مراتب ودرجات يقين.partial.txt
  preparing audio (046_46- مراتب ودرجات يقين.mp3)...
  19:41 → 1 request(s)
  progress file: /Users/mohammadreza/IslamASR/Audios/AyatollahShojaee/Mabohas_Mozui/046/046_46- مراتب ودرجات يقين.partial.txt
  [1/1] 0:00–19:41 (6920 KB)...
      → 13398 chars: اعوذ بالله السميع العليم من الشيطان الرجيم. بسم الله الرحمن الرحيم. درجات و مراتب دارد یقین. البته چون این به گوش شما خورده است من لازم است اینجا این جمله را هم به شما معنی بکنم. ل…

============================================================
TRANSCRIPTION (preview)
============================================================
اعوذ بالله السميع العليم من الشيطان الرجيم. بسم الله الرحمن الرحيم. درجات و مراتب دارد یقین. البته چون این به گوش شما خورده است من لازم است اینجا این جمله را هم به شما معنی بکنم. لااقل به گوشتون خورده است که گفته می‌شود که تقسیم گفتن درجات یقین سه، سه درجه است. مراتب یقین سه مرتبه است. مراحلش سه مرحله است. مرتبه علم اليقين است و عين اليقين است و چی؟ حق اليقين. این البته یک تقسیم کلی است. توجه داشته باشید نه این است که سه مرتبه است فقط. این یک تقسیم کلی‌ست با استفاده از اشارات قرآن. گفتم من به اجماع صحبت می‌کنم فقط برای اینکه به اجماع شما یک حقیقت قرآنی را بفهمید و از طرف دیگر تذکر خودتان را هم حفظ کنید. می‌خواهید درست بشوید؟ راهش را بدانید که راهش عبارت است از کثرت مجاهدت و عبودیت. [صدای محیط] مطالب زیادند، زیاد است. همواره من به اجماع صحبت می‌کنم. این تقسیم که شده است که یقین سه مرحله دارد مرتبه علم اليقين، سه مرتبه دارد. یکی مرتبه علم اليقين است، یکی مرتبe عين اليقين است، یکی مرتبه حق اليقين. این با استفاده از اشارات قرآن و بعضی از اشارات‌های دیگر یک تقسیم کلی‌ست. نه اینکه یقین دارای همین سه مرتبه است. یک تقسیم کلی‌ست. تقسیم کلی‌ای دارد. معنی‌اش چیست؟ یعنی خود همین مرتبه‌های سه‌گانه که گفته شده است خودش مراتب بی‌نهایت دارد. هر کدامش یعنی مراتب چه دارد؟ مراتب بی‌نهایت دارد. علم اليقين خودش مراتب دارد. مرتبه عين اليقين مراتب دارد. مرتبه حق اليقين هم چی دارد؟ مراتب دارد. این تقسیم که شده است این می‌دانید معنی‌اش چیست؟ از اول گفتم یقین گفتم که تدریجی شروع می‌شود. الان این فراموش لااقل نکنید. از یه جایی شروع می‌شود. وقتی انسان به مجاهدت پرداخت اون یقین در دل انسان به وجود بیاید. حالا دیگه من نمی‌توانم به لفظ چیزی به شما بگویم. اگر شما می‌دانستید که یقین چه جور شروع می‌شود و چه چیز است، حتما همه چیز را کنار می‌گذاشتید و به عبادت می‌پرداختید. اگر همین یقین را می‌فهمیدید که چی بود. یعنی دیگه این سستی‌ها، این تنبلی‌ها، این مشغول شدن به اهواء و اغراض دنیا و این‌ها و این جور چیزها که من و شما را خشم کرده و مشغول کرده و غریب داده است این‌ها همش از میان می‌رود. اگر یه خورده می‌فهمیدید که اصلا اون وقت که یقین شروع می‌شود چی می‌شود؟ همه چیزها عوض می‌شود. همه چیز عوض می‌شود. ببین
… (truncated; see saved file for full transcript)

============================================================
SUMMARY
============================================================
Input file      : 046_46- مراتب ودرجات يقين.mp3
Provider        : ElevenLabs Scribe (scribe_v2)
Audio duration  : 19:41 (1180.87 s)
Requests        : 1
Billed duration : 1181 s (rounded up to nearest second)
Rate            : $0.22 / audio hour
Estimated cost  : $0.072164 USD
Transcript saved: /Users/mohammadreza/IslamASR/Audios/AyatollahShojaee/Mabohas_Mozui/046/046_46- مراتب ودرجات يقين.txt
============================================================
