Provider: ElevenLabs Scribe (scribe_v2)
Progress file (updated after each chunk): Audios/AyatollahShojaee/Tazkiyeh/078/078_تهور وترس در راه سلوک _ بحث تزکیه.partial.txt
  preparing audio (078_تهور وترس در راه سلوک _ بحث تزکیه.mp3)...
  47:03 → 1 request(s)
  progress file: Audios/AyatollahShojaee/Tazkiyeh/078/078_تهور وترس در راه سلوک _ بحث تزکیه.partial.txt
  [1/1] 0:00–47:03 (16541 KB)...
      → 30070 chars: بسم الله الرحمن الرحیم. مسئله اولی که یعنی دو مسئله اول که به عنوان مهلک عنوان می‌کنیم مسئله تهور و مسئله جبن است که این دو با هم مقابل هستند. و بعد همین دو موضوعات دیگری را به دنب…

============================================================
TRANSCRIPTION (preview)
============================================================
بسم الله الرحمن الرحیم. مسئله اولی که یعنی دو مسئله اول که به عنوان مهلک عنوان می‌کنیم مسئله تهور و مسئله جبن است که این دو با هم مقابل هستند. و بعد همین دو موضوعات دیگری را به دنبال خودشان می‌آورند که آنها را جداگانه اشاره خواهیم کرد. از جمله مهلکات در مرحله اول که در حقیقت می‌شود گفت که از رذائل قوه غضبیه به اصطلاح علما اخلاق هست، مسئله تهور و مسئله جبن است. تهور یعنی بی‌باکی غیرمعقول. به زبان خودمون اگر بخواهیم معنی بکنیم، انسان در اقدام به امور مهم، امور خطرناک و هولناک، وحشتناک، خطرناک، مهم، بزرگ در این قبیل اقدام‌ها، اقدام در این به این قبیل امور به اصطلاح موازین عقلی و شرعی را زیاد در نظر نگیرد. همین قدر که مسئله مهمی است بدون اینکه بررسی بکند، بدون اینکه تربی داشته باشد، بدون اینکه موازین عقل و شرع را در نظر بگیرد، از مسائل مهم البته در مسائل مهم اقدام می‌کند همینطور تهور داشته باشد. بی‌باکی نامعقول مفرط داشته باشد. این از مهلکات است و برای سالک این مسئله درست نیست و این شجاعت هم این نیست. حالا عرض خواهیم کرد. این خودش از مهلکات است برای اینکه این قبیل اقدام‌ها چه از نظر مضرات دنیوی و مخصوصاً در اصل مضرات اخروی و مضراتی که در مقام سلوک برای انسان پیش می‌آید همیشه در بر دارد. می‌بینید انسان در نتیجه تهور اقدامی می‌کند که به یک ندامت فوق‌العاده در رابطه با سلوک عبودیش می‌افتد که خلاص شدن از آن خطری که بهش متوجه شده خیلی مشکل می‌شود. یعنی خطایی می‌کند، خطایی می‌کند، ضرری به جایی وارد می‌کند، به بنده خدا حق بنده خدایی تجاوز به خصوصی می‌کند بدون توجه یا در نتیجه اون اقدام بدون تربی، بدون فکر، عجولانه، با تهور. که دیگه می‌بیند که دستش از همه جا کوتاه است. دیگه نجات پیدا کردن از این خطایی که کرده خیلی براش مشکله. به هر صورت زیاد توضیح نمی‌دیم. همین قدر به اشاره می‌گذریم. تهور، بی‌باک بودن در مسائل مهم، در مخاوف، در امور مهمّه عالیه و خطرناک و بی تربی اقدام کردن و جرات فوق حد و نامعقول داشتن در اقدام به امور. این به نام تهور به اص-- از مهلکات است و این است افراط قوه غضبیه انسان است. در واقع قوه غضبیه در اصطلاح علما اخلاق به نظرتون نیاد اینجا غضب مراد نیست. قوه غضبیه یکی از قوای موجود در وجود انسان است که به این جور مسائل منجر می‌شود. [نفس عمیق] این در این باره فقط م
… (truncated; see saved file for full transcript)

============================================================
SUMMARY
============================================================
Input file      : 078_تهور وترس در راه سلوک _ بحث تزکیه.mp3
Provider        : ElevenLabs Scribe (scribe_v2)
Audio duration  : 47:03 (2822.87 s)
Requests        : 1
Billed duration : 2823 s (rounded up to nearest second)
Rate            : $0.22 / audio hour
Estimated cost  : $0.172509 USD
Transcript saved: Audios/AyatollahShojaee/Tazkiyeh/078/078_تهور وترس در راه سلوک _ بحث تزکیه.txt
============================================================
