Provider: ElevenLabs Scribe (scribe_v2)
Progress file (updated after each chunk): /Users/mohammadreza/IslamASR/Audios/AyatollahShojaee/Mabohas_Mozui/031/031_31- فنا شدن در غير خدا-بامجاهدت به يقين ومحبت رسيدن.partial.txt
  preparing audio (031_31- فنا شدن در غير خدا-بامجاهدت به يقين ومحبت رسيدن.mp3)...
  18:43 → 1 request(s)
  progress file: /Users/mohammadreza/IslamASR/Audios/AyatollahShojaee/Mabohas_Mozui/031/031_31- فنا شدن در غير خدا-بامجاهدت به يقين ومحبت رسيدن.partial.txt
  [1/1] 0:00–18:43 (6581 KB)...
      → 11671 chars: اعوذ بالله من الشيطان الرجيم. بسم الله الرحمن الرحيم. حقیقتی که از عقاید قرآن هست و قرآن در دهها آیات مختلف با صراحت و اشاره، اشاره می‌کنه. دلایل بسیار، متاسفانه با آن که در دهها آ…

============================================================
TRANSCRIPTION (preview)
============================================================
اعوذ بالله من الشيطان الرجيم. بسم الله الرحمن الرحيم. حقیقتی که از عقاید قرآن هست و قرآن در دهها آیات مختلف با صراحت و اشاره، اشاره می‌کنه. دلایل بسیار، متاسفانه با آن که در دهها آیات آمده است با این وصف بر اون توجه، چندان توجه قرار نگرفته. اون این است که قرآن با صراحت خیلی، در آیات با صراحت، در بعضی از آیات با اشاره این حقیقت را گوشزد می‌کنه که شما انسان‌ها توجه داشته باشید که در یک غشاو و پرده و حجاب سختی قرار گرفته‌اید. دور و بر شما پر است، نمی‌دانید. این را زیاد می‌خواهد بگوید، انسان‌ها گوشزد کند این حقیقت را. که در سرت کشال، در دهها آیات با صراحت و اشاره این حقیقت را گوشزد می‌کند که شما انسان‌ها در یک حجابی قرار گرفته‌اید، مشiar باشید. در یک پرده‌ای. دور بر شما پر است و نمی‌بینید و نمی‌دانید. در سوره تکاثر چه می‌فرماید؟ اعوذ بالله من الشيطان الرجيم. بسم الله الرحمن الرحيم. أَلْهَاكُمُ التَّكَاثُرُ [صدای محیط] حَتَّى زُرْتُمُ الْمَقَابِرَ. سوره هم گوشزد می‌دهد. این که زیاد دنیا را به دست بیارید، این شما را از آنچه دور و بر شما را گرفته است و پر است، کاملاً غافل کرده است. أَلْهَاكُم، أَلْهَى معنی غافل کردن است. کسی را از چیزی، انسان چیزی کسی را غافل کرد. از یک حقیقتی غافل کرد. اینجا کلمه أَلْهَى به کار رفته. أَلْهَاكُم یعنی شما را غافل کرده است. غافل در آورده است. چه چیز؟ تکاثر. این که با تمام وجود روح دنیا آورده که زیاد به دست بیاورد با تمام وجود. دنیا را البته فقط پول حساب نکنید. دنیا یعنی غیر خدا. هرچه هست. پول باشد، منزل باشد، ریاست باشد، شهرت باشد، جمال باشد، کمال باشد، هر از معنی و معنایی. هنر باشد، شهرت باشد، هر چیزی، هر راحتی باشد، لذت باشد، خوابیدن باشد، خوردن باشد، هر چیزی غیر خداست. می‌گوید این روح آوردن با تمام وجود شما به غیر خدا به نحوی که کلاً فانی شده‌اید در غیر خدا، شما را از آنچه دور و بر شما پر است کاملاً غافل کرده است. این یک حقیقت است. و می‌فرماید این ادامه دارد تا شما وارد قبر شوید. این جوری گرفته است. حَتَّى زُرْتُمُ الْمَقَابِرَ. ببینید و بشر این آیه و این نکته که وقتی انسان فانی شد چیزی را نمی‌داند. من یکی دو مثال ساده به شما بگویم. انسان از لحاظ درک اینطور است. اگر با تمام وجود به یک نقطه متوجه باشد، متمرکز شود به یک نقطه با تمام وجود، ا
… (truncated; see saved file for full transcript)

============================================================
SUMMARY
============================================================
Input file      : 031_31- فنا شدن در غير خدا-بامجاهدت به يقين ومحبت رسيدن.mp3
Provider        : ElevenLabs Scribe (scribe_v2)
Audio duration  : 18:43 (1123.09 s)
Requests        : 1
Billed duration : 1124 s (rounded up to nearest second)
Rate            : $0.22 / audio hour
Estimated cost  : $0.068633 USD
Transcript saved: /Users/mohammadreza/IslamASR/Audios/AyatollahShojaee/Mabohas_Mozui/031/031_31- فنا شدن در غير خدا-بامجاهدت به يقين ومحبت رسيدن.txt
============================================================
