Provider: ElevenLabs Scribe (scribe_v2)
Progress file (updated after each chunk): /Users/mohammadreza/IslamASR/Audios/AyatollahShojaee/Mabohas_Mozui/007/007_7- درک آنچه از طریق وحی می رسد شعور بالاتری میخواهد که ما نداريم.partial.txt
  preparing audio (007_7- درک آنچه از طریق وحی می رسد شعور بالاتری میخواهد که ما نداريم.mp3)...
  19:41 → 1 request(s)
  progress file: /Users/mohammadreza/IslamASR/Audios/AyatollahShojaee/Mabohas_Mozui/007/007_7- درک آنچه از طریق وحی می رسد شعور بالاتری میخواهد که ما نداريم.partial.txt
  [1/1] 0:00–19:41 (6923 KB)...
      → 13255 chars: اعوذ بالله السميع العليم من الشيطان الرجيم. بسم الله الرحمن الرحيم. حالا این جا هم در اینجا در اون قسمتی که تذکر اول بگم که فراموش نشه. اگر شما این رو هم گفتنیست اینجا. اگر شما مثل…

============================================================
TRANSCRIPTION (preview)
============================================================
اعوذ بالله السميع العليم من الشيطان الرجيم. بسم الله الرحمن الرحيم. حالا این جا هم در اینجا در اون قسمتی که تذکر اول بگم که فراموش نشه. اگر شما این رو هم گفتنیست اینجا. اگر شما مثلاً از شماها کسی از ماها در طیّ صراط مستقیم خوب قدم بردارد و مجاهدت‌های صحیح و صادقانه داشته باشد، خدا این عنایت را هم دارد برای این جور آدم‌ها از اون اسراری که مربوط به احکام و دستورات است یه گوشه‌هایی که می‌کنه می‌فهماند و اون‌ها بهتر می‌فهمند که باید منتظم و متأبد باشند در تمام دستورات. چون یه خورده خدا گوش و گوش دل و چشم دل این‌ها را باز می‌کند از اون اسرار دستورات و احکام یه چیزهایی به این‌ها می‌فهماند فقط به خود اون‌ها می‌فهماند. اون‌ها هم نمی‌توانند بگن چون با لفظ و عبارت برای دیگران نمی‌شه فهماند و اون‌ها بیشتر می‌فهمند که باید منتظم و متأبد باشند. برای همین هم معروف است که اون‌هایی که غیر از عرفان نظری در عرفان عملی هم قدم برداشته‌اند و بعضی از اسرار نائل آمده‌اند به اذن الله به گوشه‌هایی البته از اسرار دستورات نائل آمده‌اند. اون‌ها در نتیجه از یک معرفت بسیار بالایی برخوردار هستند و به این شکل می‌آید معرفت اون‌ها که این‌ها می‌فهمند که در اثر مجاهدت‌ها این‌ها می‌فهمند که فلسفه یا سر احکام و دستورات را این عبور و این اخطار نمی‌توانند نائل شوند و این معروف است. به این صورت گفته می‌شه. ما دو جور ندانستن داریم. یک ندانستن که مال من و شماست. یک ندانستن است که انسان اعتراف می‌کند به اون بعد از اینکه فهمید. نمی‌دونم حرف رو خوب فهمیدید. اون عارفانی که اهل عمل هم هستند فقط عرفان نظری نیست، اون‌ها میرسند به یه جایی که می‌فهمند چیزی را می‌فهمند باید صاف متوقف باشند و این در نتیجه می‌شه که خدا گوشه‌هایی از اون اسرار را برای اون‌ها معلوم می‌کند که تا اون‌ها بفهمند چه خبر است. تا نتیجه بگیرند که نمی‌فهمند. ای خانوم فرزند کمرت را محکم نبند. اینو فکر عادی درک نمی‌کنه. یعنی چه کمرت را محکم نبندم؟ چه می‌شه من کمرم محکم ببندم؟ فکر عادی جاش نیست اینجا. عقل عادی جاش نیست. اصلاً نمی‌رسند. کار او نیست. گفتم درست مانند این است که به چشم می‌گی که بشنو به گوش می‌گی که ببین. نه این اینا نیست. توجه کنید. یا مثلاً در نماز باید وقتی عمامه می‌ذاری تحت الحنك داشته باشی تحت الحنك یعنی اینکه بیاندازه. اینو فکر عادی 
… (truncated; see saved file for full transcript)

============================================================
SUMMARY
============================================================
Input file      : 007_7- درک آنچه از طریق وحی می رسد شعور بالاتری میخواهد که ما نداريم.mp3
Provider        : ElevenLabs Scribe (scribe_v2)
Audio duration  : 19:41 (1181.41 s)
Requests        : 1
Billed duration : 1182 s (rounded up to nearest second)
Rate            : $0.22 / audio hour
Estimated cost  : $0.072197 USD
Transcript saved: /Users/mohammadreza/IslamASR/Audios/AyatollahShojaee/Mabohas_Mozui/007/007_7- درک آنچه از طریق وحی می رسد شعور بالاتری میخواهد که ما نداريم.txt
============================================================
