Provider: ElevenLabs Scribe (scribe_v2)
Progress file (updated after each chunk): /Users/mohammadreza/IslamASR/Audios/AyatollahShojaee/Mabahese_Tohidi/013/013_مباحث-توحیدی-13.partial.txt
  preparing audio (013_مباحث-توحیدی-13.mp3)...
  27:23 → 1 request(s)
  progress file: /Users/mohammadreza/IslamASR/Audios/AyatollahShojaee/Mabahese_Tohidi/013/013_مباحث-توحیدی-13.partial.txt
  [1/1] 0:00–27:23 (9629 KB)...
      → 16132 chars: بسم الله الرحمن الرحيم. قل هو الله أحد. به نام خداوند بخشایشگر مهربان. بگو خدا یکی است. [موسیقی] توحیدنامه. [موسیقی] با بیانات حضرت آیت الله محمد شجاعی. [موسیقی] مقصود از بحث توحید…

============================================================
TRANSCRIPTION (preview)
============================================================
بسم الله الرحمن الرحيم. قل هو الله أحد. به نام خداوند بخشایشگر مهربان. بگو خدا یکی است. [موسیقی] توحیدنامه. [موسیقی] با بیانات حضرت آیت الله محمد شجاعی. [موسیقی] مقصود از بحث توحید، بحث از معرفت خدای متعال، صفات خدای متعال و افعال خدای متعال، هیچ بیان دیگر به اصطلاح معرفت وحدانیت ذات مقدس حق و اینکه جز ذات او ذاتی نیست و جز صفات او صفاتی نیست و جز افعال او افعالی نیست. [موسیقی] بسم الله الرحمن الرحیم. چراغ فروزان شناخت و آگاهی در همه جنبه‌های زندگی انسان حضوری اثر بخش دارد و خاموشی این چراغ به معنای تباهی و شکست است. نداشتن شناخت انسان را در وادی تاریک تردید و دو دلی گرفتار می‌کند و جسم و جان آدمی را به فرسایش می‌کشاند. امام سجاد علیه السلام چنین معرفتی را از خداوند می‌خواهند. بار خدایا! من به سبب دانایی تو از تو خیر و نیکی درخواست می‌کنم. پس بر محمد و خاندان او درود فرست و خیر و نیکی برایم مقدر فرما و شناخت انتخاب کردن را به ما الهام فرما و آن را وسیله خوشنودی به آنچه برای ما مقدر کرده‌ای و سرفرود آوردن به آنچه حکم نموده‌ای قرار ده و ما را با یقین مخلصان تأیید و یاری فرما. دوستان قرآنی سلام. ویژه برنامه توحیدنامه را می‌شنوید از شبکه رادیویی قرآن و بهره‌مند می‌شوید از بیانات عالمانه عالم فرزانه حضرت آیت الله شجاعی. با ما همراه باشید. سبحان الله والحمد لله ولا اله الا الله والله اكبر. سبحان الله والحمد لله ولا اله الا الله والله اكبر. سبحان الله والحمد لله ولا اله الا الله والله اكبر. سبحان الله والحمد لله ولا اله الا الله والله اكبر. خب آن شنونده حضرت آیت الله شجاعی در برنامه گذشته درباره توحید اوصافی خداوند فرمودند خداوند متعال در آیه چهل و پنج سوره مبارکه کهف به پیامبر اکرم صلی الله علیه و آله و سلم خطاب می‌کند به انسان‌ها بگو این حیات که دارند با لوازم آن مانند دیدن و شنیدن و دانستن و توانستن به اینها مثال بزن. این حیات که شما دارید درست مانند آبی است که ما از آسمان می‌فرستیم و گیاهان زمین به آن آمیخته می‌شود و سپس اینها را به حالت اول یعنی خشک و پوسیده و خرد شده باز می‌گردانیم. یعنی این حیات صفت کمالی است که از تجلیات حق تابش کرده است. درست مانند آبی که خدا فرستاده که فرستاده مطلق نیست، مقطعی تابش آن ادامه دارد و وقتی ماده گیرنده آن قابلیت خود را برای قبول آن از
… (truncated; see saved file for full transcript)

============================================================
SUMMARY
============================================================
Input file      : 013_مباحث-توحیدی-13.mp3
Provider        : ElevenLabs Scribe (scribe_v2)
Audio duration  : 27:23 (1643.22 s)
Requests        : 1
Billed duration : 1644 s (rounded up to nearest second)
Rate            : $0.22 / audio hour
Estimated cost  : $0.100419 USD
Transcript saved: /Users/mohammadreza/IslamASR/Audios/AyatollahShojaee/Mabahese_Tohidi/013/013_مباحث-توحیدی-13.txt
============================================================
