Provider: ElevenLabs Scribe (scribe_v2)
Progress file (updated after each chunk): /Users/mohammadreza/IslamASR/Audios/AyatollahShojaee/Mabohas_Mozui/019/019_19- قساوت دل اهل ايمان.partial.txt
  preparing audio (019_19- قساوت دل اهل ايمان.mp3)...
  30:48 → 1 request(s)
  progress file: /Users/mohammadreza/IslamASR/Audios/AyatollahShojaee/Mabohas_Mozui/019/019_19- قساوت دل اهل ايمان.partial.txt
  [1/1] 0:00–30:48 (10827 KB)...
      → 18871 chars: اعوذ بالله من الشيطان الرجيم. بسم الله الرحمن الرحيم. أَلَمْ يَأْنِ لِلَّذِينَ آمَنُوا أَنْ تَخْشَعَ قُلُوبُهُمْ لِذِكْرِ اللَّهِ وَمَا نَزَلَ مِنَ الْحَقِّ وَلَا يَكُونُوا كَالَّذ…

============================================================
TRANSCRIPTION (preview)
============================================================
اعوذ بالله من الشيطان الرجيم. بسم الله الرحمن الرحيم. أَلَمْ يَأْنِ لِلَّذِينَ آمَنُوا أَنْ تَخْشَعَ قُلُوبُهُمْ لِذِكْرِ اللَّهِ وَمَا نَزَلَ مِنَ الْحَقِّ وَلَا يَكُونُوا كَالَّذِينَ أُوتُوا الْكِتابَ مِنْ قَبْلُ فَطَالَ عَلَيْهِمُ الْأَمَدُ فَقَسَتْ قُلُوبُهُمْ وَكَثِيرٌ مِّنْهُمْ فاسقون. این آیه که الان تلاوت کردم کأنه یه آیه است که همیشه به ما خطاب است یا همیشه به ما متوجه است. توجه داشته باشیم این آیه کأنه همیشه به من و شما متوجه. أَلَمْ يَأْنِ لِلَّذِينَ آمَنُوا أَنْ تَخْشَعَ قُلُوبُهُمْ لِذِكْرِ اللَّهِ وَمَا نَزَلَ مِنَ الْحَقِّ آیا وقت اون نرسیده است؟ این آیه را قبلاً هم در خلال صحبت‌ها، صحبت‌هایی که بنده داشتم به گوش شما خورده. حالا جاهای دیگر هم لابد دیدید، شنیدید. أَلَمْ يَأْنِ لِلَّذِينَ آمَنُوا آیا وقت آن نرسیده است برای اون‌ها که ایمان آورده‌اند؟ وقتش نرسیده است برای اون‌ها که ایمان آورده‌اند اینکه دل‌هاشون خاشع باشد در برابر خدا و یاد خدا و در برابر آنچه که خدا فرستاده است وقتش نرسیده؟ وَلَا يَكُونُوا كَالَّذِينَ أُوتُوا الْكِتَابَ مِن قَبْلُ نباشند مانند اون‌ها که قبلاً، امم قبلی که اون‌ها کتاب فرستادیم. فَطَالَ عَلَيْهِمُ الْأَمَدُ روزگاری گذشت فَقَسَتْ قُلُوبُهُمْ دل‌هاشون قاسی شد وَكَثِيرٌ مِّنْهُمْ فاسقون اکثرشون به فسق کشیده شدند. مانند اون‌ها نباشند. وقت آن نرسیده است که دل‌ها خاشع باشد؟ همین مفهوم یادتون باشد. این آیه است که همیشه متوجه من و شماست. در هول و هوش همین آیه شریفه من می‌خواستم به یکی از مشکل‌ها که من و شما داریم در عین حال یکی از حقایق قرآن و روایات هم هست. روایات البته در شرف تفسیر قرآن. اشاره می‌کنم به اون مسئله قساوت قلب است. من در این باب که مشکل اصلی من و شماست صحبت‌ها و جملاتی عرض می‌کنم. قساوت دل چیست؟ خشوع دل چیست در برابر قساوت؟ این آیه که تلاوت کردم ترجمه اش را عرض کردم. آیه در حقیقت ملامت می‌کند دل‌های قاسی بعضی از مؤمنان را یا جمعی از مؤمنان را که من و شما هم از مصادیقش هستیم و اکثر از مصادیق این آیه. دل‌های قاسی را محکوم می‌کند. دل‌های دارای قسوت را ملامت می‌کند که چرا این دل‌ها به قساوت کشیده شده‌اند؟ چرا قساوت اون‌ها را گرفته است؟ چرا این دل‌ها خاشع نمی‌شوند در برابر خدا و یاد خدا و آیاتی که خدا فرستاده است؟ چرا دل
… (truncated; see saved file for full transcript)

============================================================
SUMMARY
============================================================
Input file      : 019_19- قساوت دل اهل ايمان.mp3
Provider        : ElevenLabs Scribe (scribe_v2)
Audio duration  : 30:48 (1847.77 s)
Requests        : 1
Billed duration : 1848 s (rounded up to nearest second)
Rate            : $0.22 / audio hour
Estimated cost  : $0.112919 USD
Transcript saved: /Users/mohammadreza/IslamASR/Audios/AyatollahShojaee/Mabohas_Mozui/019/019_19- قساوت دل اهل ايمان.txt
============================================================
