Provider: ElevenLabs Scribe (scribe_v2)
Progress file (updated after each chunk): /Users/mohammadreza/IslamASR/Audios/AyatollahShojaee/Mabohas_Mozui/055/055_55- محبت و خوف خدا3.partial.txt
  preparing audio (055_55- محبت و خوف خدا3.mp3)...
  21:58 → 1 request(s)
  progress file: /Users/mohammadreza/IslamASR/Audios/AyatollahShojaee/Mabohas_Mozui/055/055_55- محبت و خوف خدا3.partial.txt
  [1/1] 0:00–21:58 (7722 KB)...
      → 13750 chars: اعوذ بالله السميع العليم من الشيطان الرجيم. بسم الله الرحمن الرحيم. مسئله منازل عبودیت کلاً از جمله محبت، منزل محبت، منزل حب و هر منزل دیگری را در عبودیت شما اسمش را شنیده باشید ما…

============================================================
TRANSCRIPTION (preview)
============================================================
اعوذ بالله السميع العليم من الشيطان الرجيم. بسم الله الرحمن الرحيم. مسئله منازل عبودیت کلاً از جمله محبت، منزل محبت، منزل حب و هر منزل دیگری را در عبودیت شما اسمش را شنیده باشید مانند منزل یقین، منزل توکل، منزل اخلاص، منزل اشفاق، منزل تقوا. این آخر بگم. کلاً منازل عبودیت همه توجه کردی که از عبودیت است با تجلیات با اسماء متناسب در موقعی که استعداد لازم به دست آمده است و به منازل عبودیت رسیدن بر اثر تجلیات خدا با اسماء متناسب است. اما با داشتن استعداد آن تجلی‌ها. این طور نیست که همین طور به حساب بی‌حساب و کتاب باشد. حالا آیه‌ای را که خواندم بعد از این همه توضیح می‌شود آیه را معنا کرد. بَلَى مَنْ أَوْفَى بِعَهْدِهِ وَاتَّقَى فَإِنَّ اللَّهَ يُحِبُّ الْمُتَّقِينَ. بله کسی که به عهد الست وفا کند. هر کسی که در عبودیت قدم به قدم پیش برود این وفا به عهد چه کرده است؟ به عهد الست و عهد ذرت میثاق کرده است. بَلَى مَنْ أَوْفَى بِعَهْدِهِ کسی که به عهد خود که با خدا دارد وفا کند وَاتَّقَى راه تقوا در پیش بگیرد فَإِنَّ اللَّهَ يُحِبُّ الْمُتَّقِينَ. خدا اینها را چی می‌کند؟ اینها را دوست می‌دارد. دوست می‌دارد. این را توجه داشته باشید یعنی به سوی خودش جذب می‌کند. دوست داشتن خدا جذب کردن است. یعنی تجلی می‌کند با اسمایی که آنها را به سوی خودش، به سوی خودش جذب می‌کند و اینها در خود حالت محبت و جذبه را می‌بینند. بَلَى مَنْ أَوْفَى بِعَهْدِهِ وَاتَّقَى فَإِنَّ اللَّهَ يُحِبُّ الْمُتَّقِينَ. اینجا این نکته را هم اضافه بکنم که در آیات قرآن در جاهای مختلفی کلمه‌ی يُحِبُّ إِنَّ اللَّهَ يُحِبُّ آمده است. مثلاً إِنَّ اللَّهَ اینجا که بود إِنَّ اللَّهَ يُحِبُّ الْمُتَّقِينَ. جایی هست إِنَّ اللَّهَ يُحِبُّ الصَّابِرِينَ. هست إِنَّ اللَّهَ يُحِبُّ الْمُحْسِنِينَ. إِنَّ اللَّهَ يُحِبُّ الْمُحْسِنِينَ. إِنَّ اللَّهَ يُحِبُّ الْمُتَطَهِّرِينَ. در حالی که مرتب تداعی می‌کنند از اونچه که باید پاک بکنند، پاک می‌کنند. إِنَّ اللَّهَ يُحِبُّ الَّذِينَ يُقَاتِلُونَ فِي سَبِيلِهِ صَفًّا كَأَنَّهُمْ بُنْيَانٌ مَرْصُوصٌ. دقت می‌کنید؟ يَا أَيُّهَا الَّذِينَ آمَنُوا مَنْ يَرْتَدَّ مِنْكُمْ فَسَوْفَ يَأْتِي اللَّهُ بِقَوْمٍ يُحِبُّهُمْ وَيُحِبُّونَهُ أَذِلَّةٍ عَلَى الْمُؤْمِنِينَ أَعِزَّةٍ عَلَى الْكَافِرِينَ. خ
… (truncated; see saved file for full transcript)

============================================================
SUMMARY
============================================================
Input file      : 055_55- محبت و خوف خدا3.mp3
Provider        : ElevenLabs Scribe (scribe_v2)
Audio duration  : 21:58 (1317.74 s)
Requests        : 1
Billed duration : 1318 s (rounded up to nearest second)
Rate            : $0.22 / audio hour
Estimated cost  : $0.080529 USD
Transcript saved: /Users/mohammadreza/IslamASR/Audios/AyatollahShojaee/Mabohas_Mozui/055/055_55- محبت و خوف خدا3.txt
============================================================
