Provider: ElevenLabs Scribe (scribe_v2)
Progress file (updated after each chunk): /Users/mohammadreza/IslamASR/Audios/AyatollahShojaee/CheraghHedayat/019/019_درخصوص حضرت اباعبدالله (ع) (چراغ هدایت) 19_.partial.txt
  preparing audio (019_درخصوص حضرت اباعبدالله (ع) (چراغ هدایت) 19_.mp3)...
  21:04 → 1 request(s)
  progress file: /Users/mohammadreza/IslamASR/Audios/AyatollahShojaee/CheraghHedayat/019/019_درخصوص حضرت اباعبدالله (ع) (چراغ هدایت) 19_.partial.txt
  [1/1] 0:00–21:04 (7407 KB)...
      → 11328 chars: حسین، حسین، حسین، حسین. حسین، حسین، حسین، حسین. شهید کربلای حسین. حسین، حسین، حسین، حسین. غریب بن اله نوا حسین. حسین، حسین، حسین- السلام علیک یا أبا عبدالله الحسین- حسین، حسین- وعل…

============================================================
TRANSCRIPTION (preview)
============================================================
حسین، حسین، حسین، حسین. حسین، حسین، حسین، حسین. شهید کربلای حسین. حسین، حسین، حسین، حسین. غریب بن اله نوا حسین. حسین، حسین، حسین- السلام علیک یا أبا عبدالله الحسین- حسین، حسین- وعلی الأرواح التي حلت بفنائک- حسین، حسین، حسین، حسین. غریب بن اله نوا حسین. حسین، حسین- چراغ هدایت چراغ مصباح هدایت تویی. چراغ مصباح هدایت تویی. سفینه‌ای غرق در آبیم کند. سفینه‌ای غرق در آبیم کند. بسم الله الرحمن الرحیم. و خبر رب الحسین علیه السلام الذي قتل معصوما. بسم الله الرحمن الرحیم. یَا أَيَّتُهَا النَّفْسُ الْمُطْمَئِنَّةُ [مکث] ارْجِعِي إِلَىٰ رَبِّكِ رَاضِيَةً مَرْضِيَّةً. الله. سلام بر حسین و بر یاران حسین و سلام بر شما دوستداران و معتقدین به راه حسین علیه السلام. نوزدهمین برنامه چراغ هدایت را می‌شنوید. در این برنامه ادامه صحبت‌های استاد فرزانه حضرت آیت الله محمد شجاعی را در باب شخصیت حضرت سید الشهدا علیه السلام و برخی یاران آن بزرگوار می‌شنوید. در برنامه قبل استاد به دو شخصیت بزرگوار از اصحاب حضرت اشاره کردند که یکی حبیب بن مظاهر و دیگری حر بن یزید ریاحی است. ایشان توضیح دادند که حر چگونه راه را بر حضرت سید الشهدا علیه السلام بست و در عین اینکه به ظاهر به سوی جهنم در حرکت است، چگونه به سوی جنت روانه شد؟ و اسراری در این بین وجود دارد که از این شخصیت چهره جاودانه دیگری ساخت. ادامه بحث استاد را در باب شخصیت حر در این برنامه خواهید شنید. در ادامه استاد پرده از باطن شخصیت دیگری برمی‌دارد که جنت به او رو یاورد اما قابلیت نداشت. بشنوید. بسم الله الرحمن الرحیم. أشهد أن لا إله إلا الله رب العالمين وصلى الله على محمد وآله الطاهرين. ان وقت- خودش هم آمده اقرار هم کرده. آمد پیش حسین علیه السلام گفت که أنا صاحب. من آن دوست شما هستم اینطور گفت سلام داد گفت یا حسین من آن کسی هستم که نگذاشتم شما برگردید. چه کردم؟ چه کردم؟ اینها را شمرد و جمع شما را آوردم در اینجا و شما را در اینجا هم محصور کردم در این بیابان بیابان و اینجورم که دیگه جمع، جمعیت زیادی آمده بودند و محاصره شده بود و دیگه بنای محاصره بود دقیقا روز عاشورا بود. بعد گفت که اما من نمی‌دانستم این چنین همه اش با شما رفتار می‌کنند. من فکر نمی‌کردم که این چنین باشد این مردم چنین می‌کنند و فکر می‌کردم مطلب شما را قبول می‌کنند. در عین حال و الا ن
… (truncated; see saved file for full transcript)

============================================================
SUMMARY
============================================================
Input file      : 019_درخصوص حضرت اباعبدالله (ع) (چراغ هدایت) 19_.mp3
Provider        : ElevenLabs Scribe (scribe_v2)
Audio duration  : 21:04 (1264.14 s)
Requests        : 1
Billed duration : 1265 s (rounded up to nearest second)
Rate            : $0.22 / audio hour
Estimated cost  : $0.077253 USD
Transcript saved: /Users/mohammadreza/IslamASR/Audios/AyatollahShojaee/CheraghHedayat/019/019_درخصوص حضرت اباعبدالله (ع) (چراغ هدایت) 19_.txt
============================================================
