Provider: ElevenLabs Scribe (scribe_v2)
Progress file (updated after each chunk): Audios/AyatollahShojaee/Tazkiyeh/030/030_ناصح-بودن-1.partial.txt
  preparing audio (030_ناصح-بودن-1.mp3)...
  25:17 → 1 request(s)
  progress file: Audios/AyatollahShojaee/Tazkiyeh/030/030_ناصح-بودن-1.partial.txt
  [1/1] 0:00–25:17 (8890 KB)...
      → 16327 chars: اعوذ بالله السميع العليم من الشيطان الرجيم. بسم الله الرحمن الرحيم. از جلوات و ظهورات هوا در وجود انسان بحث می‌کردیم که به یکی از ظهورات هوا در جلسه گذشته پرداختیم که همان حسد نامی…

============================================================
TRANSCRIPTION (preview)
============================================================
اعوذ بالله السميع العليم من الشيطان الرجيم. بسم الله الرحمن الرحيم. از جلوات و ظهورات هوا در وجود انسان بحث می‌کردیم که به یکی از ظهورات هوا در جلسه گذشته پرداختیم که همان حسد نامیده می‌شود. حسد را تا حدودی توضیح دادیم که چگونه از جلوات و ظهورات هوا در وجود انسان است، هوای مهلک و برای یک سالک الی الله در مقام سلوک از جمله‌ی مهلکات است منتها شاخه‌ای از هواست، ظهوری از هواست و جلوه‌ای از هواست. مسئله حسد را تا حدودی که معنی حسد چیست و اقسام انواع حسد به چه صورتیست توضیح دادیم. البته عرض کردم انواعی که برای حسد گفتیم یا صورتی که برای حسد توضیح دادیم اینها در حقیقت اون صور بارز و روشن و کلی حسد بود. ریزه کاری‌ها و صورت‌های مختلف و مراتب دقیق و رقیقی که برای حسد هست اینها در بیان با گفتن تمام نمی‌شود و احیاناً به بیان هم نمی‌آید. جزئیاتی است که سالک الی الله در مقام سلوک اگر موفق باشد به خوبی می‌فهمد که چیست. یعنی جزئیات مسئله، مسئله یافتنی است نه گفتنی. در آخر جلسه گذشته عرض کردم که بعد از اینکه روشن شد برای ما حسد چیست و از جمله‌ی ظهورات هواست و سالک باید از این مسئله اجتناب بکند. در آخر نظرتون هست عرض کردم که اینجا باید مجاهدت داشته باشد سالک و با مجاهدت‌ها خودش را از این صفت مهلک در طریق نجات بدهد. به گوشه‌ای از مجاهدت‌ها یعنی نحوه مجاهدت اشاره کردم به گوشه‌هایی. یکی دو گوشه از نحوه مجاهدت یک سالک در مقام مقابله با حسد اشاره کردم و بعد گفتم که نه تنها سالک باید خودش را از حسد نجات بدهد، باید تا جایی که خودش را از حسد تطهیر بکند و بالاتر برود که با یک صفت دیگر و یا با یک فضیلت دیگر که به کلی با اتصاف با اون فضیلت حسد در وجود انسان ریشه‌کن می‌شود، متصف باشد. یعنی جهاد یک سالک یا مجاهدت یک سالک با صفت خصلت در وجود خودش تنها در این نقطه متوقف نمی‌شود که حسد نداشته باشد. باید بالاتر برود با نفی حسد، با صفت مقابل حسد، با کمال و فضیلتی که خودش کمال است، فضیلت است نیز متصف بشود. و بعد اینو که در آخر جلسه گفتم توضیحش موند برای همین جلسه. حالا در این جلسه انشاالله من به شرح این مسئله که فرمود به شرحش می‌پردازیم و ببینیم که مجاهدت سالک در مقام نفی حسد به عنوان یک صفت مهلک در طریق الی الله باید در چه حدی باشد و باید به کدام صفت متصف باشد؟ اینها را توضیح می‌دهم. حالا قبل از اینکه
… (truncated; see saved file for full transcript)

============================================================
SUMMARY
============================================================
Input file      : 030_ناصح-بودن-1.mp3
Provider        : ElevenLabs Scribe (scribe_v2)
Audio duration  : 25:17 (1517.11 s)
Requests        : 1
Billed duration : 1518 s (rounded up to nearest second)
Rate            : $0.22 / audio hour
Estimated cost  : $0.092712 USD
Transcript saved: Audios/AyatollahShojaee/Tazkiyeh/030/030_ناصح-بودن-1.txt
============================================================
