Provider: ElevenLabs Scribe (scribe_v2)
Progress file (updated after each chunk): Audios/AyatollahShojaee/Tazkiyeh/031/031_ناصح-بودن-2.partial.txt
  preparing audio (031_ناصح-بودن-2.mp3)...
  31:10 → 1 request(s)
  progress file: Audios/AyatollahShojaee/Tazkiyeh/031/031_ناصح-بودن-2.partial.txt
  [1/1] 0:00–31:10 (10959 KB)...
      → 21208 chars: اعوذ بالله السميع العليم من الشيطان الرجيم. بسم الله الرحمن الرحيم. از جلوات و ظهورات هوا در وجود انسان بحث می‌کردیم که به یکی از ظهورات هوا در جلسه گذشته پرداختیم که همون حسد نامی…

============================================================
TRANSCRIPTION (preview)
============================================================
اعوذ بالله السميع العليم من الشيطان الرجيم. بسم الله الرحمن الرحيم. از جلوات و ظهورات هوا در وجود انسان بحث می‌کردیم که به یکی از ظهورات هوا در جلسه گذشته پرداختیم که همون حسد نامیده می‌شود. حسد را تا حدودی توضیح دادیم که چگونه از جلوات و ظهورات هوا در وجود انسان است. هوای مهلک و برای یک سالک الی الله در مقام سلوک از جمله مهلکات است منتها شاخه‌ای از هواست، ظهوری از هواست و جلوه‌ای از هواست. مسئله حسد را تا حدودی که معنی حسد چیست و اقسام انواع حسد به چه صورتیست توضیح دادیم. البته عرض کردم انواع که برای حسد گفتیم یا sur که برای حسد توضیح دادیم اینها در حقیقت اون sur بارز و روشن و کلی حسد بود. ریزه‌کاری‌ها و صورت‌های مختلف و مراتب دقیق و رقیقی که برای حسد هست، اینها در بیان با گفتن تمام نمی‌شود و احیاناً به بیان هم نمی‌آید. جزئیاتی است که سالک الی الله در مقام سلوک اگر موفق باشد به خوبی می‌فهمد که چیست. یعنی جزئیات مسئله، مسئله یافتنی است نه گفتنی. متوجه باشیم که سالک نه تنها باید از حسد پرهیز بکند، باید صفت نصیحت را به اصطلاح روایت به اون شرحی که گفتم هم دارا باشد. اگر انسان به این مرحله برسد که خیر همه را، خوبی همه را حتی رقبا را بخواهد، در اینجا خیلی قدم به سوی حق برداشته. حالا شما اگر یه وقتی اهل عمل بودید که انشاالله می‌شوید به اسرار اینها در مقام عمل و در مقام تجربه به خوبی متوجه می‌شوید. اینجا حالا گفتم اسراری که نمی‌شود گفت یا نباید گفت یا به لفظ نمی‌آید که انسان بگوید اونها مسائل دیگر است. در همین موضوع چقدر اسرار نهفته است که چه می‌شود از اون راه‌هایی که انسان بهتر می‌تواند نزدیک شود به خدا یکیش هم این است. همین حالتی که توضیحش رو دادم، همین صفت نصیحت به یک نظر آنچنان اسرارآمیز است این هیچ‌کس از هیچ راهی مانند این راه در سلوکش پیش نمی‌رود. توجه کردید؟ هیچ‌کس در سلوکش از هیچ راهی مانند این راه که این خصلت را بتواند در وجود خودش پیاده بکند، به خدا نزدیک‌تر نمی‌شود. سرش چیست؟ شما اگر اهل ذوق بودید خودتان به ذوق شما چیزهایی میاد، چیزهایی می‌فهمید. سرش چیست؟ اما همینقدر این یکی از راه‌های نزدیک‌تر و یکی از اعمال مقرب به ذات مقدس حق است و سالکین از این راه خیلی پیش می‌روند. خیلی‌ها من دیدم که بعضی‌ها در خصوص حالات بعضی از سالکین موفق در همین باب تعجب‌ها می‌کنند. تع
… (truncated; see saved file for full transcript)

============================================================
SUMMARY
============================================================
Input file      : 031_ناصح-بودن-2.mp3
Provider        : ElevenLabs Scribe (scribe_v2)
Audio duration  : 31:10 (1870.24 s)
Requests        : 1
Billed duration : 1871 s (rounded up to nearest second)
Rate            : $0.22 / audio hour
Estimated cost  : $0.114292 USD
Transcript saved: Audios/AyatollahShojaee/Tazkiyeh/031/031_ناصح-بودن-2.txt
============================================================
