Provider: ElevenLabs Scribe (scribe_v2)
Progress file (updated after each chunk): Audios/AyatollahShojaee/Tazkiyeh/049/049_دروغ واقسام آن _ بحث تزکیه.partial.txt
  preparing audio (049_دروغ واقسام آن _ بحث تزکیه.mp3)...
  40:55 → 1 request(s)
  progress file: Audios/AyatollahShojaee/Tazkiyeh/049/049_دروغ واقسام آن _ بحث تزکیه.partial.txt
  [1/1] 0:00–40:55 (14384 KB)...
      → 25562 chars: بسم الله الرحمن الرحیم. دقت داشته باشید ما در جرعات هوا غسل می‌کنیم. کسی که می‌خواد با هوا مبارزه بکند در مقام مراقبه باید با جلوه هوای نفس در مـ- مظهر دروغگویی در وجودش چه می‌کنه؟…

============================================================
TRANSCRIPTION (preview)
============================================================
بسم الله الرحمن الرحیم. دقت داشته باشید ما در جرعات هوا غسل می‌کنیم. کسی که می‌خواد با هوا مبارزه بکند در مقام مراقبه باید با جلوه هوای نفس در مـ- مظهر دروغگویی در وجودش چه می‌کنه؟ مقابله بکنه. حتی اونجا که با شوخی خیلی جزئی دروغ می‌گید این جلوه هواست. اصلاً نمی‌شود هوا نباشد انسان دروغ بگوید. اقسام دروغ را می‌رسیم در اینجا. به اینجاهاش خوب ایشالله تأمل بفرمایید. قسم اول از دروغ که مهلک است همین بود که الان توضیح دادم، دروغ معمولی. یعنی انسان به زبان چیزی بگوید در رابطه با مسائل غیر عبودی و خلاف آنچه که هست را بگوید ولی جزئی باشد. این دروغ یک قسمش است. قسم دوم از دروغ، دروغ در مقام نیت و اراده است. اینجا هست که باید که ما متوجه باشیم که ممکنه شما از اون قسم اول و ما، من، شما از اون قسم اول که ما که اینطور هم هستیم‌ها، از اون قسم اول دروغ خودمون را حس بکنیم، مراقبت بکنیم به عنوان یک مهلک است، یک حرام است. مثلاً به سلوک هم تا حدودی پرداخته‌ایم، به خودمون می‌رسیم و این دروغ معمولی را ترک می‌کنیم. یعنی حتی‌المقدور سعی می‌کنیم چیزی را خلاف آنطور که بوده نگیم، ولو شوخی باشد. اما توجه نداشته باشیم. این یک قسم خیلی جزئی از دروغ است. دروغ‌های خیلی مهمی است که به اون‌ها مبتلا باشیم. اصلا توجه نداشته باشیم که اون‌ها هم دروغ است. کذب و دروغ در این مسئله خلاصه نمی‌شود. از جمله در مقام اراده و نیت. اراده یا نیت فرقی نمی‌کند. در مقام اراده و نیت یک دروغ در مقام اراده و نیت داریم. یعنی انسان ممکنه در عباداتش مبتلا در نیتش، در اراده‌اش مبتلای به دروغ باشد. دروغگویی در نیت باشد نه دروغگویی در زبان، در زبان. کاذب در اراده باشد. به کذب در مقام اراده و نیت مبتلا باشد. عبادتی، ذکری، یادی، عبادتی که اطاعتی که از خدا می‌کند در مقام نیت تنها خدا منظورش نباشد. خدا منفرداً منظورش نباشد. نیت تنها خدا نیست. این که می‌گوید که من نماز می‌خوانم برای خدا، این کار را می‌کنم برای خدا، نیتش برای خداست. اگر در این نیت برای خدایش غیر خدایی باشد در نیت این دروغگو است یا دروغگو نیست؟ در مقام نیت چیه؟ مبتلای به دروغ است. این کذب در مقام نیت است که باید از او سعی شود. البته این همون چیزی‌ست که نامش را می‌گوییم ریا. ریا ریه. کسی که در نیتش غیر خدا مطرح شد به درجات مختلف، به اشکال مختلف این به ریا مبتلاست. غی
… (truncated; see saved file for full transcript)

============================================================
SUMMARY
============================================================
Input file      : 049_دروغ واقسام آن _ بحث تزکیه.mp3
Provider        : ElevenLabs Scribe (scribe_v2)
Audio duration  : 40:55 (2454.80 s)
Requests        : 1
Billed duration : 2455 s (rounded up to nearest second)
Rate            : $0.22 / audio hour
Estimated cost  : $0.150016 USD
Transcript saved: Audios/AyatollahShojaee/Tazkiyeh/049/049_دروغ واقسام آن _ بحث تزکیه.txt
============================================================
