Provider: ElevenLabs Scribe (scribe_v2)
Progress file (updated after each chunk): Audios/AyatollahShojaee/Tazkiyeh/063/063_غرور3 _ بحث تزکیه.partial.txt
  preparing audio (063_غرور3 _ بحث تزکیه.mp3)...
  44:29 → 1 request(s)
  progress file: Audios/AyatollahShojaee/Tazkiyeh/063/063_غرور3 _ بحث تزکیه.partial.txt
  [1/1] 0:00–44:29 (15637 KB)...
      → 30847 chars: اعوذ بالله السميع العليم من الشيطان الرجيم. بسم الله الرحمن الرحيم. در جلسه گذشته به یکی دیگر از مهلکات که در اصطلاح قرآن و روایات و علما اخلاق به نام غرور و اغترار نامیده می‌شود ا…

============================================================
TRANSCRIPTION (preview)
============================================================
اعوذ بالله السميع العليم من الشيطان الرجيم. بسم الله الرحمن الرحيم. در جلسه گذشته به یکی دیگر از مهلکات که در اصطلاح قرآن و روایات و علما اخلاق به نام غرور و اغترار نامیده می‌شود اشاره کردیم. تا حدودی مسئله غرور چیست و به ابعاد غرور تا حدودی اشاره شد و بنا شد که برای بیشتر روشن شدن این مسئله که از مهلکات است و خیلی مسائل دارد، در این جلسه هم به اصناف مغرورین یا مخترین، اصنافی که از آیات و روایات استفاده می‌شود و علما اخلاق ذکر کرده‌اند به اجمال اشاره بکنیم تا روشن‌تر بشه مسئله. معنی غرور اصل معنی کلیش اولا باز تجارا عرض کنم در نظرمون باشد. این از این بود که انسان به وضعی که در از نظر عبودی دارد به وضعی که در این حیات دنیا دارد، وضع خودش یعنی بدون اینکه خودش توجه داشته باشد بر اساس مقتضیات هوا و مقتضیات طبع دنیوی و نفسانی به وضع خودش مطمئن باشد و فکر بکند که وضعی که دارد وضع مطلوب است، خوش باشد، مطمئن باشد، سکون داشته باشد، آرامش داشته باشد. این تعریف کلی غرور است. حالا اصناف مغرورین همه به نوعی که الان یه خرده توضیح خواهیم داد به این مرض یا به این گرفتاری و مهلک گرفتار هستند. هر کسی در هر مرتبه‌ای از عبودیت و در هر منزلتی از عبودیت باشد به اون وضع موجود خودش در مقام عبودیت اگر سکون و آرامش داشته باشد به این معنا که عبودیت انجام می‌دهد، حق عبودیت را، حالا حق کلمه هم نیاریم، عبودیت را ادا می‌کند، همین قدر خشیت نداشته باشد، نترسد، این مغرور است. در هر منزلتی باشد، ولو منزلتش فعلاً خیلی منزلت بالا باشد. اما این معنا براش پیدا شد از مخترین است. خب حالا این تعریف غرور بود در کل که از مهلکات است و از اون مهلکات اعظم هم هست. در این جلسه به اصناف مغرورین که گفتم از آیات و روایات استفاده کرده‌اند و علما اخلاق ذکر کرده‌اند به اجمال اشاره می‌کنیم. مرحله اول، دسته اول از مغرورین، از مخترین خب کفارند. البته در بعضی از طبقات مغرورین من صحبت طولانی نخواهم کرد که زیاد برای ما مقتضی الحمدالله نیست. دسته اول یا فرقه اول، طایفه اول از مخترین، مغرورین، کفار هستند، مشرکین هستند. این‌ها دسته اول‌اند که مختر هستند، مغرور هستند، حیات دنیا با توضیحاتی که هفته گذشته و قبلاً هم عرض کرده بودم، حیات دنیا به اون معنا، حیات دنیا این‌ها را مغرور می‌کند و شیطان هم در پشت پرده یا بی پرده این‌ها را مغ
… (truncated; see saved file for full transcript)

============================================================
SUMMARY
============================================================
Input file      : 063_غرور3 _ بحث تزکیه.mp3
Provider        : ElevenLabs Scribe (scribe_v2)
Audio duration  : 44:29 (2668.64 s)
Requests        : 1
Billed duration : 2669 s (rounded up to nearest second)
Rate            : $0.22 / audio hour
Estimated cost  : $0.163084 USD
Transcript saved: Audios/AyatollahShojaee/Tazkiyeh/063/063_غرور3 _ بحث تزکیه.txt
============================================================
