Provider: ElevenLabs Scribe (scribe_v2)
Progress file (updated after each chunk): Audios/AyatollahShojaee/Tazkiyeh/056/056_مبحث اخلاص 1 _ بحث تزکیه.partial.txt
  preparing audio (056_مبحث اخلاص 1 _ بحث تزکیه.mp3)...
  23:37 → 1 request(s)
  progress file: Audios/AyatollahShojaee/Tazkiyeh/056/056_مبحث اخلاص 1 _ بحث تزکیه.partial.txt
  [1/1] 0:00–23:37 (8303 KB)...
      → 15608 chars: بسم الله الرحمن الرحیم. اولا به صورت کلی و به طور کلی در آیات قرآن به مسئله اخلاص اشاره شده و روی اخلاص تأکید شده، این هیچ شکی نیست. شما در قرآن وقتی به آیات قرآن دقت می‌کنید در مو…

============================================================
TRANSCRIPTION (preview)
============================================================
بسم الله الرحمن الرحیم. اولا به صورت کلی و به طور کلی در آیات قرآن به مسئله اخلاص اشاره شده و روی اخلاص تأکید شده، این هیچ شکی نیست. شما در قرآن وقتی به آیات قرآن دقت می‌کنید در موارد مختلف با لحن‌های مختلف به مسئله اخلاص در عبودیت خدای متعال تأکید می‌فرماید. حالا من به چند آیه اشاره می‌کنم به عنوان نمونه البته. آیه پنج سوره بیّنه به این صورت است: و ما امروا إلا ليعبدوا الله مخلصين له الدين حنفاء و يقيموا الصلاة و يؤتوا الزكاة و ذلك الدين القيم. انسان‌ها امر نشده‌اند مگر اینکه خدا را با اخلاص عبادت کنند. ليعبدوا الله مخلصين له الدين امر نشده‌اند مگر به عبودیت، اون هم به صورت اخلاص. مخلصين در حالی که مخلص باشند در دین و روش عبودی‌شون. حنفاء حنیف باشند یعنی بی‌شرک همان اخلاص. و يقيموا الصلاة و يؤتوا الزكاة و ذلك الدين القيم نماز را زنده دارند و زکات را بدهند. ذلك الدين القيم و این دین همان قيم است. ترجمه ساده‌اش را عرض می‌کنم. البته خود شما یک وقت، یک وقتی خاصی در آیه تدبر بفرمایید و اشارات آیه را هرچی تدبر بکنید هی اشارات‌ها به دنبال خودش میاد. من فقط ترجمه ساده را عرض می‌کنم. هو الحي لا اله إلا هو زنده است. الهی جز او نیست. فاعبده مخلصين له الدين او را بخواهید، بخوانید، بخواهید. اما در حالتی که مخلصين له الدين روش شما، دین شما، حرکت شما خالص باید برای او باشد. الحمد لله رب العالمين. در یازده زمر این آیه هست که می‌خوانیم. قل اني امرت ان اعبد الله مخلصا له الدين به رسول اکرم صلوات الله علیه خطاب می‌کنند بگو من امر شده‌ام خدا را عبادت بکنم اما مخلصا له الدين در حالتی که این عبادتم و دینم خالص برای او باشد. حالا این سه مورد را به عنوان نمونه عرض کردم. از این سه موردی که به عنوان نمونه گفتم به خوبی برمی‌آد که آنچه که انسان مامور است، از انسان خواسته شده است، انسان را به مقصد می‌رساند. به هر بیان گفتیم، گفتیم فقط عبادت خالصانه است، مخلصانه است. حرکت فقط برای این باشد که او را می‌خواهیم و رضوان او را. همین کلمه را شما فراموش نکنید. بعدها خودتون هرچی می‌توانید روش فکر بکنید. گفتم خود شما فکر بکنید خواهید فهمید که اگر انسان بخواهد عبادت و حرکتش فقط برای او باشد، برای خواستن او که خیلی معنی پیدا می‌کند در ذهن انسان. از اونجاها سر در می‌آورد که اگر انسان حتی عبادتش برای راحتی 
… (truncated; see saved file for full transcript)

============================================================
SUMMARY
============================================================
Input file      : 056_مبحث اخلاص 1 _ بحث تزکیه.mp3
Provider        : ElevenLabs Scribe (scribe_v2)
Audio duration  : 23:37 (1417.03 s)
Requests        : 1
Billed duration : 1418 s (rounded up to nearest second)
Rate            : $0.22 / audio hour
Estimated cost  : $0.086596 USD
Transcript saved: Audios/AyatollahShojaee/Tazkiyeh/056/056_مبحث اخلاص 1 _ بحث تزکیه.txt
============================================================
