Provider: ElevenLabs Scribe (scribe_v2)
Progress file (updated after each chunk): Audios/AyatollahShojaee/Tazkiyeh/017/017_مراقبه، ذکر ،جذبه _ بحث تزکیه.partial.txt
  preparing audio (017_مراقبه، ذکر ،جذبه _ بحث تزکیه.mp3)...
  23:29 → 1 request(s)
  progress file: Audios/AyatollahShojaee/Tazkiyeh/017/017_مراقبه، ذکر ،جذبه _ بحث تزکیه.partial.txt
  [1/1] 0:00–23:29 (8258 KB)...
      → 13382 chars: اعوذ بالله السميع العليم من الشيطان الرجيم. بسم الله الرحمن الرحيم. در جلسه گذشته در خصوص مسئله ذکر بحث کردیم. البته اصل موضوع بحث، موضوع مراقبه است. عرض شد که یکی از مسائلی که در …

============================================================
TRANSCRIPTION (preview)
============================================================
اعوذ بالله السميع العليم من الشيطان الرجيم. بسم الله الرحمن الرحيم. در جلسه گذشته در خصوص مسئله ذکر بحث کردیم. البته اصل موضوع بحث، موضوع مراقبه است. عرض شد که یکی از مسائلی که در مراقبه خیلی مهم است و برای مراقب مسئله مهمی است که مشکل هم هست، دوام ذکر است. کسی که شروع کرد به طلب و مراقبت را شروع کرد، زیاد مسائل هست. از مسائل مهم یکی مسئله ذکر و دوام ذکر یا ادامه ذکر بود که در جلسه گذشته با مقدمات خاصی که نظر کن هست شرح شد که انسان باید مراقب دوام ذکر باشد و از غفلت اجتناب کند و توضیح داده شد که منظور از دوام ذکر و ذکر دائم و اجتناب از غفلت همان ذکر خفی یا ذکر قلبی است. معمولا ما میگیم ذکر قلبی بعضی‌ها ذکر خفی میگن فرقی نمی‌کند. مسئله این است که انسان دائماً در حال یاد و طلب باشد. با شرایطی که گفتیم ذکر دارای مراتب است. مرتبه اول یا مرحله اول ذکر که چندان موثر نیست و در باب سلوک چندان روش حساب نمی‌شود، ذکر لفظی بود با غفلت قلبی و مرتبه دوم ذکر قلبی است. اگرچه با ذکر لفظی هم بود که چه بهتر و اگر هم نبود مهم همان ذکر و یاد و طلب و انقطاع قلبی است. مرتبه دوم مرحله سوم ذکر مرحله‌ای است که مرحله کامل‌تر ذکر است که انسان از ذکر خود منتقل می‌شود با ادامه ذکر. یعنی وقتی که به همان ذکر دائم که کار خود انسان است و انسان سعی می‌کند همیشه به یاد خدا باشد و غفلت از خدا نکند و اجتناب از غفلت می‌کند، در این راه جدیت و تلاشش را که می‌کند که مداوم یاد خدا باشد و على الاتصال به یاد و طلب او باشد و قلبش را به خدا انس بده. این تلاش را که انسان می‌کند که وظیفه‌اش هم هست، یک سالک ابتدایی یواش یواش به خودی خود خدا هدایت می‌کند به مرحله دیگری از ذکر. این نتیجه ذکر مرحله قبل است. یعنی مرحله سوم نتیجه مرحله دوم و اول است. اگر کسی در طلب جدی باشد، اگر کسی سالک باشد، اگر کسی اهل درد باشد یعنی خود انسان قبول کند که دردی دارد. خودش اگر انسان قبول کرد معلوم می‌شود که حقیقت است. مرحله سوم پس نتیجه مراحل قبل است و هدایتی است از حق و به تدریج به دست می‌آید. به این صورت است که انسان که مداوم به یاد خداست، یواش یواش و در طلب است و تلاش است. گفتم اهل درد است. اینها را در نظر داشته باشید. خودش هم قبول دارد که اهل درد است. چنین کسی که مداوم در تلاش و ذکر و طلب است، یواش یواش به مرور و به تدریج شواهدی برا
… (truncated; see saved file for full transcript)

============================================================
SUMMARY
============================================================
Input file      : 017_مراقبه، ذکر ،جذبه _ بحث تزکیه.mp3
Provider        : ElevenLabs Scribe (scribe_v2)
Audio duration  : 23:29 (1409.26 s)
Requests        : 1
Billed duration : 1410 s (rounded up to nearest second)
Rate            : $0.22 / audio hour
Estimated cost  : $0.086121 USD
Transcript saved: Audios/AyatollahShojaee/Tazkiyeh/017/017_مراقبه، ذکر ،جذبه _ بحث تزکیه.txt
============================================================
