Provider: ElevenLabs Scribe (scribe_v2)
Progress file (updated after each chunk): Audios/AyatollahShojaee/AsrarFatemi/003/003_اسرار فاطمی (س ) بخش 3.partial.txt
  preparing audio (003_اسرار فاطمی (س ) بخش 3.mp3)...
  26:56 → 1 request(s)
  progress file: Audios/AyatollahShojaee/AsrarFatemi/003/003_اسرار فاطمی (س ) بخش 3.partial.txt
  [1/1] 0:00–26:56 (9466 KB)...
      → 16991 chars: [موسیقی] از امام صادق علیه السلام پرسیدند چرا فاطمه سلام‌الله علیها را زهرا می‌گویند؟ فرمود برای آن که هر وقت در محراب عبادت می‌ایستاد نور او بر اهل آسمان‌ها می‌تابید. همچنان که نو…

============================================================
TRANSCRIPTION (preview)
============================================================
[موسیقی] از امام صادق علیه السلام پرسیدند چرا فاطمه سلام‌الله علیها را زهرا می‌گویند؟ فرمود برای آن که هر وقت در محراب عبادت می‌ایستاد نور او بر اهل آسمان‌ها می‌تابید. همچنان که نور ستارگان بر اهل زمین می‌تابد. السلام علیک ایه تو الصدیقه الشهیده. اسرار فاطمی. فاطمه جان، فاطمه جان، فاطمه جان، فاطمه جان، فاطمه جان، فاطمه جان، فاطمه جان. بسم الله الرحمن الرحیم. با عرض سلام خدمت شما همراهان همیشگی و شنوندگان رادیو قرآن با برنامه اسرار فاطمی که اختصاص دارد به مباحث حضرت آیت‌الله استاد محمد شجاعی در خصوص کرامات و منزلت حضرت زهرا سلام‌الله علیها در خدمت شماییم. در این برنامه استاد محمد شجاعی به روایاتی از ائمه معصومین علیهم السلام و آیاتی از قرآن کریم در خصوص منزلت حضرت زهرا سلام‌الله علیها و ارادت پیامبر اکرم صلی الله علیه و آله نسبت به ایشان اشاره می‌فرمایند که از شما عزیزان دعوت می‌کنیم مشروح این بیانات را از زبان حضرت آیت‌الله استاد محمد شجاعی بشنوید. اعوذ بالله السميع العليم من الشيطان الرجيم. بسم الله الرحمن الرحيم. اللهم صل على فاطمه وأبيها وبعلها وبنيها بعدده طاعة المجد. وصلي على الجوهرة البوسيه في تعيم الإنسيه. صورة النفس الكليه. جواد العالم الأغلى. بذات الحقيقة النبوية. مطلع الأنوار الألوية. عين عيون الأسرار الفاطمية. الناجية المنجية لمحبيها من النار. ثمرة شجرة اليقين. سيدة نساء العالمين. المعروفة بالقدر. المجهولة بالقبر. قرة عين الرسول الزهراء البتول. در اینجا به یک لطیفه اشاره می‌کنم که هست که حضرت زهرا سلام‌الله علیها در قرآن این آیه آمد یه وقتی که بعضی از جهال شنیدید نمی‌دونم یا نه؛ بعضی از جهال رسول الله را وقتی صدا می‌زدن بر اساس اون جاهلیت یا آثار جاهلیت از کبر و فخر و اینها نوعی صدا می‌زدن که یک نوع جسارت بود بر رسول اکرم صلی الله علیه و آله و سلم. وقتی رسول الله را می‌خواستن صدا بزنن، ندا کنن. آن وقت خدا از این نهی کرد. عرض کنم که در سوره نور این نهی را کرد. فرمود که لا تجعلوا دعاء الرسول بينكم كدعاء بعضكم بعضا. وقتی که رسول الله را می‌خوانید، صدا می‌زنید اینطور نباشد که همدیگر را صدا می‌زنید. با ادب باشد. این خدا به حساب خاصی روی رسول الله داشت که حالا این بحث جا خودش صحبت کردن есть. این نهی آمد که خدا فرمود که وقتی رسول الله را ندا می‌زنید مانند ندای ه
… (truncated; see saved file for full transcript)

============================================================
SUMMARY
============================================================
Input file      : 003_اسرار فاطمی (س ) بخش 3.mp3
Provider        : ElevenLabs Scribe (scribe_v2)
Audio duration  : 26:56 (1615.54 s)
Requests        : 1
Billed duration : 1616 s (rounded up to nearest second)
Rate            : $0.22 / audio hour
Estimated cost  : $0.098727 USD
Transcript saved: Audios/AyatollahShojaee/AsrarFatemi/003/003_اسرار فاطمی (س ) بخش 3.txt
============================================================
