Provider: ElevenLabs Scribe (scribe_v2)
Progress file (updated after each chunk): Audios/AyatollahShojaee/Tazkiyeh/061/061_غرور1 _ بحث تزکیه.partial.txt
  preparing audio (061_غرور1 _ بحث تزکیه.mp3)...
  40:53 → 1 request(s)
  progress file: Audios/AyatollahShojaee/Tazkiyeh/061/061_غرور1 _ بحث تزکیه.partial.txt
  [1/1] 0:00–40:53 (14372 KB)...
      → 25060 chars: بسم الله الرحمن الرحیم. نظرتون هست که بحثی که قبلاً بحث‌ها که داشتیم در خصوص مدت‌ها بود در خصوص مغلکات، چیزهایی که مغلک در طریق است. اون‌ها را صحبت می‌کردیم. قسمتی از مغلکات را گفت…

============================================================
TRANSCRIPTION (preview)
============================================================
بسم الله الرحمن الرحیم. نظرتون هست که بحثی که قبلاً بحث‌ها که داشتیم در خصوص مدت‌ها بود در خصوص مغلکات، چیزهایی که مغلک در طریق است. اون‌ها را صحبت می‌کردیم. قسمتی از مغلکات را گفتیم و مجدداً عرض کردیم که که اون که [مکث] در اینجا صحبت میشه از مغلکات صحبت می‌کنیم، عرض می‌بریم و تا حدودی توضیح می‌دهیم. این‌ها اون قسمت از مغلکات است که در واقع می‌شود گفت رؤوس مغلکات است و کلیات است. [مکث] جزئیات این مسائل یعنی مغلکات، ابعاد و ریزه کاری‌هاش چیزی است که در مقام عمل کسی بخواهد [مکث] صادقانه وارد [مکث] طریق بشود، اون شخص عامل خودش می‌فهمد که چیست، نه به زبان میاد، نه با گفتن تمام می‌شود و نه اصلاً [مکث] در اکثر موارد می‌شود در قالبه الفاظ و کلمات آورد. هرچه هست اونچه صحبت می‌کنیم رؤوس و کلیات است. اون هم باز از رؤوس و کلیات قسمت‌هایی را عرض می‌کنیم، بعضی از قسمت‌هاش را عرض می‌کنیم. در هر صورت [مکث] در این بحثی که در مغلکات داشتیم قسمت‌هایی را گفتیم و بعضی از مسائل هم باید انشاالله صحبت بشود اگر خدا خواست. از جمله مغلکات که در این جلسه من می‌خواستم صحبت کنیم مسئله غرور است. البته در این جلسه معلوم نیست به اصطلاح تمام بشود. اگر خدا خواست در جلسات آینده هم باید یه مقدار در خصوص این صحبت بشه. از جمله مغلکات مسئله غرور هست، غرور. یعنی فریب خوردن. و در آیات و روایات این مسئله با لغتهای مختلف، با نکات و اشارات اشاره شده. در نوشته‌های علما، اخلاق و ارباب سلوک هم به انحاء مختلف بحث‌ها در خصوص غرور شده است. غرور البته اشتباه نشود. الان معنیش عرض می‌کنم. غرور نه اون معنا را دارد که در زبان ما هست و ما اصطلاحاً می‌گیم فلانی مغرور است و غرور دارد. اون نه، اون البته خودش از رذائل است. اما اون غروری که در اصطلاح علما اخلاق هست و در سلوک به عنوان یکی از مغلکات هست و [مکث] مطرح می‌شود یه معنی خاصی دارد تا حدودی معنیش دقیق است، ابعادش هم زیاد. غرور به معنی فریب خوردن است در اینجا، در این مبحث، در سلوک فریب خوردن. و اونجور که علمای اخلاق معنی کردند این است که انسان [مکث] به چیزی مطمئن باشد، به وضعی مطمئن باشد، در وضع روحی و عاطفی و راه و روشی در پیش گرفته، به وضعی، به چیزی مطمئن باشد که در حقیقت موافق هواس. در حقیقت یعنی زیر پرده و جان مسئله این است که این موافق هوای نفس است و مطابق طبع انسا
… (truncated; see saved file for full transcript)

============================================================
SUMMARY
============================================================
Input file      : 061_غرور1 _ بحث تزکیه.mp3
Provider        : ElevenLabs Scribe (scribe_v2)
Audio duration  : 40:53 (2452.72 s)
Requests        : 1
Billed duration : 2453 s (rounded up to nearest second)
Rate            : $0.22 / audio hour
Estimated cost  : $0.149888 USD
Transcript saved: Audios/AyatollahShojaee/Tazkiyeh/061/061_غرور1 _ بحث تزکیه.txt
============================================================
