Provider: ElevenLabs Scribe (scribe_v2)
Progress file (updated after each chunk): /Users/mohammadreza/IslamASR/Audios/AyatollahShojaee/Mabohas_Mozui/043/043_43- سپردن ولايت مسلمانان به حضرت علي(ع) .partial.txt
  preparing audio (043_43- سپردن ولايت مسلمانان به حضرت علي(ع) .mp3)...
  29:50 → 1 request(s)
  progress file: /Users/mohammadreza/IslamASR/Audios/AyatollahShojaee/Mabohas_Mozui/043/043_43- سپردن ولايت مسلمانان به حضرت علي(ع) .partial.txt
  [1/1] 0:00–29:50 (10491 KB)...
      → 17846 chars: بسم الله الرحمن الرحیم. قال الله تعالی: یَا أَیُّهَا الرَّسُولُ بَلِّغْ مَا أُنْزِلَ إِلَیْكَ مِنْ رَبِّكَ وَإِنْ لَمْ تَفْعَلْ فَمَا بَلَّغْتَ رِسَالَتَهُ وَاللَّهُ یَعْصِمُكَ مِن…

============================================================
TRANSCRIPTION (preview)
============================================================
بسم الله الرحمن الرحیم. قال الله تعالی: یَا أَیُّهَا الرَّسُولُ بَلِّغْ مَا أُنْزِلَ إِلَیْكَ مِنْ رَبِّكَ وَإِنْ لَمْ تَفْعَلْ فَمَا بَلَّغْتَ رِسَالَتَهُ وَاللَّهُ یَعْصِمُكَ مِنَ النَّاسِ إِنَّ اللَّهَ لَا یَهْدِي الْقَوْمَ الْكَافِرِینَ. ترجمه آیه چون آیه‌ای است که فکر می‌کنم که همه‌تون شنیده باشید. با این وصف اول من ترجمه آیه را عرض می‌کنم بعد نوشته‌هایی که به نظر می‌آید اون‌ها را عرض می‌کنم. یَا أَیُّهَا الرَّسُولُ بَلِّغْ مَا أُنْزِلَ إِلَیْكَ مِنْ رَبِّكَ. در سفر حجه که رسول اکرم صلوات الله علیه با جمع مسلمین بر می‌گشتند، همونجا این آیه نازل شد. در وسط راه. یَا أَیُّهَا الرَّسُولُ بَلِّغْ مَا أُنْزِلَ إِلَیْكَ مِنْ رَبِّكَ. ای پیامبر، ای رسول بلِّغ، برسان، تبلیغ کن مَا أُنْزِلَ إِلَیْكَ مِنْ رَبِّكَ آنچه که به تو از پروردگارت نازل شده است. برسان به مردم، تبلیغ بکن، اعلام بکن. وَإِنْ لَمْ تَفْعَلْ اگر نکنی این کار را فَمَا بَلَّغْتَ رِسَالَتَهُ رسالتی که داری آن را خوب تبلیغ نکردی. وَاللَّهُ یَعْصِمُكَ مِنَ النَّاسِ خدا تو را از اون شروری که می‌ترسی از بعضی از مردم، از مردم، از اون حفظ می‌کند. تبلیغ بکن، برسان اونچه که به تو از ناحی God نازل شده است. إِنَّ اللَّهَ لَا یَهْدِي الْقَوْمَ الْكَافِرِینَ خدا اون جمعی را که می‌خواهند بر آنچه که به تو نازل شده است و می‌گویی اعلام بکن، می‌خواهند اون را خراب بکنند و می‌خواهند اون را بهانه قرار بدهند و کل رسالت تو را زیر سؤال ببرند. اون‌ها را نمی‌گذارد در کارشون موفق باشند. لَا یَهْدِي الْقَوْمَ الْكَافِرِینَ. این ترجمه آیه بود. به این ترجمه که بعداً هم انشاالله بیشتر خودتون دقت می‌کنید، دقت بکنید، معلوم می‌شود که آیه چه لحنی دارد و چه مسئله‌ای را بیان می‌کند. از آیه به وضوح یعنی به روشنی از آیه استفاده می‌شود که چیزی بوده از خدا به رسول الله دستور آمده قبلاً، نه حالا، نه، نه اون روز. از خدا دستور آمده به رسول الله که برساند. اما رسول اکرم صلوات الله علیه که با تمام وجود می‌خواست اونچه که رسالت دارد آن را خوب انجام بدهد، این چیز که بنا بود برساند می‌ترسید با اعلام اون بعضی از مردم که در دل‌هاشون مرض‌ها بود اون را بهانه قرار بدهند و کل رسالت رسول اکرم صلوات الله علیه و زحماتی را که کشیده است اونها را چی بکنند؟ خراب بکنن
… (truncated; see saved file for full transcript)

============================================================
SUMMARY
============================================================
Input file      : 043_43- سپردن ولايت مسلمانان به حضرت علي(ع) .mp3
Provider        : ElevenLabs Scribe (scribe_v2)
Audio duration  : 29:50 (1790.46 s)
Requests        : 1
Billed duration : 1791 s (rounded up to nearest second)
Rate            : $0.22 / audio hour
Estimated cost  : $0.109417 USD
Transcript saved: /Users/mohammadreza/IslamASR/Audios/AyatollahShojaee/Mabohas_Mozui/043/043_43- سپردن ولايت مسلمانان به حضرت علي(ع) .txt
============================================================
