Provider: ElevenLabs Scribe (scribe_v2)
Progress file (updated after each chunk): /Users/mohammadreza/IslamASR/Audios/AyatollahShojaee/Mabohas_Mozui/026/026_26- دوام واستمراردرذکرحضرت حق درمقام اطاعت از او.partial.txt
  preparing audio (026_26- دوام واستمراردرذکرحضرت حق درمقام اطاعت از او.mp3)...
  31:48 → 1 request(s)
  progress file: /Users/mohammadreza/IslamASR/Audios/AyatollahShojaee/Mabohas_Mozui/026/026_26- دوام واستمراردرذکرحضرت حق درمقام اطاعت از او.partial.txt
  [1/1] 0:00–31:48 (11181 KB)...
      → 19409 chars: اعوذ بالله السميع العليم من الشيطان الرجيم. بسم الله الرحمن الرحيم. خدا دستورات برای خوب به شما بده. یکی از دستوراتش این است که به زبان هم که بکنید مرتب مرا یاد بکنید. دقت می‌کنید؟…

============================================================
TRANSCRIPTION (preview)
============================================================
اعوذ بالله السميع العليم من الشيطان الرجيم. بسم الله الرحمن الرحيم. خدا دستورات برای خوب به شما بده. یکی از دستوراتش این است که به زبان هم که بکنید مرتب مرا یاد بکنید. دقت می‌کنید؟ پس دوام ذکر توأم با به اصطلاح آ آ عهد را به جا آوردن است و میثاق را به جا آوردن است و مرتب طاعت خدا بردن. این اصل ذکر است. روایتی هم من در اینجا می‌خوانم. حالا دیگه شما که اینجا هستید دیگه بعد از این طور ذکر را معنی نکنید که هم خودتون به اصطلاح به این هرازوی بیفتید و هم کسان دیگر را. ذکر هست در همه احوال به این معناست که انسان مرتب به یاد معبود خود باشد و طاعت از معبود خود ببرد. هر قدمی که برمی‌دارد امری از خدا هست به یاد او باشد، امر او را به جا بیاورد. نهی از خدا هست به یاد او باشد و نهی او را چه بکند؟ اجتناب کند. لحظه به لحظه او را یاد بکند و امر و نهی او را امتثال بکند. ذکر به این معناست و در سلوک ذکر به همین معناست. ذکر زبانی گوشه‌ای از این است. ورد زبانی گوشه‌ای از این است. دعا خواندن گوشه‌ای از این است. توسل گوشه‌ای از این است. شب‌زنده‌داری گوشه‌ای از این است. نماز گوشه‌ای از این است. ذکر کلی آن متعی را که در مشهد، در مشهد گذشته داشته‌ایم و متع معبود و پیمان با او بسته ایم، او را همیشه یاد کردن و متع خود قرار دادن. خب ذکر را من برای شما معنی کردم و این همان نتیجه‌اً می‌شود ایمان خود را از چی؟ خاموش نکنید ترتیب بحث را. ایمان خود را از شرک و ظلم پاک کردن و از این آمیختگی بیرون آوردن و ایمان خود را تحرک بخشیدن تا انسان مصداق آیه شود که برای آنها امن و امان است. حالا برای این ذکر که الآن خواندم یه روایتی برای شما می‌خوانم. این روایت را که یکی از چندین روایت است در باب مخصوصی در بحار آورده است من انتخاب کرده‌ام و انشاالله الان اون آدرس این روایت را گفتم شما می‌روید روایات دیگری را که در این مضمون است و به طرق مختلف از حضرت رسول اکرم صلوات الله علیه و حضرات معصومین روایت شده است آنها را هم می‌بینید. یک روایت نیست. قبل از خواندن روایت من به شما عرض کنم من گذشت-- یک سرگذره گفتم. گفتم اگر یه وقتی فرصت می‌شود باید بحث مفصلی در عالم عهد الست بشود. این که گفتم تکرار می‌کنم. ببینید عالم عهد الست هم گذشته است و هم چیه؟ هم هست. یعنی الآن اگر، الآن اگر بنا باشد کسی از مستی بیرون بیاید، آن مستی که 
… (truncated; see saved file for full transcript)

============================================================
SUMMARY
============================================================
Input file      : 026_26- دوام واستمراردرذکرحضرت حق درمقام اطاعت از او.mp3
Provider        : ElevenLabs Scribe (scribe_v2)
Audio duration  : 31:48 (1908.07 s)
Requests        : 1
Billed duration : 1909 s (rounded up to nearest second)
Rate            : $0.22 / audio hour
Estimated cost  : $0.116604 USD
Transcript saved: /Users/mohammadreza/IslamASR/Audios/AyatollahShojaee/Mabohas_Mozui/026/026_26- دوام واستمراردرذکرحضرت حق درمقام اطاعت از او.txt
============================================================
