Provider: ElevenLabs Scribe (scribe_v2)
Progress file (updated after each chunk): /Users/mohammadreza/IslamASR/Audios/AyatollahShojaee/Mabahese_Tohidi/001/001_مباحث توحیدی-1.partial.txt
  preparing audio (001_مباحث توحیدی-1.mp3)...
  24:06 → 1 request(s)
  progress file: /Users/mohammadreza/IslamASR/Audios/AyatollahShojaee/Mabahese_Tohidi/001/001_مباحث توحیدی-1.partial.txt
  [1/1] 0:00–24:06 (8472 KB)...
      → 13296 chars: بسم الله الرحمن الرحیم. قل هوالله أحد به نام خداوند بخشایشگر مهربان بگو خدا یکی است [موسیقی] توحیدنامه با بیانات حضرت آیت الله محمد شجاعی [موسيقى] منظور از بحث توحيد عبارتست از معر…

============================================================
TRANSCRIPTION (preview)
============================================================
بسم الله الرحمن الرحیم. قل هوالله أحد به نام خداوند بخشایشگر مهربان بگو خدا یکی است [موسیقی] توحیدنامه با بیانات حضرت آیت الله محمد شجاعی [موسيقى] منظور از بحث توحيد عبارتست از معرفت خدای متعال، صفات خدای متعal و افعال خدای متعال ديگش به آن دیگر به اصطلاح معرفت وحدانيت ذات مقدس حق و اينكه جز ذات او ذاتی نيست و جز صفات او صفاتی نیست و جز اعمال او اعمالي نيست. بismillah الرحمن الرحيم. در نگاه مؤمن راستین طبیعت و جانداران آینه اسما و صفات زیبای خداوند و آثار رحمت او هستند. آثار تابش رحمت خدا دوست داشتنی و دل انگیزند.از سوی دیگر مؤمن راستین که می‌پوشد ربانی شود و خدا منظر نظر او گردد و باریکه‌هایی از اسماء وصفات خداوند در جانش بنشیند در معرفת خداوند بسیار تلاش می‌کند. دوستان قرآنی سلام با ویژه برنامه توحید نامه در خدمت شمایید. بر آن ایم در این مجموعه برنامه آنچه از خداوند سبحان نمی‌دانیم بفهمیم و درک کنیم و به ذات lang زار او تقرّب جوئيم. در ویژه برنامه توحیدنامه از بيانات عالم جلیل القدر حضرت آيت الله شجاعی بهره مند می شویم. اللَّه اللَّه اللَّه اللَّه اللَّه يا اللَه اللَّه اللَّه اللَّه اللَّه اللَّه يا اللَّه اللَّه اللَّه اللَّوِ اکبرْ حمدلله اللَّه اللَّه اللَّوِ اکبرْ سبحان الله اللَّه اللَّه اللَّوِ اکبرْ حمدلله اللَّه اللَّه اللَّوِ اکبرْ سبحان الله اللَّه اللَّه اللَّوِ اکبرْحمد لله اللَّه اللَّه اللَّوِ اکبرْسبحان الله الله Allah Allah ya Allah Allah Allah AllahAllah Allah ya Allah Allah Allahu Akbar hamdellah Allah Allahu Akbar subhanallah Allah Allahu Akbar hamdellah Allah Allahu Akbar subhanallah خب دوستان اکنون توجه شما را جلب می‌کنیم به بیانات عالم بزرگوار حضرت آیت الله شجاعی درباره توحید خداوند متعال. قالَ اللّهُ تَعَالَىٰ يَعْلَمُونَ ظَاهِرًا مِّنْ أَيْدِيهِمْ وَمَا خَفِيَ مِنْهَا وَلاَّ الْفَيْطُونَ بِذِي عِلْمٍ. چنانچه از اینجا در خصوص توحید بحث wordt که در مرحله اول باید به یک نکته توجه داشته باشید. بحث در توحید یا این عنوان، عنوان بحث در توحید به معانی مختلف استفاده می‌شود از توحید. منظور از بحث در توحید عبارت است از بحث در اثبات ثانه، اثبات خدای متعال یعنی اینکه از دلایل و براهین اثبات بکنیم ثابت بشود که خدای متعال هست، سانه برای وجود هست، مبدأ ای
… (truncated; see saved file for full transcript)

============================================================
SUMMARY
============================================================
Input file      : 001_مباحث توحیدی-1.mp3
Provider        : ElevenLabs Scribe (scribe_v2)
Audio duration  : 24:06 (1445.76 s)
Requests        : 1
Billed duration : 1446 s (rounded up to nearest second)
Rate            : $0.22 / audio hour
Estimated cost  : $0.088352 USD
Transcript saved: /Users/mohammadreza/IslamASR/Audios/AyatollahShojaee/Mabahese_Tohidi/001/001_مباحث توحیدی-1.txt
============================================================
