Provider: ElevenLabs Scribe (scribe_v2)
Progress file (updated after each chunk): Audios/AyatollahShojaee/Tazkiyeh/003/003_مراتب مختلف حیات انسان _ بحث تزکیه.partial.txt
  preparing audio (003_مراتب مختلف حیات انسان _ بحث تزکیه.mp3)...
  21:04 → 1 request(s)
  progress file: Audios/AyatollahShojaee/Tazkiyeh/003/003_مراتب مختلف حیات انسان _ بحث تزکیه.partial.txt
  [1/1] 0:00–21:04 (7409 KB)...
      → 12824 chars: اعوذ بالله السميع العليم من الشيطان الرجيم. بسم الله الرحمن الرحيم. گفتیم در جلسه گذشته انسان در تنزلش از مراتب بالاتر وجود به تدریج با گذر از عوالم آمده و در مرتبه ادنای وجود که و…

============================================================
TRANSCRIPTION (preview)
============================================================
اعوذ بالله السميع العليم من الشيطان الرجيم. بسم الله الرحمن الرحيم. گفتیم در جلسه گذشته انسان در تنزلش از مراتب بالاتر وجود به تدریج با گذر از عوالم آمده و در مرتبه ادنای وجود که وجود دنیوی‌اش است قرار گرفته. به همین نحو هم از مراتب حیات تنزل کرده و در مرحله حیات نازل قرار گرفته. این حیات نازل که حیات دنیوی است آخرین مرحله از حیات است. انسان در برگشتش که در تزکیه مطرح می‌کنیم، در برگشتش به سوی حق و در سیر صعودیش که در قوس صعود قرار می‌گیرد، همین مراطبی را که در نزول و در مقام تنزل از دست داده است باید به دست بیاورد و به دست می‌آورد. در تزکیه یعنی در برگشت و صعود الی الله و در عروج الی الله و در سیر الی الله. انسانی که در مرتبه پایین‌تر وجود دنیوی و حیات دنیوی قرار گرفته از این مرتبه دوباره شروع به توبه می‌کند. توبه یعنی برگشت. برگشت می‌کند و همان منازلی را که در موقع آمدن پشت سر گذاشته در موقع برگشت هم همان منازل را طی می‌کند، بر می‌گردد. متوجه هستید راه برگشت همیشه راه، از همان راهی است که موجود در نظام وجود در مقام تنزل پایین آمده است و لذا هم اینم توجه بکنیم به این نکته هم که برگشت می‌گیم، رجعت می‌گیم، رجوع می‌گیم، صعود می‌گیم. این تعبیرات معمولاً اونجاست که تنزلی بوده که این تعبیر می‌شود. هفته گذشته بعد از اینکه این قسمت گفته شد، من یه مقدار تصویر این مراحلی را که در سیر صعودی و در تزکیه و خودسازی انسان از مرحله حیات دنیا بالا می‌رود، این مراحل چیست؟ اون را یه مقدار من تشریح کردم. نظرتون هست که گفتم که بعد از اینکه انسان به صعود شروع کرد، به سیر شروع کرد، به تزکیه پرداخت، از حیات دنیوی می‌رود بالا. و در این زمینه آیات هم خوندیم. از حیات دنیوی قدم می‌گذارد در مرحله بالاتر حیات دنیا که حیات برزخی است بعد از حیات دنیا. در صعود همان که در نزول از آن طرف که می‌آمدیم هم برزخی آخرین مرحله بود قبل از دنیا. در مقام صعود انسان از حیات دنیا که منصرف شد از حیات دنیا که مرد به اصطلاح مرگ با مرگ ارادی و با مرگ اختیاری به حیات برزخی وارد می‌شود. از حیات برزخی هم که انسان منصرف شد در صعود و به صعود و سیرش ادامه داد با حیات عقلانی و حیات نوری و بالاتر و جبروتی به اصطلاح یا ملأ الشیخ أعلا زنده می‌شود و همینطور مراتب حیات را می‌رود. بعد از اونش می‌شود حیات به حیات حق. در این تقسیم
… (truncated; see saved file for full transcript)

============================================================
SUMMARY
============================================================
Input file      : 003_مراتب مختلف حیات انسان _ بحث تزکیه.mp3
Provider        : ElevenLabs Scribe (scribe_v2)
Audio duration  : 21:04 (1264.32 s)
Requests        : 1
Billed duration : 1265 s (rounded up to nearest second)
Rate            : $0.22 / audio hour
Estimated cost  : $0.077264 USD
Transcript saved: Audios/AyatollahShojaee/Tazkiyeh/003/003_مراتب مختلف حیات انسان _ بحث تزکیه.txt
============================================================
