Provider: ElevenLabs Scribe (scribe_v2)
Progress file (updated after each chunk): /Users/mohammadreza/IslamASR/Audios/AyatollahShojaee/Mabohas_Mozui/050/050_50- اشاره به شخصیت والای پیامبر و اتفاقات هنگام تولد ایشان.partial.txt
  preparing audio (050_50- اشاره به شخصیت والای پیامبر و اتفاقات هنگام تولد ایشان.mp3)...
  20:51 → 1 request(s)
  progress file: /Users/mohammadreza/IslamASR/Audios/AyatollahShojaee/Mabohas_Mozui/050/050_50- اشاره به شخصیت والای پیامبر و اتفاقات هنگام تولد ایشان.partial.txt
  [1/1] 0:00–20:51 (7332 KB)...
      → 12802 chars: اعوذ بالله السميع العليم من الشيطان الرجيم. بسم الله الرحمن الرحيم. قل اني اخاف ان عصيت ربي عذاب يوم عظيم. میگو من می‌ترسم اگر به پروردگارم عصیان می‌کنم از عذاب روز بزرگ. روز بزرگ …

============================================================
TRANSCRIPTION (preview)
============================================================
اعوذ بالله السميع العليم من الشيطان الرجيم. بسم الله الرحمن الرحيم. قل اني اخاف ان عصيت ربي عذاب يوم عظيم. میگو من می‌ترسم اگر به پروردگارم عصیان می‌کنم از عذاب روز بزرگ. روز بزرگ همون روزی‌ست که انسان می‌میرد. پرده‌ها کنار می‌رود و اونجاهایی که من و شما خدای قهار و خالقیم، همون خدای قهار و همونجاهای می‌یابیم به مجرد مردن. حالا و همچنین در قیامت. ولی به مجرد مردن شروع می‌شود. قل انی اخاف ان عصیت ربی عذاب يوم عظيم. خب دیگه من در این باب صحبتی نمی‌کنم و دوستان را توصیه می‌کنم اگر مطلب را خوب فهمیدید، خوب دقت کردید و مخصوصاً در این که اسماء التي ملأت اركان کل شيء دقت بفرمایید. همجا اسماء است و سؤال است و جواب. اسماء است و سؤال است و جواب. خواسته‌ست از مخلوق اجابت است از طرف تناسخ. این را فکر بکنید و انشاالله اگر خوب فهمیدید و همین امشب اگر توانستید از معصیت برگردید و معصیت معصیت کاران هم شما را جره نکند. شما خودتان به خودتون دلتون بسوزد. رسول الله نمی‌تواند معصیت بکند. جرات معصیت جا نداشت. می‌بایست می‌ترسید. شما و ما بیشتر باید بترسیم. اما رسول الله با اون مقام و منزلتش به اون خط-- به اون این خطاب می‌آید. من از مقام و منزلت رسول الله بگم تا شما ببینید که این خطاب با اون مقام و منزلت چقدر برای ما پیغام دارد. این خطاب قل انی اخاف ان عصیت ربی عذاب يوم عظيم. خب البته صحبت در فضا رسول الله گذشتم دیگه. گذشتم و خدا کند که به نهایت کند خدا ما. اما من می‌ترسم چون از یه چیزی می‌ترسم. برای خودم می‌ترسم و برای شما هم می‌ترسم. چون من فکر می‌کنم شما از من بهتر نیستید. همان‌طور که شما هم حتماً می‌دانید من بهتر از شما نیستم. من از این می‌ترسم که موفق باشیم به ترک گناه. یک چیزی در این بین هست و اون اینکه میگه که نذر میثاق و شکست توبه‌ها به قول مولوی موجب لعنت بود در انتها. این پدر ما را درآورد اصلا. هی توبه کردیم شکستیم. اون یکی شعر را خونده که هر قدر توبه شکستی چه، چه می‌کنی؟ بازو بازو. نه، نه اینطور نیست. این هم از اون حرف‌هاست که باید فراموش کرد. هرچی توبه شکستی بازو. البته بازو اگر بگید راه توبه بسته است نه خیر بسته نیست. اما یک حقیقت در این بین است. چون اینکه نذر میثاق به قول مولوی. نذر میثاق و شکست توبه‌ها موجب لعنت بود در انتها. هر انسان توبه کرد باز نذر کرد. توبه کرد باز نذر کر
… (truncated; see saved file for full transcript)

============================================================
SUMMARY
============================================================
Input file      : 050_50- اشاره به شخصیت والای پیامبر و اتفاقات هنگام تولد ایشان.mp3
Provider        : ElevenLabs Scribe (scribe_v2)
Audio duration  : 20:51 (1251.29 s)
Requests        : 1
Billed duration : 1252 s (rounded up to nearest second)
Rate            : $0.22 / audio hour
Estimated cost  : $0.076468 USD
Transcript saved: /Users/mohammadreza/IslamASR/Audios/AyatollahShojaee/Mabohas_Mozui/050/050_50- اشاره به شخصیت والای پیامبر و اتفاقات هنگام تولد ایشان.txt
============================================================
