Provider: ElevenLabs Scribe (scribe_v2)
Progress file (updated after each chunk): Audios/AyatollahShojaee/Tazkiyeh/124/124_تجليات اسماءوصفات حق در وجود سالک به تناسب برطرف شدن حجاب _ بحث تزکیه.partial.txt
  preparing audio (124_تجليات اسماءوصفات حق در وجود سالک به تناسب برطرف شدن حجاب _ بحث تزکیه.mp3)...
  21:59 → 1 request(s)
  progress file: Audios/AyatollahShojaee/Tazkiyeh/124/124_تجليات اسماءوصفات حق در وجود سالک به تناسب برطرف شدن حجاب _ بحث تزکیه.partial.txt
  [1/1] 0:00–21:59 (7731 KB)...
      → 13535 chars: بسم الله الرحمن الرحیم. بحث در تجلیات اسماء و صفات حق بود در وجود سالک یا در قلب سالک. در جلسه گذشته مقدمتاً به بعضی از تجلیات در وجود حضرات انبیا سلام الله علیهم أجمعین بر اساس اش…

============================================================
TRANSCRIPTION (preview)
============================================================
بسم الله الرحمن الرحیم. بحث در تجلیات اسماء و صفات حق بود در وجود سالک یا در قلب سالک. در جلسه گذشته مقدمتاً به بعضی از تجلیات در وجود حضرات انبیا سلام الله علیهم أجمعین بر اساس اشارات آیات و روایات یا دعاهایی داشتیم که مقدمه بود که متوجه باشیم که اسماء خدا و صفات خدا در وجود انسان بر حسب صلاحیت تجلی می‌کند. بر حسب صلاحیت انسان. حالا انبیا و حضرات معصومین صلوات الله علیهم أجمعین در مقام و منزل خودشان حساب خاصی دارند. اما اصل مسئله کلی است به آن اینکه اسماء حق و صفات حق در وجود انسان متجلی می‌شود البته با صلاحیت. طبعا اگر سالکی باشد صادق و مخلص و در سلوک عبودی خودش موفق باشد از همان اول که شروع به سلوک و حرکت سلوکی می‌کند، اسماء و صفات حق به تناسب منزلتی که دارد، به تناسب حجاب‌ها که از قلبش برطرف می‌شود، در قلب و در وجود او تجلی می‌کند، ظهور می‌کند. در مقدمه بحث در آن جلسه عرض کردم که انسان در اصل حقیقتش مظهر صفات حق است. جلوه صفات و اسماء حق است. این حقیقت انسان در پشت حجاب قرار گرفته. هر وقت حجاب‌ها کنار برود با تزکیه و تجرید، طبعا اون اسماء یعنی حقیقت انسان که مظهر اسماء است ظهور پیدا می‌کند. خب حالا... که این مسئله برای ما روشن شد، قدم به قدم من در تجلی صفات خدا، اسماء خدا در وجود سالک مطالبی را که می‌شود گفت عرض می‌کنم. از اول سلوک البته مسئله شروع می‌شود اگر سلوک، سلوک صادقانه باشد. باز تذکراً عرض می‌کنم که به اشتباه نیفتیم. ممکن است من خودم را سالک بدانم. آثاری از این مسئله در وجود خود نبینم. این دانستن ما نیست. مسئله این است که طبق موازینی که خدای متعال بیان فرموده و طبق صراطی که در نظام تکوین و بعد در تشریع در قرآن کریم ارائه شده است، انسان در طریق سلوک باشد، صادق باشد، مخلص. مسئله اینکه انسان خودش مدعی باشد یا خودش گمان کند یا خودش را به زور به خودش بپذیراند که من سالکم، اینها مطرح نیست. بحث روی حقیقت است. حقیقت. سلوک اگر صادقانه شروع بشود، این تجلیات شروع می‌شود. تجلیات در وجود سالک است. اشتباه نشود. تجلیات حق برای سالک مطلبی بود که قبلاً عرض کردیم، توضیح دادیم به صورت کلی. این‌ها تجلیات صفات و اسماء در وجود یا در قلب سالک است. خب حالا قدم به قدم که مسئله را می‌خواهیم باز به صورت کلی توضیح بدهیم. در مرحله اول باید توجه داشته باشیم که تجلیات اسماء و صفات در
… (truncated; see saved file for full transcript)

============================================================
SUMMARY
============================================================
Input file      : 124_تجليات اسماءوصفات حق در وجود سالک به تناسب برطرف شدن حجاب _ بحث تزکیه.mp3
Provider        : ElevenLabs Scribe (scribe_v2)
Audio duration  : 21:59 (1319.36 s)
Requests        : 1
Billed duration : 1320 s (rounded up to nearest second)
Rate            : $0.22 / audio hour
Estimated cost  : $0.080628 USD
Transcript saved: Audios/AyatollahShojaee/Tazkiyeh/124/124_تجليات اسماءوصفات حق در وجود سالک به تناسب برطرف شدن حجاب _ بحث تزکیه.txt
============================================================
