Provider: ElevenLabs Scribe (scribe_v2)
Progress file (updated after each chunk): /Users/mohammadreza/IslamASR/Audios/AyatollahShojaee/Mabohas_Mozui/063/063_63- داشتن ديد توحيدي در تمامي امور.partial.txt
  preparing audio (063_63- داشتن ديد توحيدي در تمامي امور.mp3)...
  22:22 → 1 request(s)
  progress file: /Users/mohammadreza/IslamASR/Audios/AyatollahShojaee/Mabohas_Mozui/063/063_63- داشتن ديد توحيدي در تمامي امور.partial.txt
  [1/1] 0:00–22:22 (7863 KB)...
      → 12125 chars: اعوذ بالله السميع العليم من الشيطان الرجيم. بسم الله الرحمن الرحيم. اساس همه حقیقت‌ها توحید است. دعوت همه انبیا که назна شده‌اند و آن آخرین و خاتم آنها که رسول اکرم صلی الله عليه و…

============================================================
TRANSCRIPTION (preview)
============================================================
اعوذ بالله السميع العليم من الشيطان الرجيم. بسم الله الرحمن الرحيم. اساس همه حقیقت‌ها توحید است. دعوت همه انبیا که назна شده‌اند و آن آخرین و خاتم آنها که رسول اکرم صلی الله عليه وآله وسلم هستند در صورت کامل و جامع آن و همه جوانب آن آورده است. کيان مسئله این است که توحید است. اصلا انسان‌ها را متوجه به دعوت به توحید می‌کنند. یعنی این تو حقیقت است. این حقیقت است که اگر خدا چیزی را نخواهد، نخواهد شد. وقتی این به عنوان اساس همه حقایق است که اصلا دعوت همه انبیا محور و اساسش همین بوده و انسان‌ها را خاص متوجه به این حقیقت می‌کنند که جز خدا و مؤثر و فاعل و فعال اراده کننده چیزی نیست. هرچه هست خاص آن نشأت می‌گیرد چون چنین حقیقتی است و اساس همه حقیقت‌ها است. طبعا باید در این مرحله که در توحید عبودیت هم مانند همه امور توجه داشته باشیم که اساس این توفیق و مسیر عبودیت افتادن به معنی صحیح کلمه هم به دست خداست و به نشأت آن و به خواست اوست. او نخواهد نخواهد شد. حقیقت ساده هم نیست این حقیقت. یک حقیقت که اساس همه حقیقت‌ها است. گوییم باید چه کرد؟ حالا این که به ما مربوط نمی‌شود، باید او بخواهد. اما به ما یک چیز دیگر در این باره مربوط می‌شود و آن اینکه ما باید با فقر کامل و با مسکنت، با توجه بر این حقیقت اساسی که او نخواهد نخواهد شد، با توجه بر این حقیقت اساسی که اصل همه حقایق است، باید با فقر و مسکنت، با توجه بر این حقیقت همیشه با و با باور به این حقیقت از خدا با فقر خواهیم خدایا ما را چه بکن؟ موفق. یعنی این برای ما وظیفه دعای مستمر با فقر و مسکنت را ایجاد می‌کند. دعا در حالی که ما باور بکنیم که او نخواهد، اگر او نخواهد نخواهد شد و اگر او بخواهد خواهد شد. همه مشکل‌هایی که ما داریم در مقام عبودیت و آن همه موانع که ما برای خودمان داریم که از خودمان نشأت می‌گیرد، اگر او بخواهد همه‌اش درست خواهد شد. و اگر او نخواهد، ما آسمان را به زمین بیاریم، زمین را به آسمان بیاریم، خودمان را هم بکشیم، نخواهد شد. این را باور بکنیم. با این باور و با امید به اینکه خدا مجيباً است، قریباً است، عمومی است، تجربی، از تجربیات، دام تضرع و مسکنت از او بخواهیم که ما را بخواهد. پس با توجه به این حقیقت، این دعای مستمر را من توصیه می‌کنم این اولاً در توحید عبودیت این است. ثانیاً یک حقیقت دیگری که در زمره حقایق است ای
… (truncated; see saved file for full transcript)

============================================================
SUMMARY
============================================================
Input file      : 063_63- داشتن ديد توحيدي در تمامي امور.mp3
Provider        : ElevenLabs Scribe (scribe_v2)
Audio duration  : 22:22 (1341.94 s)
Requests        : 1
Billed duration : 1342 s (rounded up to nearest second)
Rate            : $0.22 / audio hour
Estimated cost  : $0.082007 USD
Transcript saved: /Users/mohammadreza/IslamASR/Audios/AyatollahShojaee/Mabohas_Mozui/063/063_63- داشتن ديد توحيدي در تمامي امور.txt
============================================================
