skip  #1 ehras_awzat (already on disk / skip_download)
skip  #2 asrar_ruzeh_namaz (already on disk / skip_download)
skip  #3 nameha_barnameha (already on disk / skip_download)
skip  #4 nahj_al_wilayah (already on disk / skip_download)
skip  #5 kashkul_noor (already on disk / skip_download)
skip  #6 sad_kalameh (already on disk / skip_download)
skip  #7 al_mawt_bihar (already on disk / skip_download)
skip  #8 sermaknoon (already on disk / skip_download)
skip  #9 ensan_kamel (already on disk / skip_download)
skip  #10 leghaallah (already on disk / skip_download)
skip  #11 darunmayeh_ramadan (already on disk / skip_download)
skip  #12 maqamat_zahra (already on disk / skip_download)
skip  #13 sukhtan (already on disk / skip_download)
skip  #14 seyr_bahr_olum (already on disk / skip_download)
skip  #21 doroos_marefat_nafs (already on disk / skip_download)
Inventorying 29 missing channel(s)…
Opening https://web.eitaa.com
Opening invite hash 4157932934C264982bb75...
  channel 'مسائل مهم عبادی، سیاسی، اجتماعی' peerId=-92731349 (chatId=92731349, chatInviteAlready)
OK  #15 masael_ebadi           peer=-92731349 music=23 voice=23 docs=0 title='مسائل مهم عبادی، سیاسی، اجتماعی'
Opening invite hash 3573679496C8468aa36a4...
  channel 'مقامات امام زمان عج ' peerId=-92853506 (chatId=92853506, chatInviteAlready)
OK  #16 maqamat_imam_zaman     peer=-92853506 music=5 voice=5 docs=0 title='مقامات امام زمان عج '
Opening invite hash 3668641160C798884f5f6...
  channel 'پرسش و پاسخ شیخ عبدالزهراء' peerId=-92854955 (chatId=92854955, chatInviteAlready)
OK  #17 porsesh_pasokh         peer=-92854955 music=43 voice=43 docs=0 title='پرسش و پاسخ شیخ عبدالزهراء'
Opening invite hash 422053274C6c089a2697...
  channel 'شرح منازل السائرین' peerId=-93985064 (chatId=93985064, chatInviteAlready)
OK  #18 manazel_saerein        peer=-93985064 music=13 voice=13 docs=0 title='شرح منازل السائرین'
Opening invite hash 4159440286C38da2600db...
  channel 'شرح زیارت جامعه کبیره ' peerId=-94304236 (chatId=94304236, chatInviteAlready)
OK  #19 ziyarat_jameh          peer=-94304236 music=2 voice=2 docs=0 title='شرح زیارت جامعه کبیره '
Opening invite hash 3987015062C73789534ef...
  channel 'رساله سیر و سلوک عملی علامه طباطبایی' peerId=-93777317 (chatId=93777317, chatInviteAlready)
OK  #20 seyr_tabatabai         peer=-93777317 music=27 voice=27 docs=0 title='رساله سیر و سلوک عملی علامه طباطبایی'
Opening invite hash 1971324333Cca76b10e52...
  channel '۱_قلب مطمئن' peerId=-95253888 (chatId=95253888, chatInviteAlready)
OK  #101 qalb_motmaen           peer=-95253888 music=9 voice=9 docs=0 title='۱_قلب مطمئن'
Opening invite hash 1998128557C59dbcd0598...
  channel ' ۲_قلب مطبوع(مهر خورده) ' peerId=-95254297 (chatId=95254297, chatInviteAlready)
OK  #102 qalb_matbu             peer=-95254297 music=3 voice=3 docs=0 title=' ۲_قلب مطبوع(مهر خورده) '
Opening invite hash 2821785007C3347c4a5fd...
  channel '۳_قلب خاشع' peerId=-95397937 (chatId=95397937, chatInviteAlready)
OK  #103 qalb_khashe            peer=-95397937 music=13 voice=13 docs=0 title='۳_قلب خاشع'
Opening invite hash 2828469679C4c40b09aac...
  channel '۴_قلب مختوم ' peerId=-95398039 (chatId=95398039, chatInviteAlready)
OK  #104 qalb_makhtum           peer=-95398039 music=7 voice=7 docs=0 title='۴_قلب مختوم '
Opening invite hash 1465517501C11f992297d...
  channel '۵_قلب منیب ' peerId=-96294746 (chatId=96294746, chatInviteAlready)
OK  #105 qalb_monib             peer=-96294746 music=19 voice=19 docs=0 title='۵_قلب منیب '
Opening invite hash 1479476669C1598214d06...
  channel '۶_قلب منحرف' peerId=-96294959 (chatId=96294959, chatInviteAlready)
OK  #106 qalb_monharef          peer=-96294959 music=12 voice=12 docs=0 title='۶_قلب منحرف'
Opening invite hash 1108215498C947f1883f9...
  channel '۹_قلب سلیم ' peerId=-113918478 (chatId=113918478, chatInviteAlready)
OK  #109 qalb_salim             peer=-113918478 music=9 voice=9 docs=0 title='۹_قلب سلیم '
Opening invite hash 1148126922Cc24ea4df05...
  channel '۱۰_قلب قسی' peerId=-113919087 (chatId=113919087, chatInviteAlready)
OK  #110 qalb_qasi              peer=-113919087 music=19 voice=19 docs=0 title='۱۰_قلب قسی'
Opening invite hash 1185351370Cb6b10ea37c...
  channel '۱۱_قلب مخبت' peerId=-113919655 (chatId=113919655, chatInviteAlready)
OK  #111 qalb_mokhbet           peer=-113919655 music=13 voice=13 docs=0 title='۱۱_قلب مخبت'
Opening invite hash 1220150986Cf4d4bcfc1a...
  channel '۱۲_قلب منافق ' peerId=-113920186 (chatId=113920186, chatInviteAlready)
OK  #112 qalb_monafeq           peer=-113920186 music=39 voice=39 docs=0 title='۱۲_قلب منافق '
Opening invite hash 1277691594C7038afa9f5...
  channel '۱۳_قلب مُمتحَن' peerId=-113921064 (chatId=113921064, chatInviteAlready)
OK  #113 qalb_momtahan          peer=-113921064 music=25 voice=25 docs=0 title='۱۳_قلب مُمتحَن'
Opening invite hash 1365378762Cf343b63419...
  channel '۱۴_قلب مکنون(نفهم) ' peerId=-113922402 (chatId=113922402, chatInviteAlready)
OK  #114 qalb_maknun            peer=-113922402 music=16 voice=16 docs=0 title='۱۴_قلب مکنون(نفهم) '
Opening invite hash 1772619466Ca1cc2f60cf...
  channel '۱۶_قلب قفل شده ( مقفول) ' peerId=-113928616 (chatId=113928616, chatInviteAlready)
OK  #116 qalb_maqful            peer=-113928616 music=8 voice=8 docs=0 title='۱۶_قلب قفل شده ( مقفول) '
Opening invite hash 1382680267C6c3c4561a6...
  channel '۱۷_قلب اغلف' peerId=-113988202 (chatId=113988202, chatInviteAlready)
OK  #117 qalb_aghlad            peer=-113988202 music=18 voice=18 docs=0 title='۱۷_قلب اغلف'
Opening invite hash 1519847115C0836da9731...
  channel '۱۸_قلب آثم ( گنهکار) ' peerId=-113990295 (chatId=113990295, chatInviteAlready)
OK  #118 qalb_athem             peer=-113990295 music=9 voice=9 docs=0 title='۱۸_قلب آثم ( گنهکار) '
Opening invite hash 1589970635Cf73dd1f50c...
  channel '۱۹_قلب مالوف' peerId=-113991365 (chatId=113991365, chatInviteAlready)
OK  #119 qalb_maluf             peer=-113991365 music=20 voice=20 docs=0 title='۱۹_قلب مالوف'
Opening invite hash 1756432098C794ea85ea4...
  channel '۲۰_قلب مُریب ' peerId=-115501233 (chatId=115501233, chatInviteAlready)
OK  #120 qalb_morib             peer=-115501233 music=31 voice=31 docs=0 title='۲۰_قلب مُریب '
Opening invite hash 3959883490C28e5e200df...
  channel '۲۱_قلب منزل' peerId=-115534855 (chatId=115534855, chatInviteAlready)
OK  #121 qalb_manzel            peer=-115534855 music=40 voice=40 docs=0 title='۲۱_قلب منزل'
Opening invite hash 95880931C894c4d1e48...
  channel '۲۲_قلب منغمر ' peerId=-115541431 (chatId=115541431, chatInviteAlready)
OK  #122 qalb_monghamer         peer=-115541431 music=22 voice=22 docs=0 title='۲۲_قلب منغمر '
Opening invite hash 98109155Cea383ac951...
  channel '۲۳_قلب لَیِن' peerId=-115541465 (chatId=115541465, chatInviteAlready)
OK  #123 qalb_layyen            peer=-115541465 music=21 voice=21 docs=0 title='۲۳_قلب لَیِن'
Opening invite hash 678561507C40f3bb62f2...
  channel '۲۴_قلب مشروب' peerId=-115550322 (chatId=115550322, chatInviteAlready)
OK  #124 qalb_mashrub           peer=-115550322 music=17 voice=17 docs=0 title='۲۴_قلب مشروب'
Opening invite hash 720963299C77260852b8...
  channel '۲۵_قلب مومن' peerId=-115550969 (chatId=115550969, chatInviteAlready)
OK  #125 qalb_momen             peer=-115550969 music=29 voice=29 docs=0 title='۲۵_قلب مومن'
Opening invite hash 794167011Cfea223baa4...
  channel '۲۶_قلب مرعوب' peerId=-115552086 (chatId=115552086, chatInviteAlready)
OK  #126 qalb_marub             peer=-115552086 music=13 voice=13 docs=0 title='۲۶_قلب مرعوب'

Wrote /Users/mohammadreza/IslamASR/Audios/Bayat/_eitaa_tmp/invite_inventory.json
Joined/opened 29/29 channels in the web session.
