Opening https://web.eitaa.com
Opening invite hash 1821050245C0dcdead1d0...
  channel 'احراز _عوذات_اذکار' peerId=-92630155 (chatId=92630155, chatInviteAlready)
OK  #1  ehras_awzat            peer=-92630155 music=49 voice=49 docs=8 title='احراز _عوذات_اذکار'
Opening invite hash 1823868293Cd2150a6e58...
  channel ' اسرار نماز ' peerId=-92630198 (chatId=92630198, chatInviteAlready)
OK  #2  asrar_ruzeh_namaz      peer=-92630198 music=20 voice=20 docs=7 title=' اسرار نماز '
Opening invite hash 1825113477C06ad3ef685...
  channel 'نامه ها برنامه ها' peerId=-92630217 (chatId=92630217, chatInviteAlready)
OK  #3  nameha_barnameha       peer=-92630217 music=59 voice=59 docs=0 title='نامه ها برنامه ها'
Opening invite hash 1835009413C75de289dee...
  channel 'شرح کتاب نهج الولایة' peerId=-92630368 (chatId=92630368, chatInviteAlready)
OK  #4  nahj_al_wilayah        peer=-92630368 music=9 voice=9 docs=0 title='شرح کتاب نهج الولایة'
Opening invite hash 1853293957C2fcc6e670f...
  channel 'کشکول نور ' peerId=-92630647 (chatId=92630647, chatInviteAlready)
OK  #5  kashkul_noor           peer=-92630647 music=87 voice=87 docs=0 title='کشکول نور '
Opening invite hash 3738961286C369066226e...
  channel ' رساله صد کلمه در معرفت نفس' peerId=-92724956 (chatId=92724956, chatInviteAlready)
OK  #6  sad_kalameh            peer=-92724956 music=79 voice=79 docs=0 title=' رساله صد کلمه در معرفت نفس'
Opening invite hash 2580350355Cd0fda29a03...
  channel 'بحار الانوار/کتاب الموت' peerId=-93559245 (chatId=93559245, chatInviteAlready)
OK  #7  al_mawt_bihar          peer=-93559245 music=175 voice=175 docs=0 title='بحار الانوار/کتاب الموت'
Opening invite hash 1836189061C9264c93d06...
  channel 'سرّ مکنون' peerId=-92630386 (chatId=92630386, chatInviteAlready)
OK  #8  sermaknoon             peer=-92630386 music=31 voice=31 docs=0 title='سرّ مکنون'
Opening invite hash 1833239941C7db8c8330e...
  channel 'انسان کامل از دیدگاه نهج البلاغه' peerId=-92630341 (chatId=92630341, chatInviteAlready)
OK  #9  ensan_kamel            peer=-92630341 music=11 voice=11 docs=0 title='انسان کامل از دیدگاه نهج البلاغه'
Opening invite hash 1564673415Cc53b545d3e...
  channel 'لقاء الله ' peerId=-92757315 (chatId=92757315, chatInviteAlready)
OK  #10 leghaallah             peer=-92757315 music=140 voice=140 docs=0 title='لقاء الله '
Opening invite hash 1839269253Ccfbb125b3f...
  channel 'درون مایه ماه مبارک رمضان' peerId=-92630433 (chatId=92630433, chatInviteAlready)
OK  #11 darunmayeh_ramadan     peer=-92630433 music=30 voice=30 docs=0 title='درون مایه ماه مبارک رمضان'
Opening invite hash 4107732358Cdef1d0326c...
  channel 'مقامات حضرت زهرا س' peerId=-92730583 (chatId=92730583, chatInviteAlready)
OK  #12 maqamat_zahra          peer=-92730583 music=11 voice=11 docs=0 title='مقامات حضرت زهرا س'
Opening invite hash 1840121221C8f7d5c67ac...
  channel 'موضوعیت سوختن' peerId=-92630446 (chatId=92630446, chatInviteAlready)
OK  #13 sukhtan                peer=-92630446 music=5 voice=5 docs=0 title='موضوعیت سوختن'
Opening invite hash 4257875345C037de8b370...
  channel 'شرح رساله سیر و سلوک سید بحرالعلوم' peerId=-93453770 (chatId=93453770, chatInviteAlready)
OK  #14 seyr_bahr_olum         peer=-93453770 music=50 voice=50 docs=0 title='شرح رساله سیر و سلوک سید بحرالعلوم'
Opening invite hash 4157932934C264982bb75...
  channel 'مسائل مهم عبادی، سیاسی، اجتماعی' peerId=-92731349 (chatId=92731349, chatInviteAlready)
OK  #15 masael_ebadi           peer=-92731349 music=23 voice=23 docs=0 title='مسائل مهم عبادی، سیاسی، اجتماعی'
Opening invite hash 3573679496C8468aa36a4...
  channel 'مقامات امام زمان عج ' peerId=-92853506 (chatId=92853506, chatInviteAlready)
OK  #16 maqamat_imam_zaman     peer=-92853506 music=5 voice=5 docs=0 title='مقامات امام زمان عج '
Opening invite hash 3668641160C798884f5f6...
  channel 'پرسش و پاسخ شیخ عبدالزهراء' peerId=-92854955 (chatId=92854955, chatInviteAlready)
OK  #17 porsesh_pasokh         peer=-92854955 music=43 voice=43 docs=0 title='پرسش و پاسخ شیخ عبدالزهراء'
Opening invite hash 422053274C6c089a2697...
  channel 'شرح منازل السائرین' peerId=-93985064 (chatId=93985064, chatInviteAlready)
OK  #18 manazel_saerein        peer=-93985064 music=4 voice=4 docs=0 title='شرح منازل السائرین'
Opening invite hash 4159440286C38da2600db...
  channel 'شرح زیارت جامعه کبیره ' peerId=-94304236 (chatId=94304236, chatInviteAlready)
OK  #19 ziyarat_jameh          peer=-94304236 music=2 voice=2 docs=0 title='شرح زیارت جامعه کبیره '
Opening invite hash 3987015062C73789534ef...
  channel 'رساله سیر و سلوک عملی علامه طباطبایی' peerId=-93777317 (chatId=93777317, chatInviteAlready)
OK  #20 seyr_tabatabai         peer=-93777317 music=26 voice=26 docs=0 title='رساله سیر و سلوک عملی علامه طباطبایی'
Opening invite hash 2912028064Cb9fd779798...
  channel 'دروس معرفت نفس' peerId=-94416274 (chatId=94416274, chatInviteAlready)
OK  #21 doroos_marefat_nafs    peer=-94416274 music=78 voice=78 docs=0 title='دروس معرفت نفس'

Wrote /Users/mohammadreza/IslamASR/Audios/Bayat/_eitaa_tmp/invite_inventory.json
Joined/opened 21/21 channels in the web session.
