resume #15 masael_ebadi (have 11 audio, leftover .part files)
Opening https://web.eitaa.com

=== 15 masael_ebadi مسائل عبادی _سیاسی_اجتماعی ===
Opening invite hash 4157932934C264982bb75...
  channel 'مسائل مهم عبادی، سیاسی، اجتماعی' peerId=-92731349 (chatId=92731349, chatInviteAlready)
Listing channel audio via getHistory (peerId=-92731349)...
  history pages=1 scanned=26 audio=23
  skip     (numbered) #عبادی #اجتماعی #سیاسی ۳-۹-۴۰۳.mp3
  queued   #عبادی_اجتماعی_سیاسی ۸-۷-۴۰۳.mp3 (9832803 bytes)
  queued   #عبادی #اجتماعی #سیاسی ۲-۴-۴۰۳.mp3 (9706989 bytes)
  queued   #عبادی #اجتماعی #سیاسی ۲۶-۳-۴۰۳_1.mp3 (9556524 bytes)
  skip     (numbered) #عبادی_اجتماعی_سیاسی ۱۲-۳-۴۰۳.mp3
  skip     (numbered) #عبادی #اجتماعی #سیاسی ۵-۳-۴۰۳.mp3
  queued   #عبادی # اجتماعی #سیاسی ۲۲-۲-۴۰۳.mp3 (8476517 bytes)
  skip     (numbered) #عبادی #اجتماعی #سیاسی ۸-۲-۴۰۳.mp3
  skip     (numbered) #عبادی # اجتماعی #سیاسی.mp3
  skip     (numbered) #عبادی #اجتماعی #سیاسی ۲۵-۱-۴۰۳.mp3
  skip     (numbered) #عبادی #اجتماعی #سیاسی ۱۸-۱-۴۰۳.mp3
  queued   _عبادی _ اجتماع-MP3MusicAmplifier.mp3 (14124424 bytes)
  skip     (numbered) #عبادی #اجتماعی #سیاسی ۲۸-۱۱-۴۰۲.mp3
  skip     (numbered) #عبادی #اجتماعی #سیاسی ۱۵-۱۱-۴۰۲.mp3
  skip     (numbered) #عبادی #اجتماعی #سیاسی ۱۴-۱۱-۴۰۲.mp3
  queued   #عبادی #اجتماعی #سیاسی ۸-۱۱-۴۰۲.mp3 (14067139 bytes)
  queued   #عبادی #اجتماعی #سیاسی ۱-۱۱-۴۰۲.mp3 (14905566 bytes)
  queued   #عبادی #فرهنگی #سیاسی.mp3 (14943600 bytes)
  queued   #عبادی # اجتماعی # سیاسی ۱۶-۱۰-۴۰۲.mp3 (14703274 bytes)
  queued   عبادی_سیاسی_اجتماعی 4.mp3 (6767430 bytes)
  skip     (numbered) #عبادی_اجتماعی_سیاسی. ۴۰۲۱۰۱۰.mp3
  queued   عبادی_سیاسی_اجتماعی2.mp3 (6397118 bytes)
  queued   مسائل عبادی_سیاسی_اجتماعی1.mp3 (4565071 bytes)
  wrote catalog with 23 item(s)
Queued 12 file(s) for download.
  download [1/12] #عبادی_اجتماعی_سیاسی ۸-۷-۴۰۳.mp3
           stream size=9832803 bytes resume@9437184
           failed: HTTP 416
  download [2/12] #عبادی #اجتماعی #سیاسی ۲-۴-۴۰۳.mp3
           stream size=9706989 bytes resume@9437184
           failed: HTTP 416
  download [3/12] #عبادی #اجتماعی #سیاسی ۲۶-۳-۴۰۳_1.mp3
           stream size=9556524 bytes resume@9437184
           failed: HTTP 416
  download [4/12] #عبادی # اجتماعی #سیاسی ۲۲-۲-۴۰۳.mp3
           stream size=8476517 bytes resume@8388608
           failed: HTTP 416
  download [5/12] _عبادی _ اجتماع-MP3MusicAmplifier.mp3
           stream size=14124424 bytes resume@13631488
           failed: HTTP 416
  download [6/12] #عبادی #اجتماعی #سیاسی ۸-۱۱-۴۰۲.mp3
           stream size=14067139 bytes resume@13631488
           failed: HTTP 416
  download [7/12] #عبادی #اجتماعی #سیاسی ۱-۱۱-۴۰۲.mp3
           stream size=14905566 bytes resume@14680064
           failed: HTTP 416
  download [8/12] #عبادی #فرهنگی #سیاسی.mp3
           stream size=14943600 bytes resume@14680064
           failed: HTTP 416
  download [9/12] #عبادی # اجتماعی # سیاسی ۱۶-۱۰-۴۰۲.mp3
           stream size=14703274 bytes resume@14680064
           failed: HTTP 416
  download [10/12] عبادی_سیاسی_اجتماعی 4.mp3
           stream size=6767430 bytes resume@6291456
           failed: HTTP 416
  download [11/12] عبادی_سیاسی_اجتماعی2.mp3
           stream size=6397118 bytes resume@6291456
           failed: HTTP 416
  download [12/12] مسائل عبادی_سیاسی_اجتماعی1.mp3
           stream size=4565071 bytes resume@4194304
           failed: HTTP 416
Done masael_ebadi: downloaded=0 skipped=11 failed=12 filtered=0
