Provider: ElevenLabs Scribe (scribe_v2)
Progress file (updated after each chunk): Audios/AyatollahShojaee/Tazkiyeh/121/121_تجلي انوار ربوبي در قلب سالک _ بحث تزکیه.partial.txt
  preparing audio (121_تجلي انوار ربوبي در قلب سالک _ بحث تزکیه.mp3)...
  21:54 → 1 request(s)
  progress file: Audios/AyatollahShojaee/Tazkiyeh/121/121_تجلي انوار ربوبي در قلب سالک _ بحث تزکیه.partial.txt
  [1/1] 0:00–21:54 (7698 KB)...
      → 13439 chars: اعوذ بالله السميع العليم من الشيطان الرجيم. بسم الله الرحمن الرحيم. اینجا بهتر است من نام‌های اینها را به شما بگم که دیگه مطلب‌ات تمام می‌کنیم و... اونی که به اصطلاح نور وقتی در چش…

============================================================
TRANSCRIPTION (preview)
============================================================
اعوذ بالله السميع العليم من الشيطان الرجيم. بسم الله الرحمن الرحيم. اینجا بهتر است من نام‌های اینها را به شما بگم که دیگه مطلب‌ات تمام می‌کنیم و... اونی که به اصطلاح نور وقتی در چشم انسان متجلی شد و ظهور کرد در مراحل ابتداییه، با چشم چیزهایی را دید. چیزهایی را دید. اینها را میگن کشف ابصاری، کشف ابصاری. البته کشف ابصاری مراحل دارد. قبلا من به این مراحل ابتدایی‌اش اشاره کردم. هرچه هست نور در قلب وقتی در چشم جلوه گر شد از قلب مشعر چشم زد و چشم از دید بالاتر بهره‌مند شد و دیدم که لا که عادی افراد نمی‌بینند یا خود قبلا نمی‌دید. هرچی دید خودش در مراحلی مختلف است ولی کلش را میگن کشف ابصاری. در اصطلاح اینجا میگن، میگن کشف ابصاری. اولش شروع می‌شود از انواع دیدن، بعضی از مناظر دیدن. بعد از اونجا می‌گذرد به به اصطلاح دیدن برازخ یعنی برزخ‌ها، برزخ‌ها را دیدن که اینها مراحل ابتدایی کشف ابصار است. عالم برزخ را دیدن، برزخ‌ها را دیدن، احوال برزخی‌ها را دیدن، مسائل برزخ را مشاهده کردن که مراحل ابتداییه و اولیه‌ی کشف ابصار است که برای صالح پیش میاد. از اونجا که گذشت یعنی از برزخ گذشت، کشف ابصار به بالاتر، کشف‌های بالاتر. البته به تناسب مناظر پیش میاد. کشف ابصار. اونجا که نور در سامعه جلوه گر می‌شود یعنی نور از قلب به سامعه می‌زند. اونجا به سامعه یعنی گوش می‌شنود چیزهایی را که عادی نمی‌شنود یا خودش قبلاً نشنیده. این کشف را میگویند کشف سماعی، کشف سماعی. چون به یک چیز gennem می‌برد. این هم باز مراتب دارد. مراحل اولیه‌اش اصواتی می‌شود. بعد اصواتی علنا در اون اوائل اوایلش معنی ندارد. بعضی از اصوات می‌شنود. بعضی اصوات مانند صدای زنبور عسل است، زنبورهای عسل است. گاهی مانند صدای به اصطلاح چی؟ طنین دارد مانند یک نوع خاصی صدای زنگ طنین دار است. حالا این تفاوت هست همه یکصد نیست ولی این شکل‌ها می‌شود. گاهی صداهایی می‌شود که مشحون است گاهی شدت صداها و یا آشفتگی صداها می‌شود به صورت معنی‌دار قابل استفاده از برازخ می‌گذرد به سطح کشف سماعه در مراحل بالاترش یعنی کشف موجودات و امثال اینها که مراحل عادی نیست. کشف سماعی، کشف سماعی هم گفتم باز تکرار می‌کنم از مراحل ابتداییه شروع می‌شود به مراحل بالاتری. اونی که نور به اصطلاح می‌زند به عرض کنم که سامعه و انسان استشمام می‌کند، استشمام می‌کند. به اصطلاح بعض
… (truncated; see saved file for full transcript)

============================================================
SUMMARY
============================================================
Input file      : 121_تجلي انوار ربوبي در قلب سالک _ بحث تزکیه.mp3
Provider        : ElevenLabs Scribe (scribe_v2)
Audio duration  : 21:54 (1313.75 s)
Requests        : 1
Billed duration : 1314 s (rounded up to nearest second)
Rate            : $0.22 / audio hour
Estimated cost  : $0.080285 USD
Transcript saved: Audios/AyatollahShojaee/Tazkiyeh/121/121_تجلي انوار ربوبي در قلب سالک _ بحث تزکیه.txt
============================================================
