Provider: ElevenLabs Scribe (scribe_v2)
Progress file (updated after each chunk): Audios/AyatollahShojaee/Tazkiyeh/119/119_تجلی اسم غفور در عالم هستی _ بحث تزکیه.partial.txt
  preparing audio (119_تجلی اسم غفور در عالم هستی _ بحث تزکیه.mp3)...
  14:33 → 1 request(s)
  progress file: Audios/AyatollahShojaee/Tazkiyeh/119/119_تجلی اسم غفور در عالم هستی _ بحث تزکیه.partial.txt
  [1/1] 0:00–14:33 (5113 KB)...
      → 8893 chars: اعوذ بالله السميع العليم من الشيطان الرجيم. بسم الله الرحمن الرحيم. در این جلسه هم در دنباله مبحثی که داشتیم در تجلیات ربوبیت برای صالح صادق با صفت جمال، با صفت جلال را اول نمونه‌ه…

============================================================
TRANSCRIPTION (preview)
============================================================
اعوذ بالله السميع العليم من الشيطان الرجيم. بسم الله الرحمن الرحيم. در این جلسه هم در دنباله مبحثی که داشتیم در تجلیات ربوبیت برای صالح صادق با صفت جمال، با صفت جلال را اول نمونه‌هایی گفتیم با صفت جمال که در مجموع صالح را به حال اندوه، امید و رجا می‌آورد. تجلی است با صفت مغفران و مغفرت که غیر از عفو است. یا تجلی ربوبیت با اسم غفور و افوار که غیر از عفو است. البته فرق بین عفو و غفران را از هفته گذشته تاحدودی اشاره کردم که قبلاً هم من در بعضی از نوشته‌هام، مقالاتی که من نوشتم اگر به دستتان رسیده باشد و فرق بین عفو و غفران در اونچه که گفتیم یا خنده گفتم و نوشتم خلاصه نمی‌شود. خیلی فرق باریک و خیلی دارای ابعاد و اسرار است. ان شا الله که خود شما خدا عنایت می‌کند بهتر متوجه می‌شوید. مخصوصاً حالا در همین جا من دوباره توصیه می‌کنم که به آیاتی که در آن‌ها کلمه عفو، مشتقات عفو به کار رفته و در اشارات اون آیات و همچنین در آیاتی که زیاد هم هست تعدادش نسبت به اون آیاتی که در آن‌ها عفو است، در آیاتی که مغفرت، غفران و مشتقاتش و عفو، غفار. مغفرت با اجتهادات مختلف مطرح شده در قرآن کریم که گفتم خیلی زیاد است و همه‌اش هم چون که قرآن سخن است و دارای اشارات و نماد است برای هرکسی به اندازه‌ی خودش تأمل زیاد می‌فرمایید. حالا ببینید مسئله غفران چیه؟ این یک نظر می‌شود گفت که آنچه برای انسان هست در این آفرینش مقدّس است در غفران خلاصه می‌شود. غفران دائرش خیلی وسیع است، ابعادش خیلی میتند به است و غفران در صورت‌های مختلف است. این‌جوری که از قرآن استفاده می‌شود غفران قبل از توبه است، غفران بعد از توبه است، غفران قبل از به خود آمدن است، غفران بعد از به خود آمدن است، غفران قبل از عفو است، غفران بعد از عفو است. که من اون وقت به یکی‌ش اشاره کردم نظرتون هست؟ گفتم که اگر خدای متعال بخواهد با اسم عفویش برای صالح تجلی بکند و اون سابقه صالح را از او و او را از سابقه اشتباهش است جدا بکند که این تجلی عفو با صفت عفو بود، بسیار نیاز دارد قبل از تجلی عفو با صفت غفور. این غفران قبل از به اصطلاح عفو است. بلعکسش هم هست یعنی بعد از عفو هم غفران دیگری هست که البته اینها همه غیر عمدند. بالاخره این‌که تا این حد غفران زیاد است و نمی‌شود در این صحبت‌ها با این موصله‌های کم و با این ظرفیت‌های کم و با این عدم طلاعت خودم م
… (truncated; see saved file for full transcript)

============================================================
SUMMARY
============================================================
Input file      : 119_تجلی اسم غفور در عالم هستی _ بحث تزکیه.mp3
Provider        : ElevenLabs Scribe (scribe_v2)
Audio duration  : 14:33 (872.60 s)
Requests        : 1
Billed duration : 873 s (rounded up to nearest second)
Rate            : $0.22 / audio hour
Estimated cost  : $0.053326 USD
Transcript saved: Audios/AyatollahShojaee/Tazkiyeh/119/119_تجلی اسم غفور در عالم هستی _ بحث تزکیه.txt
============================================================
