Provider: ElevenLabs Scribe (scribe_v2)
Progress file (updated after each chunk): Audios/AyatollahShojaee/Tazkiyeh/076/076_عجب 1 _ بحث تزکیه.partial.txt
  preparing audio (076_عجب 1 _ بحث تزکیه.mp3)...
  35:51 → 1 request(s)
  progress file: Audios/AyatollahShojaee/Tazkiyeh/076/076_عجب 1 _ بحث تزکیه.partial.txt
  [1/1] 0:00–35:51 (12607 KB)...
      → 22025 chars: اعوذ بالله السميع العليم من الشيطان الرجيم. بسم الله الرحمن الرحيم. معمولا برای ماها روشن است که عجب از خطرات راه است و از مهلکات است و کسی که در مقام سلوک عبودی مبتلا به عجب باشد …

============================================================
TRANSCRIPTION (preview)
============================================================
اعوذ بالله السميع العليم من الشيطان الرجيم. بسم الله الرحمن الرحيم. معمولا برای ماها روشن است که عجب از خطرات راه است و از مهلکات است و کسی که در مقام سلوک عبودی مبتلا به عجب باشد سلوکش به جایی نمیرسد. یعنی نمیتواند سلوک داشته باشد. متوقف می گردد یا سادق میشود. معنی عجب چیست؟ اولا معنی عجب را عرض بکنیم. عجب در کل معنی وسیع عجب که در لسان علما اخلاق عنوان میشود معنی وسیع و عامش عبارت است از اینکه انسان کسی خودش را بزرگ بیند غیر از کبر. از خوب دقت بکنید که در مقایسه به دیگران نیست. فعلا مسئله این است که کسی از خودش راضی باشد خودش را صاحب کمالی، نعمت، امتیازی ببیند، بداند نه نسبت به دیگران. در عالم خودش اگر مقایسه به دیگران و نسبت به دیگران مطرح باشد آن مسئله کبر است. آن غیر از این است که کبر را هم شنیده اید. همین قدر انسان از خودش راضی باشد و خودش را بزرگ ببیند در عالم خودش به لحاظ صفتی، به لحاظ کمالی، به لحاظ عملی، امتیازی. حالا چه عبادت باشد، چه علم باشد و چه خصوصیات دیگر مثلا مال باشد، جمال باشد، هنر باشد، قدرت باشد، قدرت بدنی باشد، هرچه باشد منصب باشد. اونی که معروف است شماها و ماها شنیده ایم معمولا در عجب که زیاد در ذهن ما مرتکز است عجب به عبادت است. این عجب به عبادت که یکی از مهلکات است انسان به لحاظ عباداتی که دارد برای خودش حساب قائل بشود از خودش خوشش بیاید یا از خودش راضی باشد به لحاظ عبادات و حرکت عبودیت این گوشه ای یا صورتی از عجب به معنی وسیع است که الان عرض کردم. عجب به معنی وسیع فرق نمی کند کسی عجب داشته باشد به لحاظ عباداتش، به لحاظ علمش، به لحاظ مالش، به لحاظ جمالش، به لحاظ شجاعتش، به لحاظ هر صفتی، هر کمالی، هر نعمتی که براش است خودش را به اصطلاح بزرگ ببیند در عالم خودش راضی باشد خوش باشد. این از مهلکات است. در معنی وسیعش از مهلکات است و در هر صورتی برای انسان در مقام سلوک عبودیتش مهلک است و خطر دارد. البته اونی که از این معنی وسیع عجب برای ما زیاد برای ماها یعنی زیاد مطرحه است عجب به عبادت است که ما بیشتر روی اون تکیه خواهیم کرد. اما ممکن است غفلت داشته باشیم. فکر بکنیم که انسان اگر در مقام عبودیت به لحاظ عباداتش اگر چنانچه عجب نداشته باشد و اما به لحاظهای دیگه عجب بگیرد این براش مضر نیست. نباید اینجور فکر بکنیم. for this من معنی وسیعش را عرض میکنم. ح
… (truncated; see saved file for full transcript)

============================================================
SUMMARY
============================================================
Input file      : 076_عجب 1 _ بحث تزکیه.mp3
Provider        : ElevenLabs Scribe (scribe_v2)
Audio duration  : 35:51 (2151.47 s)
Requests        : 1
Billed duration : 2152 s (rounded up to nearest second)
Rate            : $0.22 / audio hour
Estimated cost  : $0.131479 USD
Transcript saved: Audios/AyatollahShojaee/Tazkiyeh/076/076_عجب 1 _ بحث تزکیه.txt
============================================================
