=== SiyasatDarQuran ASR start Thu Sep  3 14:04:12 PDT 2026 ===
Provider: elevenlabs  language: fa  sessions: 001-016

=== [001] Thu Sep  3 14:04:12 PDT 2026 ===
  input: Audios/Qasemian/SiyasatDarQuran/001/001_سیاست_خارجی_در_قرآن_جلسه_001.mp3
Provider: ElevenLabs Scribe (scribe_v2)
Progress file (updated after each chunk): Audios/Qasemian/SiyasatDarQuran/001/001_سیاست_خارجی_در_قرآن_جلسه_001.partial.txt
  preparing audio (001_سیاست_خارجی_در_قرآن_جلسه_001.mp3)...
  1:08:20 → 1 request(s)
  progress file: Audios/Qasemian/SiyasatDarQuran/001/001_سیاست_خارجی_در_قرآن_جلسه_001.partial.txt
  [1/1] 0:00–1:08:20 (24023 KB)...
      → 39532 chars: اعوذ بالله من الشيطان الرجيم. بسم الله الرحمن الرحيم. ابه نستعين. و صلي الله على سيدنا محمد و آله الطاهرين. اللهم صل على محمد و آل محمد. در عید شادی ارواح طی پیش‌مردگان، روح عظمت ا…

============================================================
TRANSCRIPTION (preview)
============================================================
اعوذ بالله من الشيطان الرجيم. بسم الله الرحمن الرحيم. ابه نستعين. و صلي الله على سيدنا محمد و آله الطاهرين. اللهم صل على محمد و آل محمد. در عید شادی ارواح طی پیش‌مردگان، روح عظمت امام، همه گذشتگان، ذوالحقوق، پدر، مادرمون، معلمان و اساتیدمون. الله تعالي طمأث ثواب. اللهم. اللهم ان لم تكن غفرت لنا في ما مضى من شعبان اغفر لنا فيما بقي منه. اللهم ان لم تكن غفرت لنا في ما مضى من شعبان اغفر لنا فيما بقي منه. اللهم ان لم تكن غفرت لنا في ما مضى من شعبان اغفر لنا فيما بقي منه. سه سه سه سه سه سه. اللهم. حالا در آستانه ماه مبارک رمضان هم هستیم. برای سوالی که عزیزمون می‌کرد حالا چه از نماز شب، چه از قرآن خوندن همه اینا قراره به عبودیت برسیم واقعا. جلوه عبودیت هم در، اه، یکی از جاهایی که خوب خودشو نشون میده در اطاعت از ولیه. یعنی اگر کسی اطاعت از ولی کرد-- ببخشید منم سر بخوردم حالم خوب نیست. اطاعت از ولی کرد، به اون مسیر قدم برداشت یعنی که به، چه می‌گفتن؟ به رهآورد در حقیقت عبادات و همه این نماز شب‌ها و قرآن‌ها و این‌ها رسیدن. البته یه رسمی داشتن بزرگان، علما، خود نبی مکرم اسلام اینا ماه رمضون یه مقدار خلوت می‌کردن عموما. این بحثی که ما تحت عنوان عزلت داریم تو روایات هم داریم اتفاقا. با همون آیه رهبانیت [آیه قرآن] اونجا فی الجمله Allah میگن این رهبانیت چیز بدی هم نیست با اینکه ما ننوشته بودیم براشونه. ولی ابداع بدی نبود. یه چیز خوبی بود در مورد دادن خودشون. اینها رسول الله که حدیث است. منتها فقط اشکالش این بود که فما رهب حق رعایته. اون روز مراعات نکردند. یعنی نه خود یه گوشه نشینی، عزلت نشینی، یه دیگه از مجموعه کارهای اجتماعی اینا یه مقداری آدم فاصله بگیره و به همین عباداتی که معروف به عبادات رسمیه، قرآن بخونه، نماز بخونه، نماز شب بخونه. یه مقداری خودشو به این عنوان مثلا نزدیک می‌کنن و برای بقیه دعا بکنن و برای سربلندی اسلام، مسلمین، برای همه اینا دعا بکنه. این ذیل همین [آیه قرآن] اونجا اومده که انقدر پیغمبر خدا رو پا و پای می‌زدن حتی تورّت تورّمت قدماها این پاهاشون ورم می‌کرد و هی با اطراف اعصاب هی با این واسه هی پا به پا اینجوری می‌شدن برای اینکه پاهاشون و بعد همسرشون بهشون میگه که شما فکر کنم یکی از احادیث یا بیسته یا بیست و یکه چهل حدیث امام مفصل توضیح میدن که شما مثلا اگه خدا
… (truncated; see saved file for full transcript)

============================================================
SUMMARY
============================================================
Input file      : 001_سیاست_خارجی_در_قرآن_جلسه_001.mp3
Provider        : ElevenLabs Scribe (scribe_v2)
Audio duration  : 1:08:20 (4099.79 s)
Requests        : 1
Billed duration : 4100 s (rounded up to nearest second)
Rate            : $0.22 / audio hour
Estimated cost  : $0.250543 USD
Transcript saved: Audios/Qasemian/SiyasatDarQuran/001/001_سیاست_خارجی_در_قرآن_جلسه_001.txt
============================================================
[001] OK → 001_سیاست_خارجی_در_قرآن_جلسه_001.txt (328411 bytes)

=== [002] Thu Sep  3 14:08:48 PDT 2026 ===
  input: Audios/Qasemian/SiyasatDarQuran/002/002_سیاست_خارجی_در_قرآن_جلسه_002.mp3
Provider: ElevenLabs Scribe (scribe_v2)
Progress file (updated after each chunk): Audios/Qasemian/SiyasatDarQuran/002/002_سیاست_خارجی_در_قرآن_جلسه_002.partial.txt
  preparing audio (002_سیاست_خارجی_در_قرآن_جلسه_002.mp3)...
  1:13:06 → 1 request(s)
  progress file: Audios/Qasemian/SiyasatDarQuran/002/002_سیاست_خارجی_در_قرآن_جلسه_002.partial.txt
  [1/1] 0:00–1:13:06 (25702 KB)...
      → 46682 chars: مدن و آله. سلام. صلاة الآل الطاهره مع روح عظمة الإمام من يوم ولادته وأباه وأمه ومعلمانا وأساتدتنا امام و شهيدمون الفاتحه ما السالحه. الفاتحه ما السالحه. خب عزیزان آآآ چون همون درس …

============================================================
TRANSCRIPTION (preview)
============================================================
مدن و آله. سلام. صلاة الآل الطاهره مع روح عظمة الإمام من يوم ولادته وأباه وأمه ومعلمانا وأساتدتنا امام و شهيدمون الفاتحه ما السالحه. الفاتحه ما السالحه. خب عزیزان آآآ چون همون درس تفسیر قرآنی که تو سر کلاس بوده یا سر کلاس تعطیل بوده ما خودمون رو دعوت کردیم اینجا. بله. بعد [خنده] یه دیدیم چقدر کلاس نذاریم پیش مثلا آقا خوشحال میشه نه دیگه. الانم جون میده بزنه بخندیم [خنده] اینجا یدونه حالی حال میده. یعنی اسممون تو تاریخ میره. لذا عزیزان قرآن دستشون باز کنن، قرآن بگیرن دستشون چون ما آیات از قرآن می‌بینیم و اصرار داریم که قرآن باشه برای اینکه حمل بر خودستایی هم بشود من چند بار حضرت آقا تا قرآن تقسیم کنیم من از خودم تعریف کنم می‌خوندم. چند بار حضرت آقا به روی من آوردن که چقدر خوبه که شما سخنرانی‌تون مشحونه از آیات قرآن می‌گفتن و می‌گفتن که یه بارم گفتن کاش خطبا آیه قرآن زیاد بخونن. متأسفانه ماها با قرآن آشنا نیستیم اصلاً فارغ از اینکه بخوایم بخونیم یا نخونیم اصلاً با اون فضا و ادبیات قرآن تو این بحث‌ها آشنا نیستیم و اگر هم بخوایم به معارف عمیق قرآن پی ببریم، اسلام پی ببریم قانون اساسیش قرآنه دیگه یعنی شما باید قانون اساسیش رو بلد باشی [مکث]. ما اجمالا اگه فهمیدی که من دارم از خودم تعریف کردم دیگه یه نوشابه برای خودم باز کردم همینجوری به صورت کاملاً ریز. به خدمت مبارکتون عارضیم ما سوره نور که تمام شد یه بحثی رو شروع کردیم متوقف شد به دلیل هم ماه مبارک رمضان و هم جنگ و اینا دیگه البته. اون بحث سیاست خارجی بود. بحث سیاست خارجی در قرآن که بحث بسیار هم مهمیه. چونکه سیاست خارجی از اون طرف لبش با کفار میگیره، لبش به منافقین میگیره، به جریان وعده‌های الهی میگیره و همه این‌ها. [مکث] برای اینکه دوستان عزیز احتمالا جلسه اولش رو نبودید درسته؟ فکر می‌کنم مثلا از دوستان بیشتر نبودن. از اینجا هم من نمی‌خوام همون بحث رو تکرار کنم ولی در حدی یه overlay به این بحث بدم و ادامه میدم. دیگه حالا دیگه دوستان برن همون قسمت اولشو ببینن. یکی از آیات بسیار مهم توی این بحث که حکم قاعده داره یعنی حاکم بر قواعد دیگه‌ست. یعنی بقیه قواعد رو رنگ می‌زنه و قید می‌زنه بقیه قواعد رو، قاعده نفی سبیله که در آیه صد و چهل و یک سوره مبارکه نساء صفحه صد و یک این قاعده آمده. قاعده نفی سبیل. این قاعده اولا باز دوبا
… (truncated; see saved file for full transcript)

============================================================
SUMMARY
============================================================
Input file      : 002_سیاست_خارجی_در_قرآن_جلسه_002.mp3
Provider        : ElevenLabs Scribe (scribe_v2)
Audio duration  : 1:13:06 (4386.35 s)
Requests        : 1
Billed duration : 4387 s (rounded up to nearest second)
Rate            : $0.22 / audio hour
Estimated cost  : $0.268055 USD
Transcript saved: Audios/Qasemian/SiyasatDarQuran/002/002_سیاست_خارجی_در_قرآن_جلسه_002.txt
============================================================
[002] OK → 002_سیاست_خارجی_در_قرآن_جلسه_002.txt (385624 bytes)

=== [003] Thu Sep  3 14:11:37 PDT 2026 ===
  input: Audios/Qasemian/SiyasatDarQuran/003/003_سیاست_خارجی_در_قرآن_جلسه_003.mp3
Provider: ElevenLabs Scribe (scribe_v2)
Progress file (updated after each chunk): Audios/Qasemian/SiyasatDarQuran/003/003_سیاست_خارجی_در_قرآن_جلسه_003.partial.txt
  preparing audio (003_سیاست_خارجی_در_قرآن_جلسه_003.mp3)...
  1:05:37 → 1 request(s)
  progress file: Audios/Qasemian/SiyasatDarQuran/003/003_سیاست_خارجی_در_قرآن_جلسه_003.partial.txt
  [1/1] 0:00–1:05:37 (23069 KB)...
      → 36140 chars: الع محمد و آل محمد. جهت شادی ارواح طیبه شهدا، روح حضرت امام، همه گذشتگان ذوی الحقوق، پدر و مادرمون، معلمان و اساتیدمون، امام شهیدمون. الفاتحه ما الصلوات. Фاتحه ما الصلوات. صفحه سیص…

============================================================
TRANSCRIPTION (preview)
============================================================
الع محمد و آل محمد. جهت شادی ارواح طیبه شهدا، روح حضرت امام، همه گذشتگان ذوی الحقوق، پدر و مادرمون، معلمان و اساتیدمون، امام شهیدمون. الفاتحه ما الصلوات. Фاتحه ما الصلوات. صفحه سیصد و سی رو بیارین. صفحه [سرفه] سیصد و چهل و پنج. خب در مورد بحث سیاست خارجی در قرآن داشتیم یه سری مباحثی رو می‌گفتیم. [سرفه] من این رو فکر کنم جلسه قبل هم گفتم سیاست خارجه انقدر بحث مهمیه که حتی [سرفه] اصول قانون اساسی رو اگه دقت بش بکنید-- صدام میرسه؟ ب-به من نمیرسه نمی‌دونم به شما می‌رسه. کجا هستم؟ حالا اگه میرسه که خوب نیست [سرفه]. که ما در قانون اساسیمون قانون‌گذار هم حتی این نکته رو دیده که سیاست خارجه تقریباً ارتباطی به قوه مجریه نداره. یعنی شما اصول قانون اساسی رو که ببینید، حالا بعد از کلیات و چه و بعد از موارین مهمی که وجود داره میرسه به فصل در حقیقت هفت که بحث فصل هفت بحث دولت فقیه از اصل صد و هفت قانون اساسی شروع میشه. بعد از اون میرسه به قوه مقننه که فصل هشت. بعد میرسه به قوه مجریه میشه فصل نه. قبل از اینکه بره در فصل بعدی که بشه قوه قضائیه، یه فصل جدا می‌کنه. فصل ده میشه سیاست خارجه. یعنی قانون‌گذار این رو ذیل قوه مجریه تعریف نمی‌کنه. جدا، یعنی قوه مجریه که تعریف می‌کنه بعد سیاست یه فصل داره سیاست خارجه و بعدش در حقیقت قوه قضائیه. یعنی جدا می‌کنه این رو کأنّ و گویا در نظر قانون‌گذار این بوده که سیاست خارجه بحثی مربوط به دولت‌ها نیست. بحثی مربوط به اینکه این دولت تعیین بکنه یا اون دولت تعیین بکنه. نه، سیاست خارجه مربوط به شؤونات حاکمیت اسلامه و اون تعیین می‌کنه. لذا [سرفه] اینکه هر-- باید اینو ادبیات کرد که هر رئیس جمهوری که بیاد برای خودش یه سیاست خارجه تعیین بکنه اینها نه این خبرها نیست و شعار‌های انتخاباتی تو حوزه سیاست خارجه شعار‌هاییه که باید به مزاج اصلی قانون‌گذار، قانون اصلی بخواند، تطبیق با اون داشته باشه. یهویی کسی نیاد یهویی شعار بده چه می‌دونم س-- چرخ سانتریفیوژ بچرخد، چرخ زندگی مردم هم بچرخد. نمیدونم فلان می‌کنیم ما ارتباطمون با دنیا. فلان می‌کنیم، صلح می‌کنیم، سازش می‌کنیم، درمیاریم کارو اینا، با حال که اصلا سیاست خارجی ما یه همچین چیزی بر نمی‌تابه. خب؟ می‌خوام بهتون بگم این نقطه جزء نقاط مهمه که باید حواس جامعه به نوع مطالبه‌گری سر سیاست خارجه داشته باشه. این یه ت
… (truncated; see saved file for full transcript)

============================================================
SUMMARY
============================================================
Input file      : 003_سیاست_خارجی_در_قرآن_جلسه_003.mp3
Provider        : ElevenLabs Scribe (scribe_v2)
Audio duration  : 1:05:37 (3937.07 s)
Requests        : 1
Billed duration : 3938 s (rounded up to nearest second)
Rate            : $0.22 / audio hour
Estimated cost  : $0.240599 USD
Transcript saved: Audios/Qasemian/SiyasatDarQuran/003/003_سیاست_خارجی_در_قرآن_جلسه_003.txt
============================================================
[003] OK → 003_سیاست_خارجی_در_قرآن_جلسه_003.txt (297371 bytes)

=== [004] Thu Sep  3 14:13:31 PDT 2026 ===
  input: Audios/Qasemian/SiyasatDarQuran/004/004_سیاست_خارجی_در_قرآن_جلسه_004.mp3
Provider: ElevenLabs Scribe (scribe_v2)
Progress file (updated after each chunk): Audios/Qasemian/SiyasatDarQuran/004/004_سیاست_خارجی_در_قرآن_جلسه_004.partial.txt
  preparing audio (004_سیاست_خارجی_در_قرآن_جلسه_004.mp3)...
  53:53 → 1 request(s)
  progress file: Audios/Qasemian/SiyasatDarQuran/004/004_سیاست_خارجی_در_قرآن_جلسه_004.partial.txt
  [1/1] 0:00–53:53 (18943 KB)...
      → 33781 chars: السلام علیکم و رحمة الله. اعوذ بالله من الشيطان الرجيم. بسم الله الرحمن الرحيم وبہ نستعين وصلى الله على سيدنا محمد وآله الطاهرين. جهت شادی ارواح طیبه شهدا، روح حضرت امام، همه گذشتگ…

============================================================
TRANSCRIPTION (preview)
============================================================
السلام علیکم و رحمة الله. اعوذ بالله من الشيطان الرجيم. بسم الله الرحمن الرحيم وبہ نستعين وصلى الله على سيدنا محمد وآله الطاهرين. جهت شادی ارواح طیبه شهدا، روح حضرت امام، همه گذشتگان، ذو الحقوق، پدر، مادرمون، معلمان و اساتیدمون، امام شهیدمون. الفاتحه ما الصلوات. [سرفه] خب موضوعی رو که عزیزان امر کردن که من یه مقداری راجع بهش صحبت بکنم [سرفه] موضوع مهم تاب آوریه [سرفه]. اما قبل از پرداخت به این موضوع مجدداً این یک موضع‌گیری اِممم برای شناخت صحنه که چه صحنه ای داره اتفاق میفته و ما وضعیت خودمون رو چجوری باید انطباق بدیم با همچین صحنه ای. این نکته رو [سرفه] باید مکرر یادآوری کرد که اگر انسانی، مجموعه ای نعمت‌های الهیشو نبینه خدا محروم می‌کنه از دیدن نعمت‌های بعدی. اتفاق بزرگی افتاده انصافاً. یعنی ابرقدرت جهان واقعاً به یه حدی به زانو دراومد. اون کسی که اِممم سه روزه می‌خواست مسئله رو حل بکنه دیگه. با دنیا هم همینجور برخورد می‌کنه و نتیجه هم می‌گرفت. حالا رو موضع تاب آوری عرض خواهم کرد [سرفه]. خب پس از چهل روز بله خسارت خوردیم، خسارت زدیم ولی چیزی که نشکسته اراده مردمه. اینی که بابت مذاکراتی از روز جمعه حالا یک آتش‌بسی اعلام شده انقدی که با بینات میشه حرف زد، با بینات. میشه حرف زد این است که ما باید ببینیم که آخرین دستورات رهبر انقلابمون چیه. اگر اون آخرین دستورات داره میره جلو، خب داره میره جلو دیگه. یعنی برابره با موازینه. چون که جبهه نفاق اگر ما نگرانش هستیم و نگرانی به حق هم وجود داره، همه دنیا از جنگ می‌ترسن ما از صلح کلاً می‌ترسیم به واسطه وجود جبهه نفاق. جبهه نفاق یک خاصیت و ویژگی خیلی روشنی که داره همینه "وإذا قيل لهم تعالوا إلى ما أنزل الله وإلى الرسول رأيت المنافقين يصدون عنك صدودا". وقتی که دعوت بشن به قرآن یعنی معارف و اون محور معارف که میخواد اینا رو روی زمین تطبیق بده، رسول عنوانش در قرآن که اگر می‌بینید حضرت امام میگن ولایت فقیه همان ولایت رسول الله هست. منظورشون این نیست که فقیه مثلاً رسول الله که نه، منظورش این است که این یه صندلی‌ایه که رو همین صندلی نشسته به جهت ولایت‌های تشریعی، نه به جهت ولایت‌های تکوینی. البته این صندلی، صندلی مؤیدی هست. این هست در روایات ما هم هست که کسی که بر این صندلی بنشینه موفقٌ مسددٌ. خیلی هم طبیعیه این آدم موفق مسدد باشه. مث
… (truncated; see saved file for full transcript)

============================================================
SUMMARY
============================================================
Input file      : 004_سیاست_خارجی_در_قرآن_جلسه_004.mp3
Provider        : ElevenLabs Scribe (scribe_v2)
Audio duration  : 53:53 (3232.87 s)
Requests        : 1
Billed duration : 3233 s (rounded up to nearest second)
Rate            : $0.22 / audio hour
Estimated cost  : $0.197564 USD
Transcript saved: Audios/Qasemian/SiyasatDarQuran/004/004_سیاست_خارجی_در_قرآن_جلسه_004.txt
============================================================
[004] OK → 004_سیاست_خارجی_در_قرآن_جلسه_004.txt (276782 bytes)

=== [005] Thu Sep  3 14:15:38 PDT 2026 ===
  input: Audios/Qasemian/SiyasatDarQuran/005/005_سیاست_خارجی_در_قرآن_جلسه_005.mp3
Provider: ElevenLabs Scribe (scribe_v2)
Progress file (updated after each chunk): Audios/Qasemian/SiyasatDarQuran/005/005_سیاست_خارجی_در_قرآن_جلسه_005.partial.txt
  preparing audio (005_سیاست_خارجی_در_قرآن_جلسه_005.mp3)...
  1:35:00 → 1 request(s)
  progress file: Audios/Qasemian/SiyasatDarQuran/005/005_سیاست_خارجی_در_قرآن_جلسه_005.partial.txt
  [1/1] 0:00–1:35:00 (33401 KB)...
      → 57584 chars: سلام علیکم و رحمة الله و برکاته. اعوذ بالله من الشیطان الرجیم. بسم الله الرحمن الرحیم. God is the aim. صلی الله علی سیدنا محمد و آله الطاهر. اللهم صل علی محمد و آل محمد و عجل فرجهم…

============================================================
TRANSCRIPTION (preview)
============================================================
سلام علیکم و رحمة الله و برکاته. اعوذ بالله من الشیطان الرجیم. بسم الله الرحمن الرحیم. God is the aim. صلی الله علی سیدنا محمد و آله الطاهر. اللهم صل علی محمد و آل محمد و عجل فرجهم. اتش عهدی با ارواح تکریم شهدا، روح مطهر امامان گذشته‌مان، روح پدر و مادرمان، معلمان و اساتیدمون، امام شهیدمون. الفاتحه ما السلامة. اللهم صل علی محمد و آل محمد و عجل فرجهم. بحث [سرفه] امروز دو تا بحث مطرح می‌کنم. این یه بحث یه ربع آخر راجع‌به این چله کلیمیه که بحث مهمیه به هر حال در جبهه جهاد اکبر باید یعنی کسی می‌خواد جهاد اصغر رو درست انجام بده در جبهه جهاد اکبر هم آلانه شرکت بکنه. [سرفه] اتفاقاً به خاطر همین بحث که ما منشأ و ریشه کارمون با مبارزه حق و باطله. یک بحث مبنایی که در بحث سیاست خارجه هست در قرآن که با همه‌ی بحث‌های سیاست خارجه متفاوت و متمایز می‌شه. برای همین است که برخی از عناصر ارکان و قواعد سیاست خارجه رو نداره مثل مذاکره. همچین چیزی وجود نداره توش. ااا این به خاطر اینه که از یه پارامترهای دیگه‌ای داره وام می‌گیره و بهره می‌گیره. چون اینجوریه اینو ما فکر نکنین حالت تندروی جریان مبارزه حق و باطل اگر به مبارزه حق و باطله، اگر نه به مبارزات دیگه‌ای، مبارزات صنفی، مبارزات نمی‌دونم کشورها با همدیگه‌ست اینا، این قاعده ای در قرآن نداره و قرآن هم مسئولیتی نداره راجع‌به اینکه همچین چیزی رو توضیح بده. [سرفه] برای همین است که در نهج‌البلاغه هم این رو امیرالمؤمنین می‌فرمایند که اگر شما خدا رو از معادلات حذف کنی، دیگه خب شما بجنگ دیگه. حالا جنگای خودتونو بکن. «وإن لجأتم إلى غيره حاربکم أهل الكفر والشرک ثم لا جبرائیل ولا میکائیل ولا أنصار ینصرونکم إلا المغارعة بالسيف». اگر اینجوریه شما دیگه برو بجنگ. شما می‌مونین و جنگ و شمشیر و مبارزات مربوط به شمشیر. هرکی بیشتر شمشیر داره، هرکی بیشتر می‌زنه، هرکی بیشتر اینجوریه. دیگه فقط رو هیکل ورزشکاری من خدا حساب نکن که یه روز جبرائیل و میکائیل و فلان اینا کمک و وعده ها و نون فلان اینا اصلا حساب نکن چون من-- اون دیگه یه مبارزه دیگه‌ایه که شما دارین اون مبارزه رو انجام میدین. [سرفه] برای همین است من همین جا این نکته‌ی قضیه رو سر ضرب عرض می‌کنم. بعضیا میگن نه ما مذاکرات فرعون و موسی داشتیم. کی گفته اینا رو ما نداریم؟ مذاکرات آتش‌بس حُدیبیه داشتیم. این
… (truncated; see saved file for full transcript)

============================================================
SUMMARY
============================================================
Input file      : 005_سیاست_خارجی_در_قرآن_جلسه_005.mp3
Provider        : ElevenLabs Scribe (scribe_v2)
Audio duration  : 1:35:00 (5700.38 s)
Requests        : 1
Billed duration : 5701 s (rounded up to nearest second)
Rate            : $0.22 / audio hour
Estimated cost  : $0.348357 USD
Transcript saved: Audios/Qasemian/SiyasatDarQuran/005/005_سیاست_خارجی_در_قرآن_جلسه_005.txt
============================================================
[005] OK → 005_سیاست_خارجی_در_قرآن_جلسه_005.txt (477003 bytes)

=== [006] Thu Sep  3 14:19:07 PDT 2026 ===
  input: Audios/Qasemian/SiyasatDarQuran/006/006_سیاست_خارجی_در_قرآن_جلسه_006.mp3
Provider: ElevenLabs Scribe (scribe_v2)
Progress file (updated after each chunk): Audios/Qasemian/SiyasatDarQuran/006/006_سیاست_خارجی_در_قرآن_جلسه_006.partial.txt
  preparing audio (006_سیاست_خارجی_در_قرآن_جلسه_006.mp3)...
  1:18:17 → 1 request(s)
  progress file: Audios/Qasemian/SiyasatDarQuran/006/006_سیاست_خارجی_در_قرآن_جلسه_006.partial.txt
  [1/1] 0:00–1:18:17 (27523 KB)...
      → 49400 chars: اعوذ بالله من الشيطان الرجيم. بسم الله الرحمن الرحيم. امين السعيد و صلى الله على سيدنا محمد و آله الطاهر اللهم صل على محمد و آله محمد و عجل فرجهم جهت شادی ارواح طیبه شهدا و حضرت ام…

============================================================
TRANSCRIPTION (preview)
============================================================
اعوذ بالله من الشيطان الرجيم. بسم الله الرحمن الرحيم. امين السعيد و صلى الله على سيدنا محمد و آله الطاهر اللهم صل على محمد و آله محمد و عجل فرجهم جهت شادی ارواح طیبه شهدا و حضرت امام، همه گذشتگان ذوی الحقوق، پدر، مادرمون، معلمان و اساتیدمون. الفاتحه ما السلامات. [همهمه] صفحه چهارصد و هجده رو بیارین. اول سوره احزاب. ببینید در جریان سیاست خارجی در قرآن یه بحثی بسیار بحث مهمی‌ست و اون اینکه تاثیر داشتن جریان منافقین در بحث سیاست خارجیه که خیلی وقت‌ها ما بهش اهمیت نمی‌دیم. یعنی نمی‌دونیم که جریاناتی کلاً فضای سیاست خارجی رو رقم می‌زنه. اون‌ها هست که تعیین کننده بحث سیاست خارجیه. از این جهتش من حالا چون بحثم یه مقداری داغه راجع به این، من آیه یک سوره احزاب و آیه سی و شیشو البته می‌خونم و بعدش یه خاطره هم براتون تعریف می‌کنم. این خاطره، میگم که بمونه این خاطره. به قدری [سرفه] داستان بیخ پیدا می‌کنه در بحث‌های اتفاقاً بحث منافقین، سوره مبارکه احزاب همونجا یک اولش یه تهدیدی می‌کنه در حد واقعاً یه تهدید جدیه. معلومه که به قدری روی بیت پیامبر دارن کار می‌کنن که تصمیماتی که از اونجا اخراج می‌شوند، یه تصمیماتی باشه که اون چیز می‌خواد این تصمیمات اخراج بشود به عبارت. بله جریان منافقین. حالا جریان منافقین شما یهویی تصور می‌کنین که یک جریان سیبل در رفته مثلاً یه تشکل خاصیه مثلاً اینجوری. نه اینجوری نیست. رو آیات قرآن هم اینجوری معرفی نکرده. به نظر من میاد که یعنی تقریباً یقین دارم که تاریخ اسلام وقتی که اینو هی حواله دادن به مثلاً عبدالله بن ابی و اینا مثل همونی که دلار رو حواله دادن یه موقع به جمشید بسم الله، یادتون هست؟ کلاً فضای دلار و تمام چیزهای ارزی شد این. بعد از کل سیستم بانک مرکزی و همه اینا خیلیا دنبال جمشید بسم الله بودن. خب خیلی وقت‌ها تو فضای ارائه مطالب قرآنی گاهی اوقات شأن نزول‌ها و تاریخ یه جوری میاد وارد میشه. خب اگه واقعاً این عبدالله بن ابی انقدر مشکله خب اینو باید سر به نیستش کنیم. یکی مسئولیتشو قبول بکنه اینو چیز بکنه. روی هر چیزی می‌بینید که یعنی تاریخ اسلام تو هر جنگی از بدر گرفته تا اهود گرفته، احزاب گرفته تا و همینجوری این عبدالله بن ابی هست. خب. و همه تقصیرام گردن این میفته تو این فضاها. از طرفی که نخیر، خیلی کسایی که به تعبیر قرآن، این تعبیرم نگاه بکنین،
… (truncated; see saved file for full transcript)

============================================================
SUMMARY
============================================================
Input file      : 006_سیاست_خارجی_در_قرآن_جلسه_006.mp3
Provider        : ElevenLabs Scribe (scribe_v2)
Audio duration  : 1:18:17 (4697.10 s)
Requests        : 1
Billed duration : 4698 s (rounded up to nearest second)
Rate            : $0.22 / audio hour
Estimated cost  : $0.287045 USD
Transcript saved: Audios/Qasemian/SiyasatDarQuran/006/006_سیاست_خارجی_در_قرآن_جلسه_006.txt
============================================================
[006] OK → 006_سیاست_خارجی_در_قرآن_جلسه_006.txt (411429 bytes)

=== [007] Thu Sep  3 14:22:15 PDT 2026 ===
  input: Audios/Qasemian/SiyasatDarQuran/007/007_سیاست_خارجی_در_قرآن_جلسه_007.mp3
Provider: ElevenLabs Scribe (scribe_v2)
Progress file (updated after each chunk): Audios/Qasemian/SiyasatDarQuran/007/007_سیاست_خارجی_در_قرآن_جلسه_007.partial.txt
  preparing audio (007_سیاست_خارجی_در_قرآن_جلسه_007.mp3)...
  1:09:49 → 1 request(s)
  progress file: Audios/Qasemian/SiyasatDarQuran/007/007_سیاست_خارجی_در_قرآن_جلسه_007.partial.txt
  [1/1] 0:00–1:09:49 (24543 KB)...
      → 42553 chars: سلام علیکم و رحمة الله و برکاته. اعوذ بالله من الشیطان الرجیم. بسم الله الرحمن الرحیم. بین السيدین وصلی الله علی سیدنا محمد و آله الطاهرین. جهت شادی ارواح طیبه شهدا، روح حضرت امام،…

============================================================
TRANSCRIPTION (preview)
============================================================
سلام علیکم و رحمة الله و برکاته. اعوذ بالله من الشیطان الرجیم. بسم الله الرحمن الرحیم. بین السيدین وصلی الله علی سیدنا محمد و آله الطاهرین. جهت شادی ارواح طیبه شهدا، روح حضرت امام، همه گذشته‌گان، ذوالحقوق، پدر، مادرمون، معلمان و اساتیدمون، امام شهیدمون. الفاتحه ما الصلوات. اللهم صل علی محمد و آل محمد و عجل فرجهم. ضمن عرض تبریک روز معلم خدمت شما بزرگواران، ما مطلبی که داشتیم خدمت شما عرض می‌کردیم مربوط به جریان سیاست خارجی در قرآن بود. این جریان به شدت با بحث منافقین گره خورده یعنی اون جریان سیاست خارجی به جریان مقابله با کفار و ارتباط با کفار اساساً به جریان منافقین یه جریان پیوسته‌ایه. اگر می‌خوایم اون رفتار رو بشناسیم طبیعتاً این رفتار رو حتما باید بشناسیم. خیلی با همدیگه درهم تنیده در کنار همدیگه بیان شده. از این جهت‌ که ما داریم یه مقداری شیفت کردیم رو بحث منافقین. یه بحثی رو من مطرح کردم خیلی باز دوباره share شد. از قبیل نفوذ منافقین در جاهای خیلی حساس و [سرفه] تحت تاثیر قرار دادن نه به معنای لزوماً گول خوردن، یعنی یه تحت تاثیر قرار دادن خروجی‌ها. یعنی خروجی‌ها رو در حقیقت به نوع خاصی تنظیم کردن و این خروجی رو بیرون دادن. من حالا تعجب می‌کنم یا نمی‌دونم تعجب نکنم از اینکه [سرفه] آدما سر پیغمبر و امیرالمؤمنین چیزهایی رو قبول می‌کنند که سر بقیه‌ها می‌بینید رگ گردنشون باد می‌کنه. از جایی که این چیزا به راحتی برای پیغمبرش هم اتفاق می‌افتاده، برای امیرالمؤمنین‌ش اتفاق می‌افتاده، اتفاق افتاده و پر از شاهد تاریخیه و نمی‌دونم چرا و به چه دلیل فکر می‌کنند که در جنبه‌های دیگه چنین اتفاقی نمی‌افته و حتی تئوری‌هایی میدن که عجیبه سر جای خودش. من اون موقع عرض کردم در اون پادکستی هم که share شد که شما وقتی که دارید راجع به بیت پیغمبر صحبت می‌کنید، چنان نفوذ در بیت پیغمبر قویه که پروژه قرآن یعنی یکی از پروژه‌های جدی قرآنه. این به معنای گول خوردن پیغمبر نیست. به معنای اینکه به هر جهت می‌دونن کارو باید از همون نقطه دربیارن و اتفاقا درم میارن. یعنی خوشگلش اینه که نه اینکه نمی‌تونن دربیارن، اتفاقا درم میارن و می‌بینید قرآن این همه پروژه اینجوری در سوره مختلف مثل احزاب، مثل تحریم، مثل مجادله اینا مثل بخش‌هایی از سوره نور و همه اینا پخش می‌کنه اصلاً پروژه ویژه‌ش انگاری می‌شه. حالا ا
… (truncated; see saved file for full transcript)

============================================================
SUMMARY
============================================================
Input file      : 007_سیاست_خارجی_در_قرآن_جلسه_007.mp3
Provider        : ElevenLabs Scribe (scribe_v2)
Audio duration  : 1:09:49 (4188.64 s)
Requests        : 1
Billed duration : 4189 s (rounded up to nearest second)
Rate            : $0.22 / audio hour
Estimated cost  : $0.255972 USD
Transcript saved: Audios/Qasemian/SiyasatDarQuran/007/007_سیاست_خارجی_در_قرآن_جلسه_007.txt
============================================================
[007] OK → 007_سیاست_خارجی_در_قرآن_جلسه_007.txt (350174 bytes)

=== [008] Thu Sep  3 14:24:23 PDT 2026 ===
  input: Audios/Qasemian/SiyasatDarQuran/008/008_سیاست_خارجی_در_قرآن_جلسه_008.mp3
Provider: ElevenLabs Scribe (scribe_v2)
Progress file (updated after each chunk): Audios/Qasemian/SiyasatDarQuran/008/008_سیاست_خارجی_در_قرآن_جلسه_008.partial.txt
  preparing audio (008_سیاست_خارجی_در_قرآن_جلسه_008.mp3)...
  1:21:49 → 1 request(s)
  progress file: Audios/Qasemian/SiyasatDarQuran/008/008_سیاست_خارجی_در_قرآن_جلسه_008.partial.txt
  [1/1] 0:00–1:21:49 (28768 KB)...
      → 50474 chars: سلام علیکم و رحمة الله و برکاته. اعوذ بالله من الشیطان الرجیم. بسم الله الرحمن الرحیم. بسم الله. صلوات الله على سيدنا محمد و آله و صحبه. شهادت شادى ارواح تکایه به شهدا، روح حضرت ام…

============================================================
TRANSCRIPTION (preview)
============================================================
سلام علیکم و رحمة الله و برکاته. اعوذ بالله من الشیطان الرجیم. بسم الله الرحمن الرحیم. بسم الله. صلوات الله على سيدنا محمد و آله و صحبه. شهادت شادى ارواح تکایه به شهدا، روح حضرت امام، همه گذشته‌گان، ذوالبقول، پدر، مادرمون، معلمان و اساتیدمون، امام شهیدمون. الفاتحه ما الصلاة. خب عرض به محضرتون که گفتیم یکی از بحث‌هایی که تو سیاست خارجی قرآن خیلی خیلی مهمه نسبت او با جریان نفاقه و ادبیاتی که جریان نفاق تو این زمینه میده. رضا اگه شیفتی عملا کردی این کولرای میشه روشن کنید. این ور هم هست آره. خدا خیرتون بده. و اونی که به هر جهت مواجهید با جریان بی‌باوران، کم‌باوران در درجه اول و بعد رفته رفته جریان منافقین. این خودشو توی جنگ خیلی نشون میده. یکی از جاهایی که خیلی خودشو نشون میده جنگه. من الان یه سؤال ازتون می‌کنم اینو به من جواب ندید ولی به خودتون جواب بدین تا این آیات قرآن رو بتونیم بفهمیم. و اونی که شما بین اینکه تحریم‌ها برداشته بشه و ما یه زندگی خوب بکنیم حتی هیات‌های خوب بگیریم، تولیدمون رونق پیدا بکنه اینا و با آمریکا بجنگیم، کدومو انتخاب می‌کنیم؟ تا اینکه حق احقاق بشود. ما اولی رو انتخاب می‌کنیم. یعنی اگر یه کمی با خودمون رو راست باشیم می‌بینیم که کم‌اند کسایی که حاضر میشن که دومی رو انتخاب بکنند. یعنی به عبارتی چی بود سؤال؟ یه بار دیگه. اگر مخیر باشیم که تحریم‌ها برداشته بشه، پول‌ها برگرده باعث بشه رونق تولید انجام بشه و ما زندگی‌های خوب و خوشی راحت انجام بدیم و حتی بله و حتی چی بکنیم؟ حالا محرمامون هم برگزار بکنیم، دستامون هم راه بندازیم، این کارا رو هم بکنیم یا با آمریکا بجنگیم خونی مالی تا حق احقاق بشود و باطل ابطال بشود. کدومو انتخاب می‌کنیم؟ این همون چیزی بوده، این سؤال بنیان‌برکنی بوده که همیشه جامعه‌ی ایمانی رو این سؤال درگیر کرده و همه‌ی جوامع ایمانی درگیر این سؤال شده که بالاخره ما می‌خوایم بجنگیم و تو جنگ‌ها احقاق حق بکنیم و ابطال باطل بکنیم یا نه؟ ادراک‌مون از موضوعات یه ادراک اینجوریه که بالاخره ما می‌خوایم زندگی کنیم. به عقلانیت قرآنی می‌خوایم زندگی بکنیم یا به عقلانیت مادی عادی زمینی خودمون می‌خوایم زندگیمونو انجام بدیم؟ این همون نقطه‌ایه که هی قرآن سرش وایمیسته در موارد متعدد و مختلف که میگه ببینید اینا دنبال این بودن که جنگی بشود که بزنن دشمنو فلان
… (truncated; see saved file for full transcript)

============================================================
SUMMARY
============================================================
Input file      : 008_سیاست_خارجی_در_قرآن_جلسه_008.mp3
Provider        : ElevenLabs Scribe (scribe_v2)
Audio duration  : 1:21:49 (4909.03 s)
Requests        : 1
Billed duration : 4910 s (rounded up to nearest second)
Rate            : $0.22 / audio hour
Estimated cost  : $0.299996 USD
Transcript saved: Audios/Qasemian/SiyasatDarQuran/008/008_سیاست_خارجی_در_قرآن_جلسه_008.txt
============================================================
[008] OK → 008_سیاست_خارجی_در_قرآن_جلسه_008.txt (415983 bytes)

=== [009] Thu Sep  3 14:27:16 PDT 2026 ===
  input: Audios/Qasemian/SiyasatDarQuran/009/009_سیاست_خارجی_در_قرآن_جلسه_009.mp3
Provider: ElevenLabs Scribe (scribe_v2)
Progress file (updated after each chunk): Audios/Qasemian/SiyasatDarQuran/009/009_سیاست_خارجی_در_قرآن_جلسه_009.partial.txt
  preparing audio (009_سیاست_خارجی_در_قرآن_جلسه_009.mp3)...
  1:29:51 → 1 request(s)
  progress file: Audios/Qasemian/SiyasatDarQuran/009/009_سیاست_خارجی_در_قرآن_جلسه_009.partial.txt
  [1/1] 0:00–1:29:51 (31588 KB)...
      → 54635 chars: اعوذ بالله من الشيطان الرجيم. بسم الله الرحمن الرحيم. رب العالمين وصلى الله على سيدنا محمد و آله الطاهرين. اللهم صل على محمد و آل محمد أجمعين. شهادت شادی ارواح طیبه شهدا، روح حضرت …

============================================================
TRANSCRIPTION (preview)
============================================================
اعوذ بالله من الشيطان الرجيم. بسم الله الرحمن الرحيم. رب العالمين وصلى الله على سيدنا محمد و آله الطاهرين. اللهم صل على محمد و آل محمد أجمعين. شهادت شادی ارواح طیبه شهدا، روح حضرت امام، همه گذشته‌گان، ذوي الحقوق، پدر، مادر و معلمان و اساتیدمون، امام شهیدمون. الفاتحه ما السلامه. خب صفحه سه و چهار قرآن رو بیارید. قصد در تفسیر مفصل این آیات نیست. نکته این است که ما در بحث سیاست خارجه عرض کردم یکی از عوامل و پارامترهای مؤثر داخلی داره و اون پارامتر مؤثر داخلی‌ش بحث جریان نفاقه. جریان نفاق لزوماً به معنای اینکه طرف اقدام خودخواسته ای داره می‌کنه نیست، بلکه با همون عبارت اینکه ناباورانی که سر کارند یعنی تأثیرگذاره تو معادلات. چونکه ما گاهی اوقات داریم آدمایی که این باورها رو ندارن، خیلی آدم تأثیرگذاری هم نیستن. این‌ها شاید جریان نفاق حتی فی قلوبهم مرض به اون معنا اینا تلقی نشن. کسانی که به هر جهت می‌شینن پشت رول. ببینید گاهی اوقات یه مسافر نشسته تو هواپیما، یه موقع خلبان اون هواپیماست. اینا با همدیگه فرق داره دیگه. قاعدتاً معلوم هم چرا فرق دارن. کسایی که می‌شینن پشت رول و اونو دارن میرانند عملاً بقیه رو هم تو همین جریان هدایت می‌کنند و میرانند. این نکته برمی‌گرده به نکته عقلانیت قرآنی که حالا با واژگانی که حضرت استاد عابدینی انتخاب کردن بهش میگه روایت الهی. اینکه شما با چه عقلانیتی بعد سومی از ابعاد معادلات رو کشف می‌کنی. من اینجا قبل از اینکه آیات رو بخونم باز یه نکته‌ای که به امروز ما هم خیلی مرتبطه عرض بکنم خدمتتون. من بارها راجع به این نکته هم صحبت کردم که ما یه عقلانیت زمینی داریم که دو دو تا چهار تا و حساب دو دو تا چهار تاهایی که ما می‌کنیم این عقلانیت. تفاوت دین با این چیه کلاً؟ یعنی دین چی اضافه می‌کنه؟ آیا عقلانیت زمینی دو بعدی در حقیقت dimension سطح رو اضافه می‌کنه بهش؟ مثلاً ما خیلی باهوش‌تریم. یعنی از کیسینجر باهوش‌تریم مثلاً اینجوری معنیش. یا نه، یه بعد به ابعاد این داره اضافه می‌کنه. یعنی داره سه بعدیش می‌کنه. عقلانیت رو داره یه بعد به ابعادش اضافه می‌کنه. خب اگر این درسته، اگه حرف آخرش اینه، یعنی بعدی به نام سنن الهی اضافه می‌کنه بهش. کسایی که دو بعدی فکر می‌کنند نتیجه‌ی غلط می‌گیره. ببینید [مکث]، اون ابعادی که داره بررسی می‌کنه اشتباه نیست. بالاخره پتروشیم
… (truncated; see saved file for full transcript)

============================================================
SUMMARY
============================================================
Input file      : 009_سیاست_خارجی_در_قرآن_جلسه_009.mp3
Provider        : ElevenLabs Scribe (scribe_v2)
Audio duration  : 1:29:51 (5390.89 s)
Requests        : 1
Billed duration : 5391 s (rounded up to nearest second)
Rate            : $0.22 / audio hour
Estimated cost  : $0.329443 USD
Transcript saved: Audios/Qasemian/SiyasatDarQuran/009/009_سیاست_خارجی_در_قرآن_جلسه_009.txt
============================================================
[009] OK → 009_سیاست_خارجی_در_قرآن_جلسه_009.txt (452753 bytes)

=== [010] Thu Sep  3 14:30:19 PDT 2026 ===
  input: Audios/Qasemian/SiyasatDarQuran/010/010_سیاست_خارجی_در_قرآن_جلسه_010.mp3
Provider: ElevenLabs Scribe (scribe_v2)
Progress file (updated after each chunk): Audios/Qasemian/SiyasatDarQuran/010/010_سیاست_خارجی_در_قرآن_جلسه_010.partial.txt
  preparing audio (010_سیاست_خارجی_در_قرآن_جلسه_010.mp3)...
  1:26:03 → 1 request(s)
  progress file: Audios/Qasemian/SiyasatDarQuran/010/010_سیاست_خارجی_در_قرآن_جلسه_010.partial.txt
  [1/1] 0:00–1:26:03 (30254 KB)...
      → 50297 chars: السلام علیکم و رحمة الله و برکاته. اعوذ بالله من الشيطان الرجيم. بسم الله الرحمن الرحيم. مالين الصائم. صلى الله على سيدنا محمد وآل الطاهر. اللهم صل على محمد وآل محمد وعجل فرجهم. اح…

============================================================
TRANSCRIPTION (preview)
============================================================
السلام علیکم و رحمة الله و برکاته. اعوذ بالله من الشيطان الرجيم. بسم الله الرحمن الرحيم. مالين الصائم. صلى الله على سيدنا محمد وآل الطاهر. اللهم صل على محمد وآل محمد وعجل فرجهم. احتشام ارواح تجمعه شهدا روح حضرت امام همه گذشتگان ذوي الحقوق، پدر، مادرمون، معلمان و اساتیدمون. الفاتحه مع الصلوات. مولد مبارکه محمد روى فدک. اللهم صل على محمد وآل محمد وعجل فرجه. صفحه پونصد و ده. می‌دونید یه بحثی که داشتیم راجع به بحث نفاق می‌کردیم اینو بارها این معنی رو عرض کردیم چون که حضرت آیت الله عاصمی مجتبی هم نسبت به بحث عدم تنازع یک مطلبی گفتن، این باز دوباره برمی‌گرده به همین بحث که من مجدداً این بحث رو با یه ادبیات دیگری هم خدمتتون عرض می‌کنم. گفتن اختلافات موجه به تنازع کشیده نشود. این یه حرف خیلی دقیقیه. یعنی ما اختلافات موجه داریم، اختلافات ناموجه داریم، اختلافات موجه هم داریم ولی قاعدتاً به تنازع نباید کشیده شود. خب، [نفس عمیق] یه بحثی هست که این عدم تنازع حالا غیر اینکه ممکنه از این عبارت یه عده‌ای سواستفاده بکنن و وحدت رو چماق بکنن برای هر کسی که هر حرفی می‌خواد بزنه، خب؟ ولی یه منطقی داره قرآن. تو این منطق خودش نگاه کنید چجوریه. [زنگ خوردن تلفن] اونجایی که عدم تنازع معنی پیدا می‌کنه در محوریت ولایته و اساساً اگر محوریت ولایت نباشه عمل باطل است. این یه ادبیاتیه برای خودش تو قرآن. حالا تفاوتش رو با این ادبیات رایج خودمون عرض می‌کنم. عمل باطل است یعنی چی؟ یعنی یک عمل انقلابی که شما انجام میدید هرچی که باشه اگر این محوریت توش از بین بره، عمل باطل می‌شه. باطل می‌شه یعنی چی می‌شه دقیقاً؟ یعنی پوچ می‌شود. یعنی هیچی نیست. شما این آب رو پای درخت نریختید، ریختید تو جو. یعنی اصلاً به درد نمی‌خوره. یه ابوابی از ذوالقرائن داریم باب صلة الامام که شما صله رو باید بدید به امام. یعنی تو راه امام باید صله بدید. همین جوری اگر کسی به کسی کمک کنه اسمش donation هست. این اسمش صله امام نیست. خب؟ اسمش همین donate کرده دیگه. یه کمکی به یه کسی کرده. این من باب تبع بَکَردوستانه او ممکنه یه تخفیفی باشه برای او ولی انفاق فی سبیل الله. اینا معنیش اصلاً این نیست. حالا ربطشو به جریان منافقین بهتون میگم همین جریان و اون هست که شما اون عمرتون، زندگی‌تون، پولتون، جهاد و اموال و انفس و اولتون می‌ریزه تو راه ام
… (truncated; see saved file for full transcript)

============================================================
SUMMARY
============================================================
Input file      : 010_سیاست_خارجی_در_قرآن_جلسه_010.mp3
Provider        : ElevenLabs Scribe (scribe_v2)
Audio duration  : 1:26:03 (5163.34 s)
Requests        : 1
Billed duration : 5164 s (rounded up to nearest second)
Rate            : $0.22 / audio hour
Estimated cost  : $0.315537 USD
Transcript saved: Audios/Qasemian/SiyasatDarQuran/010/010_سیاست_خارجی_در_قرآن_جلسه_010.txt
============================================================
[010] OK → 010_سیاست_خارجی_در_قرآن_جلسه_010.txt (413819 bytes)

=== [011] Thu Sep  3 14:33:12 PDT 2026 ===
  input: Audios/Qasemian/SiyasatDarQuran/011/011_سیاست_خارجی_در_قرآن_جلسه_011.mp3
Provider: ElevenLabs Scribe (scribe_v2)
Progress file (updated after each chunk): Audios/Qasemian/SiyasatDarQuran/011/011_سیاست_خارجی_در_قرآن_جلسه_011.partial.txt
  preparing audio (011_سیاست_خارجی_در_قرآن_جلسه_011.mp3)...
  1:08:45 → 1 request(s)
  progress file: Audios/Qasemian/SiyasatDarQuran/011/011_سیاست_خارجی_در_قرآن_جلسه_011.partial.txt
  [1/1] 0:00–1:08:45 (24173 KB)...
      → 42527 chars: ایام رحلت حضرت امام هم هست. من این مناسبت‌ها رو با همدیگه ترکیب می‌کنم. اولش یک روایتی می‌خوانم خدمتتون به بعد بحث رو ادامه میدیم. گرچه این روایت خیلی روایت مهمیه و وظیفه امروز ما …

============================================================
TRANSCRIPTION (preview)
============================================================
ایام رحلت حضرت امام هم هست. من این مناسبت‌ها رو با همدیگه ترکیب می‌کنم. اولش یک روایتی می‌خوانم خدمتتون به بعد بحث رو ادامه میدیم. گرچه این روایت خیلی روایت مهمیه و وظیفه امروز ما رو شاید تعیین می‌کنم. از امام کاظم علیه السلام عن ابالحسن الاول علیه السلام قال امام کاظم که ابالحسن الاول یعنی امام کاظم علیه السلام. رجلاً من اهل قم يدعوا الناس الى الحق یک مردی از اهل قم خواهد آمد که این دعوت میکنه مردم رو به سمت حق. يجتمع معه قوم کزبر الحديد یه مردمانی دور و بر او رو میگیرن مثل پاره‌های آهن. لا تزلهم الرياح العواصف این هیچ باد طوفانی این‌ها رو به لرزه در نمیاره. ولا يملون من الحرب مدام خودشونو در حال جنگ میدونن و از جنگ خسته نمیشن. اون کسایی که دور این مرد قمی آهن بود اینجورین. ولا يجبنون هیچ ترسی هم ندارن. نه خسته میشن از جنگیدن و نه می‌ترسن. و على الله يتوکلون و العاقبة للمتقین و توکلشون بر خداست با اینکه می‌جنگند ولی به حسابی انگار رو معادلات دیگری، رو معادلات می‌جنگن و توکلشون بر خداست و عاقبت برای متقیان است. یعنی این‌ها نتیجه می‌گیرن در این کارشون. یعنی در این اقدامشون نتیجه می‌گیرن. حالا من این نکته رو هم چیزی عرض می‌کنم. قاعدتا این مرد قمی در طول تاریخ نبوده الا حضرت امام که ما خدا رو شکر می‌کنیم که در دوره پسا خمینی زندگی کردیم و به دنیا اومدیم و زیست کردیم و طبیعتا با مسئولیت‌های بسیار بالایی ماهم الان در این دوره هستیم. کسایی می‌توانند کار رو به عهده بگیرن و دور و بری امام خمینی باشن که کزبر الحديد‌اند. مثل پاره‌های آهن‌اند. این‌ها از جنگ نمی‌ترسند. این‌ها نمی‌ترسند و خسته هم نمیشن. یعنی ایستادن دیگه تو صحنه‌ها ایستادن و این عاقبت رو این‌ها به دست میارن. برگرد ببینید، ااا امام خمینی هم در نظریه ولایت فقیه، یعنی نظریه ولایت فقیه قبل از امام خمینی و بعد از امام خمینی خیلی فرق داره. بعضیا فکر می‌کنن امام خمینی این نظریه رو از خودش درآورده. نه، مابه‌ازاش بوده در دوره‌های مشروطیت، در دوره‌هایی بوده بیشتر شبیه نظارت فقیه مثلا می‌شده. اِممم مثلا اعتباری برای فقیه قائل بودن اینا. بشینه سر جای امام، امام معصومین اینجوری به این شدتش. این چه شده؟ ما با برخی از علما که بحث می‌کنیم میگن این سید یه چیزی رو برا خودش قبول داشت که امام معصوم هم برا خودش قبول نداشت. یعنی دارن
… (truncated; see saved file for full transcript)

============================================================
SUMMARY
============================================================
Input file      : 011_سیاست_خارجی_در_قرآن_جلسه_011.mp3
Provider        : ElevenLabs Scribe (scribe_v2)
Audio duration  : 1:08:45 (4125.46 s)
Requests        : 1
Billed duration : 4126 s (rounded up to nearest second)
Rate            : $0.22 / audio hour
Estimated cost  : $0.252111 USD
Transcript saved: Audios/Qasemian/SiyasatDarQuran/011/011_سیاست_خارجی_در_قرآن_جلسه_011.txt
============================================================
[011] OK → 011_سیاست_خارجی_در_قرآن_جلسه_011.txt (350369 bytes)

=== [012] Thu Sep  3 14:35:51 PDT 2026 ===
  input: Audios/Qasemian/SiyasatDarQuran/012/012_سیاست_خارجی_در_قرآن_جلسه_012.mp3
Provider: ElevenLabs Scribe (scribe_v2)
Progress file (updated after each chunk): Audios/Qasemian/SiyasatDarQuran/012/012_سیاست_خارجی_در_قرآن_جلسه_012.partial.txt
  preparing audio (012_سیاست_خارجی_در_قرآن_جلسه_012.mp3)...
  1:47:56 → 1 request(s)
  progress file: Audios/Qasemian/SiyasatDarQuran/012/012_سیاست_خارجی_در_قرآن_جلسه_012.partial.txt
  [1/1] 0:00–1:47:56 (37946 KB)...
      → 67263 chars: سلام علیکم و رحمه. اعوذ بالله من الشیطان الرجیم. بسم الله الرحمن الرحیم. و به راین نستعین. صلوات الله علی سیدنا محمد و آلہ الطاهرین. الله. جهت شادی ارواح طیبه شهدا، روح حضرت امام، …

============================================================
TRANSCRIPTION (preview)
============================================================
سلام علیکم و رحمه. اعوذ بالله من الشیطان الرجیم. بسم الله الرحمن الرحیم. و به راین نستعین. صلوات الله علی سیدنا محمد و آلہ الطاهرین. الله. جهت شادی ارواح طیبه شهدا، روح حضرت امام، همه گذشتگان ذوالحقوق، پدر، مادرمون، معلمان و اساتیدمون، امام شهیدمون. الفاتحه ما الصلوات. الله. صفحه صد و یازده رو بیارید. در این داستان معروف سوره مبارکه مائده که از آیه بیست این سوره شروع میشه، [نفس عمیق] یه نقش خاصی رو برای دو نفر آدم معرفی میکنه که [سرفه] اینا نقش ویژه بازی میکنن دو نفر. البته این نقش ویژه شون هیچ تأثیری هم نداره. [خنده] یعنی بامزه‌ش اینه که این دو نفری رو خدا یاد میکنه هیچ تأثیری نداره [مکث]، ولی به هر حال یاد میکنه از این، از اینا. ااا حالا میگم تو روال این مشکل کجا بوده که این اتفاق افتاده؟ خب شما این داستان رفتن به سمت ارز مقدس [مکث]، قدم بعدی رد شدن از اون دریا بوده دیگه. به هر حال با یه وضعیتی از دریا رد شدند و با دیدن معجزات مختلف رد شدند. اینجا بود که داشتی سوره اعراف یادتون هست این قسمت رو خوندیم وقتی که اینا رد شدند و جاوزنا ببنی اسرائیل البحر فأتوا علی قوم یعکفون علی اسنام لهم. اینا دیدن که خلاصه یه قومی هستن دارن یه صنمی رو میپرستن، بت پرستی میکنن. گفتن حالا که ما رد شدیم حالا اومدیم اینجا، حالا چه کار باید بکنیم؟ گفتن خب ما چاره‌ای نداریم، چاره ما علم جدیده دیگه باید بریم همون کارای قبلیو بکنیم دیگه. رد شدیم. ولی چاره‌مون چیه به هر حال [مکث] اقتصاد جهانی همینه، WHO مون همینه، اسناد بالا دستی مون همینه. چیکار باید بکنیم؟ نگفتن که میزنیم زیر میز. کی گفته؟ WHO کی گفته؟ این کی گفته؟ اون کی گفته؟ اقتصاد لیبرالی کی گفته؟ دانشکده مدیریت شریف کی گفته؟ فلان کی گفته اینا؟ خب. شما الان میبینید که تقریباً همه دولت‌ها، همه، همه ها مثلاً در حوزه فرض بفهمید سلامت میخوان خودشونو با WHO تطبیق بدن. در چند درصد از موارد؟ در بالای نود درصد از موارد. یعنی به هر حال فرعون کارش مگه چیه؟ فراعنه کارشون همینه. میگه من یک انا ربکم الاعلی، من رب اعلی‌ام. یعنی اون بالاتریش منم پایین‌تریش هرچی میخواید باشید تو پازل من باش، هر کوفتی میخوای باش، باش. اصلاً برو صبح تا شب قرآن بخون بخوای نمیدونم چیکار، هر کاری میخوای بکنی بکن. خب. نماز بخون توش ختم قرآن بکن تو نمازشون این عربستانی‌ها خب. ت
… (truncated; see saved file for full transcript)

============================================================
SUMMARY
============================================================
Input file      : 012_سیاست_خارجی_در_قرآن_جلسه_012.mp3
Provider        : ElevenLabs Scribe (scribe_v2)
Audio duration  : 1:47:56 (6476.04 s)
Requests        : 1
Billed duration : 6477 s (rounded up to nearest second)
Rate            : $0.22 / audio hour
Estimated cost  : $0.395758 USD
Transcript saved: Audios/Qasemian/SiyasatDarQuran/012/012_سیاست_خارجی_در_قرآن_جلسه_012.txt
============================================================
[012] OK → 012_سیاست_خارجی_در_قرآن_جلسه_012.txt (550395 bytes)

=== [013] Thu Sep  3 14:39:25 PDT 2026 ===
  input: Audios/Qasemian/SiyasatDarQuran/013/013_سیاست_خارجی_در_قرآن_جلسه_013.mp3
Provider: ElevenLabs Scribe (scribe_v2)
Progress file (updated after each chunk): Audios/Qasemian/SiyasatDarQuran/013/013_سیاست_خارجی_در_قرآن_جلسه_013.partial.txt
  preparing audio (013_سیاست_خارجی_در_قرآن_جلسه_013.mp3)...
  1:40:20 → 1 request(s)
  progress file: Audios/Qasemian/SiyasatDarQuran/013/013_سیاست_خارجی_در_قرآن_جلسه_013.partial.txt
  [1/1] 0:00–1:40:20 (35274 KB)...
      → 61464 chars: سلام علیکم و رحمه الله. اعوذ بالله من الشيطان الرجيم بسم الله الرحمن الرحيم. الهی لستعين وصلى الله على سيدنا محمد واله الطاهر. اللهم صل على محمد وآل محمد اجمل. صفحه سیصد و [مکث]، ص…

============================================================
TRANSCRIPTION (preview)
============================================================
سلام علیکم و رحمه الله. اعوذ بالله من الشيطان الرجيم بسم الله الرحمن الرحيم. الهی لستعين وصلى الله على سيدنا محمد واله الطاهر. اللهم صل على محمد وآل محمد اجمل. صفحه سیصد و [مکث]، صفحه سیصد و سی و هشت رو بیارید. در ماجرای [مکث] آیه ی پنجاه و دو، پنجاه و سه، پنجاه و چهار رو ببینید از سوره مبارکه حج. [مکث] ببینید یه نکته‌ای هست که [مکث] فی غروبهم برز منافقین فلان اینها خیلی وقت‌ها بحث‌هایی که داشتیم دیالوگه. یه کاری که ایجاد می‌کنن کاریست که چشم‌انداز رو از یک چشم‌انداز بزرگ و خیلی عظیم تبدیل می‌کنن به یک چشم‌اندازهای دیگری. یعنی شما خیلی وقت‌ها آمده بودی یه کار دیگری بکنی، پروژه دیگری داشتی حتی نظام دیگری رو می‌خواستی سر کار بیاری تبدیل می‌شه به یه نظام دیگری به دلیل حرکت این جریانی که جریان فی غروبهم برز و جریان نفاق و منافق و این چیزاست که عرض کردم. اینا چیز پدیده‌های عجیبی نیست. بعضیا فکر می‌کنن ما مثلا بخوایم راجع به این بحث صحبت بکنیم انگار می‌خواستیم به یه دده فحش بدیم مثلا. نه، این یه پدیده‌ای که برای پیغمبر هم بوده و برای حکومت‌های ما هم غفلت نیست. اینجوریه، هست. طبیعتا خیلی قوی‌ش و محکم‌ش و همه این چیزا با همون حالت به قانونش قاعدتا برای ما هم باید باشه دیگه. نمی‌شه که برای پیغمبر باشه برای ما نباشه. اگر دیدید نیست بدونید که منافقین سر کارن. معنیش اینجوری می‌شه چون که پس از اینکه رحلت پیغمبر اصلاً پدیده نفاق از بین رفت دیگه. چرا از بین رفت؟ خودشون سر کار خودشون سر کار بودن دیگه. یعنی همه اون کسایی که داشتن جریان‌ها رو چه می‌کردن؟ به انحراف می‌بردن و اینها، [مکث]، اونا خودشون عملاً سر کار بودن. اون موقع نکته‌ش اینه که ما وقتی که می‌گیم آقا این جریان با یهوده با فلانه این با اون، فکر می‌کنن مثلا طرف سایت مثلا یه یهودیه که مثلا user pass گرفته از سایت یهودیا بعد مثلا اینجوریه. چه کاربری داره مثلا تو اینجا؟ مثلا چه شماره داره؟ کد کاربری مثلا اینجوری نیست. حالا بعدها انشاالله میگم نقطه اتصال جریان یهود به جریان نفاق، نقطه اتصال بحث مالیه به بحث رسانه است. دقیقا همون جایی که جریان یهود وایمیسته جریان نفاق هم همونجا وایمیسته. و به واسطه این به همدیگه اتصال و ارتباط خیلی جدی پیدا می‌کنن نه در زمان ما، از زمان موسی هم همینجوری بوده. کلا این دو تا جریان، جریان رسانه‌ای
… (truncated; see saved file for full transcript)

============================================================
SUMMARY
============================================================
Input file      : 013_سیاست_خارجی_در_قرآن_جلسه_013.mp3
Provider        : ElevenLabs Scribe (scribe_v2)
Audio duration  : 1:40:20 (6020.06 s)
Requests        : 1
Billed duration : 6021 s (rounded up to nearest second)
Rate            : $0.22 / audio hour
Estimated cost  : $0.367893 USD
Transcript saved: Audios/Qasemian/SiyasatDarQuran/013/013_سیاست_خارجی_در_قرآن_جلسه_013.txt
============================================================
[013] OK → 013_سیاست_خارجی_در_قرآن_جلسه_013.txt (505654 bytes)

=== [014] Thu Sep  3 14:42:22 PDT 2026 ===
  input: Audios/Qasemian/SiyasatDarQuran/014/014_سیاست_خارجی_در_قرآن_جلسه_014.mp3
Provider: ElevenLabs Scribe (scribe_v2)
Progress file (updated after each chunk): Audios/Qasemian/SiyasatDarQuran/014/014_سیاست_خارجی_در_قرآن_جلسه_014.partial.txt
  preparing audio (014_سیاست_خارجی_در_قرآن_جلسه_014.mp3)...
  1:30:31 → 1 request(s)
  progress file: Audios/Qasemian/SiyasatDarQuran/014/014_سیاست_خارجی_در_قرآن_جلسه_014.partial.txt
  [1/1] 0:00–1:30:31 (31820 KB)...
      → 53643 chars: سلام علیکم و رحمة الله و برکاته. أعوذ بالله من الشيطان الرجيم بسم الله الرحمن الرحيم و بين الصعين صلى الله على سيدنا محمد و آله الطاهرين. اللهم صل على محمد و آل محمد و عجل فرج. صفح…

============================================================
TRANSCRIPTION (preview)
============================================================
سلام علیکم و رحمة الله و برکاته. أعوذ بالله من الشيطان الرجيم بسم الله الرحمن الرحيم و بين الصعين صلى الله على سيدنا محمد و آله الطاهرين. اللهم صل على محمد و آل محمد و عجل فرج. صفحه سیصد و سی و هشت رو بیارید. [سرفه] صفحه سیصد و سی و هشت. صفحه سیصد و سی و هشت. ما یه مهمانایی از ترکیه داریم از اهل سنت ترکیه دارن براشون همزمان ترجمه میکنن، شلوغ نمی‌کننا. خلاصه یعنی حواستون باشه دارن ترجمه می‌کنن برامون. ها آره. یعنی برای مراسم تشریف آوردن از ترکیه تشریف آوردن و اینجا دارن ترجمه می‌کنن. خلاصه حواسشون-- شلوغ نمی‌کنن. دارن ترجمه می‌کنن براشون. البته ز-- فکر کنم ترجمه این بحث‌های ما ساده نباشه [خنده] ولی حالا. یه نکته‌ای رو راجع به بحث منافق و فی قلوبهم مرض و اینا عرض می‌کردیم. همین جوری که صفحه سیصد و سی و هشت دستتونه، صفحه سوره مبارکه مائده رو هم بیارید. آیات [سرفه] چه بلندگو هم نیست ببخشید من احتمالا خیلی نتونم اینجوری صحبت کنم ولی حالا از آیات دوازده، سیزده رو هم نگاه بکنید. دوازده، سیزده سوره مبارکه مائده صفحه صد و نه. اون چیزی که راجع به امانیه و چشم‌انداز پیغمبر عرض شد که چشم‌اندازهای پیغمبر باید دنبال بشه، اون اصلی که خلاصه باید دنبال کرد چشم‌اندازهای پیغمبره. حالا این بحثی هم بود در مورد قصاص و خونخواهی و اینا سر جای خودش کاملا درسته. باید قصاص و خونخواهی و انتقام و کشتن ترامپ و اینا برنامه‌ریزی بشه، این باید بشه. ولی اصل اون چیزی که باید اتفاق بیفته اون امنیه است. اون چشم‌اندازه. به هر حال یه چشم‌اندازی رو داشته اون نبی طراحی می‌کرده و امت خودش رو تو این چشم‌انداز حرکت می‌داده. مهم این است که این چشم‌انداز دنبال بشه که [نفس عمیق] روی این چشم‌انداز هم هست که بزرگ‌ترین وعده‌های الهی همین جا داده می‌شه که گفتیم آیه پنجاه و چهار. اینا دیگه مربوط به جلسات قبله که "و لِيَعْلَمَ الَّذِينَ أُوتُوا الْعِلْمَ أَنَّهُ الْحَقُّ مِنْ رَبِّكَ" در حقیقت اون چیزی که دیده می‌شود تازه مؤمن اینجا می‌بینه جریان حق رو می‌بینه، دین رو با فاصله‌ای که از حالت عرفی می‌گیره. حالا این جلسه یه مقداری می‌خوام راجع به این هم صحبت بکنم که یکی از کارهایی که منافقین انجام می‌دن، منافقین هم منافقین فی قلوبهم مرض اینا که با بحث قساوت قلب تو همین آیه پنجاه و سه با همدیگه مطرح شدن [سرفه]. عرض کردیم 
… (truncated; see saved file for full transcript)

============================================================
SUMMARY
============================================================
Input file      : 014_سیاست_خارجی_در_قرآن_جلسه_014.mp3
Provider        : ElevenLabs Scribe (scribe_v2)
Audio duration  : 1:30:31 (5430.60 s)
Requests        : 1
Billed duration : 5431 s (rounded up to nearest second)
Rate            : $0.22 / audio hour
Estimated cost  : $0.331870 USD
Transcript saved: Audios/Qasemian/SiyasatDarQuran/014/014_سیاست_خارجی_در_قرآن_جلسه_014.txt
============================================================
[014] OK → 014_سیاست_خارجی_در_قرآن_جلسه_014.txt (438587 bytes)

=== [015] Thu Sep  3 14:45:17 PDT 2026 ===
  input: Audios/Qasemian/SiyasatDarQuran/015/015_سیاست_خارجی_در_قرآن_جلسه_015.mp3
Provider: ElevenLabs Scribe (scribe_v2)
Progress file (updated after each chunk): Audios/Qasemian/SiyasatDarQuran/015/015_سیاست_خارجی_در_قرآن_جلسه_015.partial.txt
  preparing audio (015_سیاست_خارجی_در_قرآن_جلسه_015.mp3)...
  1:28:26 → 1 request(s)
  progress file: Audios/Qasemian/SiyasatDarQuran/015/015_سیاست_خارجی_در_قرآن_جلسه_015.partial.txt
  [1/1] 0:00–1:28:26 (31089 KB)...
      → 51932 chars: السلام علیکم و رحمة الله و برکاته. اعوذ بالله من الشيطان الرجيم. بسم الله الرحمن الرحيم. بين السنين وصلى الله على سيدنا محمد و آله الطاهرين. صفحه صد و نود و یک رو بیارین. یه نکته‌ا…

============================================================
TRANSCRIPTION (preview)
============================================================
السلام علیکم و رحمة الله و برکاته. اعوذ بالله من الشيطان الرجيم. بسم الله الرحمن الرحيم. بين السنين وصلى الله على سيدنا محمد و آله الطاهرين. صفحه صد و نود و یک رو بیارین. یه نکته‌ای رو که آخر جلسه به یه آیه ای اومدیم استناد بکنیم که بحث به پایان رسید. من این بحث رو تکمیل بکنم. بعد یه نکته‌ای راجع به همین بحث خونخواهی و این بحث‌هایی که انجام شده و رهبر معظم انقلاب هم روز یه پیامی دادن، این نکته رو راجع-- از روی قرآن نکاتی عرض می‌کنم خدمتتون. در ادبیات اه دقیقا دینی حق و باطلی ما [مکث]، در رویاروی جریان حق و باطل [مکث]، یه چیزی وجود داره ما این دیگه برمی‌گرده به اون جلسه قبل که اه از روی فضله نه رو در حقیقت اون مقداری که شما کار کردید و جریان که نمی‌خواد این ادبیات پخش بشه، کتمان می‌کند این را. این آیاتی بود که دیدیم. یعنی نمی‌خواد نشون بده. نمی‌خواد بعد سوم داستانو نشون بده. یعنی انقدر نمیگه که کتمانه. یکتمن ما آتا الله من فضله اینو کتمان می‌کنه که تو سوره مبارکه نساء این بحث رو مفصلاً دیگه عرض کردیم. آیاتشم دیدیم. این همون بخش غیرقابل باور یا همون بخشیه که مورد حساب کتاب آدم‌ها نیست و اتفاقا وقتی شما از این حساب و کتاب میاین بیرون، اون موقع مواجه می‌شید با منطق‌های دو بعدی که میشه نقطه‌ی مایز ما دیگه نیست. نقطه، نقطه مایز. حالا من اینجا باز دوباره این نکته رو به عنوان یک تذکر عرض می‌کنم که ما تو همه امور مربوط به انقلاب اسلامی باید دنبال نقطه تمایز خودمون بگردیم. دنبال نقطه مایز خودمون بگردیم. تو نقطه مایزمون حرف داریم. تو نقطه‌های دیگمون خیلی حرفی نداریم. یعنی فوقش قوی‌تریم. دقت بفرمایید، فوقش توی یه نقطه‌ای قوی‌تریم. چه جوری مثلاً فوتبالمون ضعیف‌تره، کشتی‌مون قوی‌تره. خب؟ اینکه نقطه مایز ما نیست که. الان ببینید همین الان یکی از بحث‌هایی که به صورت جدی ما تو بحث بین الملل داریم این هست که خب میگن ورود گردشگر [مکث]. ببینید یه دعوای توشی اینه. میگه ورود گردشگر، خب گردشگر میاد چیکار بکنه؟ میاد فسق و فجور بکنه دیگه. ببینید اصلاً با این شروع میشه. میاد فسق و فجور بکنه. خب پس باید چیکار بکنیم؟ ما باید حجاب و شراب رو اینا رو آزاد کنیم. این دو تا پارامتر رو باید کلاً آزاد باهاش برخورد کنیم. خب اینجا هم که نمیشه آزاد برخورد کنیم پس مثلاً تو کیش آزاد برخورد کنیم. یعنی بفرستی
… (truncated; see saved file for full transcript)

============================================================
SUMMARY
============================================================
Input file      : 015_سیاست_خارجی_در_قرآن_جلسه_015.mp3
Provider        : ElevenLabs Scribe (scribe_v2)
Audio duration  : 1:28:26 (5305.86 s)
Requests        : 1
Billed duration : 5306 s (rounded up to nearest second)
Rate            : $0.22 / audio hour
Estimated cost  : $0.324247 USD
Transcript saved: Audios/Qasemian/SiyasatDarQuran/015/015_سیاست_خارجی_در_قرآن_جلسه_015.txt
============================================================
[015] OK → 015_سیاست_خارجی_در_قرآن_جلسه_015.txt (429846 bytes)

=== [016] Thu Sep  3 14:48:03 PDT 2026 ===
  input: Audios/Qasemian/SiyasatDarQuran/016/016_سیاست_خارجی_در_قرآن_جلسه_016.mp3
Provider: ElevenLabs Scribe (scribe_v2)
Progress file (updated after each chunk): Audios/Qasemian/SiyasatDarQuran/016/016_سیاست_خارجی_در_قرآن_جلسه_016.partial.txt
  preparing audio (016_سیاست_خارجی_در_قرآن_جلسه_016.mp3)...
  1:24:12 → 1 request(s)
  progress file: Audios/Qasemian/SiyasatDarQuran/016/016_سیاست_خارجی_در_قرآن_جلسه_016.partial.txt
  [1/1] 0:00–1:24:12 (29603 KB)...
      → 52167 chars: سلام علیکم و رحمة الله و برکاته. اعوذ بالله من الشيطان الرجيم بسم الله الرحمن الرحیم. بین الزین و صلى الله على سيدنا محمد و آله الطاهرین. صفحه صد و نود و یک رو بیارین. میگن آقا الا…

============================================================
TRANSCRIPTION (preview)
============================================================
سلام علیکم و رحمة الله و برکاته. اعوذ بالله من الشيطان الرجيم بسم الله الرحمن الرحیم. بین الزین و صلى الله على سيدنا محمد و آله الطاهرین. صفحه صد و نود و یک رو بیارین. میگن آقا الان پیام صادر کردن. اجازه است بخونیم این پیام رو. حالا اینی که الان من دارم آخرش نوشته بخشی از پیام رهبره. قسمت دومش رو همیشه اول گفت بخشی از- نه الان من قسمت دومش رو ندارم همیشه اول گفت آماده شد میاد. این قسمت دومش مال دیروزم هست. قسمت دومش کامل ولی اولش تشکر که قسمت دوم، قسمت اولشم بالاست. اینجا باز میشه. چی الان کدوم تیکش رو بخونیم ما؟ از اصولی‌ترین امور اصرار بر-- آقا این تیکه‌ش رو که الان دادن من بخونم دیگه. قسمت اولش بالاش. خب بسم الله الرحمن الرحیم. این تیترها رو من دارم می‌خونم دیگه حالا من نمی‌دونم دقیقاً [خنده] از خود-- نه می‌دونم. این تیترها؛ نقض تفاهمنامه بار دیگر بی‌ارزشی و نامعتبر بودن امضای رئیس جمهور آمریکا را ثابت کرد. ملت ایران برای دشمن آمریکایی درس‌های فراموش نشدنی دارد. ان شا الله. ان شا الله. همزمان با این حماسه بدرقه های شهید ایران، نقض عهدها مکرر شیطان بزرگ نسبت به تفاهمنامه امضا شده بین رئیس جمهور ایران، رئیس جمهوران ایران و آمریکا بار دیگر این حقیقت را به همگان ثابت کرد که امضای رئیس جمهور آمریکا چقدر بی‌ارزش و نامعتبر است و زورگویی، تمامیت‌خواهی و وحشی‌گری اجزاء لاینفک مرام و مسلک آمریکایی می‌باشد. امروز شیطان بزرگ بار دیگر چهره واقعی و بدون نقاب خود را آشکار کرد و این تجربه تاریخ از جنایت و بدعهدی سند محکم دیگری بر دروغگویی غیرمنطقی و غیرقابل اعتماد و پلید بودن آمریکا باشد. اکنون که دشمن آمریکایی به دنبال جنگ‌افروزی و تحمل هزینه‌های سنگین‌تر و بی‌آبرویی بیشتر است، بداند که ملت عزیز ایران و جبهه مقاومت درس‌های فراموش نشدنی برای او دارد که رشادت‌های رزمندگان اسلام و غیرت مردمان شجاع خطه جنوب در این روزها نمونه‌هایی از آن را نشان داده است. بعد قسمت دوم. لازم است به شما مردم باوفا و سرافراز ایران عرض شود که از جمله اصولی‌ترین امور در این برهه، اصرار بر وحدت کلمه و اتحاد مقدس در همه سطوح مردم و مسئولان و در تمام [سرفه] عرصه‌ها برای تحقق آرمان‌های بلند انقلاب اسلامی [سرفه] و تأمین عزت و استقلال ایران عزیز خصوصاً در برابر دشمن جنایتکار و حیله‌گر آمریکایی است. همان‌گونه ک
… (truncated; see saved file for full transcript)

============================================================
SUMMARY
============================================================
Input file      : 016_سیاست_خارجی_در_قرآن_جلسه_016.mp3
Provider        : ElevenLabs Scribe (scribe_v2)
Audio duration  : 1:24:12 (5052.17 s)
Requests        : 1
Billed duration : 5053 s (rounded up to nearest second)
Rate            : $0.22 / audio hour
Estimated cost  : $0.308744 USD
Transcript saved: Audios/Qasemian/SiyasatDarQuran/016/016_سیاست_خارجی_در_قرآن_جلسه_016.txt
============================================================
[016] OK → 016_سیاست_خارجی_در_قرآن_جلسه_016.txt (429814 bytes)

=== Done Thu Sep  3 14:50:35 PDT 2026 ok=16 skip=0 fail=0 ===
Transcripts:
  001  001_سیاست_خارجی_در_قرآن_جلسه_001.txt  (328411 bytes)
  002  002_سیاست_خارجی_در_قرآن_جلسه_002.txt  (385624 bytes)
  003  003_سیاست_خارجی_در_قرآن_جلسه_003.txt  (297371 bytes)
  004  004_سیاست_خارجی_در_قرآن_جلسه_004.txt  (276782 bytes)
  005  005_سیاست_خارجی_در_قرآن_جلسه_005.txt  (477003 bytes)
  006  006_سیاست_خارجی_در_قرآن_جلسه_006.txt  (411429 bytes)
  007  007_سیاست_خارجی_در_قرآن_جلسه_007.txt  (350174 bytes)
  008  008_سیاست_خارجی_در_قرآن_جلسه_008.txt  (415983 bytes)
  009  009_سیاست_خارجی_در_قرآن_جلسه_009.txt  (452753 bytes)
  010  010_سیاست_خارجی_در_قرآن_جلسه_010.txt  (413819 bytes)
  011  011_سیاست_خارجی_در_قرآن_جلسه_011.txt  (350369 bytes)
  012  012_سیاست_خارجی_در_قرآن_جلسه_012.txt  (550395 bytes)
  013  013_سیاست_خارجی_در_قرآن_جلسه_013.txt  (505654 bytes)
  014  014_سیاست_خارجی_در_قرآن_جلسه_014.txt  (438587 bytes)
  015  015_سیاست_خارجی_در_قرآن_جلسه_015.txt  (429846 bytes)
  016  016_سیاست_خارجی_در_قرآن_جلسه_016.txt  (429814 bytes)
