Provider: ElevenLabs Scribe (scribe_v2)
Progress file (updated after each chunk): /Users/mohammadreza/IslamASR/Audios/AyatollahShojaee/Mabohas_Mozui/042/042_42- چگونگي غلبه شيطان بر انسان.partial.txt
  preparing audio (042_42- چگونگي غلبه شيطان بر انسان.mp3)...
  23:18 → 1 request(s)
  progress file: /Users/mohammadreza/IslamASR/Audios/AyatollahShojaee/Mabohas_Mozui/042/042_42- چگونگي غلبه شيطان بر انسان.partial.txt
  [1/1] 0:00–23:18 (8195 KB)...
      → 14546 chars: اعوذ بالله من الشيطان الرجيم. بسم الله الرحمن الرحيم. ابوذر گفت قال رسول الله صلى الله عليه و آله اني ارى ما لا ترون واسمع ما لا تسمعون. من می‌بینم آنچه را که نمی‌بینید، می‌شنوم آن…

============================================================
TRANSCRIPTION (preview)
============================================================
اعوذ بالله من الشيطان الرجيم. بسم الله الرحمن الرحيم. ابوذر گفت قال رسول الله صلى الله عليه و آله اني ارى ما لا ترون واسمع ما لا تسمعون. من می‌بینم آنچه را که نمی‌بینید، می‌شنوم آنچه را که نمی‌شنوید. اتقت السماء وحق لها ان تقط. آسمان ناله می‌کند و حق هم دارد که ناله بکند. ما فيها موضع اربع اعصابه الا وملک واضع جبحته لله ساجدا. حالا اینا رو دیگه معنی نمی‌کنم طول می‌کشه از حرفم نمی‌مونه. والله بعد حضرت الله فرمود که ابوذرف ناله آسمان بشنوید و شما که نمی‌شنوید، نمی‌بینید. بعد، بعد فرمود در اون چند جمله رو معنی نکردم. والله لو تعلمون ما اعلم قسم به خدا، قسم به خدا. والله لو تعلمون ما اعلم قسم به خدا اگر می‌دانستید آنچه را که من می‌دانم لضحکتم قليلا کم می‌خندید و لبکیتم كثيرا زیاد گریه می‌کردید. اگر می‌دانستید آنچه را من می‌دانم کم می‌خندیدید و زیاد گریه می‌کردید. بعدش هم می‌فرماید ما تلذذتم بالمال على الفروش و لخرجتم من الصعوبات فاجئون الى الله. اصلا سرگردان می‌شدید و بیرون می‌رفتید و به بیابان می‌زدید خودتان را و به خدا پناه می‌بردید. بعدش آخرش ابوذر گفت که کاش من یک درخت بودم تا به من تکیه می‌کردند. ابوذر از پس-- ابوذر گفت کاش من یک درختی بودم که به من تکیه می‌کردند. فهزنا عليهم الآخرة. این چند تا که گفتم یادتون باشه. چند تا از اون اوهزونه‌های شیطان گفتم. ولی بدانید انواع اوهزون شیطان و آسان کردن آخرت از رو به رو آمدنش هست یا از پشت. خود آتش این است که هر راهی، هر کسی، هر راهی، هر منبعی، هر مخزنی، هر فریقی که آخرت را برای انسان و در نظر انسان آسان کرد، مخصوصا برای ما و شما و امثال ماها برای همه آسان کرد، بدانید اینجا جای قدم صدای کی میاد؟ شیطان میاد. اوهزنا عليهم. اگر بنا بود آخرت آسان باشد برای همه آسان بود. اولش برای رسول الله هم آسان‌تر بود. برای امیرالمؤمنین هم آسان بود. ابوذر نمی‌گفت کاش من درخت بودم. اگر آسان بود برای اونها هم بود. خب این یک جمله از رو به رو میام اینطور از پشت سر میام. برگردیم به اصل روایت. از پشت سر میام چه طور؟ امام باقر فرمود ‫این که می‌گوید از پشت سر میام. آمرهم بجمع الاموال و منعها عن الحقوق لتبقي ورثةهم. اونجا به چه معنی می‌کنه شما و ما؟ البته برای ما هم شامل است اما زیاد برای اونا که شامل هست و خودشون هم فکر می‌کنند که مؤمن هستند. اون‌ها 
… (truncated; see saved file for full transcript)

============================================================
SUMMARY
============================================================
Input file      : 042_42- چگونگي غلبه شيطان بر انسان.mp3
Provider        : ElevenLabs Scribe (scribe_v2)
Audio duration  : 23:18 (1398.49 s)
Requests        : 1
Billed duration : 1399 s (rounded up to nearest second)
Rate            : $0.22 / audio hour
Estimated cost  : $0.085463 USD
Transcript saved: /Users/mohammadreza/IslamASR/Audios/AyatollahShojaee/Mabohas_Mozui/042/042_42- چگونگي غلبه شيطان بر انسان.txt
============================================================
