Provider: ElevenLabs Scribe (scribe_v2)
Progress file (updated after each chunk): Audios/AyatollahShojaee/Tazkiyeh/022/022_مرز هوی کجاست محبت به انبیاء و نیکوکاران... _ بحث تزکیه.partial.txt
  preparing audio (022_مرز هوی کجاست محبت به انبیاء و نیکوکاران... _ بحث تزکیه.mp3)...
  28:57 → 1 request(s)
  progress file: Audios/AyatollahShojaee/Tazkiyeh/022/022_مرز هوی کجاست محبت به انبیاء و نیکوکاران... _ بحث تزکیه.partial.txt
  [1/1] 0:00–28:57 (10179 KB)...
      → 19470 chars: بسم الله الرحمن الرحیم. [سرفه] در این بین گاهی بعضی‌ها که احیاناً به راه و سلوک این‌ها می‌افتند اشتباهاتی هم انجام می‌دهند. این‌ها از عدم توجه خوب اون‌ها به راه و سلوک عبودیت سرچشم…

============================================================
TRANSCRIPTION (preview)
============================================================
بسم الله الرحمن الرحیم. [سرفه] در این بین گاهی بعضی‌ها که احیاناً به راه و سلوک این‌ها می‌افتند اشتباهاتی هم انجام می‌دهند. این‌ها از عدم توجه خوب اون‌ها به راه و سلوک عبودیت سرچشمه می‌گیرند. گاهی مثلاً می‌بینی که زن و بچه دارد مثلاً، سالک هم هست البته با مثلاً اشتباه می‌کنه ها به عنوان اینکه باید بی‌میل به دنیا باشد، بی‌رغبت باشد. بله باید اصلاً کم رغ-- بی‌رغبت طور کلی باید انسان بی‌رغبت باشد درست. اما این اشتباه می‌کنه فکر می‌کنه که مثلاً با ریا-- ریاضت به زن و بچه‌ش هم بدهد این هم خوبه. این نه اینجاش خوب نیست. اگر برود برای زن و بچه‌ش رفاه و آسایش اون‌ها را به دست بیاورد، زحمت بکشد، کار بکند، پول به دست بیاورد تا این‌ها رفاه و آسایش‌شون زیاد باشد. این دلدادن به غیر خدا نیست که دلدادن به خود خداست. چون خدا فرموده اینطور بکنید. احیاناً بعضی‌ها این اشتباهات را می‌کنند یا احیاناً به خودشان مثلاً فشار وارد می‌کنند احیاناً. فشاری که به طور نا عدم به طور ناخودآگاه باز اون‌ها را از راه باز می‌دارد. این‌ها یه رویه‌هایی است که باید رویه، رویه باشد که مقبور باشد. در خصوص این قسمت اول که فشار دادن به زن و بچه باشد من این بیان را از برای اینکه لازم است اینجا بخوانم که یه وقتی خدا نکرده راه سلوکی پیش نگیریم که راهی نباشد که خدا فرموده و به جایی هم نرسد. در اینجا من به این به اصطلاح روایت اشاره می‌کنم. قال صادق علیه السلام خوب دقت بکنید. امام صادق فرمود: «الکاد علی ایاله کالمجاهد فی سبيل الله» کسی که زحمت می‌کشد در راه تأمین معیشت عیال خودش، این یکی از روایت‌هاش من می-- روایت‌هاست من می‌خوانم و روایت در این باب زیاد است. کسی که در راه تأمین رفاه عیالش، عیال یعنی زن و بچه و این‌ها، می‌کشد «کالمجاهد فی سبيل الله» مانند مجاهد در راه خداست. البته گفتم و نیت باید این باشد ها نه اینکه نیتش این باشد که زن و بچه‌ش اینجا اونجا او را تعریف بکنند یا دیگران بگن که فلانی به زن و بچه‌ش خوب می‌رسد. اونجا باز خراب شد ها. به نیت اینکه خدا گفته این‌ها باید رفاه‌شون رو چه بکنی؟ تأمین بکنی. نیت باید درست بشه. اونوقت این کار عبادت می‌شود. و قال علیه السلام باز امام صادق سلام الله علیه فرمود: اینا که نقل می‌کنم از جامع السعادات جلد دوم صفحه بیستم نقل می‌کنم. امام صادق باز فرمود: «لا تکسلوا فی طلب مع
… (truncated; see saved file for full transcript)

============================================================
SUMMARY
============================================================
Input file      : 022_مرز هوی کجاست محبت به انبیاء و نیکوکاران... _ بحث تزکیه.mp3
Provider        : ElevenLabs Scribe (scribe_v2)
Audio duration  : 28:57 (1737.11 s)
Requests        : 1
Billed duration : 1738 s (rounded up to nearest second)
Rate            : $0.22 / audio hour
Estimated cost  : $0.106157 USD
Transcript saved: Audios/AyatollahShojaee/Tazkiyeh/022/022_مرز هوی کجاست محبت به انبیاء و نیکوکاران... _ بحث تزکیه.txt
============================================================
