Provider: ElevenLabs Scribe (scribe_v2)
Progress file (updated after each chunk): Audios/AyatollahShojaee/Tazkiyeh/109/109_خطورات شيطاني4 _ بحث تزکیه.partial.txt
  preparing audio (109_خطورات شيطاني4 _ بحث تزکیه.mp3)...
  23:47 → 1 request(s)
  progress file: Audios/AyatollahShojaee/Tazkiyeh/109/109_خطورات شيطاني4 _ بحث تزکیه.partial.txt
  [1/1] 0:00–23:47 (8364 KB)...
      → 14447 chars: اعوذ بالله السميع العليم من الشيطان الرجيم. بسم الله الرحمن الرحيم. نظر عرض کردم که قلب ما با این وضع از دست رفته، ما قلب نداریم. اگر این خواطر را کسی موفق بشود بزند کنار، خیلی مجا…

============================================================
TRANSCRIPTION (preview)
============================================================
اعوذ بالله السميع العليم من الشيطان الرجيم. بسم الله الرحمن الرحيم. نظر عرض کردم که قلب ما با این وضع از دست رفته، ما قلب نداریم. اگر این خواطر را کسی موفق بشود بزند کنار، خیلی مجاهدت می‌کند. در مقام چاره‌جویی که این خواطر را چه جوری برطرف بکنیم من مضربی خواهم گفت با بحث و شرح با توجه. فعلاً من در مقام چاره‌جویی نمی‌مونم. اشاره کردم که از دیدگاه حضرت امام علی و علماها چه جوری می‌گن؟ ولی توضیح خواهم داد. در مقام رفع این خواطر که علاجش چه می‌رسد؟ چه‌جور وارد بشود که این‌ها را موفق بشه؟ توضیحات خواهم داد. فعلاً اینو عرض می‌کنم که اینو دقیقاً بدانید. اگر قلب ما یه وقتی از این خواطر که در این جلسه بحث می‌کنیم عاری باشد و این خواطر را اگر ما موفق بشیم از قلب خودمون کنار بزنیم، یعنی به تعبیری دیگر اگر ما قلب خودمون را داشته باشیم، دقت بکنید، اگر ما قلب خودمون را داشته باشیم و به تعبیر به اصطلاح حضرت علی سلام الله علیه خودمون را بیابیم، خب حقیقت ما قلب ما از دست رفته، ما در اختیار خود نیستیم، گم شده. این از آن که این روایتو در فکر می‌کنم گفته‌های من و در نوشته‌هام که نوشتم که علی فرمود که تعجب می‌کنم سلام الله علیه فرمود تعجب می‌کنم هر کسی به دنبال گم‌شدش است اما خود را گم کرده، هیچ در طلبش؟ این بیان از علی سلام الله علیه همین است که آن وقت که با خودمان را به دست آوردیم یا این به تعبیری این خواطر را کنار زدیم، فکر نکنید که قلب من، قلب شما همان است که الان داریم. این یک مسئله ای کلک‌انداز و فریبها اینجور فکر می‌کنند. این حقیقت را من می‌خوام یه خورده توضیح بدم. قلب ما به این صورتی که الان داریم، شما می‌بینید، من قلب خود را می‌بینم. این قلب به این صورت که گفتم در حقیقت قلب نیست، منسوخ است، مسخ شده، از دست رفته، دست شده، جای آن توسط شیطان شده الی آخر و به تعبیر روایت قلب منگوس و امثال اینهاست. این قلب همین است که هست. اما اگر این‌ها را ما موفق بشیم از قلب کنار بزنیم، دلای قلب ما این نیست دیگر. قلب ما دیگه این نیست. و اصلاً ماهیتش کلاً عوض می‌شود. به طور کلی عوض می‌شود. شاید شما تعجب کنید که چه‌جور می‌شود؟ ما هرچی دلمون میخواد گریه بکنیم، ما هم بترسیم، ما هم از اون خشم‌ها داشته باشیم، ما هم از اون شوق‌ها داشته باشیم، از اون گریه‌ها برای شوق، برای خوف در هر صورت و از اون حالات و 
… (truncated; see saved file for full transcript)

============================================================
SUMMARY
============================================================
Input file      : 109_خطورات شيطاني4 _ بحث تزکیه.mp3
Provider        : ElevenLabs Scribe (scribe_v2)
Audio duration  : 23:47 (1427.40 s)
Requests        : 1
Billed duration : 1428 s (rounded up to nearest second)
Rate            : $0.22 / audio hour
Estimated cost  : $0.087230 USD
Transcript saved: Audios/AyatollahShojaee/Tazkiyeh/109/109_خطورات شيطاني4 _ بحث تزکیه.txt
============================================================
