Provider: ElevenLabs Scribe (scribe_v2)
Progress file (updated after each chunk): /Users/mohammadreza/IslamASR/Audios/AyatollahShojaee/Mabohas_Mozui/002/002_2- در خصوص ماه مبارک رمضان 2.partial.txt
  preparing audio (002_2- در خصوص ماه مبارک رمضان 2.mp3)...
  30:41 → 1 request(s)
  progress file: /Users/mohammadreza/IslamASR/Audios/AyatollahShojaee/Mabohas_Mozui/002/002_2- در خصوص ماه مبارک رمضان 2.partial.txt
  [1/1] 0:00–30:41 (10787 KB)...
      → 19981 chars: اعوذ بالله السميع العليم من الشيطان الرجيم. بسم الله الرحمن الرحيم. حضرت عبدالعظیم از، شرحش که او از عبدالحسن ثالث علیه السلام از امام هادی سلام الله. این حدیث اینجور است. امام می‌…

============================================================
TRANSCRIPTION (preview)
============================================================
اعوذ بالله السميع العليم من الشيطان الرجيم. بسم الله الرحمن الرحيم. حضرت عبدالعظیم از، شرحش که او از عبدالحسن ثالث علیه السلام از امام هادی سلام الله. این حدیث اینجور است. امام می‌فرماید لما كلم الله اینجا نکات عمیقی در این حدیث هست که عرض کردم کلا من ترجمه می‌کنم فقط ترجمه‌اش اون اندازه که یادتون میمونه یادداشت می‌کنید. امام فرمود لما كلم موسى بن عمران علیه السلام وقتی که خدای متعال با موسی بن عمران صحبت می‌کرد، تکلم می‌فرمود. قال موسی. موسی گفت اینها این روایت را گفتند از امام هادی و امام هادی صحبت و مکالمه‌ای را که بین خدای متعال و حضرت موسی شده است ذکر می‌فرماید. قال موسی حضرت موسی گفت به خدا الهی ما جزاء من شهد انی رسولک و نبیوک و انک كلمتنی. اولش اینجور شروع می‌شود. حضرت موسی سؤال می‌کند تو ای جزای کسی که شهادت داده است من رسول تو و نبی تو هستم و تو با من مکالمه کردی. جزای آن کسی که به این مسئله شهادت دهد چیست؟ قال خدا فرمود یا موسی تحییه ملائکتی فتبشره بجنتی. کسی که به این معنا شهادت دهد، ملائکه من می‌آید به سوی او و او را بشارت بهشت می‌دهد. قال موسی. حالا قسمت‌های بعدی. موسی گفت که الهی ما جزاء من قام بین یدیک یصلی. خدایا جزای کسی که در پیشگاه تو می‌ایستد و نماز می‌ایستد و نماز می‌خواند چیست؟ قال یا موسی فرمود خدا موسی اباهی به ملائکتی. من به وسیله این بنده مباهات می‌کنم به ملائکه‌ام. به اهمیت نماز مباهات می‌کنم به ملائکه‌ام. راکعاً و ساجداً و قائماً و قاعداً. وقتی به رکوع می‌رود، به سجده می‌رود، به قیام و به رکوع می‌پردازد در نماز من مباهات می‌کنم به ملائکه‌ام. بعد فرمود که من باهیت به ملائکتی. من و کسی هم که من به وسیله او با او به ملائکه‌ام مباهات می‌کنم، او را عذاب نمی‌کنم که. خدا با کسی مباهات می‌کند بعد که می‌کند او را عذاب می‌کند. او را عذاب نمی‌کند. خب از اینجا توجه به اهمیت نماز داشته باشیم. قال موسی. موسی گفت که الهی ما جزاء من اطعم مسكينا. خدایا چه جزای آن کسی که مسکینی را اطعام می‌کند ابتغاء وجهک و نظرش هم فقط رضای تو باشد. وجه تو باشد. قال. حالا این ابتغاء وجهک من قبلاً هم لابد در صحبت‌ها و بحث‌ها فهمیدید. معمولاً اینجور معنی می‌کنند که مثلاً همین جا که می‌فرماید که جزاء من اطعم مسكينا سؤال می‌کند از خدا که من اطعم مسكينا جزای کسی که اطعام می‌کن
… (truncated; see saved file for full transcript)

============================================================
SUMMARY
============================================================
Input file      : 002_2- در خصوص ماه مبارک رمضان 2.mp3
Provider        : ElevenLabs Scribe (scribe_v2)
Audio duration  : 30:41 (1840.93 s)
Requests        : 1
Billed duration : 1841 s (rounded up to nearest second)
Rate            : $0.22 / audio hour
Estimated cost  : $0.112501 USD
Transcript saved: /Users/mohammadreza/IslamASR/Audios/AyatollahShojaee/Mabohas_Mozui/002/002_2- در خصوص ماه مبارک رمضان 2.txt
============================================================
