Provider: ElevenLabs Scribe (scribe_v2)
Progress file (updated after each chunk): /Users/mohammadreza/IslamASR/Audios/AyatollahShojaee/Mabahese_Tohidi/003/003_مباحث توحیدی-3.partial.txt
  preparing audio (003_مباحث توحیدی-3.mp3)...
  26:25 → 1 request(s)
  progress file: /Users/mohammadreza/IslamASR/Audios/AyatollahShojaee/Mabahese_Tohidi/003/003_مباحث توحیدی-3.partial.txt
  [1/1] 0:00–26:25 (9288 KB)...
      → 13942 chars: بسم الله الرحمن الرحيم. قل هوالله أحد به نام خداوند بخشایشگر مهربان بگو خدا یکی است. [موسیقی] توحید نامه با بیانات حضرت آیت الله محمد شجاعی. [موسیقی] منظور از بحث توحید عبارت است ا…

============================================================
TRANSCRIPTION (preview)
============================================================
بسم الله الرحمن الرحيم. قل هوالله أحد به نام خداوند بخشایشگر مهربان بگو خدا یکی است. [موسیقی] توحید نامه با بیانات حضرت آیت الله محمد شجاعی. [موسیقی] منظور از بحث توحید عبارت است از معرفت خدای متعال، صفات خدای متعal و افعال خدای تعالی. پیش بیان دیگر به اصطلاح معرفت وحشانیت ذات مقدس حق و اینکه جز ذات او ذاتی نیست و جز صفات او صفاتی نیست و جز اعمال او احوالی نیست. بسم الله الرحمن الرحیم راوی میگوید از امام ابوالحسن علیه السلام سؤال کردم از کمترین و پایین‌ترین مرتبۀ معرفת خدا. حضرت جواب دادند این که شخص اقرار نماید که خدایی جز او نیست and مثل و مانندی ندارد. او همیشه بوده است ثابت و استوار می‌باشد. موجود است هیچگاه از بین نمی‌رود andهیچ گونه مثل و مانندی ندارد. دوستان قرآنی سلام با برنامه توحیدنامه از شبکه رادیویی قرآن در خدمت شما ایم و از بیانات عالمانه حضرت آیت الله شجاعی درباره 토حید خداوند متعال بهره‌مند می‌شویم. با ما همراه باشید. لا اله الا الله لا اله الا الله لا اله الا الله لا اله الا الله لا اله الا الله لا اله الا الله لا اله الا الله لا اله الا الله لا اله الا الله لا اله الا الله. اعلنت عباد الله جميعا لذكر الله فمن القصد غير الله لاالهالاالله لا اله الا الله لا اله الا الله لا اله الا الله لا اله الا الله لا اله الا الله لا اله الا الله. اعلنت عباد الله جميعا لذكر الله فمن قصد غیرالله لا اله الا الله لا اله الا الله لا اله الا الله لا اله الا الله لا اله الا الله لا اله الا الله لا اله الا الله. اعلموا بحول الله وأعلموا بسم الله فمن يكرأ إلا الله لا اله الا الله لا اله الا الله لا اله الا الله لا اله الا الله لا اله الا الله لا اله الا الله لا اله الا الله لا اله الا الله لا اله الا الله لا اله الا الله لا اله الا الله. همراهان گرامی حضرت آيت الله شجعى در برنامۀ گذشته با بيان آیات صد و پنجاه و نه و صد و شصت سوره مبارکه صافات فرمودند مخلص بودن با سیر عملی است. با علم نمی‌شود مخلص بود. مجاهدت‌های عملی یعنی سلوک عبودی طی کردن منازل در عمل است اما همین عمل باطناش علم است و به موازات همین ظاهر عملی در حقیقت در باطن انسان از لحاظ علمی و معرفت بالا میرود و خدا را می‌شناسد. وقتی خدا را خوب شناخت وظائف بندگی اش را بهتر انجام می‌دهد و همان چیزهایی را که در شناخت خدا
… (truncated; see saved file for full transcript)

============================================================
SUMMARY
============================================================
Input file      : 003_مباحث توحیدی-3.mp3
Provider        : ElevenLabs Scribe (scribe_v2)
Audio duration  : 26:25 (1585.08 s)
Requests        : 1
Billed duration : 1586 s (rounded up to nearest second)
Rate            : $0.22 / audio hour
Estimated cost  : $0.096866 USD
Transcript saved: /Users/mohammadreza/IslamASR/Audios/AyatollahShojaee/Mabahese_Tohidi/003/003_مباحث توحیدی-3.txt
============================================================
