Provider: ElevenLabs Scribe (scribe_v2)
Progress file (updated after each chunk): Audios/AyatollahShojaee/Tazkiyeh/120/120_مسئله اول در باب تجليات تجلي نور در قلب _ بحث تزکیه.partial.txt
  preparing audio (120_مسئله اول در باب تجليات تجلي نور در قلب _ بحث تزکیه.mp3)...
  28:55 → 1 request(s)
  progress file: Audios/AyatollahShojaee/Tazkiyeh/120/120_مسئله اول در باب تجليات تجلي نور در قلب _ بحث تزکیه.partial.txt
  [1/1] 0:00–28:55 (10166 KB)...
      → 17802 chars: [آوازه] اعوذ بالله السميع العليم من الشيطان الرجيم. بسم الله الرحمن الرحيم. اولين مسئله که تجلی شروع می‌شود در قلب صالح، تجلی نور حق است در قلب. اینجا به آیاتی که عرض می‌کنم، به چن…

============================================================
TRANSCRIPTION (preview)
============================================================
[آوازه] اعوذ بالله السميع العليم من الشيطان الرجيم. بسم الله الرحمن الرحيم. اولين مسئله که تجلی شروع می‌شود در قلب صالح، تجلی نور حق است در قلب. اینجا به آیاتی که عرض می‌کنم، به چندین آیه دقت کنید تا بعد‌ها یواش یواش به یکدلی یا بفرمایید. آیاتی که در اون‌ها کلمه‌ی نور آمده است زیاد است در قرآن. البته هر آیه رموزی، اسراری، عقائدی دارد. یک سلسله از آیات به این شکل است که همیشه من و شما خوانده‌ایم و آشنا هستیم که خدای متعال صاحبان ایمان را از ظلمت‌ها چی می‌کند؟ از ظلمت‌ها بیرون می‌آورد و وارد عالم نور می‌کند. این‌ها یک سلسله آیات است که این‌ها ناظر بر همین حقیقت است. به این آیه دقت می‌کنیم که سوره‌ی بقره همیشه می‌خوانیم. الله ولي الذين آمنوا يخرجهم من الظلمات کی؟ إلى النور. خب معلوم است که من و شما در وجود و در قلب ظلمت‌ها داریم که اگر تحت ولایت حق قرار بگیریم که در سلوک اینطور می‌شود، خدا ما را از اون ظلمت‌ها نجات می‌دهد و به نور وارد می‌کند. این آیه حسابش حساب دو تا چهار است. الله ولي الذين آمنوا يخرجهم من الظلمات إلى النور. معلوم شد که من و شما ظلمتی در قلب و در باطن داریم، ظلمت‌ها. بله‌ها حوبه‌هست. البته نور جلو است، ظلمات بعد میاد جلو نور را می‌گیرد بعد. يخرجهم من الظلم. یعنی در حقیقت اصلش نوره. ما این به دست خودمون با اکتساب خودمون ظلمت‌ها را، حجاب ظلمانی را روی انواع کشیدیم و محجوب قرار دادیم خودمون را و قلبمون را. الهی قلبی محجوب، محجوب اون، این نور را و قلب نورانی را ما خودمون بعداً محجوب می‌کنیم و الا این سؤال از نور است، اول نور است. خب اون یک آیه بود گفتم، آیه‌ی 157 سوره‌ی بقره بود که آیات القُرصي که معمولاً می‌خوانیم. در سوره‌ی مائده، آیه 16 در خصوص قرآن می‌فرماید: يهدي به الله من اتبع رضوانه. هدایت می‌کند خدا به سبب قرآن اون کسی را که تابع رضوان خداست. سبل السلام. به کجا هدایت می‌کند؟ به راه‌های سلام. ويخرجهم و اون‌ها را خارج می‌کند من الظلمات إلى النور. از ظلمت‌ها به نور به اذن این، به اذن خودش. ويهديهم إلى صراط مستقيم. و اون‌ها را هدایت می‌کند به صراط مستقیم. این هم یک آیه در خصوص همین نوری که در اذن حق به صاحبان ایمان که عامل هستند متوجه می‌شود. آیه 22 سوره‌ی زمر. أفمن شرح الله صدره للإسلام فهو على نور من ربه فعلي القاسية قلوبهم من ذكر الله أولئك في ضل
… (truncated; see saved file for full transcript)

============================================================
SUMMARY
============================================================
Input file      : 120_مسئله اول در باب تجليات تجلي نور در قلب _ بحث تزکیه.mp3
Provider        : ElevenLabs Scribe (scribe_v2)
Audio duration  : 28:55 (1734.95 s)
Requests        : 1
Billed duration : 1735 s (rounded up to nearest second)
Rate            : $0.22 / audio hour
Estimated cost  : $0.106025 USD
Transcript saved: Audios/AyatollahShojaee/Tazkiyeh/120/120_مسئله اول در باب تجليات تجلي نور در قلب _ بحث تزکیه.txt
============================================================
