Provider: ElevenLabs Scribe (scribe_v2)
Progress file (updated after each chunk): /Users/mohammadreza/IslamASR/Audios/AyatollahShojaee/Mabohas_Mozui/029/029_29- خطرات وموانعی که برسرراه بندگان در مسير عبوديت وجود دارد.partial.txt
  preparing audio (029_29- خطرات وموانعی که برسرراه بندگان در مسير عبوديت وجود دارد.mp3)...
  23:32 → 1 request(s)
  progress file: /Users/mohammadreza/IslamASR/Audios/AyatollahShojaee/Mabohas_Mozui/029/029_29- خطرات وموانعی که برسرراه بندگان در مسير عبوديت وجود دارد.partial.txt
  [1/1] 0:00–23:32 (8276 KB)...
      → 14546 chars: اعوذ بالله السميع العليم من الشيطان الرجيم. بسم الله الرحمن الرحيم. قال الله ملاكنا جمعنا منش إلى ما مسحنا بيدي فساج منهم في أهل الفلاح في الدنيا لنفقههم فيه ورزقه ربه خير من أثام …

============================================================
TRANSCRIPTION (preview)
============================================================
اعوذ بالله السميع العليم من الشيطان الرجيم. بسم الله الرحمن الرحيم. قال الله ملاكنا جمعنا منش إلى ما مسحنا بيدي فساج منهم في أهل الفلاح في الدنيا لنفقههم فيه ورزقه ربه خير من أثام آیه 130 از سوره کاه است. این تذکرات لازم در این زمینه را با یک مقدمه من عرض می‌کنم خوب انشاالله که درک کنید. معمولاً هم این تذکرهایی که و حقایقی که گفته می‌شود [مکث]، اونهاست که برای ما در سلوک عبودی و در توحید عبودیت لازم است. اون‌ها رو معمولاً عرض می‌کنیم در عین حال که به حقایق قرآنی تا حدی که امکان دارد [مکث] مطلع باشیم. در مسئله عبودیت مسائل زیاد هست. حقایق زیاد هست. از جمله چیزهایی که قبل از مقدمه عرض می‌کنم بعد این آیه را و تذکرات لازم در این زمینه را این است که اکثر اونهایی که در عالم خودشون فکر می‌کنند در طریق عبودیت پیش می‌روند. شاید تا بعضی‌ها که به فکر مجاهدت‌های بالای عبودی هم می‌افتند. خطراتی این‌ها را در این مسیر و در طی طریق عبودیت خطراتی تهدید می‌کند زیاد است و اکثراً هم به اون خطرات توجه ندارند و در معرض اون خطرها، منظور خطراتی در طریق عبودیت هست قرار می‌گیرند. مثلاً من مثال عرض می‌کنم. می‌بینید بعضی‌ها در عین حال که به گمان خودشان بر مسیر عبودیت پیش می‌روند و به فکر خودشان در طریق نجات قدم برمی‌دارند. از بعضی از وظایف لازم که لازم است در [مکث] طریق عبودیت کاملاً غفلت می‌کنند. جمعی اینجور هستند. این‌ها رو به عنوان مثال میگم خوب فکر بکنید تا خیر ببرد کسی مثلاً. که جا می‌کنم جمعی به عنوان مثال است. جمعی در عین حال که فکر می‌کنند در طریق عبودیت پیش می‌روند، در مسیر نجات هستند، از بعضی از وظایف که ضرورت دارد در طی طریق عبودیت به طور کلی غفلت می‌کنند. چنین وظایفی هست و اگر اون‌ها رو انجام ندهند در طریق نیستند. در راه جایی نمی‌گذارند و به خودشون گمان می‌کنند. به این توجه ندارند. اینجا هم که عالم سطر حجاب است. این عالم بنا نیست حقایق در اینجا واضح بشود. خود قرآن فرمود این‌ها را می‌فرماید. این آیه را به تناسب‌های مختلف من گفته‌ام. شما شنیده‌اید که قرآن به صراحت می‌فرماید کسانی هستند که گمان می‌کنند در طریق هستن ولی خودشون نمی‌فهمن بعد معلوم می‌شود. عالم، عالم سطر حجاب است. اینجا. این عالم. بعضی از این وظایف غفلت می‌کنند، توجه هم ندارند. مثلاً حالا مثال بگم. همش عنوان مثال و نمونه 
… (truncated; see saved file for full transcript)

============================================================
SUMMARY
============================================================
Input file      : 029_29- خطرات وموانعی که برسرراه بندگان در مسير عبوديت وجود دارد.mp3
Provider        : ElevenLabs Scribe (scribe_v2)
Audio duration  : 23:32 (1412.42 s)
Requests        : 1
Billed duration : 1413 s (rounded up to nearest second)
Rate            : $0.22 / audio hour
Estimated cost  : $0.086315 USD
Transcript saved: /Users/mohammadreza/IslamASR/Audios/AyatollahShojaee/Mabohas_Mozui/029/029_29- خطرات وموانعی که برسرراه بندگان در مسير عبوديت وجود دارد.txt
============================================================
