Provider: ElevenLabs Scribe (scribe_v2)
Progress file (updated after each chunk): Audios/AyatollahShojaee/Tazkiyeh/123/123_تجليات اسماء در انبياء _ بحث تزکیه.partial.txt
  preparing audio (123_تجليات اسماء در انبياء _ بحث تزکیه.mp3)...
  34:41 → 1 request(s)
  progress file: Audios/AyatollahShojaee/Tazkiyeh/123/123_تجليات اسماء در انبياء _ بحث تزکیه.partial.txt
  [1/1] 0:00–34:41 (12196 KB)...
      → 21022 chars: اعوذ بالله السميع العليم من الشيطان الرجيم. بسم الله الرحمن الرحيم. در خصوص حضرت نوح علیه السلام، در خصوص نوح. خب نوح سلام الله علیه شنیدید که مدت‌ها دعوت می‌کرد. همه انبیا مظهر بو…

============================================================
TRANSCRIPTION (preview)
============================================================
اعوذ بالله السميع العليم من الشيطان الرجيم. بسم الله الرحمن الرحيم. در خصوص حضرت نوح علیه السلام، در خصوص نوح. خب نوح سلام الله علیه شنیدید که مدت‌ها دعوت می‌کرد. همه انبیا مظهر بودند. نوح هم مظهر بود. فراخوانی جا محفوظ بود. اما این که نوح بعد از نهصد و پنجاه سال به تعبیر قرآن دعوت حالا، اون رفتاری که مردم با او کردند بالاخره نوح یه مقدار دیگه ناراحت شد. ناراحت شد. خیلی اذیت‌ها به نوح کردند. مسخره‌ها، اذیت‌ها، ایذاها. نهصد و پنجاه سال دعوت می‌کرد. حالا عمرش چقدر بود؟ ولی این سری قرآن است که نهصد و پنجاه سال در میان قومش بود دعوت می‌کرد و همه اش هم با مخالفت‌های سرن و با اذیت‌ها و ایذاها روبرو شد. تا جایی که نوح به اصطلاح دمی از نوح آمد. اون دم عالم را چه کرد؟ عالم را به هم زد. این دم از چی بود؟ اگر گفتید از اسمی بود، مظهر اسمی بود. اون اسم که اگر بخواهد در یک لحظه همه چیز را به هم بزند می‌زند. اون اسم در وجود حضرت نوح در حدی که قابلیت داشت نوح متجلی بود و به لحاظ همین تجلی این اسم اثرش در وجود او، در دم او، در گفتار او، در دعای او بود که دعا کرد اون همه جا را که مثنوی می‌گوید که گر نبودی نوح را از حق یدی، خیلی خوب گفته اینجا. این در واقع همون تجلیات گفته. مثنوی مولوی. در مثنوی میگه گر نبودی نوح را از حق یدی، از جهانی را چه سان بر هم زدی؟ گر نبودی نوح را از حق یدی، از جهانی را چه سان بر هم زدی؟ مسلماً اسمی بود در وجود حضرت نوح متج-- البته اسماء دیگر هم بود ولی این اسم حکمش این بود وقتی که یه حالت غضب، یه حالت چی بود؟ حالا خودش می‌داند و خدا. بالاخره دمی از نوح آمد اونجور شد که هم قرآن می‌گوید و هم تاریخ و هم داستان‌ها گفتند که همه جا را دفتان گرفت. خودش گفت که حالا این، به این آیاتش دقت می‌کنید؟ صدو هفده تا صد و بیست و هشت سوره شعراء را آیاتش را من می‌خوانم که دقت کنید. قال يا رب از قول نوح است. قال يا رب إن قومي كذبوني. گفت نوح گفت خدایا پروردگار من قوم من مرا تکذیب کردند. اونم بعد از نهصد و پنجاه سال این‌ها را گفته. نهصد و پنجاه سال صبر کرد. این هم از نوح برای آبروت هست. نهصد و پنجاه سال صبر. من و شما یه نفر یه حرف می‌زنه چند بار گفتیم گوش نکرد می‌خوایم همون جا بکشیم. تصور می‌کنید؟ همون جا. یعنی خیلی ظرفیت من و شما این اندازه است. اون هم ظرفیت نوح بود. شیخ الانبیا 
… (truncated; see saved file for full transcript)

============================================================
SUMMARY
============================================================
Input file      : 123_تجليات اسماء در انبياء _ بحث تزکیه.mp3
Provider        : ElevenLabs Scribe (scribe_v2)
Audio duration  : 34:41 (2081.30 s)
Requests        : 1
Billed duration : 2082 s (rounded up to nearest second)
Rate            : $0.22 / audio hour
Estimated cost  : $0.127191 USD
Transcript saved: Audios/AyatollahShojaee/Tazkiyeh/123/123_تجليات اسماء در انبياء _ بحث تزکیه.txt
============================================================
