Provider: ElevenLabs Scribe (scribe_v2)
Progress file (updated after each chunk): /Users/mohammadreza/IslamASR/Audios/AyatollahShojaee/Asma_hosna/018/018_اسماء حُسنی 18.partial.txt
  preparing audio (018_اسماء حُسنی 18.mp3)...
  49:45 → 1 request(s)
  progress file: /Users/mohammadreza/IslamASR/Audios/AyatollahShojaee/Asma_hosna/018/018_اسماء حُسنی 18.partial.txt
  [1/1] 0:00–49:45 (17491 KB)...
      → 30023 chars: الله. الله الخالق الصادق الله الخالق الصادق الخالق البارئ المصور له الأسماء الحسنى الأسماء الحسنى الكريم الرحيم المجيب الواسع الحكيم الغفور المجيب الباعث الشهيد. مباحث عرفانی آیت ا…

============================================================
TRANSCRIPTION (preview)
============================================================
الله. الله الخالق الصادق الله الخالق الصادق الخالق البارئ المصور له الأسماء الحسنى الأسماء الحسنى الكريم الرحيم المجيب الواسع الحكيم الغفور المجيب الباعث الشهيد. مباحث عرفانی آیت الله محمد شجاعی در باب اسماء الهی. از اسما که از اسم رب می شاید هست اسم غنی است. اولا معنی غنی بر اساس بعضی از مطالبی که قبلاً در تشریح بعضی از اسماء گفته شده است تقریباً روشن است. وقتی که حالا از نظر فلسفی حساب کنیم وجود همه اشیا اصل وجود همه اشیا و موجودات و همه آثار و کمالات وجودی‌شان از خداست او داده. با توجه به اینکه از نظر فلسفی باز این در جا خودش هست قبلاً هم اشاره شده در جا خودش یه مسئله مسلمی است که خدا ذات مقدس حق وجودات و اشیا را او اعطا می‌کند و آثار وجودی و کمالات وجودی همه چیز را هم او داده است. خود او یعنی ذات مقدس حق به عنوان علت وجودی به اصطلاح فلسفی و مصدر وجود و منشاء وجودها و هستی‌ها و کمالات هستی خود همه اون چرا که موجودات از وجود و کمالات وجودی از هستی و کمالات هستی و آثار هر چه هست است هر چه بود است همه آنها را که داده به موجودات از نظر فلسفی خود اون علت همه اش را به نحو اعلی واجب است یعنی داراست که داده. هر کمالی در هر موجودی که هست خدا داده. او همان کمال را خود او همان کمال را به صورت بی‌حد واجب است به صورت به اصطلاح نامحدود داراست. هر وجودی را به هر موجودی که داده او خود وجود را به صورت بی‌حد و نامحدود واجب است. خود وجود نامحدود است و به اصطلاح فلسفی علت همه وجود و کمالات وجودی معلولات خود را دارد به نحو اعلی به نحو بهتر. بنابراین مسئله به این صورت می‌شود که خدا همه وجودات و موجودات را اعطا نموده و همه آثار و کمالات وجودی آنها را اعطا نموده و خود همه آنها را به نحو جامع و به نحو احسن و اجمل و نامحدود واجب است. اونچه موجودات دارند او دارد و به نحو نامحدود و غیر متناهی هم دارد و اینها را هم او داده است. بر اساس این مسئله که اصل مسلم و حقیقت مسلمی است معنی اسم غنی روشن می‌شود. یعنی غنی معنیش این است که ذات مقدس حق به اونچه که نزد غیر او هست به غیر خود و به اونچه که نزد غیر است هیچگونه احتیاجی ندارد. این معنی غنی است. چرا؟ برای اینکه گفتم اونچه که غیر دارد و نزد غیر هست از وجود و کمالات وجودی آنها را او داده و او خود آنها را به صورت نامحدود واجب است. بنابراین هیچگونه ا
… (truncated; see saved file for full transcript)

============================================================
SUMMARY
============================================================
Input file      : 018_اسماء حُسنی 18.mp3
Provider        : ElevenLabs Scribe (scribe_v2)
Audio duration  : 49:45 (2985.12 s)
Requests        : 1
Billed duration : 2986 s (rounded up to nearest second)
Rate            : $0.22 / audio hour
Estimated cost  : $0.182424 USD
Transcript saved: /Users/mohammadreza/IslamASR/Audios/AyatollahShojaee/Asma_hosna/018/018_اسماء حُسنی 18.txt
============================================================
