Provider: ElevenLabs Scribe (scribe_v2)
Progress file (updated after each chunk): /Users/mohammadreza/IslamASR/Audios/AyatollahShojaee/Mabohas_Mozui/001/001_1- در خصوص ماه مبارک رمضان 1.partial.txt
  preparing audio (001_1- در خصوص ماه مبارک رمضان 1.mp3)...
  26:20 → 1 request(s)
  progress file: /Users/mohammadreza/IslamASR/Audios/AyatollahShojaee/Mabohas_Mozui/001/001_1- در خصوص ماه مبارک رمضان 1.partial.txt
  [1/1] 0:00–26:20 (9258 KB)...
      → 16902 chars: بسم الله الرحمن الرحیم. اولاً این تذکرات، یعنی اولین چیزی که توصیه می‌کنم به همه‌تون این که با توجه بر این که خدا هر کسی را هر توفیقی داده است منت گذاشته است، عنایت فرموده است. با …

============================================================
TRANSCRIPTION (preview)
============================================================
بسم الله الرحمن الرحیم. اولاً این تذکرات، یعنی اولین چیزی که توصیه می‌کنم به همه‌تون این که با توجه بر این که خدا هر کسی را هر توفیقی داده است منت گذاشته است، عنایت فرموده است. با توجه بر این حقیقت که خدا به هر کسی هر توفیقی داده است در مقام وجودیت، عنایت فرموده است، منت گذاشته است، تفضل کرده است، مشمول انعام خودش قرار داده است. با توجه به این نکته به همه‌تون توصیه می‌کنم در ماه مبارک از دعای به این نحو «خدایا ما را ببخش، مواخذه نکن، بشو از مغفرت قرار بده، مواخذه ما گناهانمون نکن و محروم از ماه مبارک و برکات ماه مبارک و توفیقات ماه مبارک نفرین» این دعا را با تضرع داشته باشید. حتماً این دعا را فراموش نکنید. در ماه مبارک رمضان که خدا توفیق روزه همه ماه مبارک را با سلامتی و عافیت و توفیق ص-- به اصطلاح محظوظ شدن از سایر عباداتش، از دعاها و شب زنده‌داری‌ها و عبادات دیگرش به شما عنایت فرماید. این دعا را در نظر داشته باشید. محروم نکن. مواخذه نکن. حتماً. اگر انا باشد خدا مواخذه بکند ما را به گناهانمون، همه توفیقات هم از ما می‌گیره. منتها سبقت رحمت او غضب. یعنی هرچی این دعا باشد رحمت خدا بیشتر خواهد بود و عهد خدا بیشتر خواهد بود و طبعا توفیقات از صد نخواهد فرمود و زیاد خواهد فرمود. این یک دعا، این یک تذکری که گفتم حتماً دعا کنید. البته این همه وقت هم همین طور. همه وقت هم برای توفیقات کن. به این نحو دعا بکن. «خدایا! ما را مواخذه نکن با گناهانمون. شعور گناهان ما را به ما به این صورت نزن که ما را محروم بگردان. ببخش و ما را محروم نگردان و بر ما منت بگذار» اینجوری. و اگر از قلبتون کتور هست که شما روزه می‌گیرید کأن شما به خدا منت گذاشتید، بگید «خدایا! اگر در قلب من این جور حساب باشد که من منت گذاشتم به این هم منو مواخذه نکن» که این فکر عامیانه هنوز ریشه دارد در وجود ما. وقتی یک کاری می‌کنیم، نمازی، روزه‌ای، هر کار غیر عبادتی، یک فکر عامیانه از دست، یعنی جاهلانه در واقع، از دست در وجود ما ریشه‌دوان هست و ممکنه ما خودمون نفهمیم حتی. بدون توجه وقتی یک روزه‌ای می‌گیریم، یک کاری می‌کنیم کأن یک چیزی اضافه داریم از خدا، کأن ما به خودمون، از خدا خلاف کاری کردیم که ممکنه بلا شعور از قلب ما بگذرد یا باشد و خودمون توجه نداشته باشیم. این خیلی شعور کتم داره. دقت کنید این مسئله. برای خدا هم انع
… (truncated; see saved file for full transcript)

============================================================
SUMMARY
============================================================
Input file      : 001_1- در خصوص ماه مبارک رمضان 1.mp3
Provider        : ElevenLabs Scribe (scribe_v2)
Audio duration  : 26:20 (1579.93 s)
Requests        : 1
Billed duration : 1580 s (rounded up to nearest second)
Rate            : $0.22 / audio hour
Estimated cost  : $0.096551 USD
Transcript saved: /Users/mohammadreza/IslamASR/Audios/AyatollahShojaee/Mabohas_Mozui/001/001_1- در خصوص ماه مبارک رمضان 1.txt
============================================================
