Provider: ElevenLabs Scribe (scribe_v2)
Progress file (updated after each chunk): /Users/mohammadreza/IslamASR/Audios/AyatollahShojaee/Mabohas_Mozui/035/035_35- دروجودخود جزخودکسي را نمي بينيم.partial.txt
  preparing audio (035_35- دروجودخود جزخودکسي را نمي بينيم.mp3)...
  32:21 → 1 request(s)
  progress file: /Users/mohammadreza/IslamASR/Audios/AyatollahShojaee/Mabohas_Mozui/035/035_35- دروجودخود جزخودکسي را نمي بينيم.partial.txt
  [1/1] 0:00–32:21 (11376 KB)...
      → 20742 chars: اعوذ بالله السميع العليم من الشيطان الرجيم. بسم الله الرحمن الرحيم. در آیه 19 سوره مجادله در باب منافقین البته، ولی آیه کلی‌ست و در هر خصوص هرکسی که تناسب دارد جریان دارد. در اونجا…

============================================================
TRANSCRIPTION (preview)
============================================================
اعوذ بالله السميع العليم من الشيطان الرجيم. بسم الله الرحمن الرحيم. در آیه 19 سوره مجادله در باب منافقین البته، ولی آیه کلی‌ست و در هر خصوص هرکسی که تناسب دارد جریان دارد. در اونجا می‌فرماید سوره مجادله "استحوذ عليهم الشيطان فأنساهم ذكر الله". شیطان بر آنها غلبه کرد. استحواز یعنی سیطره یافتن. زیاد شیطان به انسان مسلط می‌شود. این را می‌گویند استحواز. استحوذ عليهم الشيطان. شیطان به آنها غلبه پیدا کرد. چه کرد؟ فأنساهم ذكر الله. یاد خدا را از آنها، آنها را منسرق وادار به فراموشی کرد. خدا را چه کردند؟ خدا را فراموش کردند. حالا این اصلش در باب منافقین است ولی کلی جریان کسی که خدا را فراموش می‌کند این فراموش کردن به ظاهر از چیست؟ در محاصره معمول از چیست؟ از خودشه. من و شما مگه خدا را همیشه فراموش نمی‌کنیم؟ خب برگرد به خودتون ببینید چجور بوده است. دقت می‌کنید؟ این که کار همیشگی ماست که مرتب خدا را فراموش می‌کنیم. بعد حالا کسی چیزی از جمله‌ای از جا بشنویم به یاد خدا باشید فوراً بر می‌گردیم. مثلاً مگر توانستیم به یاد خدا؟ این فراموش کردن کار ماست. ما خودمون فراموش می‌کنیم. یعنی فکرمون می‌رود اینجا و اونجا و این مسئله و اون مسئله غوطه‌ور می‌شویم و خدا را چی می‌کنیم؟ فراموش می‌کنیم. فراموش کردن ظاهرش از ماست. اون فکرا که به نظر ما میاد از کیست؟ ظاهرش از ماست. این فکر میاد، اون فکر میاد، این موضوع چشم ما را می‌گیرد، فکر ما را می‌گیرد، گوش ما را می‌گیرد. اون یکی مشاعر ما را می‌-- مرتب دیگه من و شما کارمون همین است. این خدا را فراموش کردن به عین، به عین و امر فرداختن ما در وجودمون که کار ماست همیشه خودمون را می‌یابیم و می‌بینم من هستم که چقدر مشغولم و خدا را فراموش کرده‌ام. ولی میگه این فراموشی اصلش از چیست؟ از خداست. حتی اون فکر از خداست. این طوری در میان ارباب سلوک معروف است که این فکرای معمولی که ما می‌کنیم اینها از وساوس شیطان است. این مسئله بسیار دقیقی است. مثلاً شما مخصوصاً در نماز زیاد این پیش میاد. یه مقدار هوا گرم است. خدا کنه که عرض کنم که قضا неندازد. عرض کنم که تصمیم می‌گیریم که نماز با حضور بخوانیم. در همون اولش فلان فکر به نظر ما میاد، می‌رود، فراموش می‌کنیم. اصلاً یادمون میره که در حضور بودیم، می‌رویم. دوباره یادمون می‌افتد بعد از مثلاً یه مقدار نمازی خراب شد، یادمو
… (truncated; see saved file for full transcript)

============================================================
SUMMARY
============================================================
Input file      : 035_35- دروجودخود جزخودکسي را نمي بينيم.mp3
Provider        : ElevenLabs Scribe (scribe_v2)
Audio duration  : 32:21 (1941.41 s)
Requests        : 1
Billed duration : 1942 s (rounded up to nearest second)
Rate            : $0.22 / audio hour
Estimated cost  : $0.118642 USD
Transcript saved: /Users/mohammadreza/IslamASR/Audios/AyatollahShojaee/Mabohas_Mozui/035/035_35- دروجودخود جزخودکسي را نمي بينيم.txt
============================================================
