Provider: ElevenLabs Scribe (scribe_v2)
Progress file (updated after each chunk): Audios/AyatollahShojaee/Tazkiyeh/122/122_تجلي انوار ربوبي در قلب سالک2 _ بحث تزکیه.partial.txt
  preparing audio (122_تجلي انوار ربوبي در قلب سالک2 _ بحث تزکیه.mp3)...
  18:21 → 1 request(s)
  progress file: Audios/AyatollahShojaee/Tazkiyeh/122/122_تجلي انوار ربوبي در قلب سالک2 _ بحث تزکیه.partial.txt
  [1/1] 0:00–18:21 (6451 KB)...
      → 11475 chars: اعوذ بالله السميع العليم من الشيطان الرجيم. بسم الله الرحمن الرحيم. اولاً توجه داشته باشید که همین که نور در چشم متجلی شد یعنی از قلب به چشم زد و انسان از کشف ابصار برخوردار شد در …

============================================================
TRANSCRIPTION (preview)
============================================================
اعوذ بالله السميع العليم من الشيطان الرجيم. بسم الله الرحمن الرحيم. اولاً توجه داشته باشید که همین که نور در چشم متجلی شد یعنی از قلب به چشم زد و انسان از کشف ابصار برخوردار شد در هر مرتبه‌ای باشد ابتدایش اواسطش و نهائاتش. این چشم جدید را می‌گویند چشم دل. توجه کنید چشم رو چی میگن؟ چشم دل. چشم دل همین چشم است. یعنی همین چشمی که از رو به اصطلاح با تجلی نور در قلب و در چشم پیش آمده، آن چشمی که از نور الهی بر اثر رفع حجوب، ارتفاع حجوب برخوردار گشته و می‌بیند یا می‌یابد آنچه را که قبلاً افراد دیگر نمی‌یابند و این هم نمی‌یافت قبلاً. این آدم میگن از چشم دل بهره‌مند است. گفته می‌شود چشم دلش باز شده. حالا تعبیرات مختلف هست. اما چشم دل خوب دقت کنید که اون دریافتش یه مقدار مخصوصاً برای ماها من و شما که اهلش نیستیم یه مقدار مشکله. چشم دل نه این است که این چشم هیچ درش تحولی پیش نیاید. همین چشمی که داریم توجه می‌کنید؟ چشم دل چیزی است که یعنی ادراکی است، بصیره‌ای است که جدیداً پیدا شده. ابصار است، دیدن است، چشم است. اما این چشم در مراحلی در همین چشم هم ظهور می‌کند. یعنی چشم دل وقتی باز می‌شود چه در حال بیداری و چه در حال خواب و چه در بین بیداری و خواب. در اون حالاتی که برای سالکین پیش میاد گاهی حالات بیخودی مانند و حالات مختلفی که نمی‌شود گفت بیداری است و نمی‌شود گفت خواب است. یعنی از اون بیداری‌ها که ما داریم در عین غفلت یا عین غفلت و عین خواب است. از اون نیست، از اون خوابی که داریم باز اصطلاحاً از اون هم نیست. یه حالت ثالثی است. در هر صورت کشف انصار در سه مرحله پیش میاد. اون چشمی که حقایق پشت پرده‌ها که می‌بیند در هر مرتبه‌ای باشد. آنچه در پشت پرده می‌بیند همین چشم می‌بیند. در مراتبی همین چشم می‌بیند. خوب دقت کنید نه در همه مراتبش. در نهائات عرض می‌کنم چطور می‌شود. در ابتدا و در اواسط وقتی چشم دل باز می‌شود فکر نکنید یعنی این چشم همین است. نه، همین چشم دل در این چشم پیاده می‌شود. دقت می‌کنید؟ اون چشم دل در همین چشم پیاده می‌شود. نور حق بر نور ظاهر حس به اصطلاح سیطره پیدا می‌کند و نور نافذی در چشم پیدا می‌شود. البته این دیگه نه چیزی است که من و شما اگر کسی این چنین را ببینیم در چشمش آنچنان نور را چه بکنیم؟ می‌یابید؟ اگر گفت نه، شما الان همین چشم عادی من که هست نور در چشم عادی من 
… (truncated; see saved file for full transcript)

============================================================
SUMMARY
============================================================
Input file      : 122_تجلي انوار ربوبي در قلب سالک2 _ بحث تزکیه.mp3
Provider        : ElevenLabs Scribe (scribe_v2)
Audio duration  : 18:21 (1100.88 s)
Requests        : 1
Billed duration : 1101 s (rounded up to nearest second)
Rate            : $0.22 / audio hour
Estimated cost  : $0.067276 USD
Transcript saved: Audios/AyatollahShojaee/Tazkiyeh/122/122_تجلي انوار ربوبي در قلب سالک2 _ بحث تزکیه.txt
============================================================
