Provider: ElevenLabs Scribe (scribe_v2)
Progress file (updated after each chunk): Audios/AyatollahShojaee/Tazkiyeh/115/115_تجلي اسم عفو در سالک _ بحث تزکیه.partial.txt
  preparing audio (115_تجلي اسم عفو در سالک _ بحث تزکیه.mp3)...
  28:59 → 1 request(s)
  progress file: Audios/AyatollahShojaee/Tazkiyeh/115/115_تجلي اسم عفو در سالک _ بحث تزکیه.partial.txt
  [1/1] 0:00–28:59 (10191 KB)...
      → 16860 chars: اعوذ بالله السميع العليم من الشيطان الرجيم. بسم الله الرحمن الرحيم. جلسه گذشته قسمتی به صورت کلی گفتیم و باز همین مطالب در این جلسه. البته این مطالب که به صورت کلی عرض می‌کنیم این‌…

============================================================
TRANSCRIPTION (preview)
============================================================
اعوذ بالله السميع العليم من الشيطان الرجيم. بسم الله الرحمن الرحيم. جلسه گذشته قسمتی به صورت کلی گفتیم و باز همین مطالب در این جلسه. البته این مطالب که به صورت کلی عرض می‌کنیم این‌طوری که هفته گذشته ذکر کردم، به این معناست که جزئیاتش خیلی مختلف است و جزئیات تجلیات عقل الوهیت برای سالک صادق از اول سلوک تا آخر که تعداد و شمارش و امثال اینها نمی‌آید و همچنین در هر تجلی احکام و احوال خاصی که پیش می‌آید برای سالک اینها چیزی نیست که با گفتن و یا نوشتن و امثال اینها تمام بشه. مخصوصاً با توجه بر اینکه این تجلیات هم با همه اسماء جمال است و هم به تناسب منازل سلوک و مدارج ایمان فرق می‌کند و خیلی طولانی می‌شود اگر انسان بخواهد صحبت بکند و تمام هم نمی‌شود و خیلی‌هاش هم به زبان و عبارت نمی‌آید. مخصوصاً اونچه که به مراحل بالاتر سلوک مربوط است اصلاً الفاظ و آنجا و مفاهیم ذهنی کافر است و یافتنی و بلد و دیدنی. عرض کنم که این مطلبی که به آن عرض می‌کنیم به صورت کلی و تصویر کلی و اشارات است. اون هم به صورت بیان مثال از چند تجلی از تجلیات الوهیت با صفات جمال و اسماء جمال برای سالک. چند مورد را که در طول جلسه گذشته عرض کردیم. در این جلسه هم به بعضی از این تجلیات اشاره می‌کنیم. در قبل از اینکه اشاره بکنیم یک مسئله‌ای را که دوستان سؤال هم کرده بودند، شب گذشته من گفتم که در باب تناسب بحث هم من اینجا به صورت کلی عنوان می‌کنم قبل از اینکه تجلی بعضی از، احیانا بعضی از اسماء جمال را به عنوان نمونه چند مورد بگم، یک مسئله کلی را که مورد سؤال بود عرض می‌کنم که متناسب با همین موضوع هست و بعد هم چند مورد. مسئله‌ای که سؤال شده بود مسئله‌ای بود که در دعای کمیل می‌خوانیم و به اسماءک التي ملأت ارکان کل شیء. که در دعای کمیل این‌جور سؤال می‌شود از خدا و از تو می‌خوانم با اون اسمایی که با اسماء که ملأت ارکان کل شیء ارکان همه چیز را پر کرده است. این منظور چیست؟ متناسب با همین بحث ماست. البته اصل مسئله این جمله اگر بخواهد خیلی خوب توضیح داده بشود جلسات و بحث‌های طولانی می‌خواد و مربوط به اسماء هم هست. اسماء حسنی در ابعاد مختلف شناختش یک مسئله اساسی super span معتبر هم هست و می‌شود گفت که اگر کسی در اسماء تا حدودی شناخت داشته باشد و اسماء حسنی را، تجلیات اسماء را و احکام این تجلی را و ریشه کاری‌هاش را تا حدودی
… (truncated; see saved file for full transcript)

============================================================
SUMMARY
============================================================
Input file      : 115_تجلي اسم عفو در سالک _ بحث تزکیه.mp3
Provider        : ElevenLabs Scribe (scribe_v2)
Audio duration  : 28:59 (1739.16 s)
Requests        : 1
Billed duration : 1740 s (rounded up to nearest second)
Rate            : $0.22 / audio hour
Estimated cost  : $0.106282 USD
Transcript saved: Audios/AyatollahShojaee/Tazkiyeh/115/115_تجلي اسم عفو در سالک _ بحث تزکیه.txt
============================================================
