Provider: ElevenLabs Scribe (scribe_v2)
Progress file (updated after each chunk): /Users/mohammadreza/IslamASR/Audios/AyatollahShojaee/CheraghHedayat/009/009_درخصوص حضرت اباعبدالله (ع) (چراغ هدایت) 9_.partial.txt
  preparing audio (009_درخصوص حضرت اباعبدالله (ع) (چراغ هدایت) 9_.mp3)...
  21:19 → 1 request(s)
  progress file: /Users/mohammadreza/IslamASR/Audios/AyatollahShojaee/CheraghHedayat/009/009_درخصوص حضرت اباعبدالله (ع) (چراغ هدایت) 9_.partial.txt
  [1/1] 0:00–21:19 (7493 KB)...
      → 11609 chars: [شعر] حسین، حسین، حسین، حسین. حسین، حسین، حسین، حسین. شهید کربلا حسین. حسین، حسین، حسین، حسین. ضعیف بن حنانه حسین. حسین، حسین، حسین- السلام علیک یا أبا عبدالله الحسین. حسین، حسین- …

============================================================
TRANSCRIPTION (preview)
============================================================
[شعر] حسین، حسین، حسین، حسین. حسین، حسین، حسین، حسین. شهید کربلا حسین. حسین، حسین، حسین، حسین. ضعیف بن حنانه حسین. حسین، حسین، حسین- السلام علیک یا أبا عبدالله الحسین. حسین، حسین- وعلی الارواح التي حلت بفنائك. حسین، حسین، حسین، حسین. ضعیف بن حنانه حسین. حسین، حسین- چراغ هدایت. چراغ مصباح هدایت تویی. چراغ مصباح هدایت تویی. سفینه‌ی غصه‌ رو می‌گم کنم. سفینه‌ی غصه‌ رو می‌گم کنم. بسم الله الرحمن الرحيم. و هو رب الحسین الذي قتل مظلوما. سلام بر حسین و بر عاشقان حسین و سلام بر شما محبین کوی حسین علیه السلام. دوستان، نهمین برنامه چراغ هدایت را می‌شنوید. در این برنامه بخش دیگری از سخنان استاد آیت الله محمد شجاعی را درباره شخصیت و جایگاه حضرت سید الشهدا علیه السلام می‌شنویم. در برنامه قبل شنیدیم که استاد وارسته به بیانات پیامبر بزرگوار اسلام صلی الله علیه و آله و سلم درباره مصائب سید الشهدا علیه السلام اشاراتی داشتند و از اینجا به توضیحاتی درباره طی الارض و طی الزمان پرداختند. در ادامه روایتی را از ام سلمه که ام المؤمنین و همسر مکرمه پیامبر بوده است بیان کردند که به اسرارآمیز بودن عنایت رسول خدا به واقعه کربلا و مصائب امام حسین علیه السلام اشاره دارد. سپس یکی از اسرار گریه بر حضرت سید الشهدا علیه السلام را توضیح دادند که برای اهلش محل تأمل و دقت بسیار است. اکنون ادامه مطالب استاد را با هم می‌شنویم. بسم الله الرحمن الرحيم. أشهد أن لا إله إلا الله وحده لا شريك له. در خصوص زیارت سید الشهدا سلام الله علیه و قبر شریف آن حضرت، مطالب عجیب و نکات بسیار ظریف و اسرارآمیزی در روایات به چشم می‌خورد. اولاً از بعضی از روایات بر می‌آید که زیارت آن حضرت واجب است. البته فقها از لحاظ مباحث فقهی واجب ندانسته‌اند. اما خب له روایات این است که فریضه است برای هر مرد و زن مسلمان و مؤمن و شیعه. فریضه است، مفترض است. این خودش حکایتی دارد. زیارت قبر شریف آن حضرت. حالا اگر مثلاً ما به نظر خودمان بگوییم کسی اگر به قبر شریف نزدیک دستش نرسید، زیارت مطلقش فریضه خواهد بود. این در اصل خودش اسرارآمیز است، حکایت‌ها دارد. در این باب من یکی دو روایت، دو، سه روایت خلاصه اشاره می‌کنم و برای اینکه متوجه باشیم که به چه صورتی مسئله اسرارآمیز خواهد بود. یکی روایتی است که ثقنوی‌ها را نمی‌خوانند. از امام باقر سلام الله عل
… (truncated; see saved file for full transcript)

============================================================
SUMMARY
============================================================
Input file      : 009_درخصوص حضرت اباعبدالله (ع) (چراغ هدایت) 9_.mp3
Provider        : ElevenLabs Scribe (scribe_v2)
Audio duration  : 21:19 (1278.72 s)
Requests        : 1
Billed duration : 1279 s (rounded up to nearest second)
Rate            : $0.22 / audio hour
Estimated cost  : $0.078144 USD
Transcript saved: /Users/mohammadreza/IslamASR/Audios/AyatollahShojaee/CheraghHedayat/009/009_درخصوص حضرت اباعبدالله (ع) (چراغ هدایت) 9_.txt
============================================================
