Provider: ElevenLabs Scribe (scribe_v2)
Progress file (updated after each chunk): /Users/mohammadreza/IslamASR/Audios/AyatollahShojaee/CheraghHedayat/008/008_درخصوص حضرت اباعبدالله (ع) (چراغ هدایت) 8_.partial.txt
  preparing audio (008_درخصوص حضرت اباعبدالله (ع) (چراغ هدایت) 8_.mp3)...
  22:51 → 1 request(s)
  progress file: /Users/mohammadreza/IslamASR/Audios/AyatollahShojaee/CheraghHedayat/008/008_درخصوص حضرت اباعبدالله (ع) (چراغ هدایت) 8_.partial.txt
  [1/1] 0:00–22:51 (8036 KB)...
      → 13391 chars: [شعر] حسین، حسین، حسین، حسین. حسین، حسین، حسین، حسین. شهید کربلا حسین. حسین، حسین، حسین، حسین. غریب بنه نوا حسین. حسین، حسین، حسین- السلام علیک یا أبا عبدالله الحسین- حسین، حسین- و…

============================================================
TRANSCRIPTION (preview)
============================================================
[شعر] حسین، حسین، حسین، حسین. حسین، حسین، حسین، حسین. شهید کربلا حسین. حسین، حسین، حسین، حسین. غریب بنه نوا حسین. حسین، حسین، حسین- السلام علیک یا أبا عبدالله الحسین- حسین، حسین- وعلی الارواح التي حلت بفنائک- حسین، حسین، حسین، حسین. غریب بنه نوا حسین. حسین، حسین- چراغ هدایت چراغ و مصباح هدایت تویی. چراغ و مصباح هدایت تویی. سفینه‌ای غرق در آبیم کن. سفینه‌ای غرق در آبیم کن. بسم الله الرحمن الرحیم و هو رب الحسین الذي قتل مظلوما. سلام بر حسین و بر عاشقان کوی حسین و سلام بر دوستان مکتب سرخ حسین. دوستان با یکی دیگر از برنامه‌های چراغ هدایت در خدمت شماییم. در این برنامه ادامه مطالب استاد وارسته حضرت آیت الله محمد شجاعی را در باب شخصیت و جایگاه حضرت سید الشهدا علیه السلام می‌شنویم. در برنامه قبل شنیدیم که استاد به همراهی انبیاء عظام علیهم السلام با واقعه کربلا و شخص حضرت سید الشهدا مستند به روایات اشاراتی داشتند و تاکید کردند که نهضت امام حسین علیه السلام و شهادت آن بزرگوار واقعه‌ای است که اسرار بسیاری دارد و از ابتدا انبیا و اولیا هر کدام به شیوه‌ای از این موضوع مطلع بوده و با آن همراهی داشتند. اکنون ادامه مطالب استاد شجاعی را با هم می‌شنویم. بسم الله الرحمن الرحیم. الحمد لله رب العالمين وصلی الله علی محمد و آله الطاهرین. عرض کنم که در زمان خود رسول الله صلوات الله علیه، رسول الله براش غیر از اینکه خبر داده می‌شد و می‌گفتند جریان ات به معراج هم مکشوف بود براش و می گفتند ملائکه می‌گفتند برای رسول الله جریان کربلا با جزئیاتش مکشوف بود. یک روایتی من در این باب اشاره می‌کنم مکشوف بود. یعنی این البته در اینجا فرقی می‌کند یک نکته که یک نکته شاید گفت نکته عمیقی در لحاظ علمی به اسلام اشاره می‌کنم. خب مقام رسول الله را آن اندازه که تصور می‌کنیم بسیار بالا بوده و می‌دانیم اما دیگه چه گونه نمی‌فهمیم. این مسائل براش مسائل عادی بوده که بساط زمان برچیده شود، بساط مکان برچیده شود. یاد فرماید حجاب مکان از میان برقیزد، حجاب زمان از میان برقیزد. طی الارض کند، طی الزمان کند. این مسائل برای حضرت رسول یک مسئله عادی بوده، مقامش بسیار بالا بوده. اما از این باب بوده، یعنی آنجا که حجاب مکان از میان برمی‌خورد، این یک حقیقت است اجابت خودش. شما، ما، همه مون، همه انسان‌ها، یعنی من و شما حتی گفتم برای 
… (truncated; see saved file for full transcript)

============================================================
SUMMARY
============================================================
Input file      : 008_درخصوص حضرت اباعبدالله (ع) (چراغ هدایت) 8_.mp3
Provider        : ElevenLabs Scribe (scribe_v2)
Audio duration  : 22:51 (1371.38 s)
Requests        : 1
Billed duration : 1372 s (rounded up to nearest second)
Rate            : $0.22 / audio hour
Estimated cost  : $0.083807 USD
Transcript saved: /Users/mohammadreza/IslamASR/Audios/AyatollahShojaee/CheraghHedayat/008/008_درخصوص حضرت اباعبدالله (ع) (چراغ هدایت) 8_.txt
============================================================
