Provider: ElevenLabs Scribe (scribe_v2)
Progress file (updated after each chunk): /Users/mohammadreza/IslamASR/Audios/AyatollahShojaee/CheraghHedayat/002/002_درخصوص حضرت اباعبدالله (ع) (چراغ هدایت) 2_.partial.txt
  preparing audio (002_درخصوص حضرت اباعبدالله (ع) (چراغ هدایت) 2_.mp3)...
  18:34 → 1 request(s)
  progress file: /Users/mohammadreza/IslamASR/Audios/AyatollahShojaee/CheraghHedayat/002/002_درخصوص حضرت اباعبدالله (ع) (چراغ هدایت) 2_.partial.txt
  [1/1] 0:00–18:34 (6529 KB)...
      → 10049 chars: [شعر] حسین، حسین، حسین، حسین. حسین، حسین، حسین، حسین. شهید کربلا حسین. حسین، حسین، حسین، حسین. بریده نهال حسین. حسین، حسین، حسین- السلام علیک یا أبا عبدالله الحسین- حسین، حسین، حسی…

============================================================
TRANSCRIPTION (preview)
============================================================
[شعر] حسین، حسین، حسین، حسین. حسین، حسین، حسین، حسین. شهید کربلا حسین. حسین، حسین، حسین، حسین. بریده نهال حسین. حسین، حسین، حسین- السلام علیک یا أبا عبدالله الحسین- حسین، حسین، حسین، حسین- وعلی الأرواح التي حلت بفنائك- حسین، حسین، حسین، حسین. بریده نهال حسین. حسین، حسین- چراغ هدایت. [شعر] چراغ مصباح هدایت تویی. چراغ مصباح هدایت تویی. سفینه‌ی غرق در آبیم کن. بسم الله الرحمن الرحیم و هو اللطيف الخبير. سرزمین کربلا پر لاله شد. وادی حزن و عزا و ناله شد. نینوا میعاد عشق و درد و خون، صحنه شمع و گل و پروانه شد. سلام بر شما عزاداران حسینی و به سوگ نشستگان شهدای کربلا. دومین برنامه چراغ هدایت را می‌شنوید که اختصاص دارد به مباحث استاد آیت الله محمد شجاعی پیرامون شخصیت و جایگاه حضرت سید الشهدا علیه السلام. در برنامه گذشته استاد شجاعی ضمن ترجمه بخش‌هایی از زیارت مطلقه حضرت سید الشهدا علیه السلام به توضیح نکاتی پرداختند پیرامون این فراز که در آن حضرت فتر الله الموتور خطاب شده است. در این برنامه نیز استاد به قسمت‌هایی از زیارت مطلقه و نیز زیارات دیگر حضرت سید الشهدا علیه السلام استناد می‌کنند. با هم می‌شنویم. بسم الله الرحمن الرحیم. الحمد لله رب العالمین وصلی الله علی محمد و آله الطاهرين. در همان زیارت جمله دیگر. السلام الیک یا وارث التوراة و الانجيل و الزبور. سلام بر تو ای وارث تورات و انجیل و زبور. تأمل بکنید ببینید چیست؟ در زیارت همان اول رجب و نیمه رجب و نیمه شعبان که گفتم این از همان زیارت است. در همان زیارت السلام الیک یا امین الرحمن. تأمل بکنید. السلام الیک یا شریک القرآن که قبلاً گفتم. السلام الیک یا عمود الدين. با توضیحی که گفتم این semana و اونچه که شماها و ما یاد گرفتیم عمود دین چه بود؟ عمود دین و نماز عمود دین است. ولی واقعاً عمود دین چه بود؟ دین را چه نگه داشت به اذن الله؟ عمود. السلام علیک جمله بعدی همان زیارت. اینها از همان زیارت به یادتان باشد. السلام الیک یا باب حکمت رب العالمین. سلام بر تو ای باب حکمت ربوبی، حکمت ربوبی. این را هم تأمل بکنید فقط یک جمله به شما عرض می‌کنم. می‌خواهید از حکمت و من یوتی حکمت فقط اوتیه خیرًا کثیرًا برخوردار باشید؟ به حضرت حشر و نشر شریفت توسل کنید. باب حکمت چیست؟ حکمت خدا را حکمت. یکی از اسماء خدا چیست؟ حکیم است. خدا در همه جا حکمتش ر
… (truncated; see saved file for full transcript)

============================================================
SUMMARY
============================================================
Input file      : 002_درخصوص حضرت اباعبدالله (ع) (چراغ هدایت) 2_.mp3
Provider        : ElevenLabs Scribe (scribe_v2)
Audio duration  : 18:34 (1114.20 s)
Requests        : 1
Billed duration : 1115 s (rounded up to nearest second)
Rate            : $0.22 / audio hour
Estimated cost  : $0.068090 USD
Transcript saved: /Users/mohammadreza/IslamASR/Audios/AyatollahShojaee/CheraghHedayat/002/002_درخصوص حضرت اباعبدالله (ع) (چراغ هدایت) 2_.txt
============================================================
