Provider: ElevenLabs Scribe (scribe_v2)
Progress file (updated after each chunk): /Users/mohammadreza/IslamASR/Audios/AyatollahShojaee/CheraghHedayat/020/020_درخصوص حضرت اباعبدالله (ع) (چراغ هدایت) 20_.partial.txt
  preparing audio (020_درخصوص حضرت اباعبدالله (ع) (چراغ هدایت) 20_.mp3)...
  29:22 → 1 request(s)
  progress file: /Users/mohammadreza/IslamASR/Audios/AyatollahShojaee/CheraghHedayat/020/020_درخصوص حضرت اباعبدالله (ع) (چراغ هدایت) 20_.partial.txt
  [1/1] 0:00–29:22 (10324 KB)...
      → 16972 chars: [شعر] حسین، حسین، حسین، حسین. حسین، حسین، حسین، حسین. شهید شکر، سلام حسین. حسین، حسین، حسین، حسین. ذاری‌بنه، نه حسین. حسین، حسین، حسین- السلام علیک یا أبا عبدالله الحسین- حسین، حسی…

============================================================
TRANSCRIPTION (preview)
============================================================
[شعر] حسین، حسین، حسین، حسین. حسین، حسین، حسین، حسین. شهید شکر، سلام حسین. حسین، حسین، حسین، حسین. ذاری‌بنه، نه حسین. حسین، حسین، حسین- السلام علیک یا أبا عبدالله الحسین- حسین، حسین، حسین- وعلی الأرواح التي حلت بفنائك- حسین، حسین، حسین، حسین. ذاری‌بنه، نه حسین. حسین، حسین، حسین- چراغ هدایت چراغ مصباح هدایت تویی. چراغ مصباح هدایت تویی. سفینه‌ای غرق در امواج کلان. سفینه‌ای غرق در امواج کلان. بسم الله الرحمن الرحيم. وهو رب الحسین علیه السلام الذي قتل مظلوما. بسم الله الرحمن الرحيم. يا أيتُها النفس المطمئنة ارجعي إلی ربك راضية مرضية. الله. سلام بر حسین و سلام بر اصحاب حسین و سلام بر شما دوستداران و پیروان مکتب حسین علیه السلام. بیستمین برنامه چراغ هدایت را می‌شنوید. در این برنامه ادامه بحث استاد بزرگوار حضرت آیت الله محمد شجاعی را در باب واقعی کربلا و شهدای عاشورا می‌شنوید. در دو برنامه قبل استاد به برخی شخصیت‌هایی که همراه جریان کربلا بودند و هر کدام به دلیلی با سید الشهدا علیه السلام همراه شدند یا از آن بزرگوار دوری جستند، اشاراتی نمودند و در باب هر کدام نکات و اسرار عبرت‌آموزی بیان کردند. در این برنامه نیز استاد ضمن ادامه بحث به اشخاص دیگری نظیر بریر اشاره می‌کنند که از صالحان بود و همراه حضرت به شهادت رسید. همین‌طور سرنوشت قابل تأمل عمر سعد و گفت‌وگوی حضرت سید الشهدا علیه السلام را با او بیان می‌کنند که برای اهل نظر قابل تأمل و استفاده بسیار است. با هم می‌شنویم. بسم الله الرحمن الرحيم. أعوذ بالله رب العالمين وصلى الله على محمد وآله الطاهرين. اللهم صل على محمد وآله طاهرين. این هم بسیار نظر من را وقتی مطالعه می‌کنم این جریان را جلب می‌کند. یکی از مردان بزرگ در جریان کربلا بریر بن خزیع است. بریر بن خزیع. این از مردان از عبادالله صالحین، حتی اینجور از باب آوردن براش هست. از عبادالله صالحین بوده. کان من عبادالله صالحین بریر. یعنی مرد معنا بوده، مرد خدا بوده و در جریان کربلا هم از شهدای کربلاست. خیلی بیان خاصی، با بیان خاصی از این یاد شده. گفتم اینجور آمد؛ کان من عبادالله صالحین و حتی قاتل این بریر بعدها نقل شده است که فهمید که شخصی، کسی که شخصاً قاتلش بود، البته جنگها کرد و اشامی را کشت و بعد هم خودش به شهادت رسید. قاتل شخص این بریر حتی این نکته را عمویش بهش گفت که تو نم
… (truncated; see saved file for full transcript)

============================================================
SUMMARY
============================================================
Input file      : 020_درخصوص حضرت اباعبدالله (ع) (چراغ هدایت) 20_.mp3
Provider        : ElevenLabs Scribe (scribe_v2)
Audio duration  : 29:22 (1761.91 s)
Requests        : 1
Billed duration : 1762 s (rounded up to nearest second)
Rate            : $0.22 / audio hour
Estimated cost  : $0.107672 USD
Transcript saved: /Users/mohammadreza/IslamASR/Audios/AyatollahShojaee/CheraghHedayat/020/020_درخصوص حضرت اباعبدالله (ع) (چراغ هدایت) 20_.txt
============================================================
