Provider: ElevenLabs Scribe (scribe_v2)
Progress file (updated after each chunk): Audios/AyatollahShojaee/Tazkiyeh/097/097_معني صحيح عبوديت وشرح معني نفس و خودیت _ بحث تزکیه.partial.txt
  preparing audio (097_معني صحيح عبوديت وشرح معني نفس و خودیت _ بحث تزکیه.mp3)...
  40:03 → 1 request(s)
  progress file: Audios/AyatollahShojaee/Tazkiyeh/097/097_معني صحيح عبوديت وشرح معني نفس و خودیت _ بحث تزکیه.partial.txt
  [1/1] 0:00–40:03 (14082 KB)...
      → 25193 chars: اعوذ بالله السميع العليم من الشيطان الرجيم. بسم الله الرحمن الرحيم فکر می‌کنم که این شرک خفی در این معنا که عبادت از خود، طاعت از خود و پرستش خود، این خیلی اسرار دارد. همه شرک‌ها م…

============================================================
TRANSCRIPTION (preview)
============================================================
اعوذ بالله السميع العليم من الشيطان الرجيم. بسم الله الرحمن الرحيم فکر می‌کنم که این شرک خفی در این معنا که عبادت از خود، طاعت از خود و پرستش خود، این خیلی اسرار دارد. همه شرک‌ها میاد در اینجا خلاصه می‌شود. در خلاصه غوت اصلی به طور که بعضی از عرفا گفتند خلاصه می‌شود در چی؟ در وجود خود انسان و در خود انسان و در مقابل اینجوره در اینجا یادتون باشد که مسئله عبودیت در معنی درستش، دقت کنید در معنی درستش و سیر و سلوک به معنی صحیح‌اش عبارت است از حرکت در مسیر فنا و السلام. فنا از خود و خود را از دست چی؟ دادن. والسلام حرکت در مسیر فناست. اصل عبودیت را اگر بخواهیم درست معنی بکنیم، این حرکت در مسیر فناست. و این چیزی است که اسرار زیاد دارد و خود ما که هستیم؟ خود ما ظلمت‌ها هستیم در مراتب مختلف و آتش‌ها در مراتب مختلف. عجیب است. حالا این‌ها را من میگم، شما می‌شنوید اما نه حالا شما می‌فهمید، نه من الان می‌فهمم. اما حقیقت است بعدها خواهیم فهمید. چیست خود ما؟ این nefsi که ما داریم، خودی که ما داریم و ازش پرستش می‌کنیم در برابر خدا، این آنچنان اسرار دارد که گفتم در وقتش ممکنه ما بفهمیم. یکی از مثالش این است که حالا که ما که به عبادت خود پرداخته‌ایم، این خود، خود به عبادت خود پرداخته‌ایم بالاخره نهایت سیر ما به سوی چیست؟ مگه گفتید؟ [پچ،پچ] حالا شیطان که هست در ماورای خود ما. فعلاً شیطان را نرسیده. نفس به، به سوی کیه؟ به سوی خودمون है. ما سیر می‌کنیم فقط در عالم خود به سوی چی؟ غول می‌کنیم در عالم خود به سوی پرستش خود، این سیر به سوی خود است. سیر به سوی نفس است. محبوس بودن در عالم خودی است. دقت می‌کنید؟ این اولاً در عوالم بعدی الان اینجور است، ما نمی‌فهمیم. اولاً در ز-- ما در خود ما، در نفس ما ظلمات هست در مراتب مختلف. ظلمت‌ها، ظلماتن بعض‌ها که فوق بعض. حالا گفتم الان نمی‌بینیم ها. الان اصلاً ما خودمان را که نمی‌دانیم. همین که ما اجمالاً حرف گوش می‌دهیم از خود ما امر است و از ما چی؟ از ما تبعیت. اما اون خودی که به ما امر می‌کند و ما از او تبعیت می‌کنیم و شب و روز سعی در ارضاء اون داریم به نحو مختلف، هیچ کسی را پیدا نمی‌کنیم که کاری غیر از این داشته باشد. دقت کنید ها. هیچ کسی را پیدا نمی‌کنیم که کاری غیر از این داشته باشد که چی بکند؟ خود را راضی بکند. این خود که می‌خواهیم اون رو شبانه ر
… (truncated; see saved file for full transcript)

============================================================
SUMMARY
============================================================
Input file      : 097_معني صحيح عبوديت وشرح معني نفس و خودیت _ بحث تزکیه.mp3
Provider        : ElevenLabs Scribe (scribe_v2)
Audio duration  : 40:03 (2403.22 s)
Requests        : 1
Billed duration : 2404 s (rounded up to nearest second)
Rate            : $0.22 / audio hour
Estimated cost  : $0.146863 USD
Transcript saved: Audios/AyatollahShojaee/Tazkiyeh/097/097_معني صحيح عبوديت وشرح معني نفس و خودیت _ بحث تزکیه.txt
============================================================
