Provider: ElevenLabs Scribe (scribe_v2)
Progress file (updated after each chunk): Audios/AyatollahShojaee/Tazkiyeh/048/048_غيبت ودروغ _ بحث تزکیه.partial.txt
  preparing audio (048_غيبت ودروغ _ بحث تزکیه.mp3)...
  29:15 → 1 request(s)
  progress file: Audios/AyatollahShojaee/Tazkiyeh/048/048_غيبت ودروغ _ بحث تزکیه.partial.txt
  [1/1] 0:00–29:15 (10281 KB)...
      → 18236 chars: بسم الله الرحمن الرحیم. در جلسه گذشته از مبحثاتی که صحبت می‌کردیم مسئله غیبت را و بعضی از اون کات، کتاب و دلیلش را توضیح دادیم. نظرتون هست من عرض کردم در بعضی از موارد با یک نیت‌ها…

============================================================
TRANSCRIPTION (preview)
============================================================
بسم الله الرحمن الرحیم. در جلسه گذشته از مبحثاتی که صحبت می‌کردیم مسئله غیبت را و بعضی از اون کات، کتاب و دلیلش را توضیح دادیم. نظرتون هست من عرض کردم در بعضی از موارد با یک نیت‌های خاصی می‌شود اونچه که به ظاهر غیبت هست غیبت محسوب نشود. اینجور موارد هست. علما اخلاق برای غیبت متودها و مجوزهایی ذکر کردند. یعنی مواردی که صحیح هست انسان با یک نیت صحیح غیبت بکند. البته منظور اینجا غیبت نیست. آن کسی که نیت صحیح دارد، غرض صحیحی دارد، هدف صحیحی دارد. به حساب هوا نیست، به حساب مرض نفسانی، حقد و حسد و هواهایی که ایجاد می‌کند غیبت را به اون حساب نیست. آدمی است که از غیبت می‌گذرارد الا اینکه به حساب یک غرض صحیح چیزی را پشت سر کسی می‌گوید، کسی را به نحوی یاد می‌کند که اگر چنانچه او بشنود خوشش نمیاد الا اینکه این شخص گوینده غرضی دارد، هدفی دارد، مطلوب و مرضی حق که به اون هدف و غرضش جز از این طریق نمی‌تواند نائل بشود. در این موارد خب که علما ذکر کردند، علما اخلاق، علما اسلامی که اشکال ندارد غیبت بکند شخص با این نیت. مواردی هم برای این مسئله، در همین مواردی دارد، مواردی را ذکر فرمودند که همان موارد مجوز غیبت هست. با این توضیحی که عرض کردم دقت فرمودید که ببینید این غیبت نمی‌شود. یعنی نظر ذکر کسی با عیب، با عیبش نیست. مقصود حسد و حقد و شهوات نفسانی و تخریب و پوشش شمردن کسی، نابود شمردن کسی و امثال اینها، خود بزرگ کردن این‌ها هیچ کدامش نیست. جنبه‌ای از هوا در اینجا مطرح نیست. گرچه آنچه می‌گوییم آن کس را به نحوی که یاد می‌کنیم اگر بشنود ناراحت خواهد شد. ولی مقصود ما یک مقصود مرضی حق است که به اون مقصود جز از این طریق نمی‌توانیم نائل بشویم. اینجا اشکالی ندارد. مثلا مواردی که ذکر کرده‌اند من بعضی از مواردش را که اون موارد خود روشن را اشاره می‌کنم به شما. یکی در مرحله احقاق حق است. کسی که به حاکمی، به قاضی‌ای، قاضی شرعی، حاکم شرعی مراجعه می‌کند، تظلم می‌کند، کسی به او اذیت کرده، تعدی کرده به حق او. تظلم می‌کند. باید پیش قاضی و مفتی بگوید که فلانی این کار را کرده است. به او گرچه اگر بشنود این حرف را ناراحت خواهد شد که پشت سر او اینجور گفته. حالا خب طبیعی است اگر انسان بخواهد حقش را احیا بکند باید بدی آن کسی که راجع به او تجاوز کرده بگوید. خلاصه طرح شکایت بکند. کسی که شاکی است دیگر نباید از
… (truncated; see saved file for full transcript)

============================================================
SUMMARY
============================================================
Input file      : 048_غيبت ودروغ _ بحث تزکیه.mp3
Provider        : ElevenLabs Scribe (scribe_v2)
Audio duration  : 29:15 (1754.64 s)
Requests        : 1
Billed duration : 1755 s (rounded up to nearest second)
Rate            : $0.22 / audio hour
Estimated cost  : $0.107228 USD
Transcript saved: Audios/AyatollahShojaee/Tazkiyeh/048/048_غيبت ودروغ _ بحث تزکیه.txt
============================================================
