Provider: ElevenLabs Scribe (scribe_v2)
Progress file (updated after each chunk): /Users/mohammadreza/IslamASR/Audios/AyatollahShojaee/Mabahese_Tohidi/005/005_مباحث توحیدی-5.partial.txt
  preparing audio (005_مباحث توحیدی-5.mp3)...
  26:23 → 1 request(s)
  progress file: /Users/mohammadreza/IslamASR/Audios/AyatollahShojaee/Mabahese_Tohidi/005/005_مباحث توحیدی-5.partial.txt
  [1/1] 0:00–26:23 (9274 KB)...
      → 12352 chars: بسم الله الرحمن الرحيم. قل هو الله أحد. به نام خداوند بخشایشگر مهربان. بگو خدا یکی است. [موسیقی] توحیدنامه. [موسیقی] با بیانات حضرت آیت الله محمد شجاعی. [موسیقی] مقصود از بحث توحید…

============================================================
TRANSCRIPTION (preview)
============================================================
بسم الله الرحمن الرحيم. قل هو الله أحد. به نام خداوند بخشایشگر مهربان. بگو خدا یکی است. [موسیقی] توحیدنامه. [موسیقی] با بیانات حضرت آیت الله محمد شجاعی. [موسیقی] مقصود از بحث توحید، صحبت از معرفت خدای متعال، صفات خدای متعال و افعال خدای متعال، پیش بیان دیگر به اصطلاح معرفت وحدانیت ذات مقدس حق و اینکه جز ذات او ذاتی نیست و جز صفات او صفاتی نیست و جز افعال او افعالی نیست. بسم الله الرحمن الرحیم. ابو هاشم جعفری می‌گوید از امام رضا علیه السلام سؤال کردم درباره خداوند که آیا توصیف می‌شود؟ حضرت در جواب فرمودند آیا قرآن خوانده‌ای؟ گفتم بلی. فرمودند آیا این آیه را قرائت کرده‌ای که خداوند می‌فرماید چشم‌ها نمی‌توانند او را درک کنند اما او چشم‌ها را درک می‌کند؟ گفتم بلی. حضرت فرمودند شما چشم‌ها را می‌شناسید؟ گفتم بلی. فرمودند چیست؟ گفتم همین بینایی چشمان ماست. حضرت فرمودند اوهام قلب‌ها بالاتر از بینایی چشم‌های ظاهر است. نه تنها چشم‌های ظاهر بلکه آن اوهام قلب‌ها هم نمی‌توانند خداوند را درک کنند ولی خداوند آن اوهام را درک می‌کند. دوستان شنونده سلام. برنامه توحیدنامه رو از شبکه سراسری رادیو قرآن می‌شنوید و بهره‌مند می‌شوید از بیانات عالمانه عالم فرزانه حضرت آیت الله شجاعی درباره توحید و معرفت خداوند متعال. [موسیقی] یا ربنا یا الهنا یا محینا والموتنا وثبت اقدامنا يا حبيبنا يا صديقنا. يا ربنا يا الهنا يا محينا والموتنا وثبت اقدامنا يا حبيبنا يا صديقنا. قرآن دوستان عزیز، حضرت آیت الله شجاعی در برنامه گذشته فرمودند در قرآن کریم در آیاتی که درباره مشتکین بیان شده، اشاره شده است به اینکه در قیامت آنچه به عنوان معبود و اله برای انسان‌ها در نظام دنیوی مطرح بوده، از نظرشان محو و نابود می‌شود. و این همان حقیقت توحید است که جز ذات حق و اسماء و صفات او و جلوات اسماء چیزی نیست. آنچه ما به عنوان ذات‌های مستقل می‌بینیم همه خیال است و همه از دید ناقص ما سرچشمه می‌گیرد. اگر ما دیدی فراتر داشته باشیم، همه اینها را وجه حق می‌بینیم و اینکه اینها فانی در وجه خدا هستند. در قیامت نیز که ما هستیم و شریکانی که برای خدا در دنیا قرار داده بودیم، دیگر آنها را به صورت بت‌ها و شریکان خدا نمی‌بینیم. آن هستی کاذبشان از بین رفته و همه را آیات وجه خداوند می‌بینیم. خلاصه در همه آنها تنها ذات خداوند متعال دیده می‌ش
… (truncated; see saved file for full transcript)

============================================================
SUMMARY
============================================================
Input file      : 005_مباحث توحیدی-5.mp3
Provider        : ElevenLabs Scribe (scribe_v2)
Audio duration  : 26:23 (1582.63 s)
Requests        : 1
Billed duration : 1583 s (rounded up to nearest second)
Rate            : $0.22 / audio hour
Estimated cost  : $0.096716 USD
Transcript saved: /Users/mohammadreza/IslamASR/Audios/AyatollahShojaee/Mabahese_Tohidi/005/005_مباحث توحیدی-5.txt
============================================================
