Provider: ElevenLabs Scribe (scribe_v2)
Progress file (updated after each chunk): Audios/AyatollahShojaee/Tazkiyeh/045/045_نمامي 2 و شماتت _ بحث تزکیه.partial.txt
  preparing audio (045_نمامي 2 و شماتت _ بحث تزکیه.mp3)...
  28:22 → 1 request(s)
  progress file: Audios/AyatollahShojaee/Tazkiyeh/045/045_نمامي 2 و شماتت _ بحث تزکیه.partial.txt
  [1/1] 0:00–28:22 (9976 KB)...
      → 18304 chars: بسم الله الرحمن الرحیم. وظیفه دیگری که برای سالک در موقع مواجهه با نمام هست این است که حرفی که این میداند، این فهمیده انسان شعور دارد. ما شعور که داریم معمولاً اینجور که یعنی در ای…

============================================================
TRANSCRIPTION (preview)
============================================================
بسم الله الرحمن الرحیم. وظیفه دیگری که برای سالک در موقع مواجهه با نمام هست این است که حرفی که این میداند، این فهمیده انسان شعور دارد. ما شعور که داریم معمولاً اینجور که یعنی در این حد البته در این حد شعور که انسان میفهمد که این آدم نمام است یا نه. دیدید که نمام است قبلاً اگر شناخته بودید که فربها و الا دیدید که نمام است و میفهمید که نمام است از همان اول حرفش را باید باور بکنید یا نکنید؟ باور نکنید. خاص به سوی باور بروید باطناً لطمه خوردید. اگر خلاف بگوید فرض کنید که نمام از خلاف گویی کم میشود به دور باشد. دقت بکنید ها. وقتی که سوءظن به اون برادرتون پیدا کردید که این پشت سر او حرف میزند، همین سوءظن، اون ریزه کاری‌هایی که میگم خوب دقت کنید ها. همین سوءظن شما حالا در باطن سوءظن پیدا کردید ها چیزی نشده. شما فعلاً هم چیزی نکردید. اون بعداً میگم که نباید حرف او را اینجا اونجا نثار کرد. فعلاً در سوءظن بهش میگیم همین که آمد از زيد پیش شما صحبتی کرد. شما که فهمیده اید دیگه الان فهمیده اید نمام است با توجه بر اینکه نمام است خلاف گویی بالاخره به دور نیست یا کلش خلاف است آنچه که میگوید یا اقلاً بی خلاف نیست. روی حساب باید از اول مراقب باشید سوءظن به اون برادری که پشت سرش صحبت می‌کند اگر از باب نمیمه تشخیص دادید دیگه سوءظن، حرکت سوءظنی به سوی او نکنید که لطمه می‌خورید. خیلی باریک است این جریان و این مسئله. در مقام سلوک معلوم می‌شود معنی این تعبیر که در روایات است که الصراط الی الله در اینجا در آخرت که به الله منتهی می‌شود، آن صراط از نو باریکتر و از شمشیری برنده تر باریکتر از مو است. یعنی خیلی دقیق است. خیلی دقیق است که عرض کنم که خیلی دقیق است. فوری انسان میلغزد. در قیامت هم این حقیقت روشن خواهد شد. به جاهای دقیقی میرسند که فریاد همه بلند میشود. در قیامت این حقیقت روشن خواهد شد و همه در شرف هلاکت قرار میگیرند و ملائکه خوبان مانند رسول اکرم صلی الله علیه و آله و سلم اینها شفاعت می‌کنند و الا همه در صراط معطل می‌مانند. یعنی همه به هلاکت می‌خوان در مراحل دقیقش. بعد اینها شفاعت و تضرع از خدا خواستند و خدا عنایت کردند. صراط الله خیلی دقیق است. تا آنجاها مسئله منجمل می‌شود. عرض کنم که منظورم این بود که اینکه من به ریزه کاری‌هاش اشاره می‌کنم در مقام سلوک که موفق بودید به اینها خودتان
… (truncated; see saved file for full transcript)

============================================================
SUMMARY
============================================================
Input file      : 045_نمامي 2 و شماتت _ بحث تزکیه.mp3
Provider        : ElevenLabs Scribe (scribe_v2)
Audio duration  : 28:22 (1702.48 s)
Requests        : 1
Billed duration : 1703 s (rounded up to nearest second)
Rate            : $0.22 / audio hour
Estimated cost  : $0.104040 USD
Transcript saved: Audios/AyatollahShojaee/Tazkiyeh/045/045_نمامي 2 و شماتت _ بحث تزکیه.txt
============================================================
