Provider: ElevenLabs Scribe (scribe_v2)
Progress file (updated after each chunk): Audios/AyatollahShojaee/Tazkiyeh/055/055_ریا 2 _ بحث تزکیه.partial.txt
  preparing audio (055_ریا 2 _ بحث تزکیه.mp3)...
  24:15 → 1 request(s)
  progress file: Audios/AyatollahShojaee/Tazkiyeh/055/055_ریا 2 _ بحث تزکیه.partial.txt
  [1/1] 0:00–24:15 (8526 KB)...
      → 16338 chars: بسم الله الرحمن الرحیم. در جلسه گذشته در خصوص یکی دیگر از مهلک‌ات که خیلی باید جانب اون مسئله را مراقبت کرد و مبتلا به اون نشد به عنوان ریا در برابر اخلاص عرض کردیم. در اون جلسه صح…

============================================================
TRANSCRIPTION (preview)
============================================================
بسم الله الرحمن الرحیم. در جلسه گذشته در خصوص یکی دیگر از مهلک‌ات که خیلی باید جانب اون مسئله را مراقبت کرد و مبتلا به اون نشد به عنوان ریا در برابر اخلاص عرض کردیم. در اون جلسه صحبت کردیم و بنا شد که در این جلسه دوم هم به بعضی از ریزه‌کاری‌ها که لازم است دانستنش در خصوص ریا اشاره بکنیم. در این صحبت من در مرحله اول به اقسام یا بفرمایید که صور و اون صورت‌های مختلف ریا در یک تقسیم‌بندی کلی اشاره می‌کنم و بعد اصل مسئله که لازم است برای ما دانستنش که مسئله فاسد کردن ریا عمل را در اثنا یا بعد از عمل به اون می‌پردازیم. اول، صورتی از ریا را که به چند صورت می‌توانیم داشته باشیم در تقسیم‌بندی کلی البته به اون‌ها اشاره می‌کنیم. ریا در عمل، ریا در عبادات تقسیم می‌شود به حسابی البته، به نظری تقسیم می‌شود به چهار صورت در تقسیم‌بندی کلی از طرفم. ریزه‌کاری‌ها را نمی‌شود در صحبت دیگه به ضابطه و به قاعده تحت یک قاعده و ضابطه مشخصی آورد. اصلاً اصولاً مکرر گفتم ریزه‌کاری‌ها در مقام عمل بیشتر روشن است برای اون کسی که واقعاً مجاهدت جدی و مخلصانه دارد. در تقسیم‌بندی کلی اقسام ریا را می‌شود به چهار صورت تقسیم کرد. صورت اول این است که اصلاً انسان عملی که انجام می‌دهد، عبادتی که انجام می‌دهد، حالا هر عملی باشد به عنوان عبادت به ظاهر مثلاً عبادت است، در این عمل نیت کلاً ریا باشد. کلاً یعنی اصلاً مقصودمون ریا است. یعنی نشان دادن به مردم و مقاصد دیگر است. صورت عمل صورت خوبی است. جسد عمل جسد عبودی است اما نیت کلاً ریا است. هیچ قصد تقرب، قصد حصول ثواب و اجر و رضوان حق اینا هیچ‌کدامش به هیچ وجهی مطرح نیست. فقط منظور ریا است. این از اون صورت یعنی صورت بدتر و مهلک‌تر ریا همین است که دیگه این روشن است که در این صورت هیچ انسان عملی ندارد. عملی را که انجام می‌دهد قصدش فقط ریاست تنها. هیچ قصد تقرب اینها در نظر نیست. خب پیداست که اینجا این عمل هیچ ارزشی ندارد که هیچ، بلکه چون جنبه استهزاء دارد خودش عقاب جداگانه‌ای هم دارد. یعنی عمل که عمل حساب نمی‌شود، عقاب و آتش و عذاب هم دارد. این یک صورت است. مثلاً فرض فرمایید که من بلند می‌شوم یه نماز شبی می‌خوانم اما هیچ وقت نظرم اصلاً قصد تقرب نیست فقط منظور ارائه بوده. بس الله. ببین معلومه که بدترین صورت یا فاحش‌ترین یا روشن‌ترین یا شدید‌ترین صورت ریا است. صورت د
… (truncated; see saved file for full transcript)

============================================================
SUMMARY
============================================================
Input file      : 055_ریا 2 _ بحث تزکیه.mp3
Provider        : ElevenLabs Scribe (scribe_v2)
Audio duration  : 24:15 (1455.12 s)
Requests        : 1
Billed duration : 1456 s (rounded up to nearest second)
Rate            : $0.22 / audio hour
Estimated cost  : $0.088924 USD
Transcript saved: Audios/AyatollahShojaee/Tazkiyeh/055/055_ریا 2 _ بحث تزکیه.txt
============================================================
