Provider: ElevenLabs Scribe (scribe_v2)
Progress file (updated after each chunk): /Users/mohammadreza/IslamASR/Audios/AyatollahShojaee/Asma_hosna/005/005_اسماء حُسنی 5.partial.txt
  preparing audio (005_اسماء حُسنی 5.mp3)...
  50:59 → 1 request(s)
  progress file: /Users/mohammadreza/IslamASR/Audios/AyatollahShojaee/Asma_hosna/005/005_اسماء حُسنی 5.partial.txt
  [1/1] 0:00–50:59 (17926 KB)...
      → 28331 chars: الله. ومساؤه الخالق. الله الخالق الصالق البارئ المصور له الأسماء الحسنى. أسماء الحسنى. الكريم الرحيم المجيب الواسع الحكيم الغفور القدير الباعث الشهيد. مباحث عرفانی عارف وارسته آیت …

============================================================
TRANSCRIPTION (preview)
============================================================
الله. ومساؤه الخالق. الله الخالق الصالق البارئ المصور له الأسماء الحسنى. أسماء الحسنى. الكريم الرحيم المجيب الواسع الحكيم الغفور القدير الباعث الشهيد. مباحث عرفانی عارف وارسته آیت الله محمد شجاعی در باب اسماء الهی. لله الأسماء الحسنى. هر اسمی که این کائنات از کمال بکنه اسم خداست. الواجد الماجد الواحد الصمد القادر المقتدر المقدم المؤخر الأول الآخر. أسماء الحسنى. المتصف الجامع الغنی الممنع المانع الضار النافع النور الهادی البدیع الباقی الوارث الرشید الصبور الذي ليس كمثله شيء وهو السميع البصير. بسم الله الرحمن الرحيم. به نام حضرت واحد که له الأسماء الحسنى. عرفان و سالکان طریق حق سلام و درود بر شما. اگر به مباحث عرفان نظری علاقه‌مندید پیشنهاد می‌کنیم این برنامه را بشنوید. در این برنامه بحث‌های عرفانی عارف وارسته آیت الله محمد شجاعی را تقدیم شما می‌کنیم در باب اسماء حسنی الهی. این برنامه‌ی پنجم از این سلسله برنامه‌هاست. در برنامه‌های پیشین استاد گرانقدر مقدماتی مستوفی در باب اسماء الهی و نسبت آن با ذات غیب الغیوب بیان کردند که در مراتب پایین‌تر ذات جلوه می‌کند و البته این تجلی مراتب دارد. جلوه‌ی اول جلوه‌ی خداست بر خودش که همان مقام اهدیّت است. در جلوه‌ی دوم آن ذات بسیط با تمام صفات و اسماء و آثار بی‌منتهیشان بر خود تجلی می‌کند. این تجلی اسم واحد حق است. ظهور و جلوه‌ی سوم جلوه‌ی ذات در تعین‌های مختلف است که همان عالم اسماء و صفات است. این جلوات به دنبال خود آثار و مخلوقاتی دارد بنابراین مخلوقات چیزی نیستند جز جلوه‌هایی از اسماء الهی. در این برنامه استاد ضمن بیان خلاصه‌ای از نکات اساسی جلسات پیشین به شرح این نکته می‌پردازد که خود اسماء مراتب مختلف دارد. اسماء جلوه‌ی ذات است و خلقت جلوه‌ی اسماء. به عبارتی دیگر همه‌ی اسماء بلا واسطه تجلی ذات نیستند بلکه برخی اسماء جلوه‌ی ذات‌اند و اسماء دیگری جلوه‌ی آن مجلای بالاترند. به‌عنوان مثال ذات جلوه می‌کند با صفت علم می‌شود علیم. سميع، بصیر، خبیر، لطیف، محیط خود از جلوات اسم علیم‌اند. یعنی علیم تعینی پیدا می‌کند می‌شود بصیر. در تعینی دیگر جلوه می‌کند در سميع. چنین‌اند صفات خبیر، لطیف و محیط. استاد در تکمله‌ی بحث اشاراتی دارند به تفاوت علم حضوری و حصولی و اینکه معنی علم خدا یعنی او در نزد ما و ما نزد او حاضریم و او نزد تمام ذرات وجود
… (truncated; see saved file for full transcript)

============================================================
SUMMARY
============================================================
Input file      : 005_اسماء حُسنی 5.mp3
Provider        : ElevenLabs Scribe (scribe_v2)
Audio duration  : 50:59 (3059.24 s)
Requests        : 1
Billed duration : 3060 s (rounded up to nearest second)
Rate            : $0.22 / audio hour
Estimated cost  : $0.186954 USD
Transcript saved: /Users/mohammadreza/IslamASR/Audios/AyatollahShojaee/Asma_hosna/005/005_اسماء حُسنی 5.txt
============================================================
