Provider: ElevenLabs Scribe (scribe_v2)
Progress file (updated after each chunk): Audios/AyatollahShojaee/Tazkiyeh/028/028_حسد 2.partial.txt
  preparing audio (028_حسد 2.mp3)...
  26:19 → 1 request(s)
  progress file: Audios/AyatollahShojaee/Tazkiyeh/028/028_حسد 2.partial.txt
  [1/1] 0:00–26:19 (9253 KB)...
      → 16238 chars: بسم الله الرحمن الرحیم. از مغلقات که بحث می‌کردیم در مسئله سه سلوک، مسئله هوا که از اون مسائل اساسی‌ست در مغلقات و به یک نظر می‌شود گفت مسئله اساسی‌ست در مغلقات انسان در طریق ربوبی…

============================================================
TRANSCRIPTION (preview)
============================================================
بسم الله الرحمن الرحیم. از مغلقات که بحث می‌کردیم در مسئله سه سلوک، مسئله هوا که از اون مسائل اساسی‌ست در مغلقات و به یک نظر می‌شود گفت مسئله اساسی‌ست در مغلقات انسان در طریق ربوبیت که همه مغلقات به نحوی برگشتش به همون هواست. در هوا بحث می‌کردیم. اون جلوه و ظهور از هوا به نام حسد نامیده می‌شود. حسد که یکی از مغلقات در طریق است. یعنی می‌شود گفت که یک نظر از نظر علما سلوک در طریق بدترین مغلق یعنی بدترین جلوه جلوات هوا که اصل همه به اصطلاح شرک‌ها، عنادها و به یک بیان دیگر اصل کفر است همین حسد است. شما اگر در جریان شیطان در نظام وجود تأمل دقیق بفرمایید که رسول الله می‌خواهد через به صورت یک واقعیت موجود در نظام هستی مطالعه کنید و با تدبر روی مسئله دقت کنید که مسئله شیطان و محور اصلی مسئله چیست؟ خواهید دید که شیطان در کل حالا خودش یک موجودی است که جز موجودات و یکی از مخلوقات است و درست است الا اینکه این پایه اصلی شیطان و شیطان بودن شیطان از حسد سرچشمه می‌گیرد. یعنی حسد اصل همه کفرها، عنادها، لجاجت‌ها، شرک‌ها، فسادها می‌باشد. یعنی به این نظر اگر مطالعه بکنید که شیطان که منشاء انواع مختلف از کفر و فساد است، این شیطان از کجا منبعث شده و انبعاس شیطان از کدام مسئله است؟ از همین مسئله حسد است. در اینجا من به این روایت اشاره می‌کنم. این ترکضات میدم بار ربوبیت. جامع السادات، جلد دوم، صفحه صد و نود و یک، کافی، جلد دوم، صفحه سیصد و هفت. این روایت در هر دو کتاب آورده البته جامع السادات از کافی و از این منابع آورده. در روایت اینجوری است عن ابی عبدالله علیه السلام از حضرت صادق سلام الله علیه قال قال رسول الله صلی الله علیه و آله و سلم. حضرت صادق فرمود رسول الله فرمود قال الله عز وجل لموسى بن عمران خدای عز وجل به موسی بن عمران گفت که يا ابن عمران به حضرت موسی، فرزند عمران لا تحسدن من الناس على ما آتیتهم من فضل. نکند حسد کنید به مردم در برابر آنچه که من به آنها از فرج خودم داده‌ام. و لا تمدن عينک الی ما. چشم‌هات رو به صورت دیگر به آنها متوجه نکن. و لا تطلبها حسد فان الحاسد ساخط لنعمه. موسی توجه داشته باش کسی که حسد می‌کند این نعمت‌هایی که من به دیگران می‌دهم او را خوش ندارد. نعمت‌هایی که من می‌دهم در برابر آنها سخط می‌کند. زاد یا ساد لقسمی الذي قسمت بين عبادی. این زاد است یا ساد است. م
… (truncated; see saved file for full transcript)

============================================================
SUMMARY
============================================================
Input file      : 028_حسد 2.mp3
Provider        : ElevenLabs Scribe (scribe_v2)
Audio duration  : 26:19 (1579.10 s)
Requests        : 1
Billed duration : 1580 s (rounded up to nearest second)
Rate            : $0.22 / audio hour
Estimated cost  : $0.096501 USD
Transcript saved: Audios/AyatollahShojaee/Tazkiyeh/028/028_حسد 2.txt
============================================================
