Provider: ElevenLabs Scribe (scribe_v2)
Progress file (updated after each chunk): Audios/AyatollahShojaee/Tazkiyeh/088/088_فضيلت علم آگاهي سالک در طريق سلوک2_ بحث تزکیه.partial.txt
  preparing audio (088_فضيلت علم آگاهي سالک در طريق سلوک2_ بحث تزکیه.mp3)...
  21:50 → 1 request(s)
  progress file: Audios/AyatollahShojaee/Tazkiyeh/088/088_فضيلت علم آگاهي سالک در طريق سلوک2_ بحث تزکیه.partial.txt
  [1/1] 0:00–21:50 (7676 KB)...
      → 14774 chars: اعوذ بالله السميع العليم من الشيطان الرجيم. بسم الله الرحمن الرحيم. قلبم درست مانند همین آینه‌ی ظاهری‌ست. قلب ما اونچه گفتم نون والقلم ما یسترون. الذي علم بالقلم. علم الإنسان ما لم…

============================================================
TRANSCRIPTION (preview)
============================================================
اعوذ بالله السميع العليم من الشيطان الرجيم. بسم الله الرحمن الرحيم. قلبم درست مانند همین آینه‌ی ظاهری‌ست. قلب ما اونچه گفتم نون والقلم ما یسترون. الذي علم بالقلم. علم الإنسان ما لم يعلم. این آینه که آینه دل میگیم، آینه قلب میگیم، حالا آینه میگیم، یک حقیقت روحی مجرد این اگر بخواد اون حقایق از عوالم عالیه، از اون روح بالاتر و از اون وجود بالاتر که حقایق در آنجا مثبوت است، اگر اون حقایق از اونجا بخواد به قلب منعکس بشه، درست مانند همین آینه صوری که مثال زدم، یعنی تشبیه بود، پنج شرط لازم را دارد و شرایط دیگر. اقلاً این پنج شرط را که دارد. آینه قلب، قلب اگر چنانچه اولاً گفتیم شرط اول این بود که آینه ظاهری باشد، ناقص باش-- نباشد و تام باشد. خب قلب هنوز مادامی که تکمیل نشده، مادامی که تکمیل نشده این آمادگی قبول اون صور را که نداره. مانند قلب بچه که تازه متولد شده مثلاً. از این گذشتیم حالا قلب کامل شده، انسان بالغ شده، قلب او کامله. شرط دوم این بود که زنگ و غبار و آلودگی و تیرگی در این آینه نباشد و الا صورتها می‌افته. اگر دل ما، قلب ما از تیرگی‌ها و ظلمت‌ها و کدورات رسوم و عادات و تعلقات و جهل و نمی‌دونم گناهان و وابستگی‌ها، از این‌ها اگر زنگ روی آینه افتاده باشد باز آنها می‌افته یا نمی افته؟ می‌افته صور یا نمی افته؟ نمی افته دیگه. البته اون آینه صوری زنگش همون است که می‌بینیم. زنگ آینه معمولی همون زنگ معمولی است. رنگش رنگ معمولی است. غبارش غبار معمولی است. اما آینه دل که یک موجود مجرد غیرمادی است برای خودش حقیقتی دارد و به تناسب خودش غبار دارد. تأمل بکنید ها. به تناسب خودش کدور-- ظلمت دارد، به تناسب خودش زنگ دارد. زنگ آینه صوری همون زنگ صوری‌ست. زنگ آینه دل تعلقات است. این رسول اکرم صلی الله علیه و آله و سلم فرمود که لولا أن الشياطين يحرمون على، این روایت است که همه علما و علما نقل کرده‌اند که حفظ است من از حفظ می‌خوانم. لولا أن الشيا-- این هم روایتی که شما هم حفظ بکنید بهتره. لولا أن الشياطين يحرمون إلى قلوب بني آدم لنظروا إلى ملكوت السماوات والأرض. رسول اکرم صلی الله علیه و آله فرمود که اگر این شیاطین در دل شما، دور بر دل شما را نگرفته بودند، شما نمی‌دید، انسان‌ها را نگرفته بودند، انسان‌ها ملكوت آسمان و زمین را نگاه می‌کردند، می‌دیدند. ملكوت آسمان‌ها و زمین در قلوب‌شون چی
… (truncated; see saved file for full transcript)

============================================================
SUMMARY
============================================================
Input file      : 088_فضيلت علم آگاهي سالک در طريق سلوک2_ بحث تزکیه.mp3
Provider        : ElevenLabs Scribe (scribe_v2)
Audio duration  : 21:50 (1309.97 s)
Requests        : 1
Billed duration : 1310 s (rounded up to nearest second)
Rate            : $0.22 / audio hour
Estimated cost  : $0.080054 USD
Transcript saved: Audios/AyatollahShojaee/Tazkiyeh/088/088_فضيلت علم آگاهي سالک در طريق سلوک2_ بحث تزکیه.txt
============================================================
