Provider: ElevenLabs Scribe (scribe_v2)
Progress file (updated after each chunk): Audios/AyatollahShojaee/Tazkiyeh/117/117_ادامه اثرات تجلی اسم غفور _ بحث تزکیه.partial.txt
  preparing audio (117_ادامه اثرات تجلی اسم غفور _ بحث تزکیه.mp3)...
  21:42 → 1 request(s)
  progress file: Audios/AyatollahShojaee/Tazkiyeh/117/117_ادامه اثرات تجلی اسم غفور _ بحث تزکیه.partial.txt
  [1/1] 0:00–21:42 (7627 KB)...
      → 13527 chars: اعوذ بالله السميع العليم من الشيطان الرجيم. بسم الله الرحمن الرحيم. اگر مبتلا باشید یعنی اگر متکامل شده باشید، سلوکی شروع کرده باشید، تنظیمی پیش آمده باشد و اون من خدا در داخل کاخ …

============================================================
TRANSCRIPTION (preview)
============================================================
اعوذ بالله السميع العليم من الشيطان الرجيم. بسم الله الرحمن الرحيم. اگر مبتلا باشید یعنی اگر متکامل شده باشید، سلوکی شروع کرده باشید، تنظیمی پیش آمده باشد و اون من خدا در داخل کاخ گناه هنوز باقی باشد، توجه بکنید گناه باقی باشد، احتمال اینکه این پشت را پوشش دهد، آن وجود شما در وجود شما مایه گناه از بین برود. یعنی خدا با اسم غفور تجلی کند و بگوید شما از گناه بیهارت کردید و تناسب شوید. اون گذشته‌تون باید با حق خدا از بین برود. این اولين مرحله‌ست تجلی رویت با صفت غفور است که صالح را مایه نهيت را از وجودش می‌برد. به اون نتیجه. خب این اول سلوک است. می‌گفتی گفت نهی انسان در سه مرحله تقسیم می‌شد. در این مرحله دوم که خدا با اسم غفورش برای صالحی که دارد در سلوکش ثابتان و در سلوکش ادامه می‌دهد، این تجلی رویت با صفت غفور باز می‌آید به سراغ صالح. می‌گوید مثل گناه که نیست. این صالح هی نهی می‌دهد که بالاخره صالح باید مثل یک مفتر در سراغ من، منیت صالح می‌آید. مفتر اینجا چه چیزی می‌کند؟ هی به صالح نهی می‌دهد این تجلی و صالح را آرام نمی‌گذارد. سال را از وجود و از اون مایه که گناه در ردیف بعدی پدید می‌شود. گناه در ردیف بعدی چیه؟ گناه در ردیف بعدی در تقسیم بندی کل دوازده کنم. من سی سه مرحله تقسیم کردم. کل سلوک را در تقسیم بندی می‌کنم. گناه مرحله بعدی که مایه اون از وجود صالح پاک می‌شود و کل این صالح را بالا می‌برد. آنکه گناه در ردیف بعدی چیست؟ غفلت از یاد دادن به غیر خدا، متوجه شدن به غیر خدا، سخت از سو کردن از غیر خدا، شاد شدن از غیر خدا، اون محزون شدن از غیر خدا، اینها همه شاید گناهان در ردیف چی؟ بعدی. اینها برای عامه مردم گناه نیست و برای چی گناه است؟ برای صالحی که شروع کرده و در اواسط راه کشیده است اینها گناه می‌شود. اینجا این تجلی رد مایه این گناهان را یعنی چه؟ یعنی هی در درون نهی می‌دهد که تو که حالا وارد میدان شدی و خدا را می‌خواهی، می‌گوید دل باید از همه چی بکنی؟ بله. می‌گوید چرا باید تو فلان چیز خفت بشوی؟ چرا محزون بشوی؟ چرا تو غفور می‌داری؟ چرا به اسم از تو غفلت می‌کنی؟ تو راستی. این چراها، این نهی‌ها، این زنگ‌های سیلو که این باطن وارد دل صالح می‌شود، بالاخره این تجلیات خدا با اسم غفور است که این صورت شروع می‌شود و در آخر این تجلی چه نتیجه می‌دهد؟ در وجود صالح و از وجود صالح 
… (truncated; see saved file for full transcript)

============================================================
SUMMARY
============================================================
Input file      : 117_ادامه اثرات تجلی اسم غفور _ بحث تزکیه.mp3
Provider        : ElevenLabs Scribe (scribe_v2)
Audio duration  : 21:42 (1301.58 s)
Requests        : 1
Billed duration : 1302 s (rounded up to nearest second)
Rate            : $0.22 / audio hour
Estimated cost  : $0.079541 USD
Transcript saved: Audios/AyatollahShojaee/Tazkiyeh/117/117_ادامه اثرات تجلی اسم غفور _ بحث تزکیه.txt
============================================================
