Provider: ElevenLabs Scribe (scribe_v2)
Progress file (updated after each chunk): /Users/mohammadreza/IslamASR/Audios/AyatollahShojaee/Asma_hosna/001/001_اسماء حُسنی 1.partial.txt
  preparing audio (001_اسماء حُسنی 1.mp3)...
  36:44 → 1 request(s)
  progress file: /Users/mohammadreza/IslamASR/Audios/AyatollahShojaee/Asma_hosna/001/001_اسماء حُسنی 1.partial.txt
  [1/1] 0:00–36:44 (12915 KB)...
      → 23026 chars: الله. وم God الخالق. الله الخالق. الصادق البارئ المصور. الأسماء الحسنى. الأسماء الحسنى. الكريم الرؤوف المجيب العاطف الحكيم الرؤوف المجيب الباعث الشهيد. مواقف عرفانی آیت الله محمد ش…

============================================================
TRANSCRIPTION (preview)
============================================================
الله. وم God الخالق. الله الخالق. الصادق البارئ المصور. الأسماء الحسنى. الأسماء الحسنى. الكريم الرؤوف المجيب العاطف الحكيم الرؤوف المجيب الباعث الشهيد. مواقف عرفانی آیت الله محمد شجاعی در باب اسماء الهی. بسم الله الرحمن الرحیم. در خصوص اسماء و صفات خدا و اسماء حسنی یا صفات. اگر به طوری که گفتم بحث بکنیم و بررسی بکنیم تا حدودی که امکانش باشد اینجا صحبت کرد. در مرحله اول باید به اصل این مسئله توجه داشته باشیم که اسماء حسنی یا صفات حوریه، این دو اولا با هم در حقیقت یکی است. صفت یا اسماء. اول به این توجه داشته باشید که اسماء حسنی و صفات حوریه از نظر واقعیت یک چیز نیستند. کمالات و خصوصیات کمالی است یا کمالاتی که برای ذات مقدس حق موجود و الله هست. اون کمالات را خود اون کمالات که الان ملاحظه میکنیم و بدونیم که ذات را با اون کمالی که ملاحظه میکنیم یا خود اون کمالات که ملاحظه میکنیم برای تعبیر آورده میشود. صفت صفات حوریه خدا. مثلا علم از صفات خداست. یعنی کمالی است که ذات مقدس حق دارای اون کمال است. قدرت کمالی است، صفت است. کمالی است که خدا دارای اون کمال است. از این نظر که کمالات را یک یک به نظر بیاریم و کمالاتی که در ذات حق است، این کمالات را از این نظر که تنها خود اون کمالات را نظر میآوریم صفت گفته میشه. صفات حوریه الهی. خود این دو تا صفت دیگر. اما از نظر اینکه این صفت را ما منتسب میکنیم به ذات مقدس حق و ذات را با این کمالات ملاحظه بکنیم، به نظر بیاریم و اعتبار بکنیم. اونجا گفته میشه اسماء مثلا علم صفتى است برای حق تعالی گفتم اما علیم وقتی میشه میشه اسم از اسماء حسنی. یعنی ذات را با وصف علم، ذات را با صفت قدرت، ذات را با صفت سمع مثلاً و بصر و امثال اینها. این کمالات ذات مقدس حق را با هر کدوم از این کمالات وقتی ملاحظه کرده و اعتبار کرده، اینجا گفته میشود اسم ذات با صفت علم میشه علیم اسم میشه از اسماء حسنی. بنابراین در حقیقت اگر دقت بکنیم میبینیم که اسم و صفت هر دو در واقعیت یکی بیشتر نیست. علم علیم علم مطلق همان خداست. علم مطلق بدون قید و شرط. شامل علم محض همان الله. همچنین علیم به صورت مطلق و به صورت بدون حد و اندازه و قید و شرط همان الله علیم، علیم بدون حد، بدون اندازه، بدون قید و شرط همان ذات حق. علیم و علم در واقع یک حقیقت است. خوب گوش Spn توجه بکنید. علیم، علیم مطلق. ع
… (truncated; see saved file for full transcript)

============================================================
SUMMARY
============================================================
Input file      : 001_اسماء حُسنی 1.mp3
Provider        : ElevenLabs Scribe (scribe_v2)
Audio duration  : 36:44 (2204.14 s)
Requests        : 1
Billed duration : 2205 s (rounded up to nearest second)
Rate            : $0.22 / audio hour
Estimated cost  : $0.134697 USD
Transcript saved: /Users/mohammadreza/IslamASR/Audios/AyatollahShojaee/Asma_hosna/001/001_اسماء حُسنی 1.txt
============================================================
