Provider: ElevenLabs Scribe (scribe_v2)
Progress file (updated after each chunk): Audios/AyatollahShojaee/Tazkiyeh/106/106_خطورات شيطاني1 _ بحث تزکیه.partial.txt
  preparing audio (106_خطورات شيطاني1 _ بحث تزکیه.mp3)...
  33:12 → 1 request(s)
  progress file: Audios/AyatollahShojaee/Tazkiyeh/106/106_خطورات شيطاني1 _ بحث تزکیه.partial.txt
  [1/1] 0:00–33:12 (11675 KB)...
      → 19826 chars: اعوذ بالله السميع العليم من الشيطان الرجيم. بسم الله الرحمن الرحيم. در جلسه گذشته در خصوص یکی دیگه از مهلکات بحث کردیم ان‌شاءالله. مهلکاتی که عنوانش به این صورت است که خواطر نفسانی…

============================================================
TRANSCRIPTION (preview)
============================================================
اعوذ بالله السميع العليم من الشيطان الرجيم. بسم الله الرحمن الرحيم. در جلسه گذشته در خصوص یکی دیگه از مهلکات بحث کردیم ان‌شاءالله. مهلکاتی که عنوانش به این صورت است که خواطر نفسانی و وسواس شیطانی از جمله مهلکات است. عرض کردیم که باید در چندین جلسه صورت‌های مختلفش را توضیح بدهیم که خواطر و وسواس که از جمله مهلکات است و اکثر افراد از اون‌هایی که به ظاهر خوب هستند یا که به محاسبات معمولی خوب هستند از این راه‌ها به هلاکت می‌روند. برای صالح هم از مهم‌ترین مقاومت‌ها همین خواطر و وسوسه است که این قضیه ما را در صورت‌های مختلفش که هست توضیح داده باشیم در عرض چندین جلسه. در جلسه گذشته عرض کردیم که به طور کلی آنچه که به قلب وارد می‌شود یا به قلب عارض می‌شود، روبرو می‌شود به عنوان در یک تعریف کلی از نظر علما اخلاق، خواطر گفته می‌شود. خواطری‌اند که به قلب می‌آیند. آنچه که قلب را مشغول می‌کند، وارد قلب می‌شود. این‌ها به یک نظر تقسیم می‌شود به دو قسمت: خواطر ملکی و خواطر شیطانی و نفسانی. اون قسمت از خواطری که انسان را به سوی مقصد و علائم قرب و معنا و تقوا و قدس سوق می‌دهد، آن‌ها را خواطر ملکی می‌گوییم. خواطر ملکی یا الهامات ملکی و رحمانی و آن قسمت از خواطر که به قلب می‌آید و در مجموع قلب را در جهت خلاف مقصد قرار می‌دهد، آن‌ها را می‌گوییم خواطر شیطانی و خواطر نفسانی. این یک تقسیم کلی است. البته اون قسمت مهلکات است روشن است که خواطر شیطانی و نفسانی است. در باب خواطر شیطانی و نفسانی که از مهلکات است و مهم هم است، باید به صورت‌های مختلفی این خواطر را تقسیم کرد. یک صورت همون بود که در جلسه گذشته توضیح دادیم به عنوان حدیث نفس نظر ما هست که نمی‌شود گفت اون از مهلکات است. البته نبودش بهتر است و نمی‌شود هم گفت نفس از اون جهت خوب، از اون جهت هیچ ظلمتی، کیره‌گی‌ای بر نمی‌دارد. اما مؤاخذه نمی‌شود انسان در برابر اون حدیث نفس که هفته گذشته توضیح دادیم. در این جلسه و جلسات بعد انشاالله به قسمت‌های دیگری از این خواطر شیطانی و نفسانی می‌پردازیم. حدیث نفس یک قسمتش بود که مؤاخذه نداشت هرچند نبودش بهتر است توضیح دادیم. قسم دوم از خواطر شیطانی و نفسانی که در این جلسه توضیح می‌دهیم به ترتیب عبارت است از اون قسمت از خواطر و وسواس که در قلب انسان می‌آید. خواطر و وسواسی که در قلب انسان عارض می‌شود، به قلب
… (truncated; see saved file for full transcript)

============================================================
SUMMARY
============================================================
Input file      : 106_خطورات شيطاني1 _ بحث تزکیه.mp3
Provider        : ElevenLabs Scribe (scribe_v2)
Audio duration  : 33:12 (1992.38 s)
Requests        : 1
Billed duration : 1993 s (rounded up to nearest second)
Rate            : $0.22 / audio hour
Estimated cost  : $0.121757 USD
Transcript saved: Audios/AyatollahShojaee/Tazkiyeh/106/106_خطورات شيطاني1 _ بحث تزکیه.txt
============================================================
