Provider: ElevenLabs Scribe (scribe_v2)
Progress file (updated after each chunk): Audios/AyatollahShojaee/Tazkiyeh/074/074_انتقام _ بحث تزکیه.partial.txt
  preparing audio (074_انتقام _ بحث تزکیه.mp3)...
  22:17 → 1 request(s)
  progress file: Audios/AyatollahShojaee/Tazkiyeh/074/074_انتقام _ بحث تزکیه.partial.txt
  [1/1] 0:00–22:17 (7833 KB)...
      → 14706 chars: بسم الله الرحمن الرحیم. در دو جلسه گذشته در خصوص یکی از مهلکات که غضب بود مطالبی را عرض کردیم. حالا در این جلسه در بعضی از مهلکات دیگر که در مقام سلوک مهلک است و هر کدام به اندازه …

============================================================
TRANSCRIPTION (preview)
============================================================
بسم الله الرحمن الرحیم. در دو جلسه گذشته در خصوص یکی از مهلکات که غضب بود مطالبی را عرض کردیم. حالا در این جلسه در بعضی از مهلکات دیگر که در مقام سلوک مهلک است و هر کدام به اندازه خود لطمات به حرکت و سلوک انسان وارد می‌کند. در عین حال می‌شود گفت که مخصوصاً بعضی‌ها از نتایج و بروزات و جلوات غضب هست صحبت می‌کنیم. هر کدام به عنوان یک مهلک مستقل در نوشته‌های علما اخلاق و در گفته‌هاشون مطرح هست. الا اینکه بعضی‌ها خیلی روشن از نتایج غضب است در وجود انسان. مسئله اولی که در این جلسه می‌خوام صحبت بکنیم مسئله انتقام است. انتقام یعنی انسان اونچه که درباره او انجام شده از ناحیه کسی، درباره شخص او، خصوص شخص او انجام شده، ظلمی که شده، اذیتی که شده به هر نحوی باشد، قولاً و عملاً مثل همان را یا بیشتر از اون را در خصوص همان فردی که تجاوز به حق این کرده انجام بدهد و پابند این نباشد که این حرام است، حلال است، درست است، شرعاً درست نیست. همین قدر حالت انتقام درش باشد. این مهلک است برای هرکس، مخصوصاً برای صالح. باز تأکید می‌کنم که در خصوص حقوق شخصی‌ست اینها همه. کسی به کسی اذیتی کرده قولاً عملاً به انواع مختلف در صدد انتقام به مثل یا به بالاتر باشد و مقیّد به این نباشد که حرام است شرعاً، مجاز هست این کاری که ولو به عنوان انتقام انجام می‌دهد یا مجاز هست یا مجاز نیست. این حالت انتقام هست. در اینجا به این نکته، به توضیح این نکته احتیاج داریم که ایذاها، اذیت‌ها، تجاوز‌ها که به انسان، به حقوق شخصی انسان می‌شود به انواع مختلف، متوجه هستین که در شرع مقدس در بعضی از موارد مقابله‌ای به اصطلاح تعیین شده، مقابله‌ای تعیین شده به عنوان قصاص یا دیات، اما در همه جا قصاص و دیات تعیین نشده شرعاً. این را همه می‌دانیم. نوعی از اذیت به کسی تجاوز به حق کسی نوعی در بعضی از انواع مواردی قصاص به انسان حق داده‌اند و حق دیات به انسان داده‌اند. اما اینطور نیست که در هر موردی به هر شکلی به انسان اذیتی بشود، تجاوز به حق انسان بشود، اونجا شرع مقدس اجازه قصاص داده باشد یا دیاتی برای انسان قائل شده باشد. مثلاً از باب مثال من اگر غیبت شما را کردم در اینجا قصاص و دیاتی تعیین نشده برای شما که بیاید از من طالب باشید. البته گفته شده است که دستور داده شده است وقتی شما غیبت کرده‌اید، منی که غیبت کردم اگر بخواهم تائب باشم و بر
… (truncated; see saved file for full transcript)

============================================================
SUMMARY
============================================================
Input file      : 074_انتقام _ بحث تزکیه.mp3
Provider        : ElevenLabs Scribe (scribe_v2)
Audio duration  : 22:17 (1336.82 s)
Requests        : 1
Billed duration : 1337 s (rounded up to nearest second)
Rate            : $0.22 / audio hour
Estimated cost  : $0.081695 USD
Transcript saved: Audios/AyatollahShojaee/Tazkiyeh/074/074_انتقام _ بحث تزکیه.txt
============================================================
