Provider: ElevenLabs Scribe (scribe_v2)
Progress file (updated after each chunk): /Users/mohammadreza/IslamASR/Audios/AyatollahShojaee/Asma_hosna/010/010_اسماء حُسنی 10.partial.txt
  preparing audio (010_اسماء حُسنی 10.mp3)...
  56:15 → 1 request(s)
  progress file: /Users/mohammadreza/IslamASR/Audios/AyatollahShojaee/Asma_hosna/010/010_اسماء حُسنی 10.partial.txt
  [1/1] 0:00–56:15 (19774 KB)...
      → 33612 chars: [صدای هم پوشانی دعای یا الله] هو الله الخالق البارئ المصور له الأسماء الحسنى. أسماء الحسنى. الكريم الرؤوف المجيب العطو الحكيم الودود المجيب الباعث الشهيد. مباحث عرفانی آیت الله محم…

============================================================
TRANSCRIPTION (preview)
============================================================
[صدای هم پوشانی دعای یا الله] هو الله الخالق البارئ المصور له الأسماء الحسنى. أسماء الحسنى. الكريم الرؤوف المجيب العطو الحكيم الودود المجيب الباعث الشهيد. مباحث عرفانی آیت الله محمد شجاعی در باب اسماء الهی. لله الأسماء الحسنى هر اسمی که این character کمال بکنه اسم خداست. الواجد الماجد الواحد الصمد القادر المقتدر المقدم المؤخر الأول الآخر. أسماء الحسنى. المغيث الجامع الغنی المبذل المانع الضاد النافع النور الهادی البدیع الباقی. الوارث الرشید الصبور الذي ليس كمثله شيء وهو السميع البصير. بسم الله الرحمن الرحيم. به نام حضرت عزیز جل و علا که له الأسماء الحسنى. فرهیختگان و عرفان دوستان ارجمند سلام و درود بر شما. برنامه اسماء الحسنى را می‌شنوید. در این برنامه مباحث عرفانی عارف فرزانه آیت الله محمد شجاعی در باب اسماء و صفات الهی تقدیم حضور شما می‌شود. در این برنامه بحث دهم را خواهیم شنید که جلسه آن در تاریخ هفتم شهریور ماه یک هزار و سیصد و شصت برگزار شده است. خب بسم الله الرحمن الرحیم. در جلسه گذشته بحث راجع به اسماء جلال و اسماء جمال بود که یک جلسه صحبت کردیم و کلیاتی از این موضوعات مطالب مربوط بر صفات جلال و صفات جمال رو من گفتم. کلیاتی که اصولاً صفات جلال چیست و صفات جمال به نحو کلی چیست؟ احکام و آثار هر کدوم رو تا حدودی گفتم. حالا اینجا هستم باز اینو داره از توضیح هم بیشتر گفته بشه در خصوص همین صفات جلال و جلال مطالبی عرض کنم. آخرین مطلبی که گفتم نظرم این است این بود که صفات جلال حق یا اسماء جلالی حق، اسماء جلال حق، اسم و صفات گفتم یکی است. بعدش با اعتبار اسماء جلال یا صفات جلال اینها به اصطلاح در ربوبیت حق نسبت به موجودات و مخلوقات، اونجا که حق با صفت ربوبیتش، با اسم رب، با صفت رب، با اسم رب و با تألّی ربوبی موجودات را تربیت می‌کند یعنی خلق می‌کند، ایجاد می‌کند و بعد تقدیر می‌کند، به راه می‌اندازد، تکمیل می‌کند، به سوی خودش می‌برد. این همان ربوبیت است. این‌ها یعنی مجموعاً معنی ربوبیت است. خلق و ایجاد و تقدیر و اندازه‌گیری و دادن солдат‌ها و تعیین راه و به حرکت انداختن و به سوی کمال بردن، به سوی خود بردن. این‌ها مجموعاً همان ربوبیت خداست. صفات جلال در ربوبیت یعنی در تربیت حق، خلق و تقدیر همان ربوبیت است. ایجاد و تقدیر. صفات جلال نقشش یا اثرش در ربوبیت، اون صفات جلالی که 
… (truncated; see saved file for full transcript)

============================================================
SUMMARY
============================================================
Input file      : 010_اسماء حُسنی 10.mp3
Provider        : ElevenLabs Scribe (scribe_v2)
Audio duration  : 56:15 (3374.75 s)
Requests        : 1
Billed duration : 3375 s (rounded up to nearest second)
Rate            : $0.22 / audio hour
Estimated cost  : $0.206235 USD
Transcript saved: /Users/mohammadreza/IslamASR/Audios/AyatollahShojaee/Asma_hosna/010/010_اسماء حُسنی 10.txt
============================================================
