Provider: ElevenLabs Scribe (scribe_v2)
Progress file (updated after each chunk): /Users/mohammadreza/IslamASR/Audios/AyatollahShojaee/Asma_hosna/002/002_اسماء حُسنی 2.partial.txt
  preparing audio (002_اسماء حُسنی 2.mp3)...
  42:55 → 1 request(s)
  progress file: /Users/mohammadreza/IslamASR/Audios/AyatollahShojaee/Asma_hosna/002/002_اسماء حُسنی 2.partial.txt
  [1/1] 0:00–42:55 (15087 KB)...
      → 28133 chars: الله. و ما اللهُ الخالق. و اللهُ الخالق. الخالق البارئ المصور. له الأسماء الحسنی. الأسماء الحسنی. الكریم الرؤوف المجيب العاطف الحكيم الغفار المجيب الباعث الشهيد. مواضع عرفانی آیت ا…

============================================================
TRANSCRIPTION (preview)
============================================================
الله. و ما اللهُ الخالق. و اللهُ الخالق. الخالق البارئ المصور. له الأسماء الحسنی. الأسماء الحسنی. الكریم الرؤوف المجيب العاطف الحكيم الغفار المجيب الباعث الشهيد. مواضع عرفانی آیت الله محمد شجاعی در باب اسماء الهی. فرمود که از اولی که از کمال اخلاص خوندن، اونجا حضرت فرمود که کمال اخلاص این است که انسان از خدا اینا منتظر که بشید که در جلسه‌های هفته‌ی قبل بود تا ادامه‌ش رو بگیم. بیان امام حسن مجتبی سلام‌الله‌علیه به این معنا که کمال اخلاص این است انسان صفا را از خدا نفی بکند. نفس صفا هم. بعد به اصطلاح فرمود حضرت برای اینکه هر صفتی شهادت می‌دهد غیر از موصوف است و هر موصوفی شاهد برای این است که غیر از صفت است. اونجا با صراحت فرمود که اصل اخلاص و کمال اخلاص، اخلاص در توحید و معرفت این است که انسان از ذات مقدس حق صفا را نفی بکند. شود صفا غیر از موصوف است و موصوف هم غیر از صفا است. با توجه به این بیان علی سلام‌الله‌علیه قصد کردیم که اولا ذات مقدس حق اصل ذات حق، اون ذات حقیقی همان غیر مادی و خوی مطلقه گفته می‌شود و اصل ذات حق است. اصل ذات حق حقیقت است، بسیط حقیقت است که همه چیز است، همه کمالات است. ولی در متن ذات حق و در اصل ذات حق هیچ صفتی به عنوان صفت که این صفت منحصری از آن صفت باشد، آن صفت غیر از این صفت باشد و به صورت صفت باشد در متن ذات نیست. خودتون خوب تأمل بکنید. اینا باز میگم این صحبت هفته‌ی قبل بود ولی برای مطالعات هرچه ساده‌تر به دیگه فرموده خودتون تأمل کنید. ذات مقدس حق وجود محض است. نور محض است. یک حقیقت است. حقیقت بسيط است. ذات حق در متن ذات حق در مقام ذات از اوصاف خبری نیست. به چه معنا خبری نیست؟ به این معنا که اوصاف مثلاً علم به عنوان علم اونجا مطرح نیست. قدرت به عنوان قدرت اونجا مطرح نیست. نه اینکه علم نیست. علم محض همان ذات عین علم محض همان ذات عین قدرت است. عین هر کمالی است. اما صفا به عنوان صفا به این معنا که علم با عنوان علم با رنج علم، این جور شدن با تعین علم با تش-- مشخصات علم در اونجا نیست، در متن ذات. قدرت با مشخصات قدرت با عنوان قدرت به عنوان بسط قدرت اونجا مطرح نیست. ذات هست و این ذات همه چیز است. البته علم هم هست، قدرت هم هست، هر کمالی هست. اما همه کمالات اونجا مندمج است به اصطلاح. یعنی عین ذات است و همه چیز است. صفا به عنوان اون عناوین که دارند ع
… (truncated; see saved file for full transcript)

============================================================
SUMMARY
============================================================
Input file      : 002_اسماء حُسنی 2.mp3
Provider        : ElevenLabs Scribe (scribe_v2)
Audio duration  : 42:55 (2574.83 s)
Requests        : 1
Billed duration : 2575 s (rounded up to nearest second)
Rate            : $0.22 / audio hour
Estimated cost  : $0.157351 USD
Transcript saved: /Users/mohammadreza/IslamASR/Audios/AyatollahShojaee/Asma_hosna/002/002_اسماء حُسنی 2.txt
============================================================
