Provider: ElevenLabs Scribe (scribe_v2)
Progress file (updated after each chunk): Audios/AyatollahShojaee/Tazkiyeh/036/036_ايجادسرور براي مومن _ بحث تزکیه.partial.txt
  preparing audio (036_ايجادسرور براي مومن _ بحث تزکیه.mp3)...
  29:04 → 1 request(s)
  progress file: Audios/AyatollahShojaee/Tazkiyeh/036/036_ايجادسرور براي مومن _ بحث تزکیه.partial.txt
  [1/1] 0:00–29:04 (10222 KB)...
      → 18901 chars: بسم الله الرحمن الرحیم. عن أبي حمزة الثمالي قال سمعت أبا جعفر علیه السلام یقول أبو حمزه می‌گوید که من از امام باقر سلام الله عليه شنيدم می‌فرمود قال رسول الله صلى الله عليه وآله وس…

============================================================
TRANSCRIPTION (preview)
============================================================
بسم الله الرحمن الرحیم. عن أبي حمزة الثمالي قال سمعت أبا جعفر علیه السلام یقول أبو حمزه می‌گوید که من از امام باقر سلام الله عليه شنيدم می‌فرمود قال رسول الله صلى الله عليه وآله وسلم رسول الله فرمود من سر مؤمناً فقط سرنی و من سرنی فقط سر الله. کسی که مؤمنی را مسرور بکند عین تعبیرش را-- عین تحت اللفظی ترجمه‌اش را من عرض می‌کنم. من سر مؤمناً هر کس مؤمنی را مسرور بکند فقط سرنی مرا مسرور کرده و من سرنی فقط سر الله کسی که مرا مسرور کرده خدا را چه کرده؟ خدا را مسرور کرده. حالا اینجا شما [نفس عمیق] خب لابد ان شا الله به این نکته هم توجه فرمودید که وقتی سرور به قلب مؤمنی متوجه می‌شود از شما این از نهایت به خدا می‌رسد. اما حالا قبل از اینکه به خدا برسد به کی می‌رسد؟ به رسول اکرم صلى الله عليه وآله وسلم. این چیست؟ حالا اینا دیگه چیزهایی است که من و شما اگر خدا به ما معرفتی داد از اون معرفت که خدا خودش خوشش میاد، از اون معرفتی که ائمه سلام الله علیهم أجمعین خواستند، اونوقت این را هم خواهیم فهمید که در باطن هر مؤمنی در اون عالم جمع و وحدت، ذلك يوم الجمع ويوم التغابن. اینا رو خوب دقت کنید ها. اگر ان شا الله خدا به ما معرفتی عنایت کرد همین جا ممکنه بفهمیم. اگر اینجا نفهمیدیم اونجا که می‌فهمیم. به اذن الله البته اگر در تلقین ایمان پیش رفتیم. در باطن ما باطن اخیر که همه به اونجا می‌رسند خداست. هو الأول والآخر والظاهر والباطن. دقت بکنیدا. بعد اون باطن اخیر خداست. اما در باطن ما مؤمنین و هر مؤمن دیگر نه تنها خداست، چی هست؟ در اینجا با رسول اکرم صلى الله عليه وآله وسلم دارد و هر مؤمناً به هر اندازه ایمان و مرتبت معنوی‌اش بالاتر باشد این جمع و وحدتش با رسول الله چیه؟ صلوات الله علیه زیادتره. سادات این جمع و وحدت‌شون با رسول الله به حساب‌های دیگری غیر از ایمان‌شون چیه؟ زیادتر. و همچنین نه تنها رسول اکرم صلى الله عليه وآله وسلم، حضرات معصومین صلوات الله علیهم أجمعین. حالا روایتی بعداً می‌خوانم اونجا معلوم میشه. با همه ائمه ما در عالم جمع و وحدت به اندازه ایمان و مرتبت روحی خودمون جمع و وحدت داریم. یکی هستیم در عین چند بودن. نمیگیم ما میشیم رسول الله. دقت بکنیدا. رسول الله رسول الله است. من منم شما هم شما. اما اونطور که در اینجا در عالم مادی به لحاظ خواص خاص عالم ماده موجودات از همدیگه غا
… (truncated; see saved file for full transcript)

============================================================
SUMMARY
============================================================
Input file      : 036_ايجادسرور براي مومن _ بحث تزکیه.mp3
Provider        : ElevenLabs Scribe (scribe_v2)
Audio duration  : 29:04 (1744.42 s)
Requests        : 1
Billed duration : 1745 s (rounded up to nearest second)
Rate            : $0.22 / audio hour
Estimated cost  : $0.106603 USD
Transcript saved: Audios/AyatollahShojaee/Tazkiyeh/036/036_ايجادسرور براي مومن _ بحث تزکیه.txt
============================================================
