Opening https://web.eitaa.com
Opening invite hash 2912028064Cb9fd779798...
  channel 'دروس معرفت نفس' peerId=-94416274 (chatId=94416274, chatInviteAlready)
Filename filter: none (download all audio)
Collecting via channel search (fast; reaches old posts), then download with 2 parallel workers.
Searching channel audio via getSearch (query='')...
  search pages=4 scanned=150 matched=75
  would get استاد عبدالزهرا.mp3 (5171338 bytes)
  would get جلسه معرفت نفس سه شنبه 1405.05.06.mp3 (17883496 bytes)
  would get اهتمام به معرفت نفس.mp3 (4191079 bytes)
  would get نكته عرشى.mp3 (6189615 bytes)
  would get نکات شب دوم (1).mp3 (11474222 bytes)
  collect limit 5 reached
Queued 5 file(s) for download.
  would get استاد عبدالزهرا.mp3
  would get جلسه معرفت نفس سه شنبه 1405.05.06.mp3
  would get اهتمام به معرفت نفس.mp3
  would get نكته عرشى.mp3
  would get نکات شب دوم (1).mp3

Done. downloaded=0 skipped=0 failed=0 filtered=0
Output: Audios/Bayat/marefat_nafs
