=== book pass Thu Aug 27 22:36:07 PDT 2026 ===
[22:36:07] Opening 1 tab(s) for 9 item(s).
[22:36:08] [tab1] 002: 25,577 chars in 5 chunk(s); 0 cached, sending 5.
[22:36:11] [tab1] Could not read the model label; check the window if the mode matters.
[22:36:11] [tab1]   chunk 1/5 → sending 5,952 chars
[22:36:58] [tab1]   chunk 1/5 ← got 5,006 chars
[22:37:03] [tab1]   chunk 2/5 → sending 5,690 chars
[22:38:04] [tab1]   chunk 2/5 ← got 7,110 chars
[22:38:09] [tab1]   chunk 3/5 → sending 5,265 chars
[22:39:00] [tab1]   chunk 3/5 ← got 6,607 chars
[22:39:05] [tab1]   chunk 4/5 → sending 5,538 chars
=== resume book Thu Aug 27 22:43:38 PDT 2026 ===
[22:43:38] Opening 1 tab(s) for 9 item(s).
[22:43:39] [tab1] 002: 25,577 chars in 5 chunk(s); 3 cached, sending 2.
[22:43:41] [tab1] Could not read the model label; check the window if the mode matters.
[22:43:41] [tab1]   chunk 4/5 → sending 5,538 chars
=== resume book Thu Aug 27 22:44:52 PDT 2026 ===
[22:44:52] Opening 1 tab(s) for 9 item(s).
[22:44:53] [tab1] 002: 25,577 chars in 5 chunk(s); 3 cached, sending 2.
[22:44:55] [tab1] Could not read the model label; check the window if the mode matters.
[22:44:55] [tab1]   chunk 4/5 → sending 5,538 chars
[22:46:56] [tab1]   chunk 4/5 ← got 5,928 chars
[22:47:01] [tab1]   chunk 5/5 → sending 3,137 chars
[22:48:11] [tab1]   chunk 5/5 ← got 4,149 chars
[22:48:11] [tab1]   wrote 002_حجت الاسلام بیات-مباحثه-12دی1403(2).book.md (28,808 chars)
[22:48:11] [tab1] 003: 19,667 chars in 4 chunk(s); 0 cached, sending 4.
[22:48:13] [tab1] Could not read the model label; check the window if the mode matters.
[22:48:13] [tab1]   chunk 1/4 → sending 4,519 chars
[22:49:29] [tab1]   chunk 1/4 ← got 6,834 chars
[22:49:34] [tab1]   chunk 2/4 → sending 5,447 chars
[22:50:37] [tab1]   chunk 2/4 ← got 5,948 chars
[22:50:42] [tab1]   chunk 3/4 → sending 5,404 chars
[22:51:43] [tab1]   chunk 3/4 ← got 5,717 chars
[22:51:48] [tab1]   chunk 4/4 → sending 4,302 chars
[22:52:29] [tab1]   chunk 4/4 ← got 5,125 chars
[22:52:29] [tab1]   wrote 003_حجت_الاسلام_بیات_شرح_کتب_علامه_حسن_زاده_آملی_19دی1403_1.book.md (23,630 chars)
[22:52:29] [tab1] 004: 22,568 chars in 5 chunk(s); 0 cached, sending 5.
[22:52:31] [tab1] Could not read the model label; check the window if the mode matters.
[22:52:31] [tab1]   chunk 1/5 → sending 5,500 chars
[22:53:11] [tab1]   chunk 1/5 ← got 3,964 chars
[22:53:16] [tab1]   chunk 2/5 → sending 5,251 chars
[22:54:15] [tab1]   chunk 2/5 ← got 5,878 chars
[22:54:20] [tab1]   chunk 3/5 → sending 4,947 chars
[22:55:21] [tab1]   chunk 3/5 ← got 5,689 chars
[22:55:26] [tab1]   chunk 4/5 → sending 5,248 chars
[22:56:51] [tab1]   chunk 4/5 ← got 6,321 chars
[22:56:56] [tab1]   chunk 5/5 → sending 1,626 chars
[22:57:28] [tab1]   chunk 5/5 ← got 3,246 chars
[22:57:28] [tab1]   wrote 004_حجت_الاسلام_بیات_شرح_کتب_علامه_حسن_زاده_آملی_19دی1403_2.book.md (25,106 chars)
[22:57:28] [tab1] 005: 21,400 chars in 5 chunk(s); 0 cached, sending 5.
[22:57:30] [tab1] Could not read the model label; check the window if the mode matters.
[22:57:30] [tab1]   chunk 1/5 → sending 5,033 chars
[22:58:40] [tab1]   chunk 1/5 ← got 6,258 chars
[22:58:45] [tab1]   chunk 2/5 → sending 4,632 chars
[22:59:56] [tab1]   chunk 2/5 ← got 5,785 chars
[23:00:01] [tab1]   chunk 3/5 → sending 5,182 chars
[23:00:58] [tab1]   chunk 3/5 ← got 5,783 chars
[23:01:03] [tab1]   chunk 4/5 → sending 5,143 chars
[23:01:57] [tab1]   chunk 4/5 ← got 5,383 chars
[23:02:02] [tab1]   chunk 5/5 → sending 1,414 chars
[23:02:30] [tab1]   chunk 5/5 ← got 2,284 chars
[23:02:30] [tab1]   wrote 005_حجت_الاسلام_بیات_شرح_کتب_علامه_حسن_زاده_آملی_3بهمن_1403.book.md (25,501 chars)
[23:02:30] [tab1] 006: 23,356 chars in 5 chunk(s); 0 cached, sending 5.
[23:02:31] [tab1] Could not read the model label; check the window if the mode matters.
[23:02:31] [tab1]   chunk 1/5 → sending 5,423 chars
[23:03:59] [tab1]   chunk 1/5 ← got 6,096 chars
[23:04:04] [tab1]   chunk 2/5 → sending 5,695 chars
[23:05:50] [tab1]   chunk 2/5 ← got 6,292 chars
[23:05:55] [tab1]   chunk 3/5 → sending 5,467 chars
[23:07:05] [tab1]   chunk 3/5 ← got 6,790 chars
[23:07:10] [tab1]   chunk 4/5 → sending 5,402 chars
[23:08:13] [tab1]   chunk 4/5 ← got 5,311 chars
[23:08:18] [tab1]   chunk 5/5 → sending 1,373 chars
[23:09:01] [tab1]   chunk 5/5 ← got 2,097 chars
[23:09:01] [tab1]   wrote 006_حجت_الاسلام_بیات_شرح_کتب_علامه_حسن_زاده_آملی_3بهمن_1403_2.book.md (26,594 chars)
[23:09:01] [tab1] 007: 27,973 chars in 6 chunk(s); 0 cached, sending 6.
[23:09:02] [tab1] Could not read the model label; check the window if the mode matters.
[23:09:02] [tab1]   chunk 1/6 → sending 5,085 chars
[23:10:39] [tab1]   chunk 1/6 ← got 6,725 chars
[23:10:44] [tab1]   chunk 2/6 → sending 5,419 chars
[23:11:43] [tab1]   chunk 2/6 ← got 6,035 chars
[23:11:48] [tab1]   chunk 3/6 → sending 5,166 chars
[23:13:20] [tab1]   chunk 3/6 ← got 6,865 chars
[23:13:25] [tab1]   chunk 4/6 → sending 5,224 chars
[23:14:25] [tab1]   chunk 4/6 ← got 7,030 chars
[23:14:30] [tab1]   chunk 5/6 → sending 5,287 chars
[23:15:30] [tab1]   chunk 5/6 ← got 5,555 chars
[23:15:35] [tab1]   chunk 6/6 → sending 1,798 chars
[23:16:10] [tab1]   chunk 6/6 ← got 2,540 chars
[23:16:10] [tab1]   wrote 007_حجت_الاسلام_بیات_کلاس_معرفت_نفس_علامه_حسن_زاده_آملی_10بهمن1403_1.book.md (34,760 chars)
[23:16:10] [tab1] 008: 12,927 chars in 3 chunk(s); 0 cached, sending 3.
[23:16:11] [tab1] Could not read the model label; check the window if the mode matters.
[23:16:11] [tab1]   chunk 1/3 → sending 4,861 chars
[23:17:51] [tab1]   chunk 1/3 ← got 5,553 chars
[23:17:56] [tab1]   chunk 2/3 → sending 5,603 chars
[23:19:34] [tab1]   chunk 2/3 ← got 8,281 chars
[23:19:39] [tab1]   chunk 3/3 → sending 2,466 chars
[23:20:29] [tab1]   chunk 3/3 ← got 4,275 chars
[23:20:29] [tab1]   wrote 008_حجت_الاسلام_بیات_کلاس_معرفت_نفس_علامه_حسن_زاده_آملی_10بهمن1403_2.book.md (18,113 chars)
[23:20:29] [tab1] 009: 18,292 chars in 4 chunk(s); 0 cached, sending 4.
[23:20:30] [tab1] Could not read the model label; check the window if the mode matters.
[23:20:30] [tab1]   chunk 1/4 → sending 4,428 chars
[23:20:36] [tab1] Rate limited; waiting 20s (used 0s of 900s).
[23:20:58] [tab1] Rate limited; waiting 30s (used 22s of 900s).
[23:21:30] [tab1] Rate limit cleared after 54s.
[23:21:35] [tab1]   chunk 1/4 ← got 6,627 chars
[23:21:40] [tab1]   chunk 2/4 → sending 5,196 chars
[23:22:26] [tab1]   chunk 2/4 ← got 5,509 chars
[23:22:31] [tab1]   chunk 3/4 → sending 5,339 chars
[23:23:17] [tab1]   chunk 3/4 ← got 5,181 chars
[23:23:22] [tab1]   chunk 4/4 → sending 3,333 chars
[23:24:09] [tab1]   chunk 4/4 ← got 4,228 chars
[23:24:09] [tab1]   wrote 009_شیخ_عبدالزهراء_معرفت_نفس_17بهمن1404_2.book.md (21,551 chars)
[23:24:09] [tab1] 010: 24,677 chars in 5 chunk(s); 0 cached, sending 5.
[23:24:10] [tab1] Could not read the model label; check the window if the mode matters.
[23:24:10] [tab1]   chunk 1/5 → sending 5,917 chars
[23:25:23] [tab1]   chunk 1/5 ← got 4,021 chars
[23:25:28] [tab1]   chunk 2/5 → sending 5,313 chars
[23:26:29] [tab1]   chunk 2/5 ← got 7,364 chars
[23:26:34] [tab1]   chunk 3/5 → sending 5,816 chars
[23:27:23] [tab1]   chunk 3/5 ← got 3,651 chars
[23:27:28] [tab1]   chunk 4/5 → sending 5,443 chars
[23:28:25] [tab1]   chunk 4/5 ← got 6,833 chars
[23:28:30] [tab1]   chunk 5/5 → sending 2,193 chars
[23:28:59] [tab1]   chunk 5/5 ← got 3,739 chars
[23:28:59] [tab1]   wrote 010__حجت_الاسلام_شیخ_عبدالزهراء_معرفت_نفس_17بهمن1403_22.book.md (25,616 chars)
[23:28:59] Done.
=== summarize Thu Aug 27 23:28:59 PDT 2026 ===
[23:28:59] Opening 1 tab(s) for 9 item(s).
[23:28:59] [tab1] 002: summarize 28,808 chars, 3 chunk(s), sending 3.
[23:29:02] [tab1] Could not read the model label; check the window if the mode matters.
[23:30:53] [tab1] Could not read the model label; check the window if the mode matters.
[23:31:44] [tab1]   wrote 002_حجت الاسلام بیات-مباحثه-12دی1403(2).summary.md (5,654 chars)
[23:31:44] [tab1] 003: summarize 23,630 chars, 2 chunk(s), sending 2.
[23:31:47] [tab1] Could not read the model label; check the window if the mode matters.
[23:32:25] [tab1] Rate limited; waiting 20s (used 0s of 900s).
[23:32:47] [tab1] Rate limit cleared after 22s.
[23:33:38] [tab1] Could not read the model label; check the window if the mode matters.
[23:34:21] [tab1]   wrote 003_حجت_الاسلام_بیات_شرح_کتب_علامه_حسن_زاده_آملی_19دی1403_1.summary.md (5,516 chars)
[23:34:21] [tab1] 004: summarize 25,106 chars, 3 chunk(s), sending 3.
[23:34:22] [tab1] Could not read the model label; check the window if the mode matters.
[23:34:59] [tab1] Rate limited; waiting 20s (used 0s of 900s).
[23:35:21] [tab1] Rate limit cleared after 22s.
[23:36:37] [tab1] Could not read the model label; check the window if the mode matters.
[23:36:44] [tab1] Rate limited; waiting 20s (used 0s of 900s).
[23:37:06] [tab1] Rate limit cleared after 22s.
[23:37:22] [tab1]   wrote 004_حجت_الاسلام_بیات_شرح_کتب_علامه_حسن_زاده_آملی_19دی1403_2.summary.md (5,052 chars)
[23:37:22] [tab1] 005: summarize 25,501 chars, 3 chunk(s), sending 3.
[23:37:25] [tab1] Could not read the model label; check the window if the mode matters.
[23:39:11] [tab1] Rate limited; waiting 20s (used 0s of 900s).
[23:39:33] [tab1] Rate limit cleared after 22s.
[23:39:33] [tab1] Could not read the model label; check the window if the mode matters.
[23:39:41] [tab1] Rate limited; waiting 20s (used 0s of 900s).
[23:40:03] [tab1] Rate limit cleared after 22s.
[23:40:37] [tab1]   wrote 005_حجت_الاسلام_بیات_شرح_کتب_علامه_حسن_زاده_آملی_3بهمن_1403.summary.md (69 chars)
[23:40:37] [tab1] 006: summarize 26,594 chars, 3 chunk(s), sending 3.
[23:40:40] [tab1] Could not read the model label; check the window if the mode matters.
[23:42:45] [tab1] Rate limited; waiting 20s (used 0s of 900s).
[23:43:07] [tab1] Rate limit cleared after 22s.
[23:43:07] [tab1] Could not read the model label; check the window if the mode matters.
[23:43:54] [tab1]   wrote 006_حجت_الاسلام_بیات_شرح_کتب_علامه_حسن_زاده_آملی_3بهمن_1403_2.summary.md (4,855 chars)
[23:43:54] [tab1] 007: summarize 34,760 chars, 3 chunk(s), sending 3.
[23:43:57] [tab1] Rate limited; waiting 20s (used 0s of 900s).
[23:44:19] [tab1] Rate limit cleared after 22s.
[23:44:19] [tab1] Could not read the model label; check the window if the mode matters.
[23:46:32] [tab1] Could not read the model label; check the window if the mode matters.
[23:46:39] [tab1] Rate limited; waiting 20s (used 0s of 900s).
[23:47:01] [tab1] Rate limit cleared after 22s.
[23:47:18] [tab1]   wrote 007_حجت_الاسلام_بیات_کلاس_معرفت_نفس_علامه_حسن_زاده_آملی_10بهمن1403_1.summary.md (4,401 chars)
[23:47:18] [tab1] 008: summarize 18,113 chars, 2 chunk(s), sending 2.
[23:47:21] [tab1] Could not read the model label; check the window if the mode matters.
[23:47:32] [tab1] Rate limited; waiting 20s (used 0s of 900s).
[23:47:54] [tab1] Rate limit cleared after 22s.
[23:48:38] [tab1] Could not read the model label; check the window if the mode matters.
[23:49:09] [tab1] 008: unexpected error: Locator.click: Timeout 30000ms exceeded.
Call log:
  - waiting for locator("button[data-testid='send-button']").first
    - locator resolved to <button aria-disabled="false" aria-label="Send prompt" data-testid="send-button" id="composer-submit-button" interestfor="_R_5ailn79rl9abarb9mrmkmkqae5l55_" aria-describedby="_R_5ailn79rl9abarb9mrmkmkqae5l55_" class="composer-submit-btn composer-submit-button-color h-9 can-hover:relative can-hover:after:absolute can-hover:after:-inset-x-1 can-hover:after:inset-y-0 can-hover:after:content-[''] w-9">…</button>
  - attempting click action
    2 × waiting for element to be visible, enabled and stable
      - element is visible, enabled and stable
      - scrolling into view if needed
      - done scrolling
      - <div data-state="open" class="fixed inset-0 z-50 before:starting:backdrop-blur-0 before:absolute before:inset-0 before:bg-gray-200/50 before:backdrop-blur-[1px] not-motion-reduce:before:transition not-motion-reduce:before:duration-250 dark:before:bg-black/50 before:starting:opacity-0">…</div> from <div class="absolute inset-0" data-ignore-for-page-load="true" id="modal-conversation-history-rate-limit" data-testid="modal-conversation-history-rate-limit">…</div> subtree intercepts pointer events
    - retrying click action
    - waiting 20ms
    2 × waiting for element to be visible, enabled and stable
      - element is visible, enabled and stable
      - scrolling into view if needed
      - done scrolling
      - <div data-state="open" class="fixed inset-0 z-50 before:starting:backdrop-blur-0 before:absolute before:inset-0 before:bg-gray-200/50 before:backdrop-blur-[1px] not-motion-reduce:before:transition not-motion-reduce:before:duration-250 dark:before:bg-black/50 before:starting:opacity-0">…</div> from <div class="absolute inset-0" data-ignore-for-page-load="true" id="modal-conversation-history-rate-limit" data-testid="modal-conversation-history-rate-limit">…</div> subtree intercepts pointer events
    - retrying click action
      - waiting 100ms
    56 × waiting for element to be visible, enabled and stable
       - element is visible, enabled and stable
       - scrolling into view if needed
       - done scrolling
       - <div data-state="open" class="fixed inset-0 z-50 before:starting:backdrop-blur-0 before:absolute before:inset-0 before:bg-gray-200/50 before:backdrop-blur-[1px] not-motion-reduce:before:transition not-motion-reduce:before:duration-250 dark:before:bg-black/50 before:starting:opacity-0">…</div> from <div class="absolute inset-0" data-ignore-for-page-load="true" id="modal-conversation-history-rate-limit" data-testid="modal-conversation-history-rate-limit">…</div> subtree intercepts pointer events
     - retrying click action
       - waiting 500ms

[23:49:09] Done with 1 item(s) unfinished. Rerun to resume from the cache.
=== ALL DONE Thu Aug 27 23:49:09 PDT 2026 ===
=== resume remaining summaries Thu Aug 27 23:53:16 PDT 2026 ===
[23:53:16] Opening 1 tab(s) for 1 item(s).
[23:53:17] [tab1] 005: summarize 25,501 chars, 3 chunk(s), sending 0.
[23:53:19] [tab1] Could not read the model label; check the window if the mode matters.
[23:53:51] [tab1]   wrote 005_حجت_الاسلام_بیات_شرح_کتب_علامه_حسن_زاده_آملی_3بهمن_1403.summary.md (4,591 chars)
[23:53:52] Done.
[23:53:52] Opening 1 tab(s) for 3 item(s).
[23:53:52] [tab1] 008: summarize 18,113 chars, 2 chunk(s), sending 0.
[23:53:57] [tab1] Could not read the model label; check the window if the mode matters.
[23:54:02] [tab1] Rate limited; waiting 20s (used 0s of 900s).
[23:54:25] [tab1] Rate limit cleared after 22s.
[23:54:29] [tab1]   wrote 008_حجت_الاسلام_بیات_کلاس_معرفت_نفس_علامه_حسن_زاده_آملی_10بهمن1403_2.summary.md (3,969 chars)
[23:54:29] [tab1] 009: summarize 21,551 chars, 2 chunk(s), sending 2.
[23:54:32] [tab1] Rate limited; waiting 20s (used 0s of 900s).
[23:54:54] [tab1] Rate limit cleared after 22s.
[23:54:54] [tab1] Could not read the model label; check the window if the mode matters.
[23:55:15] [tab1] Rate limited; waiting 20s (used 0s of 900s).
[23:55:37] [tab1] Rate limit cleared after 22s.
[23:56:30] [tab1] Rate limited; waiting 20s (used 0s of 900s).
[23:56:52] [tab1] Rate limit cleared after 22s.
[23:56:52] [tab1] Could not read the model label; check the window if the mode matters.
[23:56:58] [tab1] Rate limited; waiting 20s (used 0s of 900s).
[23:57:20] [tab1] Rate limit cleared after 22s.
[23:57:31] [tab1]   wrote 009_شیخ_عبدالزهراء_معرفت_نفس_17بهمن1404_2.summary.md (5,801 chars)
[23:57:31] [tab1] 010: summarize 25,616 chars, 3 chunk(s), sending 3.
[23:57:34] [tab1] Rate limited; waiting 20s (used 0s of 900s).
[23:57:56] [tab1] Rate limit cleared after 22s.
[23:57:56] [tab1] Could not read the model label; check the window if the mode matters.
[00:08:26] [tab1] Could not read the model label; check the window if the mode matters.
=== ALL SUMMARIES DONE Fri Aug 28 00:08:32 PDT 2026 ===
=== resume 010 summary Fri Aug 28 00:08:35 PDT 2026 ===
[00:09:35] Opening 1 tab(s) for 1 item(s).
[00:09:36] [tab1] 010: summarize 25,616 chars, 3 chunk(s), sending 0.
[00:09:41] [tab1] Rate limited; waiting 20s (used 0s of 1800s).
[00:10:03] [tab1] Rate limit cleared after 22s.
[00:10:03] [tab1] Could not read the model label; check the window if the mode matters.
[00:10:47] [tab1]   wrote 010__حجت_الاسلام_شیخ_عبدالزهراء_معرفت_نفس_17بهمن1403_22.summary.md (5,352 chars)
[00:10:47] Done.
=== ALL SUMMARIES DONE Fri Aug 28 00:10:47 PDT 2026 ===
