[Fri Aug 28 08:51:22 PDT 2026] watchdog started (interval 1200s)
[Fri Aug 28 08:51:23 PDT 2026] status: book=11/65 summary=0/65
[Fri Aug 28 08:51:23 PDT 2026] worker still running
[Fri Aug 28 08:51:50 PDT 2026] watchdog started (interval 1200s)
[Fri Aug 28 08:51:50 PDT 2026] starting/resuming pipeline batch 11-75
[Fri Aug 28 08:51:50 PDT 2026] worker pid 21916
[Fri Aug 28 08:51:50 PDT 2026] status: book=11/65 summary=0/65
[Fri Aug 28 08:51:50 PDT 2026] worker still running
[Fri Aug 28 09:11:50 PDT 2026] status: book=14/65 summary=0/65
[Fri Aug 28 09:11:50 PDT 2026] worker still running
[Fri Aug 28 10:47:39 PDT 2026] status: book=15/65 summary=0/65
[Fri Aug 28 10:47:39 PDT 2026] worker still running
[Fri Aug 28 11:07:39 PDT 2026] status: book=18/65 summary=0/65
[Fri Aug 28 11:07:39 PDT 2026] worker still running
[Fri Aug 28 11:27:40 PDT 2026] status: book=20/65 summary=0/65
[Fri Aug 28 11:27:40 PDT 2026] worker still running
[Fri Aug 28 11:47:40 PDT 2026] status: book=23/65 summary=0/65
[Fri Aug 28 11:47:40 PDT 2026] worker still running
[Fri Aug 28 12:07:40 PDT 2026] status: book=26/65 summary=0/65
[Fri Aug 28 12:07:40 PDT 2026] worker still running
[Fri Aug 28 12:27:40 PDT 2026] status: book=28/65 summary=0/65
[Fri Aug 28 12:27:40 PDT 2026] worker still running
[Fri Aug 28 12:47:41 PDT 2026] status: book=31/65 summary=0/65
[Fri Aug 28 12:47:41 PDT 2026] worker still running
[Fri Aug 28 13:07:41 PDT 2026] status: book=33/65 summary=0/65
[Fri Aug 28 13:07:41 PDT 2026] worker still running
[Fri Aug 28 14:17:09 PDT 2026] status: book=36/65 summary=0/65
[Fri Aug 28 14:17:09 PDT 2026] worker still running
[Fri Aug 28 14:37:09 PDT 2026] status: book=38/65 summary=0/65
[Fri Aug 28 14:37:09 PDT 2026] worker still running
[Fri Aug 28 14:57:09 PDT 2026] status: book=41/65 summary=0/65
[Fri Aug 28 14:57:09 PDT 2026] worker still running
[Fri Aug 28 15:17:10 PDT 2026] status: book=43/65 summary=0/65
[Fri Aug 28 15:17:10 PDT 2026] worker still running
[Fri Aug 28 15:37:10 PDT 2026] status: book=46/65 summary=0/65
[Fri Aug 28 15:37:10 PDT 2026] worker still running
[Fri Aug 28 15:57:10 PDT 2026] status: book=52/65 summary=0/65
[Fri Aug 28 15:57:10 PDT 2026] worker not running — restarting
[Fri Aug 28 15:57:10 PDT 2026] starting/resuming pipeline batch 11-75
[Fri Aug 28 15:57:10 PDT 2026] worker pid 50167
[Fri Aug 28 16:17:11 PDT 2026] status: book=57/65 summary=0/65
[Fri Aug 28 16:17:11 PDT 2026] worker still running
[Fri Aug 28 16:37:11 PDT 2026] status: book=59/65 summary=0/65
[Fri Aug 28 16:37:11 PDT 2026] worker still running
[Fri Aug 28 16:57:11 PDT 2026] status: book=63/65 summary=0/65
[Fri Aug 28 16:57:11 PDT 2026] worker still running
[Fri Aug 28 17:17:12 PDT 2026] status: book=65/65 summary=4/65
[Fri Aug 28 17:17:12 PDT 2026] worker still running
[Fri Aug 28 17:45:38 PDT 2026] status: book=65/65 summary=9/65
[Fri Aug 28 17:45:38 PDT 2026] worker still running
[Fri Aug 28 18:05:38 PDT 2026] status: book=65/65 summary=15/65
[Fri Aug 28 18:05:38 PDT 2026] worker still running
[Fri Aug 28 18:25:39 PDT 2026] status: book=65/65 summary=20/65
[Fri Aug 28 18:25:39 PDT 2026] worker still running
[Fri Aug 28 18:45:39 PDT 2026] status: book=65/65 summary=26/65
[Fri Aug 28 18:45:39 PDT 2026] worker still running
[Fri Aug 28 19:05:39 PDT 2026] status: book=65/65 summary=30/65
[Fri Aug 28 19:05:39 PDT 2026] worker still running
[Fri Aug 28 19:41:31 PDT 2026] status: book=65/65 summary=36/65
[Fri Aug 28 19:41:31 PDT 2026] worker still running
[Fri Aug 28 23:29:33 PDT 2026] status: book=65/65 summary=37/65
[Fri Aug 28 23:29:33 PDT 2026] worker not running — restarting
[Fri Aug 28 23:29:33 PDT 2026] starting/resuming pipeline batch 11-75
[Fri Aug 28 23:29:33 PDT 2026] worker pid 9024
[Sat Aug 29 01:29:13 PDT 2026] status: book=65/65 summary=39/65
[Sat Aug 29 01:29:13 PDT 2026] worker not running — restarting
[Sat Aug 29 01:29:13 PDT 2026] starting/resuming pipeline batch 11-75
[Sat Aug 29 01:29:13 PDT 2026] worker pid 30400
[Sat Aug 29 01:49:13 PDT 2026] status: book=65/65 summary=49/65
[Sat Aug 29 01:49:13 PDT 2026] worker still running
[Sat Aug 29 02:09:13 PDT 2026] status: book=65/65 summary=57/65
[Sat Aug 29 02:09:13 PDT 2026] worker still running
[Sat Aug 29 06:01:44 PDT 2026] status: book=65/65 summary=62/65
[Sat Aug 29 06:01:44 PDT 2026] worker not running — restarting
[Sat Aug 29 06:01:44 PDT 2026] starting/resuming pipeline batch 11-75
[Sat Aug 29 06:01:44 PDT 2026] worker pid 88604
[Sat Aug 29 10:37:41 PDT 2026] status: book=65/65 summary=63/65
[Sat Aug 29 10:37:41 PDT 2026] worker not running — restarting
[Sat Aug 29 10:37:41 PDT 2026] starting/resuming pipeline batch 11-75
[Sat Aug 29 10:37:41 PDT 2026] worker pid 9147
[Sat Aug 29 10:57:41 PDT 2026] status: book=65/65 summary=65/65
[Sat Aug 29 10:57:41 PDT 2026] COMPLETE — all book+summary present
