=== upload 076 ===
Bucket : islamic-asr-media
Endpoint: https://s3.ir-thr-at1.arvanstorage.ir
Files  : 1

→     s3://islamic-asr-media/bayat/marefat_nafs/076/076_play.m4a (50.1 MB) …
      new multipart UploadId=2~W8q3qzmHE24igPIXDn…
      uploading 10 part(s) with 2 streams
      part 1 ok  (5.2/50.1 MB, 10%)
      part 2 ok  (10.5/50.1 MB, 21%)
      part 3 ok  (15.7/50.1 MB, 31%)
      part 4 ok  (21.0/50.1 MB, 42%)
      part 6 ok  (26.2/50.1 MB, 52%)
      part 5 ok  (31.5/50.1 MB, 63%)
      part 7 ok  (36.7/50.1 MB, 73%)
      part 8 ok  (41.9/50.1 MB, 84%)
      part 9 ok  (47.2/50.1 MB, 94%)
      part 10 ok  (50.1/50.1 MB, 100%)
ok    26.7s  (1.87 MB/s)

Uploaded 1, skipped 0, failed 0 in 0.5 min
Public base: https://islamic-asr-media.s3.ir-thr-at1.arvanstorage.ir
=== upload 077 ===
Bucket : islamic-asr-media
Endpoint: https://s3.ir-thr-at1.arvanstorage.ir
Files  : 1

→     s3://islamic-asr-media/bayat/marefat_nafs/077/077_play.m4a (50.7 MB) …
      new multipart UploadId=2~uW6y7-UiulHJT_-Df1…
      uploading 10 part(s) with 2 streams
      part 2 ok  (5.2/50.7 MB, 10%)
      part 1 ok  (10.5/50.7 MB, 21%)
      part 3 ok  (15.7/50.7 MB, 31%)
      part 4 ok  (21.0/50.7 MB, 41%)
      part 5 ok  (26.2/50.7 MB, 52%)
      part 6 ok  (31.5/50.7 MB, 62%)
      part 7 ok  (36.7/50.7 MB, 72%)
      part 8 ok  (41.9/50.7 MB, 83%)
      part 10 ok  (45.5/50.7 MB, 90%)
      part 9 ok  (50.7/50.7 MB, 100%)
ok    31.1s  (1.63 MB/s)

Uploaded 1, skipped 0, failed 0 in 0.6 min
Public base: https://islamic-asr-media.s3.ir-thr-at1.arvanstorage.ir
=== upload 078 ===
Bucket : islamic-asr-media
Endpoint: https://s3.ir-thr-at1.arvanstorage.ir
Files  : 1

→     s3://islamic-asr-media/bayat/marefat_nafs/078/078_play.m4a (4.3 MB) …
ok    3.8s  (1.12 MB/s)

Uploaded 1, skipped 0, failed 0 in 0.1 min
Public base: https://islamic-asr-media.s3.ir-thr-at1.arvanstorage.ir
