Provider: ElevenLabs Scribe (scribe_v2)
Progress file (updated after each chunk): /Users/mohammadreza/IslamASR/Audios/AyatollahShojaee/Mabohas_Mozui/044/044_44- چگونگی دور کردن انسان از امام علی علیه السلام.partial.txt
  preparing audio (044_44- چگونگی دور کردن انسان از امام علی علیه السلام.mp3)...
  39:15 → 1 request(s)
  progress file: /Users/mohammadreza/IslamASR/Audios/AyatollahShojaee/Mabohas_Mozui/044/044_44- چگونگی دور کردن انسان از امام علی علیه السلام.partial.txt
  [1/1] 0:00–39:15 (13801 KB)...
      → 24386 chars: اعوذ بالله السميع العليم من الشيطان الرجيم. بسم الله الرحمن الرحيم. رسول الله همتش بر این بود که رسالتش را ادا کند و آنچه ادا کرده است پایمال نشود. در جریان ولایت امیرالمؤمنین صلوا…

============================================================
TRANSCRIPTION (preview)
============================================================
اعوذ بالله السميع العليم من الشيطان الرجيم. بسم الله الرحمن الرحيم. رسول الله همتش بر این بود که رسالتش را ادا کند و آنچه ادا کرده است پایمال نشود. در جریان ولایت امیرالمؤمنین صلوات الله علیه هم همین همت جا داشت. ترسی از مردم داشت. ترس رسول الله به جا بود. برای این به جا بود که رسول الله بود. می‌دانست که شیطان در پی چه چیزی می‌کند؟ دخالت‌ها می‌کند. مقصدهایی جا خواهد کرد. این آیات را گوش می‌کنیم. شیطان ساكت نخواهد نشست تا-- چطور تا حالا ساكت ننشسته است؟ آیات از سوره حج است. چون آیات دو، سه تا آیه است من فقط ترجمه می‌کنم و می‌گویم. هر کدام از شما خوب گوش کرد، می‌فهمد که چه می‌گفتیم و هر که خوب گوش نکرد دیگه گذشتیم. و ما ارسلنا آیه پنجاه و دو تا پنجاه و چهار. و ما ارسلنا من قبلك من رسول ولا نبي إلا إذا تمنى ألقى الشيطان في أمنيته. که رسول الله میگه که تو تنها نیستی در این باب. و ما ارسلنا من قبلك من رسول ولا نبي. قبل از تو هیچ پیغمبری، هیچ رسولی، هیچ نبی‌ای را نفرستادیم. الا اینکه إذا تمنى وقتی دعوت و آیات خدا را به مردم رساند و اونی که هدفش بود اون را قياده کرد و مأموریت خودش را انجام داد. چی شد؟ ألقى الشيطان في أمنيته. شیطان شروع به القاء کرد در خصوص آنچه که او رسانده است. ألقى الشيطان في أمنيته. شیطان شروع کرد به چه چیز؟ به القاء. تو تنها نیستی. هر پیغمبری، هر نبی، هر رسولی فرستاده اینطور بوده. همین که آیات خدا را رساند، دستورات خدا را رساند به مردم. شیطان شروع کرد در خصوص آنچه که به مردم رسانده است چی بکند؟ القاء بکند. القاء یعنی ور الی اونها. خب این کار تو نیست ای رسول. توجه داشته باش. توجه داشته باش. رسول الله وقتی، وقتی امروز ولایت امیرالمؤمنین صلوات الله علیه را با اون اساس بودن و رسالتی که و محوریتی که در این موضوع بود که جان مسئله بود که گفتم آیه گفته اگر نرسانید رسالت ناقص مانده است. اهمیتش با آن اهمیتی که داشت وقتی امروز اعلام کرد، به دنبال این اعلام فوری بلافاصله به مقتضای این آیاتی که تلاوت کردم براتون، نقش چی به راه خواهد افتاد فورا؟ نقش شیطان. از طریق چی؟ از طریق تصرف در، از طریق تصرف در هوس و اهواء و اوهام و خیالات. خیلی خوب واضح قرآن می‌گه. شیطان شروع می‌کند. اما خدا می‌فرماید، دنبالش چی می‌فرماید؟ این دنباله‌هاش هم شنیدنی‌ست. فینسخ الله ما یلقي الشيط
… (truncated; see saved file for full transcript)

============================================================
SUMMARY
============================================================
Input file      : 044_44- چگونگی دور کردن انسان از امام علی علیه السلام.mp3
Provider        : ElevenLabs Scribe (scribe_v2)
Audio duration  : 39:15 (2355.30 s)
Requests        : 1
Billed duration : 2356 s (rounded up to nearest second)
Rate            : $0.22 / audio hour
Estimated cost  : $0.143935 USD
Transcript saved: /Users/mohammadreza/IslamASR/Audios/AyatollahShojaee/Mabohas_Mozui/044/044_44- چگونگی دور کردن انسان از امام علی علیه السلام.txt
============================================================
