Provider: ElevenLabs Scribe (scribe_v2)
Progress file (updated after each chunk): Audios/AyatollahShojaee/Tazkiyeh/005/005_یقظه _ بحث تزکیه.partial.txt
  preparing audio (005_یقظه _ بحث تزکیه.mp3)...
  37:54 → 1 request(s)
  progress file: Audios/AyatollahShojaee/Tazkiyeh/005/005_یقظه _ بحث تزکیه.partial.txt
  [1/1] 0:00–37:54 (13327 KB)...
      → 22099 chars: اعوذ بالله السميع العليم من الشيطان الرجيم. بسم الله الرحمن الرحيم. فهمیدیم راه، راه اسلام است. راه خداست. اما در برداشت درست و خدا راهی که نشان داده این چنین راه است که از حیات دن…

============================================================
TRANSCRIPTION (preview)
============================================================
اعوذ بالله السميع العليم من الشيطان الرجيم. بسم الله الرحمن الرحيم. فهمیدیم راه، راه اسلام است. راه خداست. اما در برداشت درست و خدا راهی که نشان داده این چنین راه است که از حیات دنیا ما را منصرف می‌کند. خب حالا عرض کنم که ابتدای راه به چه شکلی شروع می‌شود. ابتدای راه در مقام عمل آنجا که علماى تزکیه گفته‌اند. اینجا در نوشته‌های ارباب سلوک علماى تزکیه شما دقت بکنید. البته بیان‌هاشون مختلفه. اون هم مختلفه نه به این معنا که با هم تضاد دارند یا با هم مخالف است. هر کدام مسئله را طوری بیان کرده‌اند که ترتیبی گفته‌اند و توضیح داده‌اند. اما اونی که بیشتر به اصطلاح می‌شود گفت که اکثر علماى سلوک گفته‌اند این راه که ما را از حیات دنیا نجات می‌دهد و به سوی خدا در حرکت قرار می‌دهد، یعنی در واقع به حرکت می‌اندازد و یواش یواش از حیات دنیا به سوی حیات‌های بالاتر می‌برد. این راه اولش با یک تنبه شروع میشه، با یک تنبه به نام یغزه و بیداری. یغزه و بیداری جذبی‌ست از ناحیه حق که به سوی انسان میاد. قدم اول در سلوک است. البته گفتم این ترتیبی است که در برداشت علماى سلوک گفته‌اند. فراموش نکنید همان راهی است که خدا گفته. اولش باید انسان، انسانی که چشم باز کرده و در اینجا چشمش به این و آن افتاده و مشغول به این و اون شده، این انسان یه وقتی باید در قدم اول که می‌خواد به راه خدا شروع بکنه، در قدم اول باید اول بیدار باشد. اول باید یغزه به سراغ انسان بیاید. اگر این یغزه نیاد ما همان انسان سرش انداخته پایین به این دنیا که وارد میشه، با این موجودات که رو به رو میشه و دارای حیات دنیوی هم هست با مشاعر دنیوی‌ش با این موجودات رو به رو میشه، با این موجودات رو به روست، چشم و مشاعر دیگر همه به سوی این موجودات انسان را صعود می‌کند، در غفلت است. انسان در عالم غفلت است. در عالم خواب است. اگر بخواهد به راه بیفتد، اول یک تنبه می‌خواهد. که متنبه باشد مسئله چیست، چه بوده، در کجا قرار گرفته و باید چه باشد. اولش با تنبه شروع میشه، با یغزه. نگاهی بکند به وجود، به اول وجود، آخر وجود، به خودش در وجود، به موقعیتش در نظام وجود. هستی از کجاست؟ به سوی کجا در حرکت است؟ من در هستی چه هستم؟ من چه بودم؟ در کجا قرار گرفتم؟ به سوی چه مراحلی در حرکتیم؟ خدا چه می‌گوید؟ پیغمبر چه می‌گوید؟ مسئله چیست؟ آیا اسراری در این بین هست؟ آیا م
… (truncated; see saved file for full transcript)

============================================================
SUMMARY
============================================================
Input file      : 005_یقظه _ بحث تزکیه.mp3
Provider        : ElevenLabs Scribe (scribe_v2)
Audio duration  : 37:54 (2274.41 s)
Requests        : 1
Billed duration : 2275 s (rounded up to nearest second)
Rate            : $0.22 / audio hour
Estimated cost  : $0.138992 USD
Transcript saved: Audios/AyatollahShojaee/Tazkiyeh/005/005_یقظه _ بحث تزکیه.txt
============================================================
